E:\MCO 556\Lab 4 - Using Config Tools\Lab4_2btn_1led_pin_irq\drivers/fsl_gpio.h:162:20:GPIO_PinWrite	24	static
E:\MCO 556\Lab 4 - Using Config Tools\Lab4_2btn_1led_pin_irq\drivers/fsl_gpio.h:191:20:GPIO_PortSet	16	static
E:\MCO 556\Lab 4 - Using Config Tools\Lab4_2btn_1led_pin_irq\drivers/fsl_gpio.h:221:20:GPIO_PortToggle	16	static
../source/Lab4_2btn_1led_pin_irq.c:20:6:PORTC_IRQHandler	8	static
../source/Lab4_2btn_1led_pin_irq.c:29:6:PORTA_IRQHandler	8	static
../source/Lab4_2btn_1led_pin_irq.c:37:5:main	8	static
