Archive member included to satisfy reference by file (symbol)

c:/nxp/mcuxpressoide_11.9.1_2170/ide/plugins/com.nxp.mcuxpresso.tools.win32_11.9.1.202402080819/tools/bin/../lib/gcc/arm-none-eabi/12.3.1/../../../../arm-none-eabi/lib/thumb/v7e-m+fp/hard\libcr_semihost_nf.a(_cr__main.o)
                              ./startup/startup_mk64f12.o (__main)
c:/nxp/mcuxpressoide_11.9.1_2170/ide/plugins/com.nxp.mcuxpresso.tools.win32_11.9.1.202402080819/tools/bin/../lib/gcc/arm-none-eabi/12.3.1/../../../../arm-none-eabi/lib/thumb/v7e-m+fp/hard\libcr_semihost_nf.a(_cr_assert.o)
                              ./drivers/fsl_adc16.o (__assertion_failed)
c:/nxp/mcuxpressoide_11.9.1_2170/ide/plugins/com.nxp.mcuxpresso.tools.win32_11.9.1.202402080819/tools/bin/../lib/gcc/arm-none-eabi/12.3.1/../../../../arm-none-eabi/lib/thumb/v7e-m+fp/hard\libcr_semihost_nf.a(__ciob.o)
                              c:/nxp/mcuxpressoide_11.9.1_2170/ide/plugins/com.nxp.mcuxpresso.tools.win32_11.9.1.202402080819/tools/bin/../lib/gcc/arm-none-eabi/12.3.1/../../../../arm-none-eabi/lib/thumb/v7e-m+fp/hard\libcr_semihost_nf.a(_cr_assert.o) (__Ciob)
c:/nxp/mcuxpressoide_11.9.1_2170/ide/plugins/com.nxp.mcuxpresso.tools.win32_11.9.1.202402080819/tools/bin/../lib/gcc/arm-none-eabi/12.3.1/../../../../arm-none-eabi/lib/thumb/v7e-m+fp/hard\libcr_semihost_nf.a(__sys_appexit.o)
                              c:/nxp/mcuxpressoide_11.9.1_2170/ide/plugins/com.nxp.mcuxpresso.tools.win32_11.9.1.202402080819/tools/bin/../lib/gcc/arm-none-eabi/12.3.1/../../../../arm-none-eabi/lib/thumb/v7e-m+fp/hard\libcr_semihost_nf.a(_cr_assert.o) (__sys_appexit)
c:/nxp/mcuxpressoide_11.9.1_2170/ide/plugins/com.nxp.mcuxpresso.tools.win32_11.9.1.202402080819/tools/bin/../lib/gcc/arm-none-eabi/12.3.1/../../../../arm-none-eabi/lib/thumb/v7e-m+fp/hard\libcr_c.a(memcpy.o)
                              ./utilities/fsl_str.o (memcpy)
c:/nxp/mcuxpressoide_11.9.1_2170/ide/plugins/com.nxp.mcuxpresso.tools.win32_11.9.1.202402080819/tools/bin/../lib/gcc/arm-none-eabi/12.3.1/../../../../arm-none-eabi/lib/thumb/v7e-m+fp/hard\libcr_c.a(memset.o)
                              ./drivers/fsl_adc16.o (memset)
c:/nxp/mcuxpressoide_11.9.1_2170/ide/plugins/com.nxp.mcuxpresso.tools.win32_11.9.1.202402080819/tools/bin/../lib/gcc/arm-none-eabi/12.3.1/../../../../arm-none-eabi/lib/thumb/v7e-m+fp/hard\libcr_c.a(_deferredlazyseek.o)
                              c:/nxp/mcuxpressoide_11.9.1_2170/ide/plugins/com.nxp.mcuxpresso.tools.win32_11.9.1.202402080819/tools/bin/../lib/gcc/arm-none-eabi/12.3.1/../../../../arm-none-eabi/lib/thumb/v7e-m+fp/hard\libcr_semihost_nf.a(_cr_assert.o) (__flsbuf)
c:/nxp/mcuxpressoide_11.9.1_2170/ide/plugins/com.nxp.mcuxpresso.tools.win32_11.9.1.202402080819/tools/bin/../lib/gcc/arm-none-eabi/12.3.1/../../../../arm-none-eabi/lib/thumb/v7e-m+fp/hard\libcr_c.a(_fflush.o)
                              c:/nxp/mcuxpressoide_11.9.1_2170/ide/plugins/com.nxp.mcuxpresso.tools.win32_11.9.1.202402080819/tools/bin/../lib/gcc/arm-none-eabi/12.3.1/../../../../arm-none-eabi/lib/thumb/v7e-m+fp/hard\libcr_c.a(_deferredlazyseek.o) (_fflush)
c:/nxp/mcuxpressoide_11.9.1_2170/ide/plugins/com.nxp.mcuxpresso.tools.win32_11.9.1.202402080819/tools/bin/../lib/gcc/arm-none-eabi/12.3.1/../../../../arm-none-eabi/lib/thumb/v7e-m+fp/hard\libcr_c.a(_writebuf.o)
                              c:/nxp/mcuxpressoide_11.9.1_2170/ide/plugins/com.nxp.mcuxpresso.tools.win32_11.9.1.202402080819/tools/bin/../lib/gcc/arm-none-eabi/12.3.1/../../../../arm-none-eabi/lib/thumb/v7e-m+fp/hard\libcr_c.a(_deferredlazyseek.o) (_Cwritebuf)
c:/nxp/mcuxpressoide_11.9.1_2170/ide/plugins/com.nxp.mcuxpresso.tools.win32_11.9.1.202402080819/tools/bin/../lib/gcc/arm-none-eabi/12.3.1/../../../../arm-none-eabi/lib/thumb/v7e-m+fp/hard\libcr_c.a(alloc.o)
                              ./drivers/fsl_common.o (malloc)
c:/nxp/mcuxpressoide_11.9.1_2170/ide/plugins/com.nxp.mcuxpresso.tools.win32_11.9.1.202402080819/tools/bin/../lib/gcc/arm-none-eabi/12.3.1/../../../../arm-none-eabi/lib/thumb/v7e-m+fp/hard\libcr_c.a(errno.o)
                              ./utilities/fsl_str.o (errno)
c:/nxp/mcuxpressoide_11.9.1_2170/ide/plugins/com.nxp.mcuxpresso.tools.win32_11.9.1.202402080819/tools/bin/../lib/gcc/arm-none-eabi/12.3.1/../../../../arm-none-eabi/lib/thumb/v7e-m+fp/hard\libcr_c.a(fputs.o)
                              c:/nxp/mcuxpressoide_11.9.1_2170/ide/plugins/com.nxp.mcuxpresso.tools.win32_11.9.1.202402080819/tools/bin/../lib/gcc/arm-none-eabi/12.3.1/../../../../arm-none-eabi/lib/thumb/v7e-m+fp/hard\libcr_semihost_nf.a(_cr_assert.o) (fputs)
c:/nxp/mcuxpressoide_11.9.1_2170/ide/plugins/com.nxp.mcuxpresso.tools.win32_11.9.1.202402080819/tools/bin/../lib/gcc/arm-none-eabi/12.3.1/../../../../arm-none-eabi/lib/thumb/v7e-m+fp/hard\libcr_c.a(fseek.o)
[...]
Memory Configuration

Name             Origin             Length             Attributes
PROGRAM_FLASH    0x00000000         0x00100000         xr
SRAM_UPPER       0x20000000         0x00030000         xrw
SRAM_LOWER       0x1fff0000         0x00010000         xrw
FLEX_RAM         0x14000000         0x00001000         xrw
*default*        0x00000000         0xffffffff

Linker script and memory map

LOAD ./utilities/fsl_debug_console.o
LOAD ./utilities/fsl_str.o
LOAD ./startup/startup_mk64f12.o
LOAD ./source/BlankProject.o
LOAD ./source/semihost_hardfault.o
LOAD ./drivers/fsl_adc16.o
LOAD ./drivers/fsl_clock.o
LOAD ./drivers/fsl_common.o
LOAD ./drivers/fsl_common_arm.o
LOAD ./drivers/fsl_gpio.o
LOAD ./drivers/fsl_i2c.o
LOAD ./drivers/fsl_smc.o
LOAD ./drivers/fsl_uart.o
LOAD ./device/system_MK64F12.o
LOAD ./component/uart/fsl_adapter_uart.o
LOAD ./component/serial_manager/fsl_component_serial_manager.o
LOAD ./component/serial_manager/fsl_component_serial_port_uart.o
LOAD ./component/lists/fsl_component_generic_list.o
LOAD ./board/board.o
LOAD ./board/clock_config.o
LOAD ./board/peripherals.o
LOAD ./board/pin_mux.o
START GROUP
LOAD c:/nxp/mcuxpressoide_11.9.1_2170/ide/plugins/com.nxp.mcuxpresso.tools.win32_11.9.1.202402080819/tools/bin/../lib/gcc/arm-none-eabi/12.3.1/../../../../arm-none-eabi/lib/thumb/v7e-m+fp/hard\libcr_semihost_nf.a
LOAD c:/nxp/mcuxpressoide_11.9.1_2170/ide/plugins/com.nxp.mcuxpresso.tools.win32_11.9.1.202402080819/tools/bin/../lib/gcc/arm-none-eabi/12.3.1/../../../../arm-none-eabi/lib/thumb/v7e-m+fp/hard\libcr_c.a
LOAD c:/nxp/mcuxpressoide_11.9.1_2170/ide/plugins/com.nxp.mcuxpresso.tools.win32_11.9.1.202402080819/tools/bin/../lib/gcc/arm-none-eabi/12.3.1/thumb/v7e-m+fp/hard\libcr_eabihelpers.a
LOAD c:/nxp/mcuxpressoide_11.9.1_2170/ide/plugins/com.nxp.mcuxpresso.tools.win32_11.9.1.202402080819/tools/bin/../lib/gcc/arm-none-eabi/12.3.1/thumb/v7e-m+fp/hard\libgcc.a
END GROUP
                0x00000000                        __base_PROGRAM_FLASH = 0x0
                0x00000000                        __base_Flash = 0x0
                0x00100000                        __top_PROGRAM_FLASH = 0x100000
                0x00100000                        __top_Flash = 0x100000
                0x20000000                        __base_SRAM_UPPER = 0x20000000
                0x20000000                        __base_RAM = 0x20000000
                0x20030000                        __top_SRAM_UPPER = 0x20030000
                0x20030000                        __top_RAM = 0x20030000
                0x1fff0000                        __base_SRAM_LOWER = 0x1fff0000
                0x1fff0000                        __base_RAM2 = 0x1fff0000
                0x20000000                        __top_SRAM_LOWER = 0x20000000
                0x20000000                        __top_RAM2 = 0x20000000
                0x14000000                        __base_FLEX_RAM = 0x14000000
                0x14000000                        __base_RAM3 = 0x14000000
                0x14001000                        __top_FLEX_RAM = 0x14001000
                0x14001000                        __top_RAM3 = 0x14001000

.text           0x00000000     0x2d48
 FILL mask 0xff
                0x00000000                        __vectors_start__ = ABSOLUTE (.)
 *(SORT_BY_ALIGNMENT(.isr_vector))
 .isr_vector    0x00000000      0x198 ./startup/startup_mk64f12.o
                0x00000000                g_pfnVectors
                0x00000000                __Vectors
                0x00000198                        . = ALIGN (0x4)
                0x00000198                        __section_table_start = .
                0x00000198                        __data_section_table = .
                0x00000198        0x4 LONG 0x2d48 LOADADDR (.data)
                0x0000019c        0x4 LONG 0x20000000 ADDR (.data)
                0x000001a0        0x4 LONG 0x10 SIZEOF (.data)
                0x000001a4        0x4 LONG 0x2d48 LOADADDR (.data_RAM2)
                0x000001a8        0x4 LONG 0x1fff0000 ADDR (.data_RAM2)
                0x000001ac        0x4 LONG 0x0 SIZEOF (.data_RAM2)
                0x000001b0        0x4 LONG 0x2d48 LOADADDR (.data_RAM3)
                0x000001b4        0x4 LONG 0x14000000 ADDR (.data_RAM3)
                0x000001b8        0x4 LONG 0x0 SIZEOF (.data_RAM3)
                0x000001bc                        __data_section_table_end = .
                0x000001bc                        __bss_section_table = .
                0x000001bc        0x4 LONG 0x20000010 ADDR (.bss)
                0x000001c0        0x4 LONG 0xf8 SIZEOF (.bss)
                0x000001c4        0x4 LONG 0x1fff0000 ADDR (.bss_RAM2)
                0x000001c8        0x4 LONG 0x0 SIZEOF (.bss_RAM2)
                0x000001cc        0x4 LONG 0x14000000 ADDR (.bss_RAM3)
                0x000001d0        0x4 LONG 0x0 SIZEOF (.bss_RAM3)
                0x000001d4                        __bss_section_table_end = .
                0x000001d4                        __section_table_end = .
 *(SORT_BY_ALIGNMENT(.after_vectors*))
 .after_vectors.reset
                0x000001d4       0x4c ./startup/startup_mk64f12.o
                0x000001d4                ResetISR
 .after_vectors.init_data
                0x00000220       0x1e ./startup/startup_mk64f12.o
                0x00000220                data_init
 .after_vectors.init_bss
                0x0000023e       0x12 ./startup/startup_mk64f12.o
                0x0000023e                bss_init
 .after_vectors
                0x00000250       0x14 ./startup/startup_mk64f12.o
                0x00000250                NMI_Handler
                0x00000254                MemManage_Handler
                0x00000256                BusFault_Handler
                0x00000258                UsageFault_Handler
                0x0000025a                SVC_Handler
                0x0000025c                DebugMon_Handler
                0x0000025e                PendSV_Handler
                0x00000260                SysTick_Handler
                0x00000262                DMA_Error_DriverIRQHandler
                0x00000262                LPTMR0_DriverIRQHandler
                0x00000262                FTM1_DriverIRQHandler
                0x00000262                FTM2_DriverIRQHandler
                0x00000262                PIT2_DriverIRQHandler
                0x00000262                SDHC_DriverIRQHandler
                0x00000262                I2S0_Tx_DriverIRQHandler
                0x00000262                RTC_Seconds_DriverIRQHandler
                0x00000262                DMA6_DriverIRQHandler
                0x00000262                LLWU_DriverIRQHandler
                0x00000262                MCM_DriverIRQHandler
                0x00000262                MCG_DriverIRQHandler
                0x00000262                ENET_1588_Timer_DriverIRQHandler
                0x00000262                DAC1_DriverIRQHandler
                0x00000262                SPI1_DriverIRQHandler
                0x00000262                CMP1_DriverIRQHandler
                0x00000262                FTM0_DriverIRQHandler
                0x00000262                IntDefaultHandler
                0x00000262                USB0_DriverIRQHandler
                0x00000262                UART5_ERR_DriverIRQHandler
                0x00000262                PORTC_DriverIRQHandler
                0x00000262                DMA11_DriverIRQHandler
                0x00000262                DAC0_DriverIRQHandler
                0x00000262                DMA10_DriverIRQHandler
                0x00000262                CMP2_DriverIRQHandler
                0x00000262                UART2_ERR_DriverIRQHandler
                0x00000262                SPI2_DriverIRQHandler
                0x00000262                LVD_LVW_DriverIRQHandler
                0x00000262                PIT0_DriverIRQHandler
                0x00000262                DMA12_DriverIRQHandler
                0x00000262                DMA5_DriverIRQHandler
                0x00000262                DMA4_DriverIRQHandler
                0x00000262                USBDCD_DriverIRQHandler
                0x00000262                UART3_ERR_DriverIRQHandler
                0x00000262                DMA3_DriverIRQHandler
                0x00000262                DMA8_DriverIRQHandler
                0x00000262                DMA9_DriverIRQHandler
                0x00000262                UART0_ERR_DriverIRQHandler
                0x00000262                CMT_DriverIRQHandler
                0x00000262                Reserved71_DriverIRQHandler
                0x00000262                ADC1_DriverIRQHandler
                0x00000262                PORTA_DriverIRQHandler
                0x00000262                DMA14_DriverIRQHandler
                0x00000262                PIT3_DriverIRQHandler
                0x00000262                PIT1_DriverIRQHandler
                0x00000262                WDOG_EWM_DriverIRQHandler
                0x00000262                PDB0_DriverIRQHandler
                0x00000262                RTC_DriverIRQHandler
                0x00000262                I2S0_Rx_DriverIRQHandler
                0x00000262                Read_Collision_DriverIRQHandler
                0x00000262                SWI_DriverIRQHandler
                0x00000262                UART4_ERR_DriverIRQHandler
                0x00000262                PORTB_DriverIRQHandler
                0x00000262                UART0_LON_DriverIRQHandler
                0x00000262                DMA0_DriverIRQHandler
                0x00000262                DMA1_DriverIRQHandler
                0x00000262                ENET_Receive_DriverIRQHandler
                0x00000262                DMA13_DriverIRQHandler
                0x00000262                ENET_Error_DriverIRQHandler
                0x00000262                DMA15_DriverIRQHandler
                0x00000262                SPI0_DriverIRQHandler
                0x00000262                ADC0_DriverIRQHandler
                0x00000262                CMP0_DriverIRQHandler
                0x00000262                CAN0_DriverIRQHandler
                0x00000262                FTM3_DriverIRQHandler
                0x00000262                RNG_DriverIRQHandler
                0x00000262                UART1_ERR_DriverIRQHandler
                0x00000262                DMA2_DriverIRQHandler
                0x00000262                ENET_Transmit_DriverIRQHandler
                0x00000262                PORTD_DriverIRQHandler
                0x00000262                PORTE_DriverIRQHandler
                0x00000262                FTFE_DriverIRQHandler
                0x00000262                DMA7_DriverIRQHandler
                0x00000400                        . = 0x400
 *fill*         0x00000264      0x19c ff
                0x00000400                        PROVIDE (__FLASH_CONFIG_START__ = .)
 *(SORT_BY_ALIGNMENT(.FlashConfig))
 .FlashConfig   0x00000400       0x10 ./startup/startup_mk64f12.o
                0x00000400                Flash_Config
                0x00000410                        PROVIDE (__FLASH_CONFIG_END__ = .)
                0x00000001                        ASSERT (! ((__FLASH_CONFIG_START__ == __FLASH_CONFIG_END__)), Linker Flash Config Support Enabled, but no .FlashConfig section provided within application)
 *(SORT_BY_ALIGNMENT(.text*))
 .text.main     0x00000410       0x30 ./source/BlankProject.o
                0x00000410                main
 .text.CLOCK_SetEr32kClock
                0x00000440       0x30 ./drivers/fsl_clock.o
 .text.CLOCK_SetPllFllSelClock
                0x00000470       0x38 ./drivers/fsl_clock.o
 .text.CLOCK_GetMcgExtClkFreq
                0x000004a8       0x7c ./drivers/fsl_clock.o
 .text.CLOCK_GetFllExtRefClkFreq
                0x00000524       0xb0 ./drivers/fsl_clock.o
 .text.CLOCK_GetInternalRefClkSelectFreq
                0x000005d4       0x4c ./drivers/fsl_clock.o
 .text.CLOCK_GetFllRefClkFreq
                0x00000620       0x34 ./drivers/fsl_clock.o
 .text.CLOCK_GetOscRangeFromFreq
                0x00000654       0x3c ./drivers/fsl_clock.o
 .text.CLOCK_GetCoreSysClkFreq
                0x00000690       0x28 ./drivers/fsl_clock.o
                0x00000690                CLOCK_GetCoreSysClkFreq
 .text.CLOCK_SetSimConfig
                0x000006b8       0x34 ./drivers/fsl_clock.o
                0x000006b8                CLOCK_SetSimConfig
 .text.CLOCK_EnableUsbfs0Clock
                0x000006ec      0x108 ./drivers/fsl_clock.o
                0x000006ec                CLOCK_EnableUsbfs0Clock
 .text.CLOCK_GetOutClkFreq
                0x000007f4       0x64 ./drivers/fsl_clock.o
                0x000007f4                CLOCK_GetOutClkFreq
 .text.CLOCK_GetFllFreq
                0x00000858       0x84 ./drivers/fsl_clock.o
                0x00000858                CLOCK_GetFllFreq
 .text.CLOCK_GetPll0Freq
                0x000008dc       0x78 ./drivers/fsl_clock.o
                0x000008dc                CLOCK_GetPll0Freq
 .text.CLOCK_SetExternalRefClkConfig
                0x00000954       0x6c ./drivers/fsl_clock.o
                0x00000954                CLOCK_SetExternalRefClkConfig
 .text.CLOCK_SetInternalRefClkConfig
                0x000009c0      0x104 ./drivers/fsl_clock.o
                0x000009c0                CLOCK_SetInternalRefClkConfig
 .text.CLOCK_EnablePll0
                0x00000ac4       0x88 ./drivers/fsl_clock.o
                0x00000ac4                CLOCK_EnablePll0
 .text.CLOCK_InitOsc0
                0x00000b4c       0x8c ./drivers/fsl_clock.o
                0x00000b4c                CLOCK_InitOsc0
 .text.CLOCK_SetPbeMode
                0x00000bd8       0xa8 ./drivers/fsl_clock.o
                0x00000bd8                CLOCK_SetPbeMode
 .text.CLOCK_BootToPeeMode
                0x00000c80       0x64 ./drivers/fsl_clock.o
                0x00000c80                CLOCK_BootToPeeMode
 .text.I2C_TransferCommonIRQHandler
                0x00000ce4       0x58 ./drivers/fsl_i2c.o
 .text.I2C0_DriverIRQHandler
                0x00000d3c       0x1c ./drivers/fsl_i2c.o
                0x00000d3c                I2C0_DriverIRQHandler
 .text.I2C1_DriverIRQHandler
                0x00000d58       0x1c ./drivers/fsl_i2c.o
                0x00000d58                I2C1_DriverIRQHandler
 .text.I2C2_DriverIRQHandler
                0x00000d74       0x1c ./drivers/fsl_i2c.o
                0x00000d74                I2C2_DriverIRQHandler
 .text.UART0_DriverIRQHandler
                0x00000d90       0x28 ./drivers/fsl_uart.o
                0x00000d90                UART0_DriverIRQHandler
 .text.UART1_DriverIRQHandler
                0x00000db8       0x28 ./drivers/fsl_uart.o
                0x00000db8                UART1_DriverIRQHandler
 .text.UART2_DriverIRQHandler
                0x00000de0       0x28 ./drivers/fsl_uart.o
                0x00000de0                UART2_DriverIRQHandler
 .text.UART3_DriverIRQHandler
                0x00000e08       0x28 ./drivers/fsl_uart.o
                0x00000e08                UART3_DriverIRQHandler
 .text.UART4_DriverIRQHandler
                0x00000e30       0x28 ./drivers/fsl_uart.o
                0x00000e30                UART4_DriverIRQHandler
 .text.UART5_DriverIRQHandler
                0x00000e58       0x28 ./drivers/fsl_uart.o
                0x00000e58                UART5_DriverIRQHandler
 .text.SystemInit
                0x00000e80       0x3c ./device/system_MK64F12.o
                0x00000e80                SystemInit
 .text.CLOCK_SetSdhc0Clock
                0x00000ebc       0x38 ./board/clock_config.o
 .text.CLOCK_SetEnetTime0Clock
                0x00000ef4       0x38 ./board/clock_config.o
 .text.CLOCK_SetRmii0Clock
                0x00000f2c       0x38 ./board/clock_config.o
 .text.CLOCK_SetTraceClock
                0x00000f64       0x38 ./board/clock_config.o
 .text.CLOCK_SetClkOutClock
                0x00000f9c       0x34 ./board/clock_config.o
 .text.CLOCK_SetSimSafeDivs
                0x00000fd0       0x20 ./board/clock_config.o
 .text.CLOCK_SetXtal0Freq
                0x00000ff0       0x20 ./board/clock_config.o
 .text.CLOCK_CONFIG_SetFllExtRefDiv
                0x00001010       0x3c ./board/clock_config.o
 .text.BOARD_BootClockRUN
                0x0000104c       0x88 ./board/clock_config.o
                0x0000104c                BOARD_BootClockRUN
 .text.PORT_SetPinConfig
                0x000010d4       0x38 ./board/pin_mux.o
 .text.BOARD_InitPins
                0x0000110c       0x30 ./board/pin_mux.o
                0x0000110c                BOARD_InitPins
 .text.BOARD_InitDEBUG_UARTPins
                0x0000113c       0x68 ./board/pin_mux.o
                0x0000113c                BOARD_InitDEBUG_UARTPins
 .text.__assertion_failed
                0x000011a4       0x4c c:/nxp/mcuxpressoide_11.9.1_2170/ide/plugins/com.nxp.mcuxpresso.tools.win32_11.9.1.202402080819/tools/bin/../lib/gcc/arm-none-eabi/12.3.1/../../../../arm-none-eabi/lib/thumb/v7e-m+fp/hard\libcr_semihost_nf.a(_cr_assert.o)
                0x000011a4                __assertion_failed
 .text.__sys_appexit
                0x000011f0        0xc c:/nxp/mcuxpressoide_11.9.1_2170/ide/plugins/com.nxp.mcuxpresso.tools.win32_11.9.1.202402080819/tools/bin/../lib/gcc/arm-none-eabi/12.3.1/../../../../arm-none-eabi/lib/thumb/v7e-m+fp/hard\libcr_semihost_nf.a(__sys_appexit.o)
                0x000011f0                __sys_appexit
                0x000011f0                __exit
 .text._Cwritebuf
                0x000011fc       0x6c c:/nxp/mcuxpressoide_11.9.1_2170/ide/plugins/com.nxp.mcuxpresso.tools.win32_11.9.1.202402080819/tools/bin/../lib/gcc/arm-none-eabi/12.3.1/../../../../arm-none-eabi/lib/thumb/v7e-m+fp/hard\libcr_c.a(_writebuf.o)
                0x000011fc                _Cwritebuf
 .text.malloc   0x00001268       0xe8 c:/nxp/mcuxpressoide_11.9.1_2170/ide/plugins/com.nxp.mcuxpresso.tools.win32_11.9.1.202402080819/tools/bin/../lib/gcc/arm-none-eabi/12.3.1/../../../../arm-none-eabi/lib/thumb/v7e-m+fp/hard\libcr_c.a(alloc.o)
                0x00001268                malloc
 .text._Csys_alloc
                0x00001350       0x20 c:/nxp/mcuxpressoide_11.9.1_2170/ide/plugins/com.nxp.mcuxpresso.tools.win32_11.9.1.202402080819/tools/bin/../lib/gcc/arm-none-eabi/12.3.1/../../../../arm-none-eabi/lib/thumb/v7e-m+fp/hard\libcr_c.a(alloc.o)
                0x00001350                _Csys_alloc
 .text.fseek    0x00001370       0xf8 c:/nxp/mcuxpressoide_11.9.1_2170/ide/plugins/com.nxp.mcuxpresso.tools.win32_11.9.1.202402080819/tools/bin/../lib/gcc/arm-none-eabi/12.3.1/../../../../arm-none-eabi/lib/thumb/v7e-m+fp/hard\libcr_c.a(fseek.o)
                0x00001370                fseek
 .text.ftell    0x00001468       0x44 c:/nxp/mcuxpressoide_11.9.1_2170/ide/plugins/com.nxp.mcuxpresso.tools.win32_11.9.1.202402080819/tools/bin/../lib/gcc/arm-none-eabi/12.3.1/../../../../arm-none-eabi/lib/thumb/v7e-m+fp/hard\libcr_c.a(ftell.o)
                0x00001468                ftell
 .text._initio  0x000014ac       0x78 c:/nxp/mcuxpressoide_11.9.1_2170/ide/plugins/com.nxp.mcuxpresso.tools.win32_11.9.1.202402080819/tools/bin/../lib/gcc/arm-none-eabi/12.3.1/../../../../arm-none-eabi/lib/thumb/v7e-m+fp/hard\libcr_c.a(initio.o)
                0x000014ac                _initio
 .text.__vfprintf
                0x00001524      0xb80 c:/nxp/mcuxpressoide_11.9.1_2170/ide/plugins/com.nxp.mcuxpresso.tools.win32_11.9.1.202402080819/tools/bin/../lib/gcc/arm-none-eabi/12.3.1/../../../../arm-none-eabi/lib/thumb/v7e-m+fp/hard\libcr_c.a(printf.o)
                0x00001524                __vfprintf
 .text._vsnprintf
                0x000020a4       0x68 c:/nxp/mcuxpressoide_11.9.1_2170/ide/plugins/com.nxp.mcuxpresso.tools.win32_11.9.1.202402080819/tools/bin/../lib/gcc/arm-none-eabi/12.3.1/../../../../arm-none-eabi/lib/thumb/v7e-m+fp/hard\libcr_c.a(printf.o)
                0x000020a4                _vsnprintf
 .text._printf  0x0000210c       0x54 c:/nxp/mcuxpressoide_11.9.1_2170/ide/plugins/com.nxp.mcuxpresso.tools.win32_11.9.1.202402080819/tools/bin/../lib/gcc/arm-none-eabi/12.3.1/../../../../arm-none-eabi/lib/thumb/v7e-m+fp/hard\libcr_c.a(printf.o)
                0x0000210c                _printf
 .text._sbrk    0x00002160       0x3c c:/nxp/mcuxpressoide_11.9.1_2170/ide/plugins/com.nxp.mcuxpresso.tools.win32_11.9.1.202402080819/tools/bin/../lib/gcc/arm-none-eabi/12.3.1/../../../../arm-none-eabi/lib/thumb/v7e-m+fp/hard\libcr_c.a(_cr_sbrk.o)
                0x00002160                _sbrk
 .text.fflush   0x0000219c       0x3c c:/nxp/mcuxpressoide_11.9.1_2170/ide/plugins/com.nxp.mcuxpresso.tools.win32_11.9.1.202402080819/tools/bin/../lib/gcc/arm-none-eabi/12.3.1/../../../../arm-none-eabi/lib/thumb/v7e-m+fp/hard\libcr_c.a(fflush.o)
                0x0000219c                fflush
 .text.__check_heap_overflow
                0x000021d8       0x18 c:/nxp/mcuxpressoide_11.9.1_2170/ide/plugins/com.nxp.mcuxpresso.tools.win32_11.9.1.202402080819/tools/bin/../lib/gcc/arm-none-eabi/12.3.1/../../../../arm-none-eabi/lib/thumb/v7e-m+fp/hard\libcr_c.a(_cr_check_heap.o)
                0x000021d8                __check_heap_overflow
 .text.DMA0_IRQHandler
                0x000021f0        0x8 ./startup/startup_mk64f12.o
                0x000021f0                DMA0_IRQHandler
 .text.DMA1_IRQHandler
                0x000021f8        0x8 ./startup/startup_mk64f12.o
                0x000021f8                DMA1_IRQHandler
 .text.DMA2_IRQHandler
                0x00002200        0x8 ./startup/startup_mk64f12.o
                0x00002200                DMA2_IRQHandler
 .text.DMA3_IRQHandler
                0x00002208        0x8 ./startup/startup_mk64f12.o
                0x00002208                DMA3_IRQHandler
 .text.DMA4_IRQHandler
                0x00002210        0x8 ./startup/startup_mk64f12.o
                0x00002210                DMA4_IRQHandler
 .text.DMA5_IRQHandler
                0x00002218        0x8 ./startup/startup_mk64f12.o
                0x00002218                DMA5_IRQHandler
 .text.DMA6_IRQHandler
                0x00002220        0x8 ./startup/startup_mk64f12.o
                0x00002220                DMA6_IRQHandler
 .text.DMA7_IRQHandler
                0x00002228        0x8 ./startup/startup_mk64f12.o
                0x00002228                DMA7_IRQHandler
 .text.DMA8_IRQHandler
                0x00002230        0x8 ./startup/startup_mk64f12.o
                0x00002230                DMA8_IRQHandler
 .text.DMA9_IRQHandler
                0x00002238        0x8 ./startup/startup_mk64f12.o
                0x00002238                DMA9_IRQHandler
 .text.DMA10_IRQHandler
                0x00002240        0x8 ./startup/startup_mk64f12.o
                0x00002240                DMA10_IRQHandler
 .text.DMA11_IRQHandler
                0x00002248        0x8 ./startup/startup_mk64f12.o
                0x00002248                DMA11_IRQHandler
 .text.DMA12_IRQHandler
                0x00002250        0x8 ./startup/startup_mk64f12.o
                0x00002250                DMA12_IRQHandler
 .text.DMA13_IRQHandler
                0x00002258        0x8 ./startup/startup_mk64f12.o
                0x00002258                DMA13_IRQHandler
 .text.DMA14_IRQHandler
                0x00002260        0x8 ./startup/startup_mk64f12.o
                0x00002260                DMA14_IRQHandler
 .text.DMA15_IRQHandler
                0x00002268        0x8 ./startup/startup_mk64f12.o
                0x00002268                DMA15_IRQHandler
 .text.DMA_Error_IRQHandler
                0x00002270        0x8 ./startup/startup_mk64f12.o
                0x00002270                DMA_Error_IRQHandler
 .text.MCM_IRQHandler
                0x00002278        0x8 ./startup/startup_mk64f12.o
                0x00002278                MCM_IRQHandler
 .text.FTFE_IRQHandler
                0x00002280        0x8 ./startup/startup_mk64f12.o
                0x00002280                FTFE_IRQHandler
 .text.Read_Collision_IRQHandler
                0x00002288        0x8 ./startup/startup_mk64f12.o
                0x00002288                Read_Collision_IRQHandler
 .text.LVD_LVW_IRQHandler
                0x00002290        0x8 ./startup/startup_mk64f12.o
                0x00002290                LVD_LVW_IRQHandler
 .text.LLWU_IRQHandler
                0x00002298        0x8 ./startup/startup_mk64f12.o
                0x00002298                LLWU_IRQHandler
 .text.WDOG_EWM_IRQHandler
                0x000022a0        0x8 ./startup/startup_mk64f12.o
                0x000022a0                WDOG_EWM_IRQHandler
 .text.RNG_IRQHandler
                0x000022a8        0x8 ./startup/startup_mk64f12.o
                0x000022a8                RNG_IRQHandler
 .text.I2C0_IRQHandler
                0x000022b0        0x8 ./startup/startup_mk64f12.o
                0x000022b0                I2C0_IRQHandler
 .text.I2C1_IRQHandler
                0x000022b8        0x8 ./startup/startup_mk64f12.o
                0x000022b8                I2C1_IRQHandler
 .text.SPI0_IRQHandler
                0x000022c0        0x8 ./startup/startup_mk64f12.o
                0x000022c0                SPI0_IRQHandler
 .text.SPI1_IRQHandler
                0x000022c8        0x8 ./startup/startup_mk64f12.o
                0x000022c8                SPI1_IRQHandler
 .text.I2S0_Tx_IRQHandler
                0x000022d0        0x8 ./startup/startup_mk64f12.o
                0x000022d0                I2S0_Tx_IRQHandler
 .text.I2S0_Rx_IRQHandler
                0x000022d8        0x8 ./startup/startup_mk64f12.o
                0x000022d8                I2S0_Rx_IRQHandler
 .text.UART0_LON_IRQHandler
                0x000022e0        0x8 ./startup/startup_mk64f12.o
                0x000022e0                UART0_LON_IRQHandler
 .text.UART0_RX_TX_IRQHandler
                0x000022e8        0x8 ./startup/startup_mk64f12.o
                0x000022e8                UART0_RX_TX_IRQHandler
 .text.UART0_ERR_IRQHandler
                0x000022f0        0x8 ./startup/startup_mk64f12.o
                0x000022f0                UART0_ERR_IRQHandler
 .text.UART1_RX_TX_IRQHandler
                0x000022f8        0x8 ./startup/startup_mk64f12.o
                0x000022f8                UART1_RX_TX_IRQHandler
 .text.UART1_ERR_IRQHandler
                0x00002300        0x8 ./startup/startup_mk64f12.o
                0x00002300                UART1_ERR_IRQHandler
 .text.UART2_RX_TX_IRQHandler
                0x00002308        0x8 ./startup/startup_mk64f12.o
                0x00002308                UART2_RX_TX_IRQHandler
 .text.UART2_ERR_IRQHandler
                0x00002310        0x8 ./startup/startup_mk64f12.o
                0x00002310                UART2_ERR_IRQHandler
 .text.UART3_RX_TX_IRQHandler
                0x00002318        0x8 ./startup/startup_mk64f12.o
                0x00002318                UART3_RX_TX_IRQHandler
 .text.UART3_ERR_IRQHandler
                0x00002320        0x8 ./startup/startup_mk64f12.o
                0x00002320                UART3_ERR_IRQHandler
 .text.ADC0_IRQHandler
                0x00002328        0x8 ./startup/startup_mk64f12.o
                0x00002328                ADC0_IRQHandler
 .text.CMP0_IRQHandler
                0x00002330        0x8 ./startup/startup_mk64f12.o
                0x00002330                CMP0_IRQHandler
 .text.CMP1_IRQHandler
                0x00002338        0x8 ./startup/startup_mk64f12.o
                0x00002338                CMP1_IRQHandler
 .text.FTM0_IRQHandler
                0x00002340        0x8 ./startup/startup_mk64f12.o
                0x00002340                FTM0_IRQHandler
 .text.FTM1_IRQHandler
                0x00002348        0x8 ./startup/startup_mk64f12.o
                0x00002348                FTM1_IRQHandler
 .text.FTM2_IRQHandler
                0x00002350        0x8 ./startup/startup_mk64f12.o
                0x00002350                FTM2_IRQHandler
 .text.CMT_IRQHandler
                0x00002358        0x8 ./startup/startup_mk64f12.o
                0x00002358                CMT_IRQHandler
 .text.RTC_IRQHandler
                0x00002360        0x8 ./startup/startup_mk64f12.o
                0x00002360                RTC_IRQHandler
 .text.RTC_Seconds_IRQHandler
                0x00002368        0x8 ./startup/startup_mk64f12.o
                0x00002368                RTC_Seconds_IRQHandler
 .text.PIT0_IRQHandler
                0x00002370        0x8 ./startup/startup_mk64f12.o
                0x00002370                PIT0_IRQHandler
 .text.PIT1_IRQHandler
                0x00002378        0x8 ./startup/startup_mk64f12.o
                0x00002378                PIT1_IRQHandler
 .text.PIT2_IRQHandler
                0x00002380        0x8 ./startup/startup_mk64f12.o
                0x00002380                PIT2_IRQHandler
 .text.PIT3_IRQHandler
                0x00002388        0x8 ./startup/startup_mk64f12.o
                0x00002388                PIT3_IRQHandler
 .text.PDB0_IRQHandler
                0x00002390        0x8 ./startup/startup_mk64f12.o
                0x00002390                PDB0_IRQHandler
 .text.USB0_IRQHandler
                0x00002398        0x8 ./startup/startup_mk64f12.o
                0x00002398                USB0_IRQHandler
 .text.USBDCD_IRQHandler
                0x000023a0        0x8 ./startup/startup_mk64f12.o
                0x000023a0                USBDCD_IRQHandler
 .text.Reserved71_IRQHandler
                0x000023a8        0x8 ./startup/startup_mk64f12.o
                0x000023a8                Reserved71_IRQHandler
 .text.DAC0_IRQHandler
                0x000023b0        0x8 ./startup/startup_mk64f12.o
                0x000023b0                DAC0_IRQHandler
 .text.MCG_IRQHandler
                0x000023b8        0x8 ./startup/startup_mk64f12.o
                0x000023b8                MCG_IRQHandler
 .text.LPTMR0_IRQHandler
                0x000023c0        0x8 ./startup/startup_mk64f12.o
                0x000023c0                LPTMR0_IRQHandler
 .text.PORTA_IRQHandler
                0x000023c8        0x8 ./startup/startup_mk64f12.o
                0x000023c8                PORTA_IRQHandler
 .text.PORTB_IRQHandler
                0x000023d0        0x8 ./startup/startup_mk64f12.o
                0x000023d0                PORTB_IRQHandler
 .text.PORTC_IRQHandler
                0x000023d8        0x8 ./startup/startup_mk64f12.o
                0x000023d8                PORTC_IRQHandler
 .text.PORTD_IRQHandler
                0x000023e0        0x8 ./startup/startup_mk64f12.o
                0x000023e0                PORTD_IRQHandler
 .text.PORTE_IRQHandler
                0x000023e8        0x8 ./startup/startup_mk64f12.o
                0x000023e8                PORTE_IRQHandler
 .text.SWI_IRQHandler
                0x000023f0        0x8 ./startup/startup_mk64f12.o
                0x000023f0                SWI_IRQHandler
 .text.SPI2_IRQHandler
                0x000023f8        0x8 ./startup/startup_mk64f12.o
                0x000023f8                SPI2_IRQHandler
 .text.UART4_RX_TX_IRQHandler
                0x00002400        0x8 ./startup/startup_mk64f12.o
                0x00002400                UART4_RX_TX_IRQHandler
 .text.UART4_ERR_IRQHandler
                0x00002408        0x8 ./startup/startup_mk64f12.o
                0x00002408                UART4_ERR_IRQHandler
 .text.UART5_RX_TX_IRQHandler
                0x00002410        0x8 ./startup/startup_mk64f12.o
                0x00002410                UART5_RX_TX_IRQHandler
 .text.UART5_ERR_IRQHandler
                0x00002418        0x8 ./startup/startup_mk64f12.o
                0x00002418                UART5_ERR_IRQHandler
 .text.CMP2_IRQHandler
                0x00002420        0x8 ./startup/startup_mk64f12.o
                0x00002420                CMP2_IRQHandler
 .text.FTM3_IRQHandler
                0x00002428        0x8 ./startup/startup_mk64f12.o
                0x00002428                FTM3_IRQHandler
 .text.DAC1_IRQHandler
                0x00002430        0x8 ./startup/startup_mk64f12.o
                0x00002430                DAC1_IRQHandler
 .text.ADC1_IRQHandler
                0x00002438        0x8 ./startup/startup_mk64f12.o
                0x00002438                ADC1_IRQHandler
 .text.I2C2_IRQHandler
                0x00002440        0x8 ./startup/startup_mk64f12.o
                0x00002440                I2C2_IRQHandler
 .text.CAN0_ORed_Message_buffer_IRQHandler
                0x00002448        0x8 ./startup/startup_mk64f12.o
                0x00002448                CAN0_ORed_Message_buffer_IRQHandler
 .text.CAN0_Bus_Off_IRQHandler
                0x00002450        0x8 ./startup/startup_mk64f12.o
                0x00002450                CAN0_Bus_Off_IRQHandler
 .text.CAN0_Error_IRQHandler
                0x00002458        0x8 ./startup/startup_mk64f12.o
                0x00002458                CAN0_Error_IRQHandler
 .text.CAN0_Tx_Warning_IRQHandler
                0x00002460        0x8 ./startup/startup_mk64f12.o
                0x00002460                CAN0_Tx_Warning_IRQHandler
 .text.CAN0_Rx_Warning_IRQHandler
                0x00002468        0x8 ./startup/startup_mk64f12.o
                0x00002468                CAN0_Rx_Warning_IRQHandler
 .text.CAN0_Wake_Up_IRQHandler
                0x00002470        0x8 ./startup/startup_mk64f12.o
                0x00002470                CAN0_Wake_Up_IRQHandler
 .text.SDHC_IRQHandler
                0x00002478        0x8 ./startup/startup_mk64f12.o
                0x00002478                SDHC_IRQHandler
 .text.ENET_1588_Timer_IRQHandler
                0x00002480        0x8 ./startup/startup_mk64f12.o
                0x00002480                ENET_1588_Timer_IRQHandler
 .text.ENET_Transmit_IRQHandler
                0x00002488        0x8 ./startup/startup_mk64f12.o
                0x00002488                ENET_Transmit_IRQHandler
 .text.ENET_Receive_IRQHandler
                0x00002490        0x8 ./startup/startup_mk64f12.o
                0x00002490                ENET_Receive_IRQHandler
 .text.ENET_Error_IRQHandler
                0x00002498        0x8 ./startup/startup_mk64f12.o
                0x00002498                ENET_Error_IRQHandler
 .text.HardFault_Handler
                0x000024a0       0x36 ./source/semihost_hardfault.o
                0x000024a0                HardFault_Handler
 .text.CLOCK_EnableClock
                0x000024d6       0x34 ./drivers/fsl_clock.o
 .text.CLOCK_DisableClock
                0x0000250a       0x38 ./drivers/fsl_clock.o
 .text.OSC_SetExtRefClkConfig
                0x00002542       0x34 ./drivers/fsl_clock.o
 .text.OSC_SetCapLoad
                0x00002576       0x34 ./drivers/fsl_clock.o
 .text.CLOCK_GetPll0RefFreq
                0x000025aa        0xe ./drivers/fsl_clock.o
 .text.UART0_RX_TX_DriverIRQHandler
                0x000025b8       0x12 ./drivers/fsl_uart.o
                0x000025b8                UART0_RX_TX_DriverIRQHandler
 .text.UART1_RX_TX_DriverIRQHandler
                0x000025ca       0x12 ./drivers/fsl_uart.o
                0x000025ca                UART1_RX_TX_DriverIRQHandler
 .text.UART2_RX_TX_DriverIRQHandler
                0x000025dc       0x12 ./drivers/fsl_uart.o
                0x000025dc                UART2_RX_TX_DriverIRQHandler
 .text.UART3_RX_TX_DriverIRQHandler
                0x000025ee       0x12 ./drivers/fsl_uart.o
                0x000025ee                UART3_RX_TX_DriverIRQHandler
 .text.UART4_RX_TX_DriverIRQHandler
                0x00002600       0x12 ./drivers/fsl_uart.o
                0x00002600                UART4_RX_TX_DriverIRQHandler
 .text.UART5_RX_TX_DriverIRQHandler
                0x00002612       0x12 ./drivers/fsl_uart.o
                0x00002612                UART5_RX_TX_DriverIRQHandler
 .text.SystemInitHook
                0x00002624        0xe ./device/system_MK64F12.o
                0x00002624                SystemInitHook
 .text.DbgConsole_Init
                0x00002632       0x20 ./board/board.o
 .text.BOARD_InitDebugConsole
                0x00002652       0x22 ./board/board.o
                0x00002652                BOARD_InitDebugConsole
 .text.BOARD_InitBootClocks
                0x00002674        0xc ./board/clock_config.o
                0x00002674                BOARD_InitBootClocks
 .text.BOARD_InitPeripherals
                0x00002680        0xe ./board/peripherals.o
                0x00002680                BOARD_InitPeripherals
 .text.BOARD_InitBootPeripherals
                0x0000268e        0xc ./board/peripherals.o
                0x0000268e                BOARD_InitBootPeripherals
 .text.CLOCK_EnableClock
                0x0000269a       0x34 ./board/pin_mux.o
 .text.PORT_SetPinMux
                0x000026ce       0x3a ./board/pin_mux.o
 .text.BOARD_InitBootPins
                0x00002708       0x10 ./board/pin_mux.o
                0x00002708                BOARD_InitBootPins
 .text.__main   0x00002718        0xe c:/nxp/mcuxpressoide_11.9.1_2170/ide/plugins/com.nxp.mcuxpresso.tools.win32_11.9.1.202402080819/tools/bin/../lib/gcc/arm-none-eabi/12.3.1/../../../../arm-none-eabi/lib/thumb/v7e-m+fp/hard\libcr_semihost_nf.a(_cr__main.o)
                0x00002718                __CR_SEMIHOST
                0x00002718                __main
 .text.memset   0x00002726        0x4 c:/nxp/mcuxpressoide_11.9.1_2170/ide/plugins/com.nxp.mcuxpresso.tools.win32_11.9.1.202402080819/tools/bin/../lib/gcc/arm-none-eabi/12.3.1/../../../../arm-none-eabi/lib/thumb/v7e-m+fp/hard\libcr_c.a(memset.o)
                0x00002726                memset
 .text._deferredlazyseek
                0x0000272a       0x40 c:/nxp/mcuxpressoide_11.9.1_2170/ide/plugins/com.nxp.mcuxpresso.tools.win32_11.9.1.202402080819/tools/bin/../lib/gcc/arm-none-eabi/12.3.1/../../../../arm-none-eabi/lib/thumb/v7e-m+fp/hard\libcr_c.a(_deferredlazyseek.o)
                0x0000272a                _deferredlazyseek
 .text.__flsbuf
                0x0000276a      0x140 c:/nxp/mcuxpressoide_11.9.1_2170/ide/plugins/com.nxp.mcuxpresso.tools.win32_11.9.1.202402080819/tools/bin/../lib/gcc/arm-none-eabi/12.3.1/../../../../arm-none-eabi/lib/thumb/v7e-m+fp/hard\libcr_c.a(_deferredlazyseek.o)
                0x0000276a                __flsbuf
 .text._fflush  0x000028aa       0x52 c:/nxp/mcuxpressoide_11.9.1_2170/ide/plugins/com.nxp.mcuxpresso.tools.win32_11.9.1.202402080819/tools/bin/../lib/gcc/arm-none-eabi/12.3.1/../../../../arm-none-eabi/lib/thumb/v7e-m+fp/hard\libcr_c.a(_fflush.o)
                0x000028aa                _fflush
 .text.free     0x000028fc       0x30 c:/nxp/mcuxpressoide_11.9.1_2170/ide/plugins/com.nxp.mcuxpresso.tools.win32_11.9.1.202402080819/tools/bin/../lib/gcc/arm-none-eabi/12.3.1/../../../../arm-none-eabi/lib/thumb/v7e-m+fp/hard\libcr_c.a(alloc.o)
                0x000028fc                free
 .text.fputs    0x0000292c       0x2c c:/nxp/mcuxpressoide_11.9.1_2170/ide/plugins/com.nxp.mcuxpresso.tools.win32_11.9.1.202402080819/tools/bin/../lib/gcc/arm-none-eabi/12.3.1/../../../../arm-none-eabi/lib/thumb/v7e-m+fp/hard\libcr_c.a(fputs.o)
                0x0000292c                fputs
 .text.no_fp_display
                0x00002958        0x4 c:/nxp/mcuxpressoide_11.9.1_2170/ide/plugins/com.nxp.mcuxpresso.tools.win32_11.9.1.202402080819/tools/bin/../lib/gcc/arm-none-eabi/12.3.1/../../../../arm-none-eabi/lib/thumb/v7e-m+fp/hard\libcr_c.a(printf.o)
 .text.setvbuf  0x0000295c       0x3e c:/nxp/mcuxpressoide_11.9.1_2170/ide/plugins/com.nxp.mcuxpresso.tools.win32_11.9.1.202402080819/tools/bin/../lib/gcc/arm-none-eabi/12.3.1/../../../../arm-none-eabi/lib/thumb/v7e-m+fp/hard\libcr_c.a(setvbuf.o)
                0x0000295c                setvbuf
 .text.strlen   0x0000299a       0x4e c:/nxp/mcuxpressoide_11.9.1_2170/ide/plugins/com.nxp.mcuxpresso.tools.win32_11.9.1.202402080819/tools/bin/../lib/gcc/arm-none-eabi/12.3.1/../../../../arm-none-eabi/lib/thumb/v7e-m+fp/hard\libcr_c.a(strlen.o)
                0x0000299a                strlen
 .text._fdopen  0x000029e8       0x68 c:/nxp/mcuxpressoide_11.9.1_2170/ide/plugins/com.nxp.mcuxpresso.tools.win32_11.9.1.202402080819/tools/bin/../lib/gcc/arm-none-eabi/12.3.1/../../../../arm-none-eabi/lib/thumb/v7e-m+fp/hard\libcr_c.a(_fdopen.o)
                0x000029e8                _fdopen
 .text.fclose   0x00002a50       0x58 c:/nxp/mcuxpressoide_11.9.1_2170/ide/plugins/com.nxp.mcuxpresso.tools.win32_11.9.1.202402080819/tools/bin/../lib/gcc/arm-none-eabi/12.3.1/../../../../arm-none-eabi/lib/thumb/v7e-m+fp/hard\libcr_c.a(fclose.o)
                0x00002a50                fclose
 .text.remove   0x00002aa8       0x14 c:/nxp/mcuxpressoide_11.9.1_2170/ide/plugins/com.nxp.mcuxpresso.tools.win32_11.9.1.202402080819/tools/bin/../lib/gcc/arm-none-eabi/12.3.1/../../../../arm-none-eabi/lib/thumb/v7e-m+fp/hard\libcr_c.a(remove.o)
                0x00002aa8                remove
 .text._do_fflush
                0x00002abc       0x40 c:/nxp/mcuxpressoide_11.9.1_2170/ide/plugins/com.nxp.mcuxpresso.tools.win32_11.9.1.202402080819/tools/bin/../lib/gcc/arm-none-eabi/12.3.1/../../../../arm-none-eabi/lib/thumb/v7e-m+fp/hard\libcr_c.a(_do_fflush.o)
                0x00002abc                _do_fflush
 .text.__aeabi_memset_lowlevel
                0x00002afc       0x32 c:/nxp/mcuxpressoide_11.9.1_2170/ide/plugins/com.nxp.mcuxpresso.tools.win32_11.9.1.202402080819/tools/bin/../lib/gcc/arm-none-eabi/12.3.1/thumb/v7e-m+fp/hard\libcr_eabihelpers.a(memcpy.o)
                0x00002afc                __aeabi_lowlevel_memset
 .text.__sys_close
                0x00002b2e        0xc c:/nxp/mcuxpressoide_11.9.1_2170/ide/plugins/com.nxp.mcuxpresso.tools.win32_11.9.1.202402080819/tools/bin/../lib/gcc/arm-none-eabi/12.3.1/../../../../arm-none-eabi/lib/thumb/v7e-m+fp/hard\libcr_semihost_nf.a(__sys_close.o)
                0x00002b2e                __sys_close
 .text.__sys_flen
                0x00002b3a        0xc c:/nxp/mcuxpressoide_11.9.1_2170/ide/plugins/com.nxp.mcuxpresso.tools.win32_11.9.1.202402080819/tools/bin/../lib/gcc/arm-none-eabi/12.3.1/../../../../arm-none-eabi/lib/thumb/v7e-m+fp/hard\libcr_semihost_nf.a(__sys_flen.o)
                0x00002b3a                __sys_flen
 .text.__sys_istty
                0x00002b46        0xc c:/nxp/mcuxpressoide_11.9.1_2170/ide/plugins/com.nxp.mcuxpresso.tools.win32_11.9.1.202402080819/tools/bin/../lib/gcc/arm-none-eabi/12.3.1/../../../../arm-none-eabi/lib/thumb/v7e-m+fp/hard\libcr_semihost_nf.a(__sys_istty.o)
                0x00002b46                __sys_istty
 .text.__sys_remove
                0x00002b52        0xc c:/nxp/mcuxpressoide_11.9.1_2170/ide/plugins/com.nxp.mcuxpresso.tools.win32_11.9.1.202402080819/tools/bin/../lib/gcc/arm-none-eabi/12.3.1/../../../../arm-none-eabi/lib/thumb/v7e-m+fp/hard\libcr_semihost_nf.a(__sys_remove.o)
                0x00002b52                __sys_remove
 .text.__sys_seek
                0x00002b5e        0xc c:/nxp/mcuxpressoide_11.9.1_2170/ide/plugins/com.nxp.mcuxpresso.tools.win32_11.9.1.202402080819/tools/bin/../lib/gcc/arm-none-eabi/12.3.1/../../../../arm-none-eabi/lib/thumb/v7e-m+fp/hard\libcr_semihost_nf.a(__sys_seek.o)
                0x00002b5e                __sys_seek
 .text.__sys_tmpnam
                0x00002b6a        0xc c:/nxp/mcuxpressoide_11.9.1_2170/ide/plugins/com.nxp.mcuxpresso.tools.win32_11.9.1.202402080819/tools/bin/../lib/gcc/arm-none-eabi/12.3.1/../../../../arm-none-eabi/lib/thumb/v7e-m+fp/hard\libcr_semihost_nf.a(__sys_tmpnam.o)
                0x00002b6a                __sys_tmpnam
 .text.__sys_write
                0x00002b76        0xc c:/nxp/mcuxpressoide_11.9.1_2170/ide/plugins/com.nxp.mcuxpresso.tools.win32_11.9.1.202402080819/tools/bin/../lib/gcc/arm-none-eabi/12.3.1/../../../../arm-none-eabi/lib/thumb/v7e-m+fp/hard\libcr_semihost_nf.a(__sys_write.o)
                0x00002b76                __sys_write
 *(SORT_BY_ALIGNMENT(.rodata) SORT_BY_ALIGNMENT(.rodata.*) SORT_BY_ALIGNMENT(.constdata) SORT_BY_ALIGNMENT(.constdata.*))
 *fill*         0x00002b82        0x2 ff
 .rodata.main.str1.4
                0x00002b84        0xe ./source/BlankProject.o
 *fill*         0x00002b92        0x2 ff
 .rodata.CLOCK_GetMcgExtClkFreq.str1.4
                0x00002b94       0x49 ./drivers/fsl_clock.o
 *fill*         0x00002bdd        0x3 ff
 .rodata.CLOCK_GetPll0Freq.str1.4
                0x00002be0       0x1d ./drivers/fsl_clock.o
 *fill*         0x00002bfd        0x3 ff
 .rodata.CLOCK_EnablePll0.str1.4
                0x00002c00       0x1a ./drivers/fsl_clock.o
 *fill*         0x00002c1a        0x2 ff
 .rodata.CLOCK_SetPbeMode.str1.4
                0x00002c1c       0x1a ./drivers/fsl_clock.o
 *fill*         0x00002c36        0x2 ff
 .rodata.CLOCK_BootToPeeMode.str1.4
                0x00002c38       0x1a ./drivers/fsl_clock.o
 *fill*         0x00002c52        0x2 ff
 .rodata.fllFactorTable.1
                0x00002c54       0x10 ./drivers/fsl_clock.o
 .rodata.mcgConfig_BOARD_BootClockRUN
                0x00002c64        0xb ./board/clock_config.o
                0x00002c64                mcgConfig_BOARD_BootClockRUN
 *fill*         0x00002c6f        0x1 ff
 .rodata.simConfig_BOARD_BootClockRUN
                0x00002c70        0x8 ./board/clock_config.o
                0x00002c70                simConfig_BOARD_BootClockRUN
 .rodata.oscConfig_BOARD_BootClockRUN
                0x00002c78        0x8 ./board/clock_config.o
                0x00002c78                oscConfig_BOARD_BootClockRUN
 .rodata.PORT_SetPinConfig.str1.4
                0x00002c80       0x57 ./board/pin_mux.o
 *fill*         0x00002cd7        0x1 ff
 .rodata.__num_Ciob_streams
                0x00002cd8        0x4 c:/nxp/mcuxpressoide_11.9.1_2170/ide/plugins/com.nxp.mcuxpresso.tools.win32_11.9.1.202402080819/tools/bin/../lib/gcc/arm-none-eabi/12.3.1/../../../../arm-none-eabi/lib/thumb/v7e-m+fp/hard\libcr_semihost_nf.a(__ciob.o)
                0x00002cd8                __num_Ciob_streams
 .rodata.__assertion_failed.str1.1
                0x00002cdc       0x15 c:/nxp/mcuxpressoide_11.9.1_2170/ide/plugins/com.nxp.mcuxpresso.tools.win32_11.9.1.202402080819/tools/bin/../lib/gcc/arm-none-eabi/12.3.1/../../../../arm-none-eabi/lib/thumb/v7e-m+fp/hard\libcr_semihost_nf.a(_cr_assert.o)
 .rodata._Csys_alloc.str1.1
                0x00002cf1       0x18 c:/nxp/mcuxpressoide_11.9.1_2170/ide/plugins/com.nxp.mcuxpresso.tools.win32_11.9.1.202402080819/tools/bin/../lib/gcc/arm-none-eabi/12.3.1/../../../../arm-none-eabi/lib/thumb/v7e-m+fp/hard\libcr_c.a(alloc.o)
 .rodata._initio.str1.1
                0x00002d09        0x4 c:/nxp/mcuxpressoide_11.9.1_2170/ide/plugins/com.nxp.mcuxpresso.tools.win32_11.9.1.202402080819/tools/bin/../lib/gcc/arm-none-eabi/12.3.1/../../../../arm-none-eabi/lib/thumb/v7e-m+fp/hard\libcr_c.a(initio.o)
 .rodata.__vfprintf.str1.1
                0x00002d0d       0x35 c:/nxp/mcuxpressoide_11.9.1_2170/ide/plugins/com.nxp.mcuxpresso.tools.win32_11.9.1.202402080819/tools/bin/../lib/gcc/arm-none-eabi/12.3.1/../../../../arm-none-eabi/lib/thumb/v7e-m+fp/hard\libcr_c.a(printf.o)
                                 0x38 (size before relaxing)
                0x00002d48                        . = ALIGN (0x8)
 *fill*         0x00002d42        0x6 ff

.glue_7         0x00002d48        0x0
 .glue_7        0x00002d48        0x0 linker stubs

.glue_7t        0x00002d48        0x0
 .glue_7t       0x00002d48        0x0 linker stubs

.vfp11_veneer   0x00002d48        0x0
 .vfp11_veneer  0x00002d48        0x0 linker stubs

.v4_bx          0x00002d48        0x0
 .v4_bx         0x00002d48        0x0 linker stubs

.iplt           0x00002d48        0x0
 .iplt          0x00002d48        0x0 ./startup/startup_mk64f12.o

.rel.dyn        0x00002d48        0x0
 .rel.iplt      0x00002d48        0x0 ./startup/startup_mk64f12.o

.ARM.extab
 *(SORT_BY_ALIGNMENT(.ARM.extab*) SORT_BY_ALIGNMENT(.gnu.linkonce.armextab.*))

.ARM.exidx      0x00002d48        0x0
                0x00002d48                        __exidx_start = .
 *(SORT_BY_ALIGNMENT(.ARM.exidx*) SORT_BY_ALIGNMENT(.gnu.linkonce.armexidx.*))
                0x00002d48                        __exidx_end = .
                0x00002d48                        _etext = .

.m_usb_data
 *(SORT_BY_ALIGNMENT(m_usb_bdt))

.data_RAM2      0x1fff0000        0x0 load address 0x00002d48
 FILL mask 0xff
                [!provide]                        PROVIDE (__start_data_RAM2 = .)
                [!provide]                        PROVIDE (__start_data_SRAM_LOWER = .)
 *(SORT_BY_ALIGNMENT(.ramfunc.$RAM2))
 *(SORT_BY_ALIGNMENT(.ramfunc.$SRAM_LOWER))
 *(SORT_BY_ALIGNMENT(.data.$RAM2))
 *(SORT_BY_ALIGNMENT(.data.$SRAM_LOWER))
 *(SORT_BY_ALIGNMENT(.data.$RAM2.*))
 *(SORT_BY_ALIGNMENT(.data.$SRAM_LOWER.*))
                0x1fff0000                        . = ALIGN (0x8)
                [!provide]                        PROVIDE (__end_data_RAM2 = .)
                [!provide]                        PROVIDE (__end_data_SRAM_LOWER = .)

.data_RAM3      0x14000000        0x0 load address 0x00002d48
 FILL mask 0xff
                [!provide]                        PROVIDE (__start_data_RAM3 = .)
                [!provide]                        PROVIDE (__start_data_FLEX_RAM = .)
 *(SORT_BY_ALIGNMENT(.ramfunc.$RAM3))
 *(SORT_BY_ALIGNMENT(.ramfunc.$FLEX_RAM))
 *(SORT_BY_ALIGNMENT(.data.$RAM3))
 *(SORT_BY_ALIGNMENT(.data.$FLEX_RAM))
 *(SORT_BY_ALIGNMENT(.data.$RAM3.*))
 *(SORT_BY_ALIGNMENT(.data.$FLEX_RAM.*))
                0x14000000                        . = ALIGN (0x8)
                [!provide]                        PROVIDE (__end_data_RAM3 = .)
                [!provide]                        PROVIDE (__end_data_FLEX_RAM = .)

.uninit_RESERVED
                0x20000000        0x0
                0x20000000                        _start_uninit_RESERVED = .
 *(SORT_BY_ALIGNMENT(.bss.$RESERVED*))
                0x20000000                        . = ALIGN (0x8)
                0x20000000                        _end_uninit_RESERVED = .

.data           0x20000000       0x10 load address 0x00002d48
 FILL mask 0xff
                0x20000000                        _data = .
                [!provide]                        PROVIDE (__start_data_RAM = .)
                [!provide]                        PROVIDE (__start_data_SRAM_UPPER = .)
 *(SORT_BY_ALIGNMENT(vtable))
 *(SORT_BY_ALIGNMENT(.ramfunc*))
 *(SORT_BY_ALIGNMENT(CodeQuickAccess))
 *(SORT_BY_ALIGNMENT(DataQuickAccess))
 *(SORT_BY_ALIGNMENT(RamFunction))
 *(SORT_BY_ALIGNMENT(.data*))
 .data.s_slowIrcFreq
                0x20000000        0x4 ./drivers/fsl_clock.o
 .data.s_fastIrcFreq
                0x20000004        0x4 ./drivers/fsl_clock.o
 .data.SystemCoreClock
                0x20000008        0x4 ./device/system_MK64F12.o
                0x20000008                SystemCoreClock
                0x20000010                        . = ALIGN (0x8)
 *fill*         0x2000000c        0x4 ff
                0x20000010                        _edata = .
                [!provide]                        PROVIDE (__end_data_RAM = .)
                [!provide]                        PROVIDE (__end_data_SRAM_UPPER = .)

.igot.plt       0x20000010        0x0 load address 0x00002d58
 .igot.plt      0x20000010        0x0 ./startup/startup_mk64f12.o

.bss_RAM2       0x1fff0000        0x0
                [!provide]                        PROVIDE (__start_bss_RAM2 = .)
                [!provide]                        PROVIDE (__start_bss_SRAM_LOWER = .)
 *(SORT_BY_ALIGNMENT(.bss.$RAM2))
 *(SORT_BY_ALIGNMENT(.bss.$SRAM_LOWER))
 *(SORT_BY_ALIGNMENT(.bss.$RAM2.*))
 *(SORT_BY_ALIGNMENT(.bss.$SRAM_LOWER.*))
                0x1fff0000                        . = ALIGN ((. != 0x0)?0x8:0x1)
                [!provide]                        PROVIDE (__end_bss_RAM2 = .)
                [!provide]                        PROVIDE (__end_bss_SRAM_LOWER = .)

.bss_RAM3       0x14000000        0x0
                [!provide]                        PROVIDE (__start_bss_RAM3 = .)
                [!provide]                        PROVIDE (__start_bss_FLEX_RAM = .)
 *(SORT_BY_ALIGNMENT(.bss.$RAM3))
 *(SORT_BY_ALIGNMENT(.bss.$FLEX_RAM))
 *(SORT_BY_ALIGNMENT(.bss.$RAM3.*))
 *(SORT_BY_ALIGNMENT(.bss.$FLEX_RAM.*))
                0x14000000                        . = ALIGN ((. != 0x0)?0x8:0x1)
                [!provide]                        PROVIDE (__end_bss_RAM3 = .)
                [!provide]                        PROVIDE (__end_bss_FLEX_RAM = .)

.bss            0x20000010       0xf8
                0x20000010                        _bss = .
                [!provide]                        PROVIDE (__start_bss_RAM = .)
                [!provide]                        PROVIDE (__start_bss_SRAM_UPPER = .)
 *(SORT_BY_ALIGNMENT(.bss*))
 .bss.g_xtal0Freq
                0x20000010        0x4 ./drivers/fsl_clock.o
                0x20000010                g_xtal0Freq
 .bss.g_xtal32Freq
                0x20000014        0x4 ./drivers/fsl_clock.o
                0x20000014                g_xtal32Freq
 .bss.s_i2cHandle
                0x20000018        0xc ./drivers/fsl_i2c.o
 .bss.s_i2cMasterIsr
                0x20000024        0x4 ./drivers/fsl_i2c.o
 .bss.s_i2cSlaveIsr
                0x20000028        0x4 ./drivers/fsl_i2c.o
 .bss.s_uartHandle
                0x2000002c       0x18 ./drivers/fsl_uart.o
                0x2000002c                s_uartHandle
 .bss.s_uartIsr
                0x20000044        0x4 ./drivers/fsl_uart.o
                0x20000044                s_uartIsr
 .bss.__Ciob    0x20000048       0xb4 c:/nxp/mcuxpressoide_11.9.1_2170/ide/plugins/com.nxp.mcuxpresso.tools.win32_11.9.1.202402080819/tools/bin/../lib/gcc/arm-none-eabi/12.3.1/../../../../arm-none-eabi/lib/thumb/v7e-m+fp/hard\libcr_semihost_nf.a(__ciob.o)
                0x20000048                __Ciob
 .bss.errno     0x200000fc        0x4 c:/nxp/mcuxpressoide_11.9.1_2170/ide/plugins/com.nxp.mcuxpresso.tools.win32_11.9.1.202402080819/tools/bin/../lib/gcc/arm-none-eabi/12.3.1/../../../../arm-none-eabi/lib/thumb/v7e-m+fp/hard\libcr_c.a(errno.o)
                0x200000fc                errno
 .bss.__end_of_heap
                0x20000100        0x4 c:/nxp/mcuxpressoide_11.9.1_2170/ide/plugins/com.nxp.mcuxpresso.tools.win32_11.9.1.202402080819/tools/bin/../lib/gcc/arm-none-eabi/12.3.1/../../../../arm-none-eabi/lib/thumb/v7e-m+fp/hard\libcr_c.a(__init_alloc.o)
                0x20000100                __end_of_heap
 .bss.__heaps   0x20000104        0x4 c:/nxp/mcuxpressoide_11.9.1_2170/ide/plugins/com.nxp.mcuxpresso.tools.win32_11.9.1.202402080819/tools/bin/../lib/gcc/arm-none-eabi/12.3.1/../../../../arm-none-eabi/lib/thumb/v7e-m+fp/hard\libcr_c.a(__init_alloc.o)
                0x20000104                __heaps
 *(SORT_BY_ALIGNMENT(COMMON))
                0x20000108                        . = ALIGN (0x8)
                0x20000108                        _ebss = .
                [!provide]                        PROVIDE (__end_bss_RAM = .)
                [!provide]                        PROVIDE (__end_bss_SRAM_UPPER = .)
                [!provide]                        PROVIDE (end = .)

.noinit_RAM2    0x1fff0000        0x0
                [!provide]                        PROVIDE (__start_noinit_RAM2 = .)
                [!provide]                        PROVIDE (__start_noinit_SRAM_LOWER = .)
 *(SORT_BY_ALIGNMENT(.noinit.$RAM2))
 *(SORT_BY_ALIGNMENT(.noinit.$SRAM_LOWER))
 *(SORT_BY_ALIGNMENT(.noinit.$RAM2.*))
 *(SORT_BY_ALIGNMENT(.noinit.$SRAM_LOWER.*))
                0x1fff0000                        . = ALIGN (0x8)
                [!provide]                        PROVIDE (__end_noinit_RAM2 = .)
                [!provide]                        PROVIDE (__end_noinit_SRAM_LOWER = .)

.noinit_RAM3    0x14000000        0x0
                [!provide]                        PROVIDE (__start_noinit_RAM3 = .)
                [!provide]                        PROVIDE (__start_noinit_FLEX_RAM = .)
 *(SORT_BY_ALIGNMENT(.noinit.$RAM3))
 *(SORT_BY_ALIGNMENT(.noinit.$FLEX_RAM))
 *(SORT_BY_ALIGNMENT(.noinit.$RAM3.*))
 *(SORT_BY_ALIGNMENT(.noinit.$FLEX_RAM.*))
                0x14000000                        . = ALIGN (0x8)
                [!provide]                        PROVIDE (__end_noinit_RAM3 = .)
                [!provide]                        PROVIDE (__end_noinit_FLEX_RAM = .)

.noinit         0x20000108        0x0
                0x20000108                        _noinit = .
                [!provide]                        PROVIDE (__start_noinit_RAM = .)
                [!provide]                        PROVIDE (__start_noinit_SRAM_UPPER = .)
 *(SORT_BY_ALIGNMENT(.noinit*))
                0x20000108                        . = ALIGN (0x8)
                0x20000108                        _end_noinit = .
                [!provide]                        PROVIDE (__end_noinit_RAM = .)
                [!provide]                        PROVIDE (__end_noinit_SRAM_UPPER = .)
                0x00001000                        _HeapSize = 0x1000

.heap           0x20000108     0x1000
                0x20000108                        _pvHeapStart = .
                0x20001108                        . = (. + _HeapSize)
 *fill*         0x20000108     0x1000 
                0x20001108                        . = ALIGN (0x8)
                0x20001108                        _pvHeapLimit = .
                0x00001000                        _StackSize = 0x1000

.heap2stackfill
                0x20001108     0x1000
                0x20002108                        . = (. + _StackSize)
 *fill*         0x20001108     0x1000 

.stack          0x2002f000        0x0
                0x2002f000                        _vStackBase = .
                0x2002f000                        . = ALIGN (0x8)
                0x20030000                        _vStackTop = (. + _StackSize)
                0x00000000                        _image_start = LOADADDR (.text)
                0x00002d58                        _image_end = (LOADADDR (.data) + SIZEOF (.data))
                0x00002d58                        _image_size = (_image_end - _image_start)
OUTPUT(BlankProject.axf elf32-littlearm)
LOAD linker stubs

.debug_info     0x00000000     0xcf84
 .debug_info    0x00000000      0xcfa ./startup/startup_mk64f12.o
 .debug_info    0x00000cfa       0xe4 ./source/BlankProject.o
 .debug_info    0x00000dde       0x3c ./source/semihost_hardfault.o
 .debug_info    0x00000e1a     0x21e2 ./drivers/fsl_clock.o
 .debug_info    0x00002ffc     0x1ed1 ./drivers/fsl_i2c.o
 .debug_info    0x00004ecd     0x1fcf ./drivers/fsl_uart.o
 .debug_info    0x00006e9c      0x649 ./device/system_MK64F12.o
 .debug_info    0x000074e5      0x1c9 ./board/board.o
 .debug_info    0x000076ae      0xdd4 ./board/clock_config.o
 .debug_info    0x00008482       0x4e ./board/peripherals.o
 .debug_info    0x000084d0      0xc84 ./board/pin_mux.o
 .debug_info    0x00009154       0x85 c:/nxp/mcuxpressoide_11.9.1_2170/ide/plugins/com.nxp.mcuxpresso.tools.win32_11.9.1.202402080819/tools/bin/../lib/gcc/arm-none-eabi/12.3.1/../../../../arm-none-eabi/lib/thumb/v7e-m+fp/hard\libcr_semihost_nf.a(_cr__main.o)
 .debug_info    0x000091d9      0x22e c:/nxp/mcuxpressoide_11.9.1_2170/ide/plugins/com.nxp.mcuxpresso.tools.win32_11.9.1.202402080819/tools/bin/../lib/gcc/arm-none-eabi/12.3.1/../../../../arm-none-eabi/lib/thumb/v7e-m+fp/hard\libcr_semihost_nf.a(_cr_assert.o)
 .debug_info    0x00009407      0x18b c:/nxp/mcuxpressoide_11.9.1_2170/ide/plugins/com.nxp.mcuxpresso.tools.win32_11.9.1.202402080819/tools/bin/../lib/gcc/arm-none-eabi/12.3.1/../../../../arm-none-eabi/lib/thumb/v7e-m+fp/hard\libcr_semihost_nf.a(__ciob.o)
 .debug_info    0x00009592       0xe3 c:/nxp/mcuxpressoide_11.9.1_2170/ide/plugins/com.nxp.mcuxpresso.tools.win32_11.9.1.202402080819/tools/bin/../lib/gcc/arm-none-eabi/12.3.1/../../../../arm-none-eabi/lib/thumb/v7e-m+fp/hard\libcr_c.a(memset.o)
 .debug_info    0x00009675      0x362 c:/nxp/mcuxpressoide_11.9.1_2170/ide/plugins/com.nxp.mcuxpresso.tools.win32_11.9.1.202402080819/tools/bin/../lib/gcc/arm-none-eabi/12.3.1/../../../../arm-none-eabi/lib/thumb/v7e-m+fp/hard\libcr_c.a(_deferredlazyseek.o)
 .debug_info    0x000099d7      0x1e3 c:/nxp/mcuxpressoide_11.9.1_2170/ide/plugins/com.nxp.mcuxpresso.tools.win32_11.9.1.202402080819/tools/bin/../lib/gcc/arm-none-eabi/12.3.1/../../../../arm-none-eabi/lib/thumb/v7e-m+fp/hard\libcr_c.a(_fflush.o)
 .debug_info    0x00009bba      0x282 c:/nxp/mcuxpressoide_11.9.1_2170/ide/plugins/com.nxp.mcuxpresso.tools.win32_11.9.1.202402080819/tools/bin/../lib/gcc/arm-none-eabi/12.3.1/../../../../arm-none-eabi/lib/thumb/v7e-m+fp/hard\libcr_c.a(_writebuf.o)
 .debug_info    0x00009e3c      0x506 c:/nxp/mcuxpressoide_11.9.1_2170/ide/plugins/com.nxp.mcuxpresso.tools.win32_11.9.1.202402080819/tools/bin/../lib/gcc/arm-none-eabi/12.3.1/../../../../arm-none-eabi/lib/thumb/v7e-m+fp/hard\libcr_c.a(alloc.o)
 .debug_info    0x0000a342       0x44 c:/nxp/mcuxpressoide_11.9.1_2170/ide/plugins/com.nxp.mcuxpresso.tools.win32_11.9.1.202402080819/tools/bin/../lib/gcc/arm-none-eabi/12.3.1/../../../../arm-none-eabi/lib/thumb/v7e-m+fp/hard\libcr_c.a(errno.o)
 .debug_info    0x0000a386      0x1e0 c:/nxp/mcuxpressoide_11.9.1_2170/ide/plugins/com.nxp.mcuxpresso.tools.win32_11.9.1.202402080819/tools/bin/../lib/gcc/arm-none-eabi/12.3.1/../../../../arm-none-eabi/lib/thumb/v7e-m+fp/hard\libcr_c.a(fputs.o)
 .debug_info    0x0000a566      0x276 c:/nxp/mcuxpressoide_11.9.1_2170/ide/plugins/com.nxp.mcuxpresso.tools.win32_11.9.1.202402080819/tools/bin/../lib/gcc/arm-none-eabi/12.3.1/../../../../arm-none-eabi/lib/thumb/v7e-m+fp/hard\libcr_c.a(fseek.o)
 .debug_info    0x0000a7dc      0x190 c:/nxp/mcuxpressoide_11.9.1_2170/ide/plugins/com.nxp.mcuxpresso.tools.win32_11.9.1.202402080819/tools/bin/../lib/gcc/arm-none-eabi/12.3.1/../../../../arm-none-eabi/lib/thumb/v7e-m+fp/hard\libcr_c.a(ftell.o)
 .debug_info    0x0000a96c      0x339 c:/nxp/mcuxpressoide_11.9.1_2170/ide/plugins/com.nxp.mcuxpresso.tools.win32_11.9.1.202402080819/tools/bin/../lib/gcc/arm-none-eabi/12.3.1/../../../../arm-none-eabi/lib/thumb/v7e-m+fp/hard\libcr_c.a(initio.o)
 .debug_info    0x0000aca5     0x1268 c:/nxp/mcuxpressoide_11.9.1_2170/ide/plugins/com.nxp.mcuxpresso.tools.win32_11.9.1.202402080819/tools/bin/../lib/gcc/arm-none-eabi/12.3.1/../../../../arm-none-eabi/lib/thumb/v7e-m+fp/hard\libcr_c.a(printf.o)
 .debug_info    0x0000bf0d      0x1f6 c:/nxp/mcuxpressoide_11.9.1_2170/ide/plugins/com.nxp.mcuxpresso.tools.win32_11.9.1.202402080819/tools/bin/../lib/gcc/arm-none-eabi/12.3.1/../../../../arm-none-eabi/lib/thumb/v7e-m+fp/hard\libcr_c.a(setvbuf.o)
 .debug_info    0x0000c103       0xda c:/nxp/mcuxpressoide_11.9.1_2170/ide/plugins/com.nxp.mcuxpresso.tools.win32_11.9.1.202402080819/tools/bin/../lib/gcc/arm-none-eabi/12.3.1/../../../../arm-none-eabi/lib/thumb/v7e-m+fp/hard\libcr_c.a(strlen.o)
 .debug_info    0x0000c1dd       0xd4 c:/nxp/mcuxpressoide_11.9.1_2170/ide/plugins/com.nxp.mcuxpresso.tools.win32_11.9.1.202402080819/tools/bin/../lib/gcc/arm-none-eabi/12.3.1/../../../../arm-none-eabi/lib/thumb/v7e-m+fp/hard\libcr_c.a(__init_alloc.o)
 .debug_info    0x0000c2b1      0x100 c:/nxp/mcuxpressoide_11.9.1_2170/ide/plugins/com.nxp.mcuxpresso.tools.win32_11.9.1.202402080819/tools/bin/../lib/gcc/arm-none-eabi/12.3.1/../../../../arm-none-eabi/lib/thumb/v7e-m+fp/hard\libcr_c.a(_cr_sbrk.o)
 .debug_info    0x0000c3b1      0x244 c:/nxp/mcuxpressoide_11.9.1_2170/ide/plugins/com.nxp.mcuxpresso.tools.win32_11.9.1.202402080819/tools/bin/../lib/gcc/arm-none-eabi/12.3.1/../../../../arm-none-eabi/lib/thumb/v7e-m+fp/hard\libcr_c.a(_fdopen.o)
 .debug_info    0x0000c5f5      0x318 c:/nxp/mcuxpressoide_11.9.1_2170/ide/plugins/com.nxp.mcuxpresso.tools.win32_11.9.1.202402080819/tools/bin/../lib/gcc/arm-none-eabi/12.3.1/../../../../arm-none-eabi/lib/thumb/v7e-m+fp/hard\libcr_c.a(fclose.o)
 .debug_info    0x0000c90d      0x202 c:/nxp/mcuxpressoide_11.9.1_2170/ide/plugins/com.nxp.mcuxpresso.tools.win32_11.9.1.202402080819/tools/bin/../lib/gcc/arm-none-eabi/12.3.1/../../../../arm-none-eabi/lib/thumb/v7e-m+fp/hard\libcr_c.a(fflush.o)
 .debug_info    0x0000cb0f      0x1ca c:/nxp/mcuxpressoide_11.9.1_2170/ide/plugins/com.nxp.mcuxpresso.tools.win32_11.9.1.202402080819/tools/bin/../lib/gcc/arm-none-eabi/12.3.1/../../../../arm-none-eabi/lib/thumb/v7e-m+fp/hard\libcr_c.a(remove.o)
 .debug_info    0x0000ccd9       0x71 c:/nxp/mcuxpressoide_11.9.1_2170/ide/plugins/com.nxp.mcuxpresso.tools.win32_11.9.1.202402080819/tools/bin/../lib/gcc/arm-none-eabi/12.3.1/../../../../arm-none-eabi/lib/thumb/v7e-m+fp/hard\libcr_c.a(_cr_check_heap.o)
 .debug_info    0x0000cd4a      0x23a c:/nxp/mcuxpressoide_11.9.1_2170/ide/plugins/com.nxp.mcuxpresso.tools.win32_11.9.1.202402080819/tools/bin/../lib/gcc/arm-none-eabi/12.3.1/../../../../arm-none-eabi/lib/thumb/v7e-m+fp/hard\libcr_c.a(_do_fflush.o)

.debug_abbrev   0x00000000     0x2fc4
 .debug_abbrev  0x00000000      0x17a ./startup/startup_mk64f12.o
 .debug_abbrev  0x0000017a       0xa0 ./source/BlankProject.o
 .debug_abbrev  0x0000021a       0x31 ./source/semihost_hardfault.o
 .debug_abbrev  0x0000024b      0x378 ./drivers/fsl_clock.o
 .debug_abbrev  0x000005c3      0x392 ./drivers/fsl_i2c.o
 .debug_abbrev  0x00000955      0x45d ./drivers/fsl_uart.o
 .debug_abbrev  0x00000db2      0x148 ./device/system_MK64F12.o
 .debug_abbrev  0x00000efa       0xe9 ./board/board.o
 .debug_abbrev  0x00000fe3      0x279 ./board/clock_config.o
 .debug_abbrev  0x0000125c       0x4b ./board/peripherals.o
 .debug_abbrev  0x000012a7      0x2b5 ./board/pin_mux.o
 .debug_abbrev  0x0000155c       0x70 c:/nxp/mcuxpressoide_11.9.1_2170/ide/plugins/com.nxp.mcuxpresso.tools.win32_11.9.1.202402080819/tools/bin/../lib/gcc/arm-none-eabi/12.3.1/../../../../arm-none-eabi/lib/thumb/v7e-m+fp/hard\libcr_semihost_nf.a(_cr__main.o)
 .debug_abbrev  0x000015cc      0x12f c:/nxp/mcuxpressoide_11.9.1_2170/ide/plugins/com.nxp.mcuxpresso.tools.win32_11.9.1.202402080819/tools/bin/../lib/gcc/arm-none-eabi/12.3.1/../../../../arm-none-eabi/lib/thumb/v7e-m+fp/hard\libcr_semihost_nf.a(_cr_assert.o)
 .debug_abbrev  0x000016fb       0xb5 c:/nxp/mcuxpressoide_11.9.1_2170/ide/plugins/com.nxp.mcuxpresso.tools.win32_11.9.1.202402080819/tools/bin/../lib/gcc/arm-none-eabi/12.3.1/../../../../arm-none-eabi/lib/thumb/v7e-m+fp/hard\libcr_semihost_nf.a(__ciob.o)
 .debug_abbrev  0x000017b0       0xa8 c:/nxp/mcuxpressoide_11.9.1_2170/ide/plugins/com.nxp.mcuxpresso.tools.win32_11.9.1.202402080819/tools/bin/../lib/gcc/arm-none-eabi/12.3.1/../../../../arm-none-eabi/lib/thumb/v7e-m+fp/hard\libcr_c.a(memset.o)
 .debug_abbrev  0x00001858      0x152 c:/nxp/mcuxpressoide_11.9.1_2170/ide/plugins/com.nxp.mcuxpresso.tools.win32_11.9.1.202402080819/tools/bin/../lib/gcc/arm-none-eabi/12.3.1/../../../../arm-none-eabi/lib/thumb/v7e-m+fp/hard\libcr_c.a(_deferredlazyseek.o)
 .debug_abbrev  0x000019aa       0xf1 c:/nxp/mcuxpressoide_11.9.1_2170/ide/plugins/com.nxp.mcuxpresso.tools.win32_11.9.1.202402080819/tools/bin/../lib/gcc/arm-none-eabi/12.3.1/../../../../arm-none-eabi/lib/thumb/v7e-m+fp/hard\libcr_c.a(_fflush.o)
 .debug_abbrev  0x00001a9b      0x126 c:/nxp/mcuxpressoide_11.9.1_2170/ide/plugins/com.nxp.mcuxpresso.tools.win32_11.9.1.202402080819/tools/bin/../lib/gcc/arm-none-eabi/12.3.1/../../../../arm-none-eabi/lib/thumb/v7e-m+fp/hard\libcr_c.a(_writebuf.o)
 .debug_abbrev  0x00001bc1      0x284 c:/nxp/mcuxpressoide_11.9.1_2170/ide/plugins/com.nxp.mcuxpresso.tools.win32_11.9.1.202402080819/tools/bin/../lib/gcc/arm-none-eabi/12.3.1/../../../../arm-none-eabi/lib/thumb/v7e-m+fp/hard\libcr_c.a(alloc.o)
 .debug_abbrev  0x00001e45       0x44 c:/nxp/mcuxpressoide_11.9.1_2170/ide/plugins/com.nxp.mcuxpresso.tools.win32_11.9.1.202402080819/tools/bin/../lib/gcc/arm-none-eabi/12.3.1/../../../../arm-none-eabi/lib/thumb/v7e-m+fp/hard\libcr_c.a(errno.o)
 .debug_abbrev  0x00001e89      0x10c c:/nxp/mcuxpressoide_11.9.1_2170/ide/plugins/com.nxp.mcuxpresso.tools.win32_11.9.1.202402080819/tools/bin/../lib/gcc/arm-none-eabi/12.3.1/../../../../arm-none-eabi/lib/thumb/v7e-m+fp/hard\libcr_c.a(fputs.o)
 .debug_abbrev  0x00001f95      0x11b c:/nxp/mcuxpressoide_11.9.1_2170/ide/plugins/com.nxp.mcuxpresso.tools.win32_11.9.1.202402080819/tools/bin/../lib/gcc/arm-none-eabi/12.3.1/../../../../arm-none-eabi/lib/thumb/v7e-m+fp/hard\libcr_c.a(fseek.o)
 .debug_abbrev  0x000020b0       0xc2 c:/nxp/mcuxpressoide_11.9.1_2170/ide/plugins/com.nxp.mcuxpresso.tools.win32_11.9.1.202402080819/tools/bin/../lib/gcc/arm-none-eabi/12.3.1/../../../../arm-none-eabi/lib/thumb/v7e-m+fp/hard\libcr_c.a(ftell.o)
 .debug_abbrev  0x00002172      0x169 c:/nxp/mcuxpressoide_11.9.1_2170/ide/plugins/com.nxp.mcuxpresso.tools.win32_11.9.1.202402080819/tools/bin/../lib/gcc/arm-none-eabi/12.3.1/../../../../arm-none-eabi/lib/thumb/v7e-m+fp/hard\libcr_c.a(initio.o)
 .debug_abbrev  0x000022db      0x3ba c:/nxp/mcuxpressoide_11.9.1_2170/ide/plugins/com.nxp.mcuxpresso.tools.win32_11.9.1.202402080819/tools/bin/../lib/gcc/arm-none-eabi/12.3.1/../../../../arm-none-eabi/lib/thumb/v7e-m+fp/hard\libcr_c.a(printf.o)
 .debug_abbrev  0x00002695       0xe1 c:/nxp/mcuxpressoide_11.9.1_2170/ide/plugins/com.nxp.mcuxpresso.tools.win32_11.9.1.202402080819/tools/bin/../lib/gcc/arm-none-eabi/12.3.1/../../../../arm-none-eabi/lib/thumb/v7e-m+fp/hard\libcr_c.a(setvbuf.o)
 .debug_abbrev  0x00002776       0xa7 c:/nxp/mcuxpressoide_11.9.1_2170/ide/plugins/com.nxp.mcuxpresso.tools.win32_11.9.1.202402080819/tools/bin/../lib/gcc/arm-none-eabi/12.3.1/../../../../arm-none-eabi/lib/thumb/v7e-m+fp/hard\libcr_c.a(strlen.o)
 .debug_abbrev  0x0000281d       0xaf c:/nxp/mcuxpressoide_11.9.1_2170/ide/plugins/com.nxp.mcuxpresso.tools.win32_11.9.1.202402080819/tools/bin/../lib/gcc/arm-none-eabi/12.3.1/../../../../arm-none-eabi/lib/thumb/v7e-m+fp/hard\libcr_c.a(__init_alloc.o)
 .debug_abbrev  0x000028cc       0xd3 c:/nxp/mcuxpressoide_11.9.1_2170/ide/plugins/com.nxp.mcuxpresso.tools.win32_11.9.1.202402080819/tools/bin/../lib/gcc/arm-none-eabi/12.3.1/../../../../arm-none-eabi/lib/thumb/v7e-m+fp/hard\libcr_c.a(_cr_sbrk.o)
 .debug_abbrev  0x0000299f      0x119 c:/nxp/mcuxpressoide_11.9.1_2170/ide/plugins/com.nxp.mcuxpresso.tools.win32_11.9.1.202402080819/tools/bin/../lib/gcc/arm-none-eabi/12.3.1/../../../../arm-none-eabi/lib/thumb/v7e-m+fp/hard\libcr_c.a(_fdopen.o)
 .debug_abbrev  0x00002ab8      0x155 c:/nxp/mcuxpressoide_11.9.1_2170/ide/plugins/com.nxp.mcuxpresso.tools.win32_11.9.1.202402080819/tools/bin/../lib/gcc/arm-none-eabi/12.3.1/../../../../arm-none-eabi/lib/thumb/v7e-m+fp/hard\libcr_c.a(fclose.o)
 .debug_abbrev  0x00002c0d      0x125 c:/nxp/mcuxpressoide_11.9.1_2170/ide/plugins/com.nxp.mcuxpresso.tools.win32_11.9.1.202402080819/tools/bin/../lib/gcc/arm-none-eabi/12.3.1/../../../../arm-none-eabi/lib/thumb/v7e-m+fp/hard\libcr_c.a(fflush.o)
 .debug_abbrev  0x00002d32       0xfb c:/nxp/mcuxpressoide_11.9.1_2170/ide/plugins/com.nxp.mcuxpresso.tools.win32_11.9.1.202402080819/tools/bin/../lib/gcc/arm-none-eabi/12.3.1/../../../../arm-none-eabi/lib/thumb/v7e-m+fp/hard\libcr_c.a(remove.o)
 .debug_abbrev  0x00002e2d       0x6b c:/nxp/mcuxpressoide_11.9.1_2170/ide/plugins/com.nxp.mcuxpresso.tools.win32_11.9.1.202402080819/tools/bin/../lib/gcc/arm-none-eabi/12.3.1/../../../../arm-none-eabi/lib/thumb/v7e-m+fp/hard\libcr_c.a(_cr_check_heap.o)
 .debug_abbrev  0x00002e98      0x12c c:/nxp/mcuxpressoide_11.9.1_2170/ide/plugins/com.nxp.mcuxpresso.tools.win32_11.9.1.202402080819/tools/bin/../lib/gcc/arm-none-eabi/12.3.1/../../../../arm-none-eabi/lib/thumb/v7e-m+fp/hard\libcr_c.a(_do_fflush.o)

.debug_loc      0x00000000     0x3120
 .debug_loc     0x00000000      0x1e7 ./startup/startup_mk64f12.o
 .debug_loc     0x000001e7       0x3f c:/nxp/mcuxpressoide_11.9.1_2170/ide/plugins/com.nxp.mcuxpresso.tools.win32_11.9.1.202402080819/tools/bin/../lib/gcc/arm-none-eabi/12.3.1/../../../../arm-none-eabi/lib/thumb/v7e-m+fp/hard\libcr_semihost_nf.a(_cr_assert.o)
 .debug_loc     0x00000226       0x6f c:/nxp/mcuxpressoide_11.9.1_2170/ide/plugins/com.nxp.mcuxpresso.tools.win32_11.9.1.202402080819/tools/bin/../lib/gcc/arm-none-eabi/12.3.1/../../../../arm-none-eabi/lib/thumb/v7e-m+fp/hard\libcr_c.a(memset.o)
 .debug_loc     0x00000295      0x1aa c:/nxp/mcuxpressoide_11.9.1_2170/ide/plugins/com.nxp.mcuxpresso.tools.win32_11.9.1.202402080819/tools/bin/../lib/gcc/arm-none-eabi/12.3.1/../../../../arm-none-eabi/lib/thumb/v7e-m+fp/hard\libcr_c.a(_deferredlazyseek.o)
 .debug_loc     0x0000043f       0xfa c:/nxp/mcuxpressoide_11.9.1_2170/ide/plugins/com.nxp.mcuxpresso.tools.win32_11.9.1.202402080819/tools/bin/../lib/gcc/arm-none-eabi/12.3.1/../../../../arm-none-eabi/lib/thumb/v7e-m+fp/hard\libcr_c.a(_fflush.o)
 .debug_loc     0x00000539      0x113 c:/nxp/mcuxpressoide_11.9.1_2170/ide/plugins/com.nxp.mcuxpresso.tools.win32_11.9.1.202402080819/tools/bin/../lib/gcc/arm-none-eabi/12.3.1/../../../../arm-none-eabi/lib/thumb/v7e-m+fp/hard\libcr_c.a(_writebuf.o)
 .debug_loc     0x0000064c      0x7b2 c:/nxp/mcuxpressoide_11.9.1_2170/ide/plugins/com.nxp.mcuxpresso.tools.win32_11.9.1.202402080819/tools/bin/../lib/gcc/arm-none-eabi/12.3.1/../../../../arm-none-eabi/lib/thumb/v7e-m+fp/hard\libcr_c.a(alloc.o)
 .debug_loc     0x00000dfe       0x75 c:/nxp/mcuxpressoide_11.9.1_2170/ide/plugins/com.nxp.mcuxpresso.tools.win32_11.9.1.202402080819/tools/bin/../lib/gcc/arm-none-eabi/12.3.1/../../../../arm-none-eabi/lib/thumb/v7e-m+fp/hard\libcr_c.a(fputs.o)
 .debug_loc     0x00000e73       0xfb c:/nxp/mcuxpressoide_11.9.1_2170/ide/plugins/com.nxp.mcuxpresso.tools.win32_11.9.1.202402080819/tools/bin/../lib/gcc/arm-none-eabi/12.3.1/../../../../arm-none-eabi/lib/thumb/v7e-m+fp/hard\libcr_c.a(fseek.o)
 .debug_loc     0x00000f6e       0x99 c:/nxp/mcuxpressoide_11.9.1_2170/ide/plugins/com.nxp.mcuxpresso.tools.win32_11.9.1.202402080819/tools/bin/../lib/gcc/arm-none-eabi/12.3.1/../../../../arm-none-eabi/lib/thumb/v7e-m+fp/hard\libcr_c.a(ftell.o)
 .debug_loc     0x00001007       0x68 c:/nxp/mcuxpressoide_11.9.1_2170/ide/plugins/com.nxp.mcuxpresso.tools.win32_11.9.1.202402080819/tools/bin/../lib/gcc/arm-none-eabi/12.3.1/../../../../arm-none-eabi/lib/thumb/v7e-m+fp/hard\libcr_c.a(initio.o)
 .debug_loc     0x0000106f     0x1ad2 c:/nxp/mcuxpressoide_11.9.1_2170/ide/plugins/com.nxp.mcuxpresso.tools.win32_11.9.1.202402080819/tools/bin/../lib/gcc/arm-none-eabi/12.3.1/../../../../arm-none-eabi/lib/thumb/v7e-m+fp/hard\libcr_c.a(printf.o)
 .debug_loc     0x00002b41       0xf6 c:/nxp/mcuxpressoide_11.9.1_2170/ide/plugins/com.nxp.mcuxpresso.tools.win32_11.9.1.202402080819/tools/bin/../lib/gcc/arm-none-eabi/12.3.1/../../../../arm-none-eabi/lib/thumb/v7e-m+fp/hard\libcr_c.a(setvbuf.o)
 .debug_loc     0x00002c37       0xdb c:/nxp/mcuxpressoide_11.9.1_2170/ide/plugins/com.nxp.mcuxpresso.tools.win32_11.9.1.202402080819/tools/bin/../lib/gcc/arm-none-eabi/12.3.1/../../../../arm-none-eabi/lib/thumb/v7e-m+fp/hard\libcr_c.a(strlen.o)
 .debug_loc     0x00002d12       0x5c c:/nxp/mcuxpressoide_11.9.1_2170/ide/plugins/com.nxp.mcuxpresso.tools.win32_11.9.1.202402080819/tools/bin/../lib/gcc/arm-none-eabi/12.3.1/../../../../arm-none-eabi/lib/thumb/v7e-m+fp/hard\libcr_c.a(_cr_sbrk.o)
 .debug_loc     0x00002d6e      0x121 c:/nxp/mcuxpressoide_11.9.1_2170/ide/plugins/com.nxp.mcuxpresso.tools.win32_11.9.1.202402080819/tools/bin/../lib/gcc/arm-none-eabi/12.3.1/../../../../arm-none-eabi/lib/thumb/v7e-m+fp/hard\libcr_c.a(_fdopen.o)
 .debug_loc     0x00002e8f       0x73 c:/nxp/mcuxpressoide_11.9.1_2170/ide/plugins/com.nxp.mcuxpresso.tools.win32_11.9.1.202402080819/tools/bin/../lib/gcc/arm-none-eabi/12.3.1/../../../../arm-none-eabi/lib/thumb/v7e-m+fp/hard\libcr_c.a(fclose.o)
 .debug_loc     0x00002f02       0xa2 c:/nxp/mcuxpressoide_11.9.1_2170/ide/plugins/com.nxp.mcuxpresso.tools.win32_11.9.1.202402080819/tools/bin/../lib/gcc/arm-none-eabi/12.3.1/../../../../arm-none-eabi/lib/thumb/v7e-m+fp/hard\libcr_c.a(fflush.o)
 .debug_loc     0x00002fa4       0xc7 c:/nxp/mcuxpressoide_11.9.1_2170/ide/plugins/com.nxp.mcuxpresso.tools.win32_11.9.1.202402080819/tools/bin/../lib/gcc/arm-none-eabi/12.3.1/../../../../arm-none-eabi/lib/thumb/v7e-m+fp/hard\libcr_c.a(remove.o)
 .debug_loc     0x0000306b       0x42 c:/nxp/mcuxpressoide_11.9.1_2170/ide/plugins/com.nxp.mcuxpresso.tools.win32_11.9.1.202402080819/tools/bin/../lib/gcc/arm-none-eabi/12.3.1/../../../../arm-none-eabi/lib/thumb/v7e-m+fp/hard\libcr_c.a(_cr_check_heap.o)
 .debug_loc     0x000030ad       0x73 c:/nxp/mcuxpressoide_11.9.1_2170/ide/plugins/com.nxp.mcuxpresso.tools.win32_11.9.1.202402080819/tools/bin/../lib/gcc/arm-none-eabi/12.3.1/../../../../arm-none-eabi/lib/thumb/v7e-m+fp/hard\libcr_c.a(_do_fflush.o)

.debug_aranges  0x00000000      0xda0
 .debug_aranges
                0x00000000      0x330 ./startup/startup_mk64f12.o
 .debug_aranges
                0x00000330       0x20 ./source/BlankProject.o
 .debug_aranges
                0x00000350       0x20 ./source/semihost_hardfault.o
 .debug_aranges
                0x00000370      0x1f8 ./drivers/fsl_clock.o
 .debug_aranges
                0x00000568      0x180 ./drivers/fsl_i2c.o
 .debug_aranges
                0x000006e8      0x1b8 ./drivers/fsl_uart.o
 .debug_aranges
                0x000008a0       0x30 ./device/system_MK64F12.o
 .debug_aranges
                0x000008d0       0x28 ./board/board.o
 .debug_aranges
                0x000008f8       0x80 ./board/clock_config.o
 .debug_aranges
                0x00000978       0x28 ./board/peripherals.o
 .debug_aranges
                0x000009a0       0x88 ./board/pin_mux.o
 .debug_aranges
                0x00000a28       0x20 c:/nxp/mcuxpressoide_11.9.1_2170/ide/plugins/com.nxp.mcuxpresso.tools.win32_11.9.1.202402080819/tools/bin/../lib/gcc/arm-none-eabi/12.3.1/../../../../arm-none-eabi/lib/thumb/v7e-m+fp/hard\libcr_semihost_nf.a(_cr__main.o)
 .debug_aranges
                0x00000a48       0x20 c:/nxp/mcuxpressoide_11.9.1_2170/ide/plugins/com.nxp.mcuxpresso.tools.win32_11.9.1.202402080819/tools/bin/../lib/gcc/arm-none-eabi/12.3.1/../../../../arm-none-eabi/lib/thumb/v7e-m+fp/hard\libcr_semihost_nf.a(_cr_assert.o)
 .debug_aranges
                0x00000a68       0x18 c:/nxp/mcuxpressoide_11.9.1_2170/ide/plugins/com.nxp.mcuxpresso.tools.win32_11.9.1.202402080819/tools/bin/../lib/gcc/arm-none-eabi/12.3.1/../../../../arm-none-eabi/lib/thumb/v7e-m+fp/hard\libcr_semihost_nf.a(__ciob.o)
 .debug_aranges
                0x00000a80       0x20 c:/nxp/mcuxpressoide_11.9.1_2170/ide/plugins/com.nxp.mcuxpresso.tools.win32_11.9.1.202402080819/tools/bin/../lib/gcc/arm-none-eabi/12.3.1/../../../../arm-none-eabi/lib/thumb/v7e-m+fp/hard\libcr_c.a(memset.o)
 .debug_aranges
                0x00000aa0       0x28 c:/nxp/mcuxpressoide_11.9.1_2170/ide/plugins/com.nxp.mcuxpresso.tools.win32_11.9.1.202402080819/tools/bin/../lib/gcc/arm-none-eabi/12.3.1/../../../../arm-none-eabi/lib/thumb/v7e-m+fp/hard\libcr_c.a(_deferredlazyseek.o)
 .debug_aranges
                0x00000ac8       0x20 c:/nxp/mcuxpressoide_11.9.1_2170/ide/plugins/com.nxp.mcuxpresso.tools.win32_11.9.1.202402080819/tools/bin/../lib/gcc/arm-none-eabi/12.3.1/../../../../arm-none-eabi/lib/thumb/v7e-m+fp/hard\libcr_c.a(_fflush.o)
 .debug_aranges
                0x00000ae8       0x20 c:/nxp/mcuxpressoide_11.9.1_2170/ide/plugins/com.nxp.mcuxpresso.tools.win32_11.9.1.202402080819/tools/bin/../lib/gcc/arm-none-eabi/12.3.1/../../../../arm-none-eabi/lib/thumb/v7e-m+fp/hard\libcr_c.a(_writebuf.o)
 .debug_aranges
                0x00000b08       0x40 c:/nxp/mcuxpressoide_11.9.1_2170/ide/plugins/com.nxp.mcuxpresso.tools.win32_11.9.1.202402080819/tools/bin/../lib/gcc/arm-none-eabi/12.3.1/../../../../arm-none-eabi/lib/thumb/v7e-m+fp/hard\libcr_c.a(alloc.o)
 .debug_aranges
                0x00000b48       0x18 c:/nxp/mcuxpressoide_11.9.1_2170/ide/plugins/com.nxp.mcuxpresso.tools.win32_11.9.1.202402080819/tools/bin/../lib/gcc/arm-none-eabi/12.3.1/../../../../arm-none-eabi/lib/thumb/v7e-m+fp/hard\libcr_c.a(errno.o)
 .debug_aranges
                0x00000b60       0x20 c:/nxp/mcuxpressoide_11.9.1_2170/ide/plugins/com.nxp.mcuxpresso.tools.win32_11.9.1.202402080819/tools/bin/../lib/gcc/arm-none-eabi/12.3.1/../../../../arm-none-eabi/lib/thumb/v7e-m+fp/hard\libcr_c.a(fputs.o)
 .debug_aranges
                0x00000b80       0x20 c:/nxp/mcuxpressoide_11.9.1_2170/ide/plugins/com.nxp.mcuxpresso.tools.win32_11.9.1.202402080819/tools/bin/../lib/gcc/arm-none-eabi/12.3.1/../../../../arm-none-eabi/lib/thumb/v7e-m+fp/hard\libcr_c.a(fseek.o)
 .debug_aranges
                0x00000ba0       0x20 c:/nxp/mcuxpressoide_11.9.1_2170/ide/plugins/com.nxp.mcuxpresso.tools.win32_11.9.1.202402080819/tools/bin/../lib/gcc/arm-none-eabi/12.3.1/../../../../arm-none-eabi/lib/thumb/v7e-m+fp/hard\libcr_c.a(ftell.o)
 .debug_aranges
                0x00000bc0       0x28 c:/nxp/mcuxpressoide_11.9.1_2170/ide/plugins/com.nxp.mcuxpresso.tools.win32_11.9.1.202402080819/tools/bin/../lib/gcc/arm-none-eabi/12.3.1/../../../../arm-none-eabi/lib/thumb/v7e-m+fp/hard\libcr_c.a(initio.o)
 .debug_aranges
                0x00000be8       0x70 c:/nxp/mcuxpressoide_11.9.1_2170/ide/plugins/com.nxp.mcuxpresso.tools.win32_11.9.1.202402080819/tools/bin/../lib/gcc/arm-none-eabi/12.3.1/../../../../arm-none-eabi/lib/thumb/v7e-m+fp/hard\libcr_c.a(printf.o)
 .debug_aranges
                0x00000c58       0x20 c:/nxp/mcuxpressoide_11.9.1_2170/ide/plugins/com.nxp.mcuxpresso.tools.win32_11.9.1.202402080819/tools/bin/../lib/gcc/arm-none-eabi/12.3.1/../../../../arm-none-eabi/lib/thumb/v7e-m+fp/hard\libcr_c.a(setvbuf.o)
 .debug_aranges
                0x00000c78       0x20 c:/nxp/mcuxpressoide_11.9.1_2170/ide/plugins/com.nxp.mcuxpresso.tools.win32_11.9.1.202402080819/tools/bin/../lib/gcc/arm-none-eabi/12.3.1/../../../../arm-none-eabi/lib/thumb/v7e-m+fp/hard\libcr_c.a(strlen.o)
 .debug_aranges
                0x00000c98       0x20 c:/nxp/mcuxpressoide_11.9.1_2170/ide/plugins/com.nxp.mcuxpresso.tools.win32_11.9.1.202402080819/tools/bin/../lib/gcc/arm-none-eabi/12.3.1/../../../../arm-none-eabi/lib/thumb/v7e-m+fp/hard\libcr_c.a(__init_alloc.o)
 .debug_aranges
                0x00000cb8       0x20 c:/nxp/mcuxpressoide_11.9.1_2170/ide/plugins/com.nxp.mcuxpresso.tools.win32_11.9.1.202402080819/tools/bin/../lib/gcc/arm-none-eabi/12.3.1/../../../../arm-none-eabi/lib/thumb/v7e-m+fp/hard\libcr_c.a(_cr_sbrk.o)
 .debug_aranges
                0x00000cd8       0x20 c:/nxp/mcuxpressoide_11.9.1_2170/ide/plugins/com.nxp.mcuxpresso.tools.win32_11.9.1.202402080819/tools/bin/../lib/gcc/arm-none-eabi/12.3.1/../../../../arm-none-eabi/lib/thumb/v7e-m+fp/hard\libcr_c.a(_fdopen.o)
 .debug_aranges
                0x00000cf8       0x20 c:/nxp/mcuxpressoide_11.9.1_2170/ide/plugins/com.nxp.mcuxpresso.tools.win32_11.9.1.202402080819/tools/bin/../lib/gcc/arm-none-eabi/12.3.1/../../../../arm-none-eabi/lib/thumb/v7e-m+fp/hard\libcr_c.a(fclose.o)
 .debug_aranges
                0x00000d18       0x20 c:/nxp/mcuxpressoide_11.9.1_2170/ide/plugins/com.nxp.mcuxpresso.tools.win32_11.9.1.202402080819/tools/bin/../lib/gcc/arm-none-eabi/12.3.1/../../../../arm-none-eabi/lib/thumb/v7e-m+fp/hard\libcr_c.a(fflush.o)
 .debug_aranges
                0x00000d38       0x28 c:/nxp/mcuxpressoide_11.9.1_2170/ide/plugins/com.nxp.mcuxpresso.tools.win32_11.9.1.202402080819/tools/bin/../lib/gcc/arm-none-eabi/12.3.1/../../../../arm-none-eabi/lib/thumb/v7e-m+fp/hard\libcr_c.a(remove.o)
 .debug_aranges
                0x00000d60       0x20 c:/nxp/mcuxpressoide_11.9.1_2170/ide/plugins/com.nxp.mcuxpresso.tools.win32_11.9.1.202402080819/tools/bin/../lib/gcc/arm-none-eabi/12.3.1/../../../../arm-none-eabi/lib/thumb/v7e-m+fp/hard\libcr_c.a(_cr_check_heap.o)
 .debug_aranges
                0x00000d80       0x20 c:/nxp/mcuxpressoide_11.9.1_2170/ide/plugins/com.nxp.mcuxpresso.tools.win32_11.9.1.202402080819/tools/bin/../lib/gcc/arm-none-eabi/12.3.1/../../../../arm-none-eabi/lib/thumb/v7e-m+fp/hard\libcr_c.a(_do_fflush.o)

.debug_ranges   0x00000000      0xdb8
 .debug_ranges  0x00000000      0x320 ./startup/startup_mk64f12.o
 .debug_ranges  0x00000320       0x10 ./source/BlankProject.o
 .debug_ranges  0x00000330       0x10 ./source/semihost_hardfault.o
 .debug_ranges  0x00000340      0x1e8 ./drivers/fsl_clock.o
 .debug_ranges  0x00000528      0x170 ./drivers/fsl_i2c.o
 .debug_ranges  0x00000698      0x1a8 ./drivers/fsl_uart.o
 .debug_ranges  0x00000840       0x20 ./device/system_MK64F12.o
 .debug_ranges  0x00000860       0x18 ./board/board.o
 .debug_ranges  0x00000878       0x70 ./board/clock_config.o
 .debug_ranges  0x000008e8       0x18 ./board/peripherals.o
 .debug_ranges  0x00000900       0x78 ./board/pin_mux.o
 .debug_ranges  0x00000978       0x10 c:/nxp/mcuxpressoide_11.9.1_2170/ide/plugins/com.nxp.mcuxpresso.tools.win32_11.9.1.202402080819/tools/bin/../lib/gcc/arm-none-eabi/12.3.1/../../../../arm-none-eabi/lib/thumb/v7e-m+fp/hard\libcr_semihost_nf.a(_cr__main.o)
 .debug_ranges  0x00000988       0x10 c:/nxp/mcuxpressoide_11.9.1_2170/ide/plugins/com.nxp.mcuxpresso.tools.win32_11.9.1.202402080819/tools/bin/../lib/gcc/arm-none-eabi/12.3.1/../../../../arm-none-eabi/lib/thumb/v7e-m+fp/hard\libcr_semihost_nf.a(_cr_assert.o)
 .debug_ranges  0x00000998       0x10 c:/nxp/mcuxpressoide_11.9.1_2170/ide/plugins/com.nxp.mcuxpresso.tools.win32_11.9.1.202402080819/tools/bin/../lib/gcc/arm-none-eabi/12.3.1/../../../../arm-none-eabi/lib/thumb/v7e-m+fp/hard\libcr_c.a(memset.o)
 .debug_ranges  0x000009a8       0x38 c:/nxp/mcuxpressoide_11.9.1_2170/ide/plugins/com.nxp.mcuxpresso.tools.win32_11.9.1.202402080819/tools/bin/../lib/gcc/arm-none-eabi/12.3.1/../../../../arm-none-eabi/lib/thumb/v7e-m+fp/hard\libcr_c.a(_deferredlazyseek.o)
 .debug_ranges  0x000009e0       0x10 c:/nxp/mcuxpressoide_11.9.1_2170/ide/plugins/com.nxp.mcuxpresso.tools.win32_11.9.1.202402080819/tools/bin/../lib/gcc/arm-none-eabi/12.3.1/../../../../arm-none-eabi/lib/thumb/v7e-m+fp/hard\libcr_c.a(_fflush.o)
 .debug_ranges  0x000009f0       0x10 c:/nxp/mcuxpressoide_11.9.1_2170/ide/plugins/com.nxp.mcuxpresso.tools.win32_11.9.1.202402080819/tools/bin/../lib/gcc/arm-none-eabi/12.3.1/../../../../arm-none-eabi/lib/thumb/v7e-m+fp/hard\libcr_c.a(_writebuf.o)
 .debug_ranges  0x00000a00       0x48 c:/nxp/mcuxpressoide_11.9.1_2170/ide/plugins/com.nxp.mcuxpresso.tools.win32_11.9.1.202402080819/tools/bin/../lib/gcc/arm-none-eabi/12.3.1/../../../../arm-none-eabi/lib/thumb/v7e-m+fp/hard\libcr_c.a(alloc.o)
 .debug_ranges  0x00000a48       0x10 c:/nxp/mcuxpressoide_11.9.1_2170/ide/plugins/com.nxp.mcuxpresso.tools.win32_11.9.1.202402080819/tools/bin/../lib/gcc/arm-none-eabi/12.3.1/../../../../arm-none-eabi/lib/thumb/v7e-m+fp/hard\libcr_c.a(fputs.o)
 .debug_ranges  0x00000a58       0x10 c:/nxp/mcuxpressoide_11.9.1_2170/ide/plugins/com.nxp.mcuxpresso.tools.win32_11.9.1.202402080819/tools/bin/../lib/gcc/arm-none-eabi/12.3.1/../../../../arm-none-eabi/lib/thumb/v7e-m+fp/hard\libcr_c.a(fseek.o)
 .debug_ranges  0x00000a68       0x10 c:/nxp/mcuxpressoide_11.9.1_2170/ide/plugins/com.nxp.mcuxpresso.tools.win32_11.9.1.202402080819/tools/bin/../lib/gcc/arm-none-eabi/12.3.1/../../../../arm-none-eabi/lib/thumb/v7e-m+fp/hard\libcr_c.a(ftell.o)
 .debug_ranges  0x00000a78       0x18 c:/nxp/mcuxpressoide_11.9.1_2170/ide/plugins/com.nxp.mcuxpresso.tools.win32_11.9.1.202402080819/tools/bin/../lib/gcc/arm-none-eabi/12.3.1/../../../../arm-none-eabi/lib/thumb/v7e-m+fp/hard\libcr_c.a(initio.o)
 .debug_ranges  0x00000a90      0x248 c:/nxp/mcuxpressoide_11.9.1_2170/ide/plugins/com.nxp.mcuxpresso.tools.win32_11.9.1.202402080819/tools/bin/../lib/gcc/arm-none-eabi/12.3.1/../../../../arm-none-eabi/lib/thumb/v7e-m+fp/hard\libcr_c.a(printf.o)
 .debug_ranges  0x00000cd8       0x10 c:/nxp/mcuxpressoide_11.9.1_2170/ide/plugins/com.nxp.mcuxpresso.tools.win32_11.9.1.202402080819/tools/bin/../lib/gcc/arm-none-eabi/12.3.1/../../../../arm-none-eabi/lib/thumb/v7e-m+fp/hard\libcr_c.a(setvbuf.o)
 .debug_ranges  0x00000ce8       0x10 c:/nxp/mcuxpressoide_11.9.1_2170/ide/plugins/com.nxp.mcuxpresso.tools.win32_11.9.1.202402080819/tools/bin/../lib/gcc/arm-none-eabi/12.3.1/../../../../arm-none-eabi/lib/thumb/v7e-m+fp/hard\libcr_c.a(strlen.o)
 .debug_ranges  0x00000cf8       0x10 c:/nxp/mcuxpressoide_11.9.1_2170/ide/plugins/com.nxp.mcuxpresso.tools.win32_11.9.1.202402080819/tools/bin/../lib/gcc/arm-none-eabi/12.3.1/../../../../arm-none-eabi/lib/thumb/v7e-m+fp/hard\libcr_c.a(__init_alloc.o)
 .debug_ranges  0x00000d08       0x10 c:/nxp/mcuxpressoide_11.9.1_2170/ide/plugins/com.nxp.mcuxpresso.tools.win32_11.9.1.202402080819/tools/bin/../lib/gcc/arm-none-eabi/12.3.1/../../../../arm-none-eabi/lib/thumb/v7e-m+fp/hard\libcr_c.a(_cr_sbrk.o)
 .debug_ranges  0x00000d18       0x10 c:/nxp/mcuxpressoide_11.9.1_2170/ide/plugins/com.nxp.mcuxpresso.tools.win32_11.9.1.202402080819/tools/bin/../lib/gcc/arm-none-eabi/12.3.1/../../../../arm-none-eabi/lib/thumb/v7e-m+fp/hard\libcr_c.a(_fdopen.o)
 .debug_ranges  0x00000d28       0x10 c:/nxp/mcuxpressoide_11.9.1_2170/ide/plugins/com.nxp.mcuxpresso.tools.win32_11.9.1.202402080819/tools/bin/../lib/gcc/arm-none-eabi/12.3.1/../../../../arm-none-eabi/lib/thumb/v7e-m+fp/hard\libcr_c.a(fclose.o)
 .debug_ranges  0x00000d38       0x30 c:/nxp/mcuxpressoide_11.9.1_2170/ide/plugins/com.nxp.mcuxpresso.tools.win32_11.9.1.202402080819/tools/bin/../lib/gcc/arm-none-eabi/12.3.1/../../../../arm-none-eabi/lib/thumb/v7e-m+fp/hard\libcr_c.a(fflush.o)
 .debug_ranges  0x00000d68       0x18 c:/nxp/mcuxpressoide_11.9.1_2170/ide/plugins/com.nxp.mcuxpresso.tools.win32_11.9.1.202402080819/tools/bin/../lib/gcc/arm-none-eabi/12.3.1/../../../../arm-none-eabi/lib/thumb/v7e-m+fp/hard\libcr_c.a(remove.o)
 .debug_ranges  0x00000d80       0x10 c:/nxp/mcuxpressoide_11.9.1_2170/ide/plugins/com.nxp.mcuxpresso.tools.win32_11.9.1.202402080819/tools/bin/../lib/gcc/arm-none-eabi/12.3.1/../../../../arm-none-eabi/lib/thumb/v7e-m+fp/hard\libcr_c.a(_cr_check_heap.o)
 .debug_ranges  0x00000d90       0x28 c:/nxp/mcuxpressoide_11.9.1_2170/ide/plugins/com.nxp.mcuxpresso.tools.win32_11.9.1.202402080819/tools/bin/../lib/gcc/arm-none-eabi/12.3.1/../../../../arm-none-eabi/lib/thumb/v7e-m+fp/hard\libcr_c.a(_do_fflush.o)

.debug_macro    0x00000000     0x1000
 .debug_macro   0x00000000       0x29 ./startup/startup_mk64f12.o
 .debug_macro   0x00000029      0x1a0 ./source/BlankProject.o
 .debug_macro   0x000001c9       0xd8 ./source/BlankProject.o
 .debug_macro   0x000002a1       0x22 ./source/BlankProject.o
 .debug_macro   0x000002c3       0x16 ./source/BlankProject.o
 .debug_macro   0x000002d9       0x16 ./source/BlankProject.o
 .debug_macro   0x000002ef       0x16 ./source/BlankProject.o
 .debug_macro   0x00000305      0x1ab ./source/BlankProject.o
 .debug_macro   0x000004b0      0x1ce ./source/BlankProject.o
 .debug_macro   0x0000067e       0x2e ./source/BlankProject.o
 .debug_macro   0x000006ac       0x11 ./source/semihost_hardfault.o
 .debug_macro   0x000006bd      0x1d8 ./drivers/fsl_clock.o
 .debug_macro   0x00000895      0x121 ./drivers/fsl_i2c.o
 .debug_macro   0x000009b6       0x1c ./drivers/fsl_i2c.o
 .debug_macro   0x000009d2      0x127 ./drivers/fsl_uart.o
 .debug_macro   0x00000af9       0x10 ./drivers/fsl_uart.o
 .debug_macro   0x00000b09       0x98 ./device/system_MK64F12.o
 .debug_macro   0x00000ba1      0x18a ./board/board.o
 .debug_macro   0x00000d2b       0x16 ./board/board.o
 .debug_macro   0x00000d41      0x17d ./board/clock_config.o
 .debug_macro   0x00000ebe       0x1b ./board/peripherals.o
 .debug_macro   0x00000ed9      0x127 ./board/pin_mux.o

.debug_line     0x00000000     0x8bd6
 .debug_line    0x00000000      0xa99 ./startup/startup_mk64f12.o
 .debug_line    0x00000a99      0x541 ./source/BlankProject.o
 .debug_line    0x00000fda       0x59 ./source/semihost_hardfault.o
 .debug_line    0x00001033     0x14f4 ./drivers/fsl_clock.o
 .debug_line    0x00002527     0x13d1 ./drivers/fsl_i2c.o
 .debug_line    0x000038f8     0x154a ./drivers/fsl_uart.o
 .debug_line    0x00004e42      0x3de ./device/system_MK64F12.o
 .debug_line    0x00005220      0x4e2 ./board/board.o
 .debug_line    0x00005702      0x53b ./board/clock_config.o
 .debug_line    0x00005c3d       0x71 ./board/peripherals.o
 .debug_line    0x00005cae      0x623 ./board/pin_mux.o
 .debug_line    0x000062d1       0xc8 c:/nxp/mcuxpressoide_11.9.1_2170/ide/plugins/com.nxp.mcuxpresso.tools.win32_11.9.1.202402080819/tools/bin/../lib/gcc/arm-none-eabi/12.3.1/../../../../arm-none-eabi/lib/thumb/v7e-m+fp/hard\libcr_semihost_nf.a(_cr__main.o)
 .debug_line    0x00006399      0x12f c:/nxp/mcuxpressoide_11.9.1_2170/ide/plugins/com.nxp.mcuxpresso.tools.win32_11.9.1.202402080819/tools/bin/../lib/gcc/arm-none-eabi/12.3.1/../../../../arm-none-eabi/lib/thumb/v7e-m+fp/hard\libcr_semihost_nf.a(_cr_assert.o)
 .debug_line    0x000064c8       0xf2 c:/nxp/mcuxpressoide_11.9.1_2170/ide/plugins/com.nxp.mcuxpresso.tools.win32_11.9.1.202402080819/tools/bin/../lib/gcc/arm-none-eabi/12.3.1/../../../../arm-none-eabi/lib/thumb/v7e-m+fp/hard\libcr_semihost_nf.a(__ciob.o)
 .debug_line    0x000065ba       0x7b c:/nxp/mcuxpressoide_11.9.1_2170/ide/plugins/com.nxp.mcuxpresso.tools.win32_11.9.1.202402080819/tools/bin/../lib/gcc/arm-none-eabi/12.3.1/../../../../arm-none-eabi/lib/thumb/v7e-m+fp/hard\libcr_c.a(memset.o)
 .debug_line    0x00006635      0x2f0 c:/nxp/mcuxpressoide_11.9.1_2170/ide/plugins/com.nxp.mcuxpresso.tools.win32_11.9.1.202402080819/tools/bin/../lib/gcc/arm-none-eabi/12.3.1/../../../../arm-none-eabi/lib/thumb/v7e-m+fp/hard\libcr_c.a(_deferredlazyseek.o)
 .debug_line    0x00006925      0x119 c:/nxp/mcuxpressoide_11.9.1_2170/ide/plugins/com.nxp.mcuxpresso.tools.win32_11.9.1.202402080819/tools/bin/../lib/gcc/arm-none-eabi/12.3.1/../../../../arm-none-eabi/lib/thumb/v7e-m+fp/hard\libcr_c.a(_fflush.o)
 .debug_line    0x00006a3e      0x11e c:/nxp/mcuxpressoide_11.9.1_2170/ide/plugins/com.nxp.mcuxpresso.tools.win32_11.9.1.202402080819/tools/bin/../lib/gcc/arm-none-eabi/12.3.1/../../../../arm-none-eabi/lib/thumb/v7e-m+fp/hard\libcr_c.a(_writebuf.o)
 .debug_line    0x00006b5c      0x39f c:/nxp/mcuxpressoide_11.9.1_2170/ide/plugins/com.nxp.mcuxpresso.tools.win32_11.9.1.202402080819/tools/bin/../lib/gcc/arm-none-eabi/12.3.1/../../../../arm-none-eabi/lib/thumb/v7e-m+fp/hard\libcr_c.a(alloc.o)
 .debug_line    0x00006efb       0x4e c:/nxp/mcuxpressoide_11.9.1_2170/ide/plugins/com.nxp.mcuxpresso.tools.win32_11.9.1.202402080819/tools/bin/../lib/gcc/arm-none-eabi/12.3.1/../../../../arm-none-eabi/lib/thumb/v7e-m+fp/hard\libcr_c.a(errno.o)
 .debug_line    0x00006f49       0xbc c:/nxp/mcuxpressoide_11.9.1_2170/ide/plugins/com.nxp.mcuxpresso.tools.win32_11.9.1.202402080819/tools/bin/../lib/gcc/arm-none-eabi/12.3.1/../../../../arm-none-eabi/lib/thumb/v7e-m+fp/hard\libcr_c.a(fputs.o)