08:33:07 **** Incremental Build of configuration Debug for project BlankProject ****
make -r -j8 all 
make[1]: Nothing to be done for 'main-build'.
Performing post-build steps
arm-none-eabi-size "BlankProject.axf"; # arm-none-eabi-objcopy -v -O binary "BlankProject.axf" "BlankProject.bin" ; # checksum -p MK64FN1M0xxx12 -d "BlankProject.bin";
   text	   data	    bss	    dec	    hex	filename
  11592	     16	   8440	  20048	   4e50	BlankProject.axf
 

08:33:07 Build Finished. 0 errors, 0 warnings. (took 197ms)

