22:33:44 **** Build of configuration Debug for project BlankProject ****
make -r -j8 all 
Building file: ../utilities/fsl_debug_console.c
Building file: ../startup/startup_mk64f12.c
Building file: ../utilities/fsl_str.c
Building file: ../source/BlankProject.c
Invoking: MCU C Compiler
Building file: ../source/semihost_hardfault.c
arm-none-eabi-gcc -D__REDLIB__ -DCPU_MK64FN1M0VLL12 -DCPU_MK64FN1M0VLL12_cm4 -DSDK_OS_BAREMETAL -DSERIAL_PORT_TYPE_UART=1 -DSDK_DEBUGCONSOLE=0 -DCR_INTEGER_PRINTF -DPRINTF_FLOAT_ENABLE=0 -D__MCUXPRESSO -D__USE_CMSIS -DDEBUG -I"E:\MCO 556\Lab 3\BlankProject\board" -I"E:\MCO 556\Lab 3\BlankProject\source" -I"E:\MCO 556\Lab 3\BlankProject\utilities" -I"E:\MCO 556\Lab 3\BlankProject\drivers" -I"E:\MCO 556\Lab 3\BlankProject\device" -I"E:\MCO 556\Lab 3\BlankProject\component\serial_manager" -I"E:\MCO 556\Lab 3\BlankProject\component\lists" -I"E:\MCO 556\Lab 3\BlankProject\CMSIS" -I"E:\MCO 556\Lab 3\BlankProject\component\uart" -O0 -fno-common -g3 -gdwarf-4 -Wall -c -ffunction-sections -fdata-sections -ffreestanding -fno-builtin -fmerge-constants -fmacro-prefix-map="../utilities/"= -mcpu=cortex-m4 -mfpu=fpv4-sp-d16 -mfloat-abi=hard -mthumb -D__REDLIB__ -fstack-usage -specs=redlib.specs -MMD -MP -MF"utilities/fsl_debug_console.d" -MT"utilities/fsl_debug_console.o" -MT"utilities/fsl_debug_console.d" -o "utilities/fsl_debug_console.o" "../utilities/fsl_debug_console.c"
Building file: ../drivers/fsl_adc16.c
Invoking: MCU C Compiler
arm-none-eabi-gcc -D__REDLIB__ -DCPU_MK64FN1M0VLL12 -DCPU_MK64FN1M0VLL12_cm4 -DSDK_OS_BAREMETAL -DSERIAL_PORT_TYPE_UART=1 -DSDK_DEBUGCONSOLE=0 -DCR_INTEGER_PRINTF -DPRINTF_FLOAT_ENABLE=0 -D__MCUXPRESSO -D__USE_CMSIS -DDEBUG -I"E:\MCO 556\Lab 3\BlankProject\board" -I"E:\MCO 556\Lab 3\BlankProject\source" -I"E:\MCO 556\Lab 3\BlankProject\utilities" -I"E:\MCO 556\Lab 3\BlankProject\drivers" -I"E:\MCO 556\Lab 3\BlankProject\device" -I"E:\MCO 556\Lab 3\BlankProject\component\serial_manager" -I"E:\MCO 556\Lab 3\BlankProject\component\lists" -I"E:\MCO 556\Lab 3\BlankProject\CMSIS" -I"E:\MCO 556\Lab 3\BlankProject\component\uart" -O0 -fno-common -g3 -gdwarf-4 -Wall -c -ffunction-sections -fdata-sections -ffreestanding -fno-builtin -fmerge-constants -fmacro-prefix-map="../startup/"= -mcpu=cortex-m4 -mfpu=fpv4-sp-d16 -mfloat-abi=hard -mthumb -D__REDLIB__ -fstack-usage -specs=redlib.specs -MMD -MP -MF"startup/startup_mk64f12.d" -MT"startup/startup_mk64f12.o" -MT"startup/startup_mk64f12.d" -o "startup/startup_mk64f12.o" "../startup/startup_mk64f12.c"
Invoking: MCU C Compiler
arm-none-eabi-gcc -D__REDLIB__ -DCPU_MK64FN1M0VLL12 -DCPU_MK64FN1M0VLL12_cm4 -DSDK_OS_BAREMETAL -DSERIAL_PORT_TYPE_UART=1 -DSDK_DEBUGCONSOLE=0 -DCR_INTEGER_PRINTF -DPRINTF_FLOAT_ENABLE=0 -D__MCUXPRESSO -D__USE_CMSIS -DDEBUG -I"E:\MCO 556\Lab 3\BlankProject\board" -I"E:\MCO 556\Lab 3\BlankProject\source" -I"E:\MCO 556\Lab 3\BlankProject\utilities" -I"E:\MCO 556\Lab 3\BlankProject\drivers" -I"E:\MCO 556\Lab 3\BlankProject\device" -I"E:\MCO 556\Lab 3\BlankProject\component\serial_manager" -I"E:\MCO 556\Lab 3\BlankProject\component\lists" -I"E:\MCO 556\Lab 3\BlankProject\CMSIS" -I"E:\MCO 556\Lab 3\BlankProject\component\uart" -O0 -fno-common -g3 -gdwarf-4 -Wall -c -ffunction-sections -fdata-sections -ffreestanding -fno-builtin -fmerge-constants -fmacro-prefix-map="../source/"= -mcpu=cortex-m4 -mfpu=fpv4-sp-d16 -mfloat-abi=hard -mthumb -D__REDLIB__ -fstack-usage -specs=redlib.specs -MMD -MP -MF"source/BlankProject.d" -MT"source/BlankProject.o" -MT"source/BlankProject.d" -o "source/BlankProject.o" "../source/BlankProject.c"
Invoking: MCU C Compiler
Invoking: MCU C Compiler
arm-none-eabi-gcc -D__REDLIB__ -DCPU_MK64FN1M0VLL12 -DCPU_MK64FN1M0VLL12_cm4 -DSDK_OS_BAREMETAL -DSERIAL_PORT_TYPE_UART=1 -DSDK_DEBUGCONSOLE=0 -DCR_INTEGER_PRINTF -DPRINTF_FLOAT_ENABLE=0 -D__MCUXPRESSO -D__USE_CMSIS -DDEBUG -I"E:\MCO 556\Lab 3\BlankProject\board" -I"E:\MCO 556\Lab 3\BlankProject\source" -I"E:\MCO 556\Lab 3\BlankProject\utilities" -I"E:\MCO 556\Lab 3\BlankProject\drivers" -I"E:\MCO 556\Lab 3\BlankProject\device" -I"E:\MCO 556\Lab 3\BlankProject\component\serial_manager" -I"E:\MCO 556\Lab 3\BlankProject\component\lists" -I"E:\MCO 556\Lab 3\BlankProject\CMSIS" -I"E:\MCO 556\Lab 3\BlankProject\component\uart" -O0 -fno-common -g3 -gdwarf-4 -Wall -c -ffunction-sections -fdata-sections -ffreestanding -fno-builtin -fmerge-constants -fmacro-prefix-map="../utilities/"= -mcpu=cortex-m4 -mfpu=fpv4-sp-d16 -mfloat-abi=hard -mthumb -D__REDLIB__ -fstack-usage -specs=redlib.specs -MMD -MP -MF"utilities/fsl_str.d" -MT"utilities/fsl_str.o" -MT"utilities/fsl_str.d" -o "utilities/fsl_str.o" "../utilities/fsl_str.c"
arm-none-eabi-gcc -D__REDLIB__ -DCPU_MK64FN1M0VLL12 -DCPU_MK64FN1M0VLL12_cm4 -DSDK_OS_BAREMETAL -DSERIAL_PORT_TYPE_UART=1 -DSDK_DEBUGCONSOLE=0 -DCR_INTEGER_PRINTF -DPRINTF_FLOAT_ENABLE=0 -D__MCUXPRESSO -D__USE_CMSIS -DDEBUG -I"E:\MCO 556\Lab 3\BlankProject\board" -I"E:\MCO 556\Lab 3\BlankProject\source" -I"E:\MCO 556\Lab 3\BlankProject\utilities" -I"E:\MCO 556\Lab 3\BlankProject\drivers" -I"E:\MCO 556\Lab 3\BlankProject\device" -I"E:\MCO 556\Lab 3\BlankProject\component\serial_manager" -I"E:\MCO 556\Lab 3\BlankProject\component\lists" -I"E:\MCO 556\Lab 3\BlankProject\CMSIS" -I"E:\MCO 556\Lab 3\BlankProject\component\uart" -O0 -fno-common -g3 -gdwarf-4 -Wall -c -ffunction-sections -fdata-sections -ffreestanding -fno-builtin -fmerge-constants -fmacro-prefix-map="../drivers/"= -mcpu=cortex-m4 -mfpu=fpv4-sp-d16 -mfloat-abi=hard -mthumb -D__REDLIB__ -fstack-usage -specs=redlib.specs -MMD -MP -MF"drivers/fsl_adc16.d" -MT"drivers/fsl_adc16.o" -MT"drivers/fsl_adc16.d" -o "drivers/fsl_adc16.o" "../drivers/fsl_adc16.c"
Building file: ../drivers/fsl_clock.c
Invoking: MCU C Compiler
arm-none-eabi-gcc -D__REDLIB__ -DCPU_MK64FN1M0VLL12 -DCPU_MK64FN1M0VLL12_cm4 -DSDK_OS_BAREMETAL -DSERIAL_PORT_TYPE_UART=1 -DSDK_DEBUGCONSOLE=0 -DCR_INTEGER_PRINTF -DPRINTF_FLOAT_ENABLE=0 -D__MCUXPRESSO -D__USE_CMSIS -DDEBUG -I"E:\MCO 556\Lab 3\BlankProject\board" -I"E:\MCO 556\Lab 3\BlankProject\source" -I"E:\MCO 556\Lab 3\BlankProject\utilities" -I"E:\MCO 556\Lab 3\BlankProject\drivers" -I"E:\MCO 556\Lab 3\BlankProject\device" -I"E:\MCO 556\Lab 3\BlankProject\component\serial_manager" -I"E:\MCO 556\Lab 3\BlankProject\component\lists" -I"E:\MCO 556\Lab 3\BlankProject\CMSIS" -I"E:\MCO 556\Lab 3\BlankProject\component\uart" -O0 -fno-common -g3 -gdwarf-4 -Wall -c -ffunction-sections -fdata-sections -ffreestanding -fno-builtin -fmerge-constants -fmacro-prefix-map="../source/"= -mcpu=cortex-m4 -mfpu=fpv4-sp-d16 -mfloat-abi=hard -mthumb -D__REDLIB__ -fstack-usage -specs=redlib.specs -MMD -MP -MF"source/semihost_hardfault.d" -MT"source/semihost_hardfault.o" -MT"source/semihost_hardfault.d" -o "source/semihost_hardfault.o" "../source/semihost_hardfault.c"
Building file: ../drivers/fsl_common.c
Invoking: MCU C Compiler
arm-none-eabi-gcc -D__REDLIB__ -DCPU_MK64FN1M0VLL12 -DCPU_MK64FN1M0VLL12_cm4 -DSDK_OS_BAREMETAL -DSERIAL_PORT_TYPE_UART=1 -DSDK_DEBUGCONSOLE=0 -DCR_INTEGER_PRINTF -DPRINTF_FLOAT_ENABLE=0 -D__MCUXPRESSO -D__USE_CMSIS -DDEBUG -I"E:\MCO 556\Lab 3\BlankProject\board" -I"E:\MCO 556\Lab 3\BlankProject\source" -I"E:\MCO 556\Lab 3\BlankProject\utilities" -I"E:\MCO 556\Lab 3\BlankProject\drivers" -I"E:\MCO 556\Lab 3\BlankProject\device" -I"E:\MCO 556\Lab 3\BlankProject\component\serial_manager" -I"E:\MCO 556\Lab 3\BlankProject\component\lists" -I"E:\MCO 556\Lab 3\BlankProject\CMSIS" -I"E:\MCO 556\Lab 3\BlankProject\component\uart" -O0 -fno-common -g3 -gdwarf-4 -Wall -c -ffunction-sections -fdata-sections -ffreestanding -fno-builtin -fmerge-constants -fmacro-prefix-map="../drivers/"= -mcpu=cortex-m4 -mfpu=fpv4-sp-d16 -mfloat-abi=hard -mthumb -D__REDLIB__ -fstack-usage -specs=redlib.specs -MMD -MP -MF"drivers/fsl_clock.d" -MT"drivers/fsl_clock.o" -MT"drivers/fsl_clock.d" -o "drivers/fsl_clock.o" "../drivers/fsl_clock.c"
Invoking: MCU C Compiler
arm-none-eabi-gcc -D__REDLIB__ -DCPU_MK64FN1M0VLL12 -DCPU_MK64FN1M0VLL12_cm4 -DSDK_OS_BAREMETAL -DSERIAL_PORT_TYPE_UART=1 -DSDK_DEBUGCONSOLE=0 -DCR_INTEGER_PRINTF -DPRINTF_FLOAT_ENABLE=0 -D__MCUXPRESSO -D__USE_CMSIS -DDEBUG -I"E:\MCO 556\Lab 3\BlankProject\board" -I"E:\MCO 556\Lab 3\BlankProject\source" -I"E:\MCO 556\Lab 3\BlankProject\utilities" -I"E:\MCO 556\Lab 3\BlankProject\drivers" -I"E:\MCO 556\Lab 3\BlankProject\device" -I"E:\MCO 556\Lab 3\BlankProject\component\serial_manager" -I"E:\MCO 556\Lab 3\BlankProject\component\lists" -I"E:\MCO 556\Lab 3\BlankProject\CMSIS" -I"E:\MCO 556\Lab 3\BlankProject\component\uart" -O0 -fno-common -g3 -gdwarf-4 -Wall -c -ffunction-sections -fdata-sections -ffreestanding -fno-builtin -fmerge-constants -fmacro-prefix-map="../drivers/"= -mcpu=cortex-m4 -mfpu=fpv4-sp-d16 -mfloat-abi=hard -mthumb -D__REDLIB__ -fstack-usage -specs=redlib.specs -MMD -MP -MF"drivers/fsl_common.d" -MT"drivers/fsl_common.o" -MT"drivers/fsl_common.d" -o "drivers/fsl_common.o" "../drivers/fsl_common.c"
Finished building: ../startup/startup_mk64f12.c
 
Finished building: ../drivers/fsl_adc16.c
Building file: ../drivers/fsl_common_arm.c
Finished building: ../utilities/fsl_debug_console.c
 
Invoking: MCU C Compiler
arm-none-eabi-gcc -D__REDLIB__ -DCPU_MK64FN1M0VLL12 -DCPU_MK64FN1M0VLL12_cm4 -DSDK_OS_BAREMETAL -DSERIAL_PORT_TYPE_UART=1 -DSDK_DEBUGCONSOLE=0 -DCR_INTEGER_PRINTF -DPRINTF_FLOAT_ENABLE=0 -D__MCUXPRESSO -D__USE_CMSIS -DDEBUG -I"E:\MCO 556\Lab 3\BlankProject\board" -I"E:\MCO 556\Lab 3\BlankProject\source" -I"E:\MCO 556\Lab 3\BlankProject\utilities" -I"E:\MCO 556\Lab 3\BlankProject\drivers" -I"E:\MCO 556\Lab 3\BlankProject\device" -I"E:\MCO 556\Lab 3\BlankProject\component\serial_manager" -I"E:\MCO 556\Lab 3\BlankProject\component\lists" -I"E:\MCO 556\Lab 3\BlankProject\CMSIS" -I"E:\MCO 556\Lab 3\BlankProject\component\uart" -O0 -fno-common -g3 -gdwarf-4 -Wall -c -ffunction-sections -fdata-sections -ffreestanding -fno-builtin -fmerge-constants -fmacro-prefix-map="../drivers/"= -mcpu=cortex-m4 -mfpu=fpv4-sp-d16 -mfloat-abi=hard -mthumb -D__REDLIB__ -fstack-usage -specs=redlib.specs -MMD -MP -MF"drivers/fsl_common_arm.d" -MT"drivers/fsl_common_arm.o" -MT"drivers/fsl_common_arm.d" -o "drivers/fsl_common_arm.o" "../drivers/fsl_common_arm.c"
Finished building: ../drivers/fsl_common.c
Finished building: ../source/BlankProject.c
 
Building file: ../drivers/fsl_gpio.c
 
 
Building file: ../drivers/fsl_i2c.c
Invoking: MCU C Compiler
Finished building: ../utilities/fsl_str.c
arm-none-eabi-gcc -D__REDLIB__ -DCPU_MK64FN1M0VLL12 -DCPU_MK64FN1M0VLL12_cm4 -DSDK_OS_BAREMETAL -DSERIAL_PORT_TYPE_UART=1 -DSDK_DEBUGCONSOLE=0 -DCR_INTEGER_PRINTF -DPRINTF_FLOAT_ENABLE=0 -D__MCUXPRESSO -D__USE_CMSIS -DDEBUG -I"E:\MCO 556\Lab 3\BlankProject\board" -I"E:\MCO 556\Lab 3\BlankProject\source" -I"E:\MCO 556\Lab 3\BlankProject\utilities" -I"E:\MCO 556\Lab 3\BlankProject\drivers" -I"E:\MCO 556\Lab 3\BlankProject\device" -I"E:\MCO 556\Lab 3\BlankProject\component\serial_manager" -I"E:\MCO 556\Lab 3\BlankProject\component\lists" -I"E:\MCO 556\Lab 3\BlankProject\CMSIS" -I"E:\MCO 556\Lab 3\BlankProject\component\uart" -O0 -fno-common -g3 -gdwarf-4 -Wall -c -ffunction-sections -fdata-sections -ffreestanding -fno-builtin -fmerge-constants -fmacro-prefix-map="../drivers/"= -mcpu=cortex-m4 -mfpu=fpv4-sp-d16 -mfloat-abi=hard -mthumb -D__REDLIB__ -fstack-usage -specs=redlib.specs -MMD -MP -MF"drivers/fsl_gpio.d" -MT"drivers/fsl_gpio.o" -MT"drivers/fsl_gpio.d" -o "drivers/fsl_gpio.o" "../drivers/fsl_gpio.c"
Building file: ../drivers/fsl_smc.c
Invoking: MCU C Compiler
Building file: ../drivers/fsl_uart.c
arm-none-eabi-gcc -D__REDLIB__ -DCPU_MK64FN1M0VLL12 -DCPU_MK64FN1M0VLL12_cm4 -DSDK_OS_BAREMETAL -DSERIAL_PORT_TYPE_UART=1 -DSDK_DEBUGCONSOLE=0 -DCR_INTEGER_PRINTF -DPRINTF_FLOAT_ENABLE=0 -D__MCUXPRESSO -D__USE_CMSIS -DDEBUG -I"E:\MCO 556\Lab 3\BlankProject\board" -I"E:\MCO 556\Lab 3\BlankProject\source" -I"E:\MCO 556\Lab 3\BlankProject\utilities" -I"E:\MCO 556\Lab 3\BlankProject\drivers" -I"E:\MCO 556\Lab 3\BlankProject\device" -I"E:\MCO 556\Lab 3\BlankProject\component\serial_manager" -I"E:\MCO 556\Lab 3\BlankProject\component\lists" -I"E:\MCO 556\Lab 3\BlankProject\CMSIS" -I"E:\MCO 556\Lab 3\BlankProject\component\uart" -O0 -fno-common -g3 -gdwarf-4 -Wall -c -ffunction-sections -fdata-sections -ffreestanding -fno-builtin -fmerge-constants -fmacro-prefix-map="../drivers/"= -mcpu=cortex-m4 -mfpu=fpv4-sp-d16 -mfloat-abi=hard -mthumb -D__REDLIB__ -fstack-usage -specs=redlib.specs -MMD -MP -MF"drivers/fsl_i2c.d" -MT"drivers/fsl_i2c.o" -MT"drivers/fsl_i2c.d" -o "drivers/fsl_i2c.o" "../drivers/fsl_i2c.c"
 
Invoking: MCU C Compiler
arm-none-eabi-gcc -D__REDLIB__ -DCPU_MK64FN1M0VLL12 -DCPU_MK64FN1M0VLL12_cm4 -DSDK_OS_BAREMETAL -DSERIAL_PORT_TYPE_UART=1 -DSDK_DEBUGCONSOLE=0 -DCR_INTEGER_PRINTF -DPRINTF_FLOAT_ENABLE=0 -D__MCUXPRESSO -D__USE_CMSIS -DDEBUG -I"E:\MCO 556\Lab 3\BlankProject\board" -I"E:\MCO 556\Lab 3\BlankProject\source" -I"E:\MCO 556\Lab 3\BlankProject\utilities" -I"E:\MCO 556\Lab 3\BlankProject\drivers" -I"E:\MCO 556\Lab 3\BlankProject\device" -I"E:\MCO 556\Lab 3\BlankProject\component\serial_manager" -I"E:\MCO 556\Lab 3\BInvoking: MCU C Compiler
lankProject\component\lists" -I"E:\MCO 556\Lab 3\BlankProject\CMSIS" -I"E:\MCO 556\Lab 3\BlankProject\component\uart" -O0 -fno-common -g3 -gdwarf-4 -Wall -c -ffunction-sections -fdata-sections -ffreestanding -fno-builtin -fmerge-constants -fmacro-prefix-map="../drivers/"= -mcpu=cortex-m4 -mfpu=fpv4-sp-d16 -mfloat-abi=hard -mthumb -D__REDLIB__ -fstack-usage -specs=redlib.specs -MMD -MP -MF"drivers/fsl_smc.d" -MT"drivers/fsl_smc.o" -MT"drivers/fsl_smc.d" -o "drivers/fsl_smc.o" "../drivers/fsl_smc.c"
Building file: ../device/system_MK64F12.c
arm-none-eabi-gcc -D__REDLIB__ -DCPU_MK64FN1M0VLL12 -DCPU_MK64FN1M0VLL12_cm4 -DSDK_OS_BAREMETAL -DSERIAL_PORT_TYPE_UART=1 -DSDK_DEBUGCONSOLE=0 -DCR_INTEGER_PRINTF -DPRINTF_FLOAT_ENABLE=0 -D__MCUXPRESSO -D__USE_CMSIS -DDEBUG -I"E:\MCO 556\Lab 3\BlankProject\board" -I"E:\MCO 556\Lab 3\BlankProject\source" -I"E:\MCO 556\Lab 3\BlankProject\utilities" -I"E:\MCO 556\Lab 3\BlankProject\drivers" -I"E:\MCO 556\Lab 3\BlankProject\device" -I"E:\MCO 556\Lab 3\BlankProject\component\serial_manager" -I"E:\MCO 556\Lab 3\BlankProject\component\lists" -I"E:\MCO 556\Lab 3\BlankProject\CMSIS" -I"E:\MCO 556\Lab 3\BlankProject\component\uart" -O0 -fno-common -g3 -gdwarf-4 -Wall -c -ffunction-sections -fdata-sections -ffreestanding -fno-builtin -fmerge-constants -fmacro-prefix-map="../drivers/"= -mcpu=cortex-m4 -mfpu=fpv4-sp-d16 -mfloat-abi=hard -mthumb -D__REDLIB__ -fstack-usage -specs=redlib.specs -MMD -MP -MF"drivers/fsl_uart.d" -MT"drivers/fsl_uart.o" -MT"drivers/fsl_uart.d" -o "drivers/fsl_uart.o" "../drivers/fsl_uart.c"
Invoking: MCU C Compiler
arm-none-eabi-gcc -D__REDLIB__ -DCPU_MK64FN1M0VLL12 -DCPU_MK64FN1M0VLL12_cm4 -DSDK_OS_BAREMETAL -DSERIAL_PORT_TYPE_UART=1 -DSDK_DEBUGCONSOLE=0 -DCR_INTEGER_PRINTF -DPRINTF_FLOAT_ENABLE=0 -D__MCUXPRESSO -D__USE_CMSIS -DDEBUG -I"E:\MCO 556\Lab 3\BlankProject\board" -I"E:\MCO 556\Lab 3\BlankProject\source" -I"E:\MCO 556\Lab 3\BlankProject\utilities" -I"E:\MCO 556\Lab 3\BlankProject\drivers" -I"E:\MCO 556\Lab 3\BlankProject\device" -I"E:\MCO 556\Lab 3\BlankProject\component\serial_manager" -I"E:\MCO 556\Lab 3\BlankProject\component\lists" -I"E:\MCO 556\Lab 3\BlankProject\CMSIS" -I"E:\MCO 556\Lab 3\BlankProject\component\uart" -O0 -fno-common -g3 -gdwarf-4 -Wall -c -ffunction-sections -fdata-sections -ffreestanding -fno-builtin -fmerge-constants -fmacro-prefix-map="../device/"= -mcpu=cortex-m4 -mfpu=fpv4-sp-d16 -mfloat-abi=hard -mthumb -D__REDLIB__ -fstack-usage -specs=redlib.specs -MMD -MP -MF"device/system_MK64F12.d" -MT"device/system_MK64F12.o" -MT"device/system_MK64F12.d" -o "device/system_MK64F12.o" "../device/system_MK64F12.c"
Finished building: ../drivers/fsl_clock.c
 
Building file: ../component/uart/fsl_adapter_uart.c
Invoking: MCU C Compiler
arm-none-eabi-gcc -D__REDLIB__ -DCPU_MK64FN1M0VLL12 -DCPU_MK64FN1M0VLL12_cm4 -DSDK_OS_BAREMETAL -DSERIAL_PORT_TYPE_UART=1 -DSDK_DEBUGCONSOLE=0 -DCR_INTEGER_PRINTF -DPRINTF_FLOAT_ENABLE=0 -D__MCUXPRESSO -D__USE_CMSIS -DDEBUG -I"E:\MCO 556\Lab 3\BlankProject\board" -I"E:\MCO 556\Lab 3\BlankProject\source" -I"E:\MCO 556\Lab 3\BlankProject\utilities" -I"E:\MCO 556\Lab 3\BlankProject\drivers" -I"E:\MCO 556\Lab 3\BlankProject\device" -I"E:\MCO 556\Lab 3\BlankProject\component\serial_manager" -I"E:\MCO 556\Lab 3\BlankProject\component\lists" -I"E:\MCO 556\Lab 3\BlankProject\CMSIS" -I"E:\MCO 556\Lab 3\BlankProject\component\uart" -O0 -fno-common -g3 -gdwarf-4 -Wall -c -ffunction-sections -fdata-sections -ffreestanding -fno-builtin -fmerge-constants -fmacro-prefix-map="../component/uart/"= -mcpu=cortex-m4 -mfpu=fpv4-sp-d16 -mfloat-abi=hard -mthumb -D__REDLIB__ -fstack-usage -specs=redlib.specs -MMD -MP -MF"component/uart/fsl_adapter_uart.d" -MT"component/uart/fsl_adapter_uart.o" -MT"component/uart/fsl_adapter_uart.d" -o "component/uart/fsl_adapter_uart.o" "../component/uart/fsl_adapter_uart.c"
Finished building: ../source/semihost_hardfault.c
Finished building: ../drivers/fsl_common_arm.c
 
 
Building file: ../component/serial_manager/fsl_component_serial_manager.c
Building file: ../component/serial_manager/fsl_component_serial_port_uart.c
Invoking: MCU C Compiler
Invoking: MCU C Compiler
arm-none-eabi-gcc -D__REDLIB__ -DCPU_MK64FN1M0VLL12 -DCPU_MK64FN1M0VLL12_cm4 -DSDK_OS_BAREMETAL -DSERIAL_PORT_TYPE_UART=1 -DSDK_DEBUGCONSOLE=0 -DCR_INTEGER_PRINTF -DPRINTF_FLOAT_ENABLE=0 -D__MCUXPRESSO -D__USE_CMSIS -DDEBUG -I"E:\MCO 556\Lab 3\BlankProject\board" -I"E:\MCO 556\Lab 3\BlankProject\source" -I"E:\MCO 556\Lab 3\BlankProject\utilities" -I"E:\MCO 556\Lab 3\BlankProject\drivers" -I"E:\MCO 556\Lab 3\BlankProject\device" -I"E:\MCO 556\Lab 3\BlankProject\component\serial_manager" -I"E:\MCO 556\Lab 3\BlankProject\component\lists" -I"E:\MCO 556\Lab 3\BlankProject\CMSIS" -I"E:\MCO 556\Lab 3\BlankProject\component\uart" -O0 -fno-common -g3 -gdwarf-4 -Wall -c -ffunction-sections -fdata-sections -ffreestanding -fno-builtin -fmerge-constants -fmacro-prefix-map="../component/serial_manager/"= -mcpu=cortex-m4 -mfpu=fpv4-sp-d16 -mfloat-abi=hard -mthumb -D__REDLIB__ -fstack-usage -specs=redlib.specs -MMD -MP -MF"component/serial_manager/fsl_component_serial_manager.d" -MT"component/serial_manager/fsl_component_serial_manager.o" -MT"component/serial_manager/fsl_component_serial_manager.d" -o "component/serial_manager/fsl_component_serial_manager.o" "../component/serial_manager/fsl_component_serial_manager.c"
arm-none-eabi-gcc -D__REDLIB__ -DCPU_MK64FN1M0VLL12 -DCPU_MK64FN1M0VLL12_cm4 -DSDK_OS_BAREMETAL -DSERIAL_PORT_TYPE_UART=1 -DSDK_DEBUGCONSOLE=0 -DCR_INTEGER_PRINTF -DPRINTF_FLOAT_ENABLE=0 -D__MCUXPRESSO -D__USE_CMSIS -DDEBUG -I"E:\MCO 556\Lab 3\BlankProject\board" -I"E:\MCO 556\Lab 3\BlankProject\source" -I"E:\MCO 556\Lab 3\BlankProject\utilities" -I"E:\MCO 556\Lab 3\BlankProject\drivers" -I"E:\MCO 556\Lab 3\BlankProject\device" -I"E:\MCO 556\Lab 3\BlankProject\component\serial_manager" -I"E:\MCO 556\Lab 3\BlankProject\component\lists" -I"E:\MCO 556\Lab 3\BlankProject\CMSIS" -I"E:\MCO 556\Lab 3\BlankProject\component\uart" -O0 -fno-common -g3 -gdwarf-4 -Wall -c -ffunction-sections -fdata-sections -ffreestanding -fno-builtin -fmerge-constants -fmacro-prefix-map="../component/serial_manager/"= -mcpu=cortex-m4 -mfpu=fpv4-sp-d16 -mfloat-abi=hard -mthumb -D__REDLIB__ -fstack-usage -specs=redlib.specs -MMD -MP -MF"component/serial_manager/fsl_component_serial_port_uart.d" -MT"component/serial_manager/fsl_component_serial_port_uart.o" -MT"component/serial_manager/fsl_component_serial_port_uart.d" -o "component/serial_manager/fsl_component_serial_port_uart.o" "../component/serial_manager/fsl_component_serial_port_uart.c"
Finished building: ../drivers/fsl_smc.c
Finished building: ../drivers/fsl_gpio.c
 
 
Building file: ../component/lists/fsl_component_generic_list.c
Building file: ../board/board.c
Invoking: MCU C Compiler
Invoking: MCU C Compiler
arm-none-eabi-gcc -D__REDLIB__ -DCPU_MK64FN1M0VLL12 -DCPU_MK64FN1M0VLL12_cm4 -DSDK_OS_BAREMETAL -DSERIAL_PORT_TYPE_UART=1 -DSDK_DEBUGCONSOLE=0 -DCR_INTEGER_PRINTF -DPRINTF_FLOAT_ENABLE=0 -D__MCUXPRESSO -D__USE_CMSIS -DDEBUG -I"E:\MCO 556\Lab 3\BlankProject\board" -I"E:\MCO 556\Lab 3\BlankProject\source" -I"E:\MCO 556\Lab 3\BlankProject\utilities" -I"E:\MCO 556\Lab 3\BlankProject\drivers" -I"E:\MCO 556\Lab 3\BlankProject\device" -I"E:\MCO 556\Lab 3\BlankProject\component\serial_manager" -I"E:\MCO 556\Lab 3\BlankProject\component\lists" -I"E:\MCO 556\Lab 3\BlankProject\CMSIS" -I"E:\MCO 556\Lab 3\BlankProject\component\uart" -O0 -fno-common -g3 -gdwarf-4 -Wall -c -ffunction-sections -fdata-sections -ffreestanding -fno-builtin -fmerge-constants -fmacro-prefix-map="../component/lists/"= -mcpu=cortex-m4 -mfpu=fpv4-sp-d16 -mfloat-abi=hard -mthumb -D__REDLIB__ -fstack-usage -specs=redlib.specs -MMD -MP -MF"component/lists/fsl_component_generic_list.d" -MT"component/lists/fsl_component_generic_list.o" -MT"component/lists/fsl_component_generic_list.d" -o "component/lists/fsl_component_generic_list.o" "../component/lists/fsl_component_generic_list.c"
arm-none-eabi-gcc -D__REDLIB__ -DCPU_MK64FN1M0VLL12 -DCPU_MK64FN1M0VLL12_cm4 -DSDK_OS_BAREMETAL -DSERIAL_PORT_TYPE_UART=1 -DSDK_DEBUGCONSOLE=0 -DCR_INTEGER_PRINTF -DPRINTF_FLOAT_ENABLE=0 -D__MCUXPRESSO -D__USE_CMSIS -DDEBUG -I"E:\MCO 556\Lab 3\BlankProject\board" -I"E:\MCO 556\Lab 3\BlankProject\source" -I"E:\MCO 556\Lab 3\BlankProject\utilities" -I"E:\MCO 556\Lab 3\BlankProject\drivers" -I"E:\MCO 556\Lab 3\BlankProject\device" -I"E:\MCO 556\Lab 3\BlankProject\component\serial_manager" -I"E:\MCO 556\Lab 3\BlankProject\component\lists" -I"E:\MCO 556\Lab 3\BlankProject\CMSIS" -I"E:\MCO 556\Lab 3\BlankProject\component\uart" -O0 -fno-common -g3 -gdwarf-4 -Wall -c -ffunction-sections -fdata-sections -ffreestanding -fno-builtin -fmerge-constants -fmacro-prefix-map="../board/"= -mcpu=cortex-m4 -mfpu=fpv4-sp-d16 -mfloat-abi=hard -mthumb -D__REDLIB__ -fstack-usage -specs=redlib.specs -MMD -MP -MF"board/board.d" -MT"board/board.o" -MT"board/board.d" -o "board/board.o" "../board/board.c"
Finished building: ../drivers/fsl_i2c.c
 
Finished building: ../component/uart/fsl_adapter_uart.c
Finished building: ../drivers/fsl_uart.c
Building file: ../board/clock_config.c
 
Invoking: MCU C Compiler
arm-none-eabi-gcc -D__REDLIB__ -DCPU_MK64FN1M0VLL12 -DCPU_MK64FN1M0VLL12_cm4 -DSDK_OS_BAREMETAL -DSERIAL_PORT_TYPE_UART=1 -DSDK_DEBUGCONSOLE=0 -DCR_INTEGER_PRINTF -DPRINTF_FLOAT_ENABLE=0 -D__MCUXPRESSO -D__USE_CMSIS -DDEBUG -I"E:\MCO 556\Lab 3\BlankProject\board" -I"E:\MCO 556\Lab 3\BlankProject\source" -I"E:\MCO 556\Lab 3\BlankProject\utilities" -I"E:\MCO 556\Lab 3\BlankProject\drivers" -I"E:\MCO 556\Lab 3\BlankProject\device" -I"E:\MCO 556\Lab 3\BlankProject\component\serial_manager" -I"E:\MCO 556\Lab 3\BlankProject\component\lists" -I"E:\MCO 556\Lab 3\BlankProject\CMSIS" -I"E:\MCO 556\Lab 3\BlankProject\component\uart" -O0 -fno-common -g3 -gdwarf-4 -Wall -c -ffunction-sections -fdata-sections -ffreestanding -fno-builtin -fmerge-constants -fmacro-prefix-map="../board/"= -mcpu=cortex-m4 -mfpu=fpv4-sp-d16 -mfloat-abi=hard -mthumb -D__REDLIB__ -fstack-usage -specs=redlib.specs -MMD -MP -MF"board/clock_config.d" -MT"board/clock_config.o" -MT"board/clock_config.d" -o "board/clock_config.o" "../board/clock_config.c"
 
Building file: ../board/peripherals.c
Building file: ../board/pin_mux.c
Invoking: MCU C Compiler
Invoking: MCU C Compiler
arm-none-eabi-gcc -D__REDLIB__ -DCPU_MK64FN1M0VLL12 -DCPU_MK64FN1M0VLL12_cm4 -DSDK_OS_BAREMETAL -DSERIAL_PORT_TYPE_UART=1 -DSDK_DEBUGCONSOLE=0 -DCR_INTEGER_PRINTF -DPRINTF_FLOAT_ENABLE=0 -D__MCUXPRESSO -D__USE_CMSIS -DDEBUG -I"E:\MCO 556\Lab 3\BlankProject\board" -I"E:\MCO 556\Lab 3\BlankProject\source" -I"E:\MCO 556\Lab 3\BlankProject\utilities" -I"E:\MCO 556\Lab 3\BlankProject\drivers" -I"E:\MCO 556\Lab 3\BlankProject\device" -I"E:\MCO 556\Lab 3\BlankProject\component\serial_manager" -I"E:\MCO 556\Lab 3\BlankProject\component\lists" -I"E:\MCO 556\Lab 3\BlankProject\CMSIS" -I"E:\MCO 556\Lab 3\BlankProject\component\uart" -O0 -fno-common -g3 -gdwarf-4 -Wall -c -ffunction-sections -fdata-sections -ffreestanding -fno-builtin -fmerge-constants -fmacro-prefix-map="../board/"= -mcpu=cortex-m4 -mfpu=fpv4-sp-d16 -mfloat-abi=hard -mthumb -D__REDLIB__ -fstack-usage -specs=redlib.specs -MMD -MP -MF"board/peripherals.d" -MT"board/peripherals.o" -MT"board/peripherals.d" -o "board/peripherals.o" "../board/peripherals.c"
arm-none-eabi-gcc -D__REDLIB__ -DCPU_MK64FN1M0VLL12 -DCPU_MK64FN1M0VLL12_cm4 -DSDK_OS_BAREMETAL -DSERIAL_PORT_TYPE_UART=1 -DSDK_DEBUGCONSOLE=0 -DCR_INTEGER_PRINTF -DPRINTF_FLOAT_ENABLE=0 -D__MCUXPRESSO -D__USE_CMSIS -DDEBUG -I"E:\MCO 556\Lab 3\BlankProject\board" -I"E:\MCO 556\Lab 3\BlankProject\source" -I"E:\MCO 556\Lab 3\BlankProject\utilities" -I"E:\MCO 556\Lab 3\BlankProject\drivers" -I"E:\MCO 556\Lab 3\BlankProject\device" -I"E:\MCO 556\Lab 3\BlankProject\component\serial_manager" -I"E:\MCO 556\Lab 3\BlankProject\component\lists" -I"E:\MCO 556\Lab 3\BlankProject\CMSIS" -I"E:\MCO 556\Lab 3\BlankProject\component\uart" -O0 -fno-common -g3 -gdwarf-4 -Wall -c -ffunction-sections -fdata-sections -ffreestanding -fno-builtin -fmerge-constants -fmacro-prefix-map="../board/"= -mcpu=cortex-m4 -mfpu=fpv4-sp-d16 -mfloat-abi=hard -mthumb -D__REDLIB__ -fstack-usage -specs=redlib.specs -MMD -MP -MF"board/pin_mux.d" -MT"board/pin_mux.o" -MT"board/pin_mux.d" -o "board/pin_mux.o" "../board/pin_mux.c"
Finished building: ../component/serial_manager/fsl_component_serial_port_uart.c
 
Finished building: ../component/serial_manager/fsl_component_serial_manager.c
 
Finished building: ../board/peripherals.c
 
Finished building: ../component/lists/fsl_component_generic_list.c
 
Finished building: ../board/board.c
Finished building: ../board/clock_config.c
Finished building: ../device/system_MK64F12.c
 
 
 
Finished building: ../board/pin_mux.c
 
Building target: BlankProject.axf
Invoking: MCU Linker
arm-none-eabi-gcc -nostdlib -Xlinker -Map="BlankProject.map" -Xlinker --gc-sections -Xlinker -print-memory-usage -Xlinker --sort-section=alignment -Xlinker --cref -mcpu=cortex-m4 -mfpu=fpv4-sp-d16 -mfloat-abi=hard -mthumb -T BlankProject_Debug.ld -o "BlankProject.axf" ./utilities/fsl_debug_console.o ./utilities/fsl_str.o  ./startup/startup_mk64f12.o  ./source/BlankProject.o ./source/semihost_hardfault.o  ./drivers/fsl_adc16.o ./drivers/fsl_clock.o ./drivers/fsl_common.o ./drivers/fsl_common_arm.o ./drivers/fsl_gpio.o ./drivers/fsl_i2c.o ./drivers/fsl_smc.o ./drivers/fsl_uart.o  ./device/system_MK64F12.o  ./component/uart/fsl_adapter_uart.o  ./component/serial_manager/fsl_component_serial_manager.o ./component/serial_manager/fsl_component_serial_port_uart.o  ./component/lists/fsl_component_generic_list.o  ./board/board.o ./board/clock_config.o ./board/peripherals.o ./board/pin_mux.o   
Memory region         Used Size  Region Size  %age Used
   PROGRAM_FLASH:       11584 B         1 MB      1.10%
      SRAM_UPPER:        8464 B       192 KB      4.31%
      SRAM_LOWER:          0 GB        64 KB      0.00%
        FLEX_RAM:          0 GB         4 KB      0.00%
Finished building target: BlankProject.axf
 
Performing post-build steps
arm-none-eabi-size "BlankProject.axf"; # arm-none-eabi-objcopy -v -O binary "BlankProject.axf" "BlankProject.bin" ; # checksum -p MK64FN1M0xxx12 -d "BlankProject.bin";
   text	   data	    bss	    dec	    hex	filename
  11568	     16	   8448	  20032	   4e40	BlankProject.axf
 
22:33:57 **** Incremental Build of configuration Debug for project BlankProject ****
make -r -j8 all 
make[1]: Nothing to be done for 'main-build'.
Performing post-build steps
arm-none-eabi-size "BlankProject.axf"; # arm-none-eabi-objcopy -v -O binary "BlankProject.axf" "BlankProject.bin" ; # checksum -p MK64FN1M0xxx12 -d "BlankProject.bin";
   text	   data	    bss	    dec	    hex	filename
  11568	     16	   8448	  20032	   4e40	BlankProject.axf
 
13:39:16 **** Incremental Build of configuration Debug for project BlankProject ****
make -r -j8 all 
Building file: ../utilities/fsl_debug_console.c
Building file: ../utilities/fsl_str.c
Building file: ../startup/startup_mk64f12.c
Building file: ../source/BlankProject.c
Invoking: MCU C Compiler
Invoking: MCU C Compiler
arm-none-eabi-gcc -D__REDLIB__ -DCPU_MK64FN1M0VLL12 -DCPU_MK64FN1M0VLL12_cm4 -DSDK_OS_BAREMETAL -DSERIAL_PORT_TYPE_UART=1 -DSDK_DEBUGCONSOLE=0 -DCR_INTEGER_PRINTF -DPRINTF_FLOAT_ENABLE=0 -D__MCUXPRESSO -D__USE_CMSIS -DDEBUG -I"E:\MCO 556\Lab 3 - Creating a New Project\BlankProject\board" -I"E:\MCO 556\Lab 3 - Creating a New Project\BlankProject\source" -I"E:\MCO 556\Lab 3 - Creating a New Project\BlankProject\utilities" -I"E:\MCO 556\Lab 3 - Creating a New Project\BlankProject\drivers" -I"E:\MCO 556\Lab 3 - Creating a New Project\BlankProject\device" -I"E:\MCO 556\Lab 3 - Creating a New Project\BlankProject\component\serial_manager" -I"E:\MCO 556\Lab 3 - Creating a New Project\BlankProject\component\lists" -I"E:\MCO 556\Lab 3 - Creating a New Project\BlankProject\CMSIS" -I"E:\MCO 556\Lab 3 - Creating a New Project\BlankProject\component\uart" -O0 -fno-common -g3 -gdwarf-4 -Wall -c -ffunction-sections -fdata-sections -ffreestanding -fno-builtin -fmerge-constants -fmacro-prefix-map="../utilities/"= -mcpu=cortex-m4 -mfpu=fpv4-sp-d16 -mfloat-abi=hard -mthumb -D__REDLIB__ -fstack-usage -specs=redlib.specs -MMD -MP -MF"utilities/fsl_debug_console.d" -MT"utilities/fsl_debug_console.o" -MT"utilities/fsl_debug_console.d" -o "utilities/fsl_debug_console.o" "../utilities/fsl_debug_console.c"
Invoking: MCU C Compiler
arm-none-eabi-gcc -D__REDLIB__ -DCPU_MK64FN1M0VLL12 -DCPU_MK64FN1M0VLL12_cm4 -DSDK_OS_BAREMETAL -DSERIAL_PORT_TYPE_UART=1 -DSDK_DEBUGCONSOLE=0 -DCR_INTEGER_PRINTF -DPRINTF_FLOAT_ENABLE=0 -D__MCUXPRESSO -D__USE_CMSIS -DDEBUG -I"E:\MCO 556\Lab 3 - Creating a New Project\BlankProject\board" -I"E:\MCO 556\Lab 3 - Creating a New Project\BlankProject\source" -I"E:\MCO 556\Lab 3 - Creating a New Project\BlankProject\utilities" -I"E:\MCO 556\Lab 3 - Creating a New Project\BlankProject\drivers" -I"E:\MCO 556\Lab 3 - Creating a New Project\BlankProject\device" -I"E:\MCO 556\Lab 3 - Creating a New Project\BlankProject\component\serial_manager" -I"E:\MCO 556\Lab 3 - Creating a New Project\BlankProject\component\lists" -I"E:\MCO 556\Lab 3 - Creating a New Project\BlankProject\CMSIS" -I"E:\MCO 556\Lab 3 - Creating a New Project\BlankProject\component\uart" -O0 -fno-common -g3 -gdwarf-4 -Wall -c -ffunction-sections -fdata-sections -ffreestanding -fno-builtin -fmerge-constants -fmacro-prefix-map="../utilities/"= -mcpu=cortex-m4 -mfpu=fpv4-sp-d16 -mfloat-abi=hard -mthumb -D__REDLIB__ -fstack-usage -specs=redlib.specs -MMD -MP -MF"utilities/fsl_str.d" -MT"utilities/fsl_str.o" -MT"utilities/fsl_str.d" -o "utilities/fsl_str.o" "../utilities/fsl_str.c"
Invoking: MCU C Compiler
Building file: ../source/semihost_hardfault.c
arm-none-eabi-gcc -D__REDLIB__ -DCPU_MK64FN1M0VLL12 -DCPU_MK64FN1M0VLL12_cm4 -DSDK_OS_BAREMETAL -DSERIAL_PORT_TYPE_UART=1 -DSDK_DEBUGCONSOLE=0 -DCR_INTEGER_PRINTF -DPRINTF_FLOAT_ENABLE=0 -D__MCUXPRESSO -D__USE_CMSIS -DDEBUG -I"E:\MCO 556\Lab 3 - Creating a New Project\BlankProject\board" -I"E:\MCO 556\Lab 3 - Creating a New Project\BlankProject\source" -I"E:\MCO 556\Lab 3 - Creating a New Project\BlankProject\utilities" -I"E:\MCO 556\Lab 3 - Creating a New Project\BlankProject\drivers" -I"E:\MCO 556\Lab 3 - Creating a New Project\BlankProject\device" -I"E:\MCO 556\Lab 3 - Creating a New Project\BlankProject\component\serial_manager" -I"E:\MCO 556\Lab 3 - Creating a New Project\BlankProject\component\lists" -I"E:\MCO 556\Lab 3 - Creating a New Project\BlankProject\CMSIS" -I"E:\MCO 556\Lab 3 - Creating a New Project\BlankProject\component\uart" -O0 -fno-common -g3 -gdwarf-4 -Wall -c -ffunction-sections -fdata-sections -ffreestanding -fno-builtin -fmerge-constants -fmacro-prefix-map="../startup/"= -mcpu=cortex-m4 -mfpu=fpv4-sp-d16 -mfloat-abi=hard -mthumb -D__REDLIB__ -fstack-usage -specs=redlib.specs -MMD -MP -MF"startup/startup_mk64f12.d" -MT"startup/startup_mk64f12.o" -MT"startup/startup_mk64f12.d" -o "startup/startup_mk64f12.o" "../startup/startup_mk64f12.c"
arm-none-eabi-gcc -D__REDLIB__ -DCPU_MK64FN1M0VLL12 -DCPU_MK64FN1M0VLL12_cm4 -DSDK_OS_BAREMETAL -DSERIAL_PORT_TYPE_UART=1 -DSDK_DEBUGCONSOLE=0 -DCR_INTEGER_PRINTF -DPRINTF_FLOAT_ENABLE=0 -D__MCUXPRESSO -D__USE_CMSIS -DDEBUG -I"E:\MCO 556\Lab 3 - Creating a New Project\BlankProject\board" -I"E:\MCO 556\Lab 3 - Creating a New Project\BlankProject\source" -I"E:\MCO 556\Lab 3 - Creating a New Project\BlankProject\utilities" -I"E:\MCO 556\Lab 3 - Creating a New Project\BlankProject\drivers" -I"E:\MCO 556\Lab 3 - Creating a New Project\BlankProject\device" -I"E:\MCO 556\Lab 3 - Creating a New Project\BlankProject\component\serial_manager" -I"E:\MCO 556\Lab 3 - Creating a New Project\BlankProject\component\lists" -I"E:\MCO 556\Lab 3 - Creating a New Project\BlankProject\CMSIS" -I"E:\MCO 556\Lab 3 - Creating a New Project\BlankProject\component\uart" -O0 -fno-common -g3 -gdwarf-4 -Wall -c -ffunction-sections -fdata-sections -ffreestanding -fno-builtin -fmerge-constants -fmacro-prefix-map="../source/"= -mcpu=cortex-m4 -mfpu=fpv4-sp-d16 -mfloat-abi=hard -mthumb -D__REDLIB__ -fstack-usage -specs=redlib.specs -MMD -MP -MF"source/BlankProject.d" -MT"source/BlankProject.o" -MT"source/BlankProject.d" -o "source/BlankProject.o" "../source/BlankProject.c"
Building file: ../drivers/fsl_adc16.c
Invoking: MCU C Compiler
Building file: ../drivers/fsl_clock.c
arm-none-eabi-gcc -D__REDLIB__ -DCPU_MK64FN1M0VLL12 -DCPU_MK64FN1M0VLL12_cm4 -DSDK_OS_BAREMETAL -DSERIAL_PORT_TYPE_UART=1 -DSDK_DEBUGCONSOLE=0 -DCR_INTEGER_PRINTF -DPRINTF_FLOAT_ENABLE=0 -D__MCUXPRESSO -D__USE_CMSIS -DDEBUG -I"E:\MCO 556\Lab 3 - Creating a New Project\BlankProject\board" -I"E:\MCO 556\Lab 3 - Creating a New Project\BlankProject\source" -I"E:\MCO 556\Lab 3 - Creating a New Project\BlankProject\utilities" -I"E:\MCO 556\Lab 3 - Creating a New Project\BlankProject\drivers" -I"E:\MCO 556\Lab 3 - Creating a New Project\BlankProject\device" -I"E:\MCO 556\Lab 3 - Creating a New Project\BlankProject\component\serial_manager" -I"E:\MCO 556\Lab 3 - Creating a New Project\BlankProject\component\lists" -I"E:\MCO 556\Lab 3 - Creating a New Project\BlankProject\CMSIS" -I"E:\MCO 556\Lab 3 - Creating a New Project\BlankProject\component\uart" -O0 -fno-common -g3 -gdwarf-4 -Wall -c -ffunction-sections -fdata-sections -ffreestanding -fno-builtin -fmerge-constants -fmacro-prefix-map="../source/"= -mcpu=cortex-m4 -mfpu=fpv4-sp-d16 -mfloat-abi=hard -mthumb -D__REDLIB__ -fstack-usage -specs=redlib.specs -MMD -MP -MF"source/semihost_hardfault.d" -MT"source/semihost_hardfault.o" -MT"source/semihost_hardfault.d" -o "source/semihost_hardfault.o" "../source/semihost_hardfault.c"
Building file: ../drivers/fsl_common.c
Invoking: MCU C Compiler
arm-none-eabi-gcc -D__REDLIB__ -DCPU_MK64FN1M0VLL12 -DCPU_MK64FN1M0VLL12_cm4 -DSDK_OS_BAREMETAL -DSERIAL_PORT_TYPE_UART=1 -DSDK_DEBUGCONSOLE=0 -DCR_INTEGER_PRINTF -DPRINTF_FLOAT_ENABLE=0 -D__MCUXPRESSO -D__USE_CMSIS -DDEBUG -I"E:\MCO 556\Lab 3 - Creating a New Project\BlankProject\board" -I"E:\MCO 556\Lab 3 - Creating a New Project\BlankProject\source" -I"E:\MCO 556\Lab 3 - Creating a New Project\BlankProject\utilities" -I"E:\MCO 556\Lab 3 - Creating a New Project\BlankProject\drivers" -I"E:\MCO 556\Lab 3 - Creating a New Project\BlankProject\device" -I"E:\MCO 556\Lab 3 - Creating a New Project\BlankProject\component\serial_manager" -I"E:\MCO 556\Lab 3 - Creating a New Project\BlankProject\component\lists" -I"E:\MCO 556\Lab 3 - Creating a New Project\BlankProject\CMSIS" -I"E:\MCO 556\Lab 3 - Creating a New Project\BlankProject\component\uart" -O0 -fno-common -g3 -gdwarf-4 -Wall -c -ffunction-sections -fdata-sections -ffreestanding -fno-builtin -fmerge-constants -fmacro-prefix-map="../drivers/"= -mcpu=cortex-m4 -mfpu=fpv4-sp-d16 -mfloat-abi=hard -mthumb -D__REDLIB__ -fstack-usage -specs=redlib.specs -MMD -MP -MF"drivers/fsl_adc16.d" -MT"drivers/fsl_adc16.o" -MT"drivers/fsl_adc16.d" -o "drivers/fsl_adc16.o" "../drivers/fsl_adc16.c"
Invoking: MCU C Compiler
Invoking: MCU C Compiler
arm-none-eabi-gcc -D__REDLIB__ -DCPU_MK64FN1M0VLL12 -DCPU_MK64FN1M0VLL12_cm4 -DSDK_OS_BAREMETAL -DSERIAL_PORT_TYPE_UART=1 -DSDK_DEBUGCONSOLE=0 -DCR_INTEGER_PRINTF -DPRINTF_FLOAT_ENABLE=0 -D__MCUXPRESSO -D__USE_CMSIS -DDEBUG -I"E:\MCO 556\Lab 3 - Creating a New Project\BlankProject\board" -I"E:\MCO 556\Lab 3 - Creating a New Project\BlankProject\source" -I"E:\MCO 556\Lab 3 - Creating a New Project\BlankProject\utilities" -I"E:\MCO 556\Lab 3 - Creating a New Project\BlankProject\drivers" -I"E:\MCO 556\Lab 3 - Creating a New Project\BlankProject\device" -I"E:\MCO 556\Lab 3 - Creating a New Project\BlankProject\component\serial_manager" -I"E:\MCO 556\Lab 3 - Creating a New Project\BlankProject\component\lists" -I"E:\MCO 556\Lab 3 - Creating a New Project\BlankProject\CMSIS" -I"E:\MCO 556\Lab 3 - Creating a New Project\BlankProject\component\uart" -O0 -fno-common -g3 -gdwarf-4 -Wall -c -ffunction-sections -fdata-sections -ffreestanding -fno-builtin -fmerge-constants -fmacro-prefix-map="../drivers/"= -mcpu=cortex-m4 -mfpu=fpv4-sp-d16 -mfloat-abi=hard -mthumb -D__REDLIB__ -fstack-usage -specs=redlib.specs -MMD -MP -MF"drivers/fsl_common.d" -MT"drivers/fsl_common.o" -MT"drivers/fsl_common.d" -o "drivers/fsl_common.o" "../drivers/fsl_common.c"
arm-none-eabi-gcc -D__REDLIB__ -DCPU_MK64FN1M0VLL12 -DCPU_MK64FN1M0VLL12_cm4 -DSDK_OS_BAREMETAL -DSERIAL_PORT_TYPE_UART=1 -DSDK_DEBUGCONSOLE=0 -DCR_INTEGER_PRINTF -DPRINTF_FLOAT_ENABLE=0 -D__MCUXPRESSO -D__USE_CMSIS -DDEBUG -I"E:\MCO 556\Lab 3 - Creating a New Project\BlankProject\board" -I"E:\MCO 556\Lab 3 - Creating a New Project\BlankProject\source" -I"E:\MCO 556\Lab 3 - Creating a New Project\BlankProject\utilities" -I"E:\MCO 556\Lab 3 - Creating a New Project\BlankProject\drivers" -I"E:\MCO 556\Lab 3 - Creating a New Project\BlankProject\device" -I"E:\MCO 556\Lab 3 - Creating a New Project\BlankProject\component\serial_manager" -I"E:\MCO 556\Lab 3 - Creating a New Project\BlankProject\component\lists" -I"E:\MCO 556\Lab 3 - Creating a New Project\BlankProject\CMSIS" -I"E:\MCO 556\Lab 3 - Creating a New Project\BlankProject\component\uart" -O0 -fno-common -g3 -gdwarf-4 -Wall -c -ffunction-sections -fdata-sections -ffreestanding -fno-builtin -fmerge-constants -fmacro-prefix-map="../drivers/"= -mcpu=cortex-m4 -mfpu=fpv4-sp-d16 -mfloat-abi=hard -mthumb -D__REDLIB__ -fstack-usage -specs=redlib.specs -MMD -MP -MF"drivers/fsl_clock.d" -MT"drivers/fsl_clock.o" -MT"drivers/fsl_clock.d" -o "drivers/fsl_clock.o" "../drivers/fsl_clock.c"
Finished building: ../source/semihost_hardfault.c
 
Building file: ../drivers/fsl_common_arm.c
Invoking: MCU C Compiler
arm-none-eabi-gcc -D__REDLIB__ -DCPU_MK64FN1M0VLL12 -DCPU_MK64FN1M0VLL12_cm4 -DSDK_OS_BAREMETAL -DSERIAL_PORT_TYPE_UART=1 -DSDK_DEBUGCONSOLE=0 -DCR_INTEGER_PRINTF -DPRINTF_FLOAT_ENABLE=0 -D__MCUXPRESSO -D__USE_CMSIS -DDEBUG -I"E:\MCO 556\Lab 3 - Creating a New Project\BlankProject\board" -I"E:\MCO 556\Lab 3 - Creating a New Project\BlankProject\source" -I"E:\MCO 556\Lab 3 - Creating a New Project\BlankProject\utilities" -I"E:\MCO 556\Lab 3 - Creating a New Project\BlankProject\drivers" -I"E:\MCO 556\Lab 3 - Creating a New Project\BlankProject\device" -I"E:\MCO 556\Lab 3 - Creating a New Project\BlankProject\component\serial_manager" -I"E:\MCO 556\Lab 3 - Creating a New Project\BlankProject\component\lists" -I"E:\MCO 556\Lab 3 - Creating a New Project\BlankProject\CMSIS" -I"E:\MCO 556\Lab 3 - Creating a New Project\BlankProject\component\uart" -O0 -fno-common -g3 -gdwarf-4 -Wall -c -ffunction-sections -fdata-sections -ffreestanding -fno-builtin -fmerge-constants -fmacro-prefix-map="../drivers/"= -mcpu=cortex-m4 -mfpu=fpv4-sp-d16 -mfloat-abi=hard -mthumb -D__REDLIB__ -fstack-usage -specs=redlib.specs -MMD -MP -MF"drivers/fsl_common_arm.d" -MT"drivers/fsl_common_arm.o" -MT"drivers/fsl_common_arm.d" -o "drivers/fsl_common_arm.o" "../drivers/fsl_common_arm.c"
Finished building: ../startup/startup_mk64f12.c
 
Building file: ../drivers/fsl_gpio.c
Invoking: MCU C Compiler
arm-none-eabi-gcc -D__REDLIB__ -DCPU_MK64FN1M0VLL12 -DCPU_MK64FN1M0VLL12_cm4 -DSDK_OS_BAREMETAL -DSERIAL_PORT_TYPE_UART=1 -DSDK_DEBUGCONSOLE=0 -DCR_INTEGER_PRINTF -DPRINTF_FLOAT_ENABLE=0 -D__MCUXPRESSO -D__USE_CMSIS -DDEBUG -I"E:\MCO 556\Lab 3 - Creating a New Project\BlankProject\board" -I"E:\MCO 556\Lab 3 - Creating a New Project\BlankProject\source" -I"E:\MCO 556\Lab 3 - Creating a New Project\BlankProject\utilities" -I"E:\MCO 556\Lab 3 - Creating a New Project\BlankProject\drivers" -I"E:\MCO 556\Lab 3 - Creating a New Project\BlankProject\device" -I"E:\MCO 556\Lab 3 - Creating a New Project\BlankProject\component\serial_manager" -I"E:\MCO 556\Lab 3 - Creating a New Project\BlankProject\component\lists" -I"E:\MCO 556\Lab 3 - Creating a New Project\BlankProject\CMSIS" -I"E:\MCO 556\Lab 3 - Creating a New Project\BlankProject\component\uart" -O0 -fno-common -g3 -gdwarf-4 -Wall -c -ffunction-sections -fdata-sections -ffreestanding -fno-builtin -fmerge-constants -fmacro-prefix-map="../drivers/"= -mcpu=cortex-m4 -mfpu=fpv4-sp-d16 -mfloat-abi=hard -mthumb -D__REDLIB__ -fstack-usage -specs=redlib.specs -MMD -MP -MF"drivers/fsl_gpio.d" -MT"drivers/fsl_gpio.o" -MT"drivers/fsl_gpio.d" -o "drivers/fsl_gpio.o" "../drivers/fsl_gpio.c"
Finished building: ../drivers/fsl_common.c
 
Finished building: ../drivers/fsl_adc16.c
Finished building: ../utilities/fsl_str.c
Building file: ../drivers/fsl_i2c.c
Finished building: ../drivers/fsl_common_arm.c
Finished building: ../source/BlankProject.c
 
 
Invoking: MCU C Compiler
arm-none-eabi-gcc -D__REDLIB__ -DCPU_MK64FN1M0VLL12 -DCPU_MK64FN1M0VLL12_cm4 -DSDK_OS_BAREMETAL -DSERIAL_PORT_TYPE_UART=1 -DSDK_DEBUGCONSOLE=0 -DCR_INTEGER_PRINTF -DPRINTF_FLOAT_ENABLE=0 -D__MCUXPRESSO -D__USE_CMSIS -DDEBUG -I"E:\MCO 556\Lab 3 - Creating a New Project\BlankProject\board" -I"E:\MCO 556\Lab 3 - Creating a New Project\BlankProject\source" -I"E:\MCO 556\Lab 3 - Creating a New Project\BlankProject\utilities" -I"E:\MCO 556\Lab 3 - Creating a New Project\BlankProject\drivers" -I"E:\MCO 556\Lab 3 - Creating a New Project\BlankProject\device" -I"E:\MCO 556\Lab 3 - Creating a New Project\BlankProject\component\serial_manager" -I"E:\MCO 556\Lab 3 - Creating a New Project\BlankProject\component\lists" -I"E:\MCO 556\Lab 3 - Creating a New Project\BlankProject\CMSIS" -I"E:\MCO 556\Lab 3 - Creating a New Project\BlankProject\component\uart" -O0 -fno-common -g3 -gdwarf-4 -Wall -c -ffunction-sections -fdata-sections -ffreestanding -fno-builtin -fmerge-constants -fmacro-prefix-map="../drivers/"= -mcpu=cortex-m4 -mfpu=fpv4-sp-d16 -mfloat-abi=hard -mthumb -D__REDLIB__ -fstack-usage -specs=redlib.specs -MMD -MP -MF"drivers/fsl_i2c.d" -MT"drivers/fsl_i2c.o" -MT"drivers/fsl_i2c.d" -o "drivers/fsl_i2c.o" "../drivers/fsl_i2c.c"
 
 
Building file: ../drivers/fsl_smc.c
Finished building: ../utilities/fsl_debug_console.c
Finished building: ../drivers/fsl_clock.c
Building file: ../drivers/fsl_uart.c
Invoking: MCU C Compiler
Building file: ../device/system_MK64F12.c
arm-none-eabi-gcc -D__REDLIB__ -DCPU_MK64FN1M0VLL12 -DCPU_MK64FN1M0VLL12_cm4 -DSDK_OS_BAREMETAL -DSERIAL_PORT_TYPE_UART=1 -DSDK_DEBUGCONSOLE=0 -DCR_INTEGER_PRINTF -DPRINTF_FLOAT_ENABLE=0 -D__MCUXPRESSO -D__USE_CMSIS -DDEBUG -I"E:\MCO 556\Lab 3 - Creating a New Project\BlankProject\board" -I"E:\MCO 556\Lab 3 - Creating a New Project\BlankProject\source" -I"E:\MCO 556\Lab 3 - Creating a New Project\BlankProject\utilities" -I"E:\MCO 556\Lab 3 - Creating a New Project\BlankProject\drivers" -I"E:\MCO 556\Lab 3 - Creating a New Project\BlankProject\device" -I"E:\MCO 556\Lab 3 - Creating a New Project\BlankProject\component\serial_manager" -I"E:\MCO 556\Lab 3 - Creating a New Project\BlankProject\component\lists" -I"E:\MCO 556\Lab 3 - Creating a New Project\BlankProject\CMSIS" -I"E:\MCO 556\Lab 3 - Creating a New Project\BlankProject\component\uart" -O0 -fno-common -g3 -gdwarf-4 -Wall -c -ffunction-sections -fdata-sections -ffreestanding -fno-builtin -fmerge-constants -fmacro-prefix-map="../drivers/"= -mcpu=cortex-m4 -mfpu=fpv4-sp-d16 -mfloat-abi=hard -mthumb -D__REDLIB__ -fstack-usage -specs=redlib.specs -MMD -MP -MF"drivers/fsl_smc.d" -MT"drivers/fsl_smc.o" -MT"drivers/fsl_smc.d" -o "drivers/fsl_smc.o" "../drivers/fsl_smc.c"
Building file: ../component/uart/fsl_adapter_uart.c
 
 
Invoking: MCU C Compiler
Invoking: MCU C Compiler
Invoking: MCU C Compiler
arm-none-eabi-gcc -D__REDLIB__ -DCPU_MK64FN1M0VLL12 -DCPU_MK64FN1M0VLL12_cm4 -DSDK_OS_BAREMETAL -DSERIAL_PORT_TYPE_UART=1 -DSDK_DEBUGCONSOLE=0 -DCR_INTEGER_PRINTF -DPRINTF_FLOAT_ENABLE=0 -D__MCUXPRESSO -D__USE_CMSIS -DDEBUG -I"E:\MCO 556\Lab 3 - Creating a New Project\BlankProject\board" -I"E:\MCO 556\Lab 3 - Creating a New Project\BlankProject\source" -I"E:\MCO 556\Lab 3 - Creating a New Project\BlankProject\utilities" -I"E:\MCO 556\Lab 3 - Creating a New Project\BlankProject\drivers" -I"E:\MCO 556\Lab 3 - Creating a New Project\BlankProject\device" -I"E:\MCO 556\Lab 3 - Creating a New Project\BlankProject\component\serial_manager" -I"E:\MCO 556\Lab 3 - Creating a New Project\BlankProject\component\lists" -I"E:\MCO 556\Lab 3 - Creating a New Project\BlankProject\CMSIS" -I"E:\MCO 556\Lab 3 - Creating a New Project\BlankProject\component\uart" -O0 -fno-common -g3 -gdwarf-4 -Wall -c -ffunction-sections -fdata-sections -ffreestanding -fno-builtin -fmerge-constants -fmacro-prefix-map="../drivers/"= -mcpu=cortex-m4 -mfpu=fpv4-sp-d16 -mfloat-abi=hard -mthumb -D__REDLIB__ -fstack-usage -specs=redlib.specs -MMD -MP -MF"drivers/fsl_uart.d" -MT"drivers/fsl_uart.o" -MT"drivers/fsl_uart.d" -o "drivers/fsl_uart.o" "../drivers/fsl_uart.c"
arm-none-eabi-gcc -D__REDLIB__ -DCPU_MK64FN1M0VLL12 -DCPU_MK64FN1M0VLL12_cm4 -DSDK_OS_BAREMETAL -DSERIAL_PORT_TYPE_UART=1 -DSDK_DEBUGCONSOLE=0 -DCR_INTEGER_PRINTF -DPRINTF_FLOAT_ENABLE=0 -D__MCUXPRESSO -D__USE_CMSIS -DDEBUG -I"E:\MCO 556\Lab 3 - Creating a New Project\BlankProject\board" -I"E:\MCO 556\Lab 3 - Creating a New Project\BlankProject\source" -I"E:\MCO 556\Lab 3 - Creating a New Project\BlankProject\utilities" -I"E:\MCO 556\Lab 3 - Creating a New Project\BlankProject\drivers" -I"E:\MCO 556\Lab 3 - Creating a New Project\BlankProject\device" -I"E:\MCO 556\Lab 3 - Creating a New Project\BlankProject\component\serial_manager" -I"E:\MCO 556\Lab 3 - Creating a New Project\BlankProject\component\lists" -I"E:\MCO 556\Lab 3 - Creating a New Project\BlankProject\CMSIS" -I"E:\MCO 556\Lab 3 - Creating a New Project\BlankProject\component\uart" -O0 -fno-common -g3 -gdwarf-4 -Wall -c -ffunction-sections -fdata-sections -ffreestanding -fno-builtin -fmerge-constants -fmacro-prefix-map="../device/"= -mcpu=cortex-m4 -mfpu=fpv4-sp-d16 -mfloat-abi=hard -mthumb -D__REDLIB__ -fstack-usage -specs=redlib.specs -MMD -MP -MF"device/system_MK64F12.d" -MT"device/system_MK64F12.o" -MT"device/system_MK64F12.d" -o "device/system_MK64F12.o" "../device/system_MK64F12.c"
Building file: ../component/serial_manager/fsl_component_serial_manager.c
arm-none-eabi-gcc -D__REDLIB__ -DCPU_MK64FN1M0VLL12 -DCPU_MK64FN1M0VLL12_cm4 -DSDK_OS_BAREMETAL -DSERIAL_PORT_TYPE_UART=1 -DSDK_DEBUGCONSOLE=0 -DCR_INTEGER_PRINTF -DPRINTF_FLOAT_ENABLE=0 -D__MCUXPRESSO -D__USE_CMSIS -DDEBUG -I"E:\MCO 556\Lab 3 - Creating a New Project\BlankProject\board" -I"E:\MCO 556\Lab 3 - Creating a New Project\BlankProject\source" -I"E:\MCO 556\Lab 3 - Creating a New Project\BlankProject\utilities" -I"E:\MCO 556\Lab 3 - Creating a New Project\BlankProject\drivers" -I"E:\MCO 556\Lab 3 - Creating a New Project\BlankProject\device" -I"E:\MCO 556\Lab 3 - Creating a New Project\BlankProject\component\serial_manager" -I"E:\MCO 556\Lab 3 - Creating a New Project\BlankProject\component\lists" -I"E:\MCO 556\Lab 3 - Creating a New Project\BlankProject\CMSIS" -I"E:\MCO 556\Lab 3 - Creating a New Project\BlankProject\component\uart" -O0 -fno-common -g3 -gdwarf-4 -Wall -c -ffunction-sections -fdata-sections -ffreestanding -fno-builtin -fmerge-constants -fmacro-prefix-map="../component/uart/"= -mcpu=cortex-m4 -mfpu=fpv4-sp-d16 -mfloat-abi=hard -mthumb -D__REDLIB__ -fstack-usage -specs=redlib.specs -MMD -MP -MF"component/uart/fsl_adapter_uart.d" -MT"component/uart/fsl_adapter_uart.o" -MT"component/uart/fsl_adapter_uart.d" -o "component/uart/fsl_adapter_uart.o" "../component/uart/fsl_adapter_uart.c"
Invoking: MCU C Compiler
arm-none-eabi-gcc -D__REDLIB__ -DCPU_MK64FN1M0VLL12 -DCPU_MK64FN1M0VLL12_cm4 -DSDK_OS_BAREMETAL -DSERIAL_PORT_TYPE_UART=1 -DSDK_DEBUGCONSOLE=0 -DCR_INTEGER_PRINTF -DPRINTF_FLOAT_ENABLE=0 -D__MCUXPRESSO -D__USE_CMSIS -DDEBUG -I"E:\MCO 556\Lab 3 - Creating a New Project\BlankProject\board" -I"E:\MCO 556\Lab 3 - Creating a New Project\BlankProject\source" -I"E:\MCO 556\Lab 3 - Creating a New Project\BlankProject\utilities" -I"E:\MCO 556\Lab 3 - Creating a New Project\BlankProject\drivers" -I"E:\MCO 556\Lab 3 - Creating a New Project\BlankProject\device" -I"E:\MCO 556\Lab 3 - Creating a New Project\BlankProject\component\serial_manager" -I"E:\MCO 556\Lab 3 - Creating a New Project\BlankProject\component\lists" -I"E:\MCO 556\Lab 3 - Creating a New Project\BlankProject\CMSIS" -I"E:\MCO 556\Lab 3 - Creating a New Project\BlankProject\component\uart" -O0 -fno-common -g3 -gdwarf-4 -Wall -c -ffunction-sections -fdata-sections -ffreestanding -fno-builtin -fmerge-constants -fmacro-prefix-map="../component/serial_manager/"= -mcpu=cortex-m4 -mfpu=fpv4-sp-d16 -mfloat-abi=hard -mthumb -D__REDLIB__ -fstack-usage -specs=redlib.specs -MMD -MP -MF"component/serial_manager/fsl_component_serial_manager.d" -MT"component/serial_manager/fsl_component_serial_manager.o" -MT"component/serial_manager/fsl_component_serial_manager.d" -o "component/serial_manager/fsl_component_serial_manager.o" "../component/serial_manager/fsl_component_serial_manager.c"
Building file: ../component/serial_manager/fsl_component_serial_port_uart.c
Invoking: MCU C Compiler
arm-none-eabi-gcc -D__REDLIB__ -DCPU_MK64FN1M0VLL12 -DCPU_MK64FN1M0VLL12_cm4 -DSDK_OS_BAREMETAL -DSERIAL_PORT_TYPE_UART=1 -DSDK_DEBUGCONSOLE=0 -DCR_INTEGER_PRINTF -DPRINTF_FLOAT_ENABLE=0 -D__MCUXPRESSO -D__USE_CMSIS -DDEBUG -I"E:\MCO 556\Lab 3 - Creating a New Project\BlankProject\board" -I"E:\MCO 556\Lab 3 - Creating a New Project\BlankProject\source" -I"E:\MCO 556\Lab 3 - Creating a New Project\BlankProject\utilities" -I"E:\MCO 556\Lab 3 - Creating a New Project\BlankProject\drivers" -I"E:\MCO 556\Lab 3 - Creating a New Project\BlankProject\device" -I"E:\MCO 556\Lab 3 - Creating a New Project\BlankProject\component\serial_manager" -I"E:\MCO 556\Lab 3 - Creating a New Project\BlankProject\component\lists" -I"E:\MCO 556\Lab 3 - Creating a New Project\BlankProject\CMSIS" -I"E:\MCO 556\Lab 3 - Creating a New Project\BlankProject\component\uart" -O0 -fno-common -g3 -gdwarf-4 -Wall -c -ffunction-sections -fdata-sections -ffreestanding -fno-builtin -fmerge-constants -fmacro-prefix-map="../component/serial_manager/"= -mcpu=cortex-m4 -mfpu=fpv4-sp-d16 -mfloat-abi=hard -mthumb -D__REDLIB__ -fstack-usage -specs=redlib.specs -MMD -MP -MF"component/serial_manager/fsl_component_serial_port_uart.d" -MT"component/serial_manager/fsl_component_serial_port_uart.o" -MT"component/serial_manager/fsl_component_serial_port_uart.d" -o "component/serial_manager/fsl_component_serial_port_uart.o" "../component/serial_manager/fsl_component_serial_port_uart.c"
Finished building: ../drivers/fsl_gpio.c
 
Building file: ../component/lists/fsl_component_generic_list.c
Invoking: MCU C Compiler
arm-none-eabi-gcc -D__REDLIB__ -DCPU_MK64FN1M0VLL12 -DCPU_MK64FN1M0VLL12_cm4 -DSDK_OS_BAREMETAL -DSERIAL_PORT_TYPE_UART=1 -DSDK_DEBUGCONSOLE=0 -DCR_INTEGER_PRINTF -DPRINTF_FLOAT_ENABLE=0 -D__MCUXPRESSO -D__USE_CMSIS -DDEBUG -I"E:\MCO 556\Lab 3 - Creating a New Project\BlankProject\board" -I"E:\MCO 556\Lab 3 - Creating a New Project\BlankProject\source" -I"E:\MCO 556\Lab 3 - Creating a New Project\BlankProject\utilities" -I"E:\MCO 556\Lab 3 - Creating a New Project\BlankProject\drivers" -I"E:\MCO 556\Lab 3 - Creating a New Project\BlankProject\device" -I"E:\MCO 556\Lab 3 - Creating a New Project\BlankProject\component\serial_manager" -I"E:\MCO 556\Lab 3 - Creating a New Project\BlankProject\component\lists" -I"E:\MCO 556\Lab 3 - Creating a New Project\BlankProject\CMSIS" -I"E:\MCO 556\Lab 3 - Creating a New Project\BlankProject\component\uart" -O0 -fno-common -g3 -gdwarf-4 -Wall -c -ffunction-sections -fdata-sections -ffreestanding -fno-builtin -fmerge-constants -fmacro-prefix-map="../component/lists/"= -mcpu=cortex-m4 -mfpu=fpv4-sp-d16 -mfloat-abi=hard -mthumb -D__REDLIB__ -fstack-usage -specs=redlib.specs -MMD -MP -MF"component/lists/fsl_component_generic_list.d" -MT"component/lists/fsl_component_generic_list.o" -MT"component/lists/fsl_component_generic_list.d" -o "component/lists/fsl_component_generic_list.o" "../component/lists/fsl_component_generic_list.c"
Finished building: ../drivers/fsl_smc.c
Finished building: ../device/system_MK64F12.c
Finished building: ../component/uart/fsl_adapter_uart.c
 
 
 
Building file: ../board/board.c
Building file: ../board/clock_config.c
Building file: ../board/peripherals.c
Invoking: MCU C Compiler
arm-none-eabi-gcc -D__REDLIB__ -DCPU_MK64FN1M0VLL12 -DCPU_MK64FN1M0VLL12_cm4 -DSDK_OS_BAREMETAL -DSERIAL_PORT_TYPE_UART=1 -DSDK_DEBUGCONSOLE=0 -DCR_INTEGER_PRINTF -DPRINTF_FLOAT_ENABLE=0 -D__MCUXPRESSO -D__USE_CMSIS -DDEBUG -I"E:\MCO 556\Lab 3 - Creating a New Project\BlankProject\board" -I"E:\MCO 556\Lab 3 - Creating a New Project\BlankProject\source" -I"E:\MCO 556\Lab 3 - Creating a New Project\BlankProject\utilities" -I"E:\MCO 556\Lab 3 - Creating a New Project\BlankProject\drivers" -I"E:\MCO 556\Lab 3 - Creating a New Project\BlankProject\device" -I"E:\MCO 556\Lab 3 - Creating a New Project\BlankProject\component\serial_manager" -I"E:\MCO 556\Lab 3 - Creating a New Project\BlankProject\component\lists" -I"E:\MCO 556\Lab 3 - Creating a New Project\BlankProject\CMSIS" -I"E:\MCO 556\Lab 3 - Creating a New Project\BlankProject\component\uart" -O0 -fno-common -g3 -gdwarf-4 -Wall -c -ffunction-sections -fdata-sections -ffreestanding -fno-builtin -fmerge-constants -fmacro-prefix-map="../board/"= -mcpu=cortex-m4 -mfpu=fpv4-sp-d16 -mfloat-abi=hard -mthumb -D__REDLIB__ -fstack-usage -specs=redlib.specs -MMD -MP -MF"board/board.d" -MT"board/board.o" -MT"board/board.d" -o "board/board.o" "../board/board.c"
Finished building: ../component/serial_manager/fsl_component_serial_manager.c
Invoking: MCU C Compiler
 
Finished building: ../drivers/fsl_i2c.c
arm-none-eabi-gcc -D__REDLIB__ -DCPU_MK64FN1M0VLL12 -DCPU_MK64FN1M0VLL12_cm4 -DSDK_OS_BAREMETAL -DSERIAL_PORT_TYPE_UART=1 -DSDK_DEBUGCONSOLE=0 -DCR_INTEGER_PRINTF -DPRINTF_FLOAT_ENABLE=0 -D__MCUXPRESSO -D__USE_CMSIS -DDEBUG -I"E:\MCO 556\Lab 3 - Creating a New Project\BlankProject\board" -I"E:\MCO 556\Lab 3 - Creating a New Project\BlankProject\source" -I"E:\MCO 556\Lab 3 - Creating a New Project\BlankProject\utilities" -I"E:\MCO 556\Lab 3 - Creating a New Project\BlankProject\drivers" -I"E:\MCO 556\Lab 3 - Creating a New Project\BlankProject\device" -I"E:\MCO 556\Lab 3 - Creating a New Project\BlankProject\component\serial_manager" -I"E:\MCO 556\Lab 3 - Creating a New Project\BlankProject\component\lists" -I"E:\MCO 556\Lab 3 - Creating a New Project\BlankProject\CMSIS" -I"E:\MCO 556\Lab 3 - Creating a New Project\BlankProject\component\uart" -O0 -fno-common -g3 -gdwarf-4 -Wall -c -ffunction-sections -fdata-sections -ffreestanding -fno-builtin -fmerge-constants -fmacro-prefix-map="../board/"= -mcpu=cortex-m4 -mfpu=fpv4-sp-d16 -mfloat-abi=hard -mthumb -D__REDLIB__ -fstack-usage -specs=redlib.specs -MMD -MP -MF"board/clock_config.d" -MT"board/clock_config.o" -MT"board/clock_config.d" -o "board/clock_config.o" "../board/clock_config.c"
Finished building: ../drivers/fsl_uart.c
Finished building: ../component/serial_manager/fsl_component_serial_port_uart.c
Invoking: MCU C Compiler
arm-none-eabi-gcc -D__REDLIB__ -DCPU_MK64FN1M0VLL12 -DCPU_MK64FN1M0VLL12_cm4 -DSDK_OS_BAREMETAL -DSERIAL_PORT_TYPE_UART=1 -DSDK_DEBUGCONSOLE=0 -DCR_INTEGER_PRINTF -DPRINTF_FLOAT_ENABLE=0 -D__MCUXPRESSO -D__USE_CMSIS -DDEBUG -I"E:\MCO 556\Lab 3 - Creating a New Project\BlankProject\board" -I"E:\MCO 556\Lab 3 - Creating a New Project\BlankProject\source" -I"E:\MCO 556\Lab 3 - Creating a New Project\BlankProject\utilities" -I"E:\MCO 556\Lab 3 - Creating a New Project\BlankProject\drivers" -I"E:\MCO 556\Lab 3 - Creating a New Project\BlankProject\device" -I"E:\MCO 556\Lab 3 - Creating a New Project\BlankProject\component\serial_manager" -I"E:\MCO 556\Lab 3 - Creating a New Project\BlankProject\component\lists" -I"E:\MCO 556\Lab 3 - Creating a New Project\BlankProject\CMSIS" -I"E:\MCO 556\Lab 3 - Creating a New Project\BlankProject\component\uart" -O0 -fno-common -g3 -gdwarf-4 -Wall -c -ffunction-sections -fdata-sections -ffreestanding -fno-builtin -fmerge-constants -fmacro-prefix-map="../board/"= -mcpu=cortex-m4 -mfpu=fpv4-sp-d16 -mfloat-abi=hard -mthumb -D__REDLIB__ -fstack-usage -specs=redlib.specs -MMD -MP -MF"board/peripherals.d" -MT"board/peripherals.o" -MT"board/peripherals.d" -o "board/peripherals.o" "../board/peripherals.c"
 
 
Building file: ../board/pin_mux.c
 
Invoking: MCU C Compiler
arm-none-eabi-gcc -D__REDLIB__ -DCPU_MK64FN1M0VLL12 -DCPU_MK64FN1M0VLL12_cm4 -DSDK_OS_BAREMETAL -DSERIAL_PORT_TYPE_UART=1 -DSDK_DEBUGCONSOLE=0 -DCR_INTEGER_PRINTF -DPRINTF_FLOAT_ENABLE=0 -D__MCUXPRESSO -D__USE_CMSIS -DDEBUG -I"E:\MCO 556\Lab 3 - Creating a New Project\BlankProject\board" -I"E:\MCO 556\Lab 3 - Creating a New Project\BlankProject\source" -I"E:\MCO 556\Lab 3 - Creating a New Project\BlankProject\utilities" -I"E:\MCO 556\Lab 3 - Creating a New Project\BlankProject\drivers" -I"E:\MCO 556\Lab 3 - Creating a New Project\BlankProject\device" -I"E:\MCO 556\Lab 3 - Creating a New Project\BlankProject\component\serial_manager" -I"E:\MCO 556\Lab 3 - Creating a New Project\BlankProject\component\lists" -I"E:\MCO 556\Lab 3 - Creating a New Project\BlankProject\CMSIS" -I"E:\MCO 556\Lab 3 - Creating a New Project\BlankProject\component\uart" -O0 -fno-common -g3 -gdwarf-4 -Wall -c -ffunction-sections -fdata-sections -ffreestanding -fno-builtin -fmerge-constants -fmacro-prefix-map="../board/"= -mcpu=cortex-m4 -mfpu=fpv4-sp-d16 -mfloat-abi=hard -mthumb -D__REDLIB__ -fstack-usage -specs=redlib.specs -MMD -MP -MF"board/pin_mux.d" -MT"board/pin_mux.o" -MT"board/pin_mux.d" -o "board/pin_mux.o" "../board/pin_mux.c"
Finished building: ../component/lists/fsl_component_generic_list.c
 
Finished building: ../board/peripherals.c
 
Finished building: ../board/board.c
 
Finished building: ../board/clock_config.c
 
Finished building: ../board/pin_mux.c
 
Building target: BlankProject.axf
Invoking: MCU Linker
arm-none-eabi-gcc -nostdlib -Xlinker -Map="BlankProject.map" -Xlinker --gc-sections -Xlinker -print-memory-usage -Xlinker --sort-section=alignment -Xlinker --cref -mcpu=cortex-m4 -mfpu=fpv4-sp-d16 -mfloat-abi=hard -mthumb -T BlankProject_Debug.ld -o "BlankProject.axf" ./utilities/fsl_debug_console.o ./utilities/fsl_str.o  ./startup/startup_mk64f12.o  ./source/BlankProject.o ./source/semihost_hardfault.o  ./drivers/fsl_adc16.o ./drivers/fsl_clock.o ./drivers/fsl_common.o ./drivers/fsl_common_arm.o ./drivers/fsl_gpio.o ./drivers/fsl_i2c.o ./drivers/fsl_smc.o ./drivers/fsl_uart.o  ./device/system_MK64F12.o  ./component/uart/fsl_adapter_uart.o  ./component/serial_manager/fsl_component_serial_manager.o ./component/serial_manager/fsl_component_serial_port_uart.o  ./component/lists/fsl_component_generic_list.o  ./board/board.o ./board/clock_config.o ./board/peripherals.o ./board/pin_mux.o   
Memory region         Used Size  Region Size  %age Used
   PROGRAM_FLASH:       11608 B         1 MB      1.11%
      SRAM_UPPER:        8464 B       192 KB      4.31%
      SRAM_LOWER:          0 GB        64 KB      0.00%
        FLEX_RAM:          0 GB         4 KB      0.00%
Finished building target: BlankProject.axf
 
Performing post-build steps
arm-none-eabi-size "BlankProject.axf"; # arm-none-eabi-objcopy -v -O binary "BlankProject.axf" "BlankProject.bin" ; # checksum -p MK64FN1M0xxx12 -d "BlankProject.bin";
   text	   data	    bss	    dec	    hex	filename
  11592	     16	   8448	  20056	   4e58	BlankProject.axf
 
13:39:49 **** Incremental Build of configuration Debug for project BlankProject ****
make -r -j8 all 
make[1]: Nothing to be done for 'main-build'.
Performing post-build steps
arm-none-eabi-size "BlankProject.axf"; # arm-none-eabi-objcopy -v -O binary "BlankProject.axf" "BlankProject.bin" ; # checksum -p MK64FN1M0xxx12 -d "BlankProject.bin";
   text	   data	    bss	    dec	    hex	filename
  11592	     16	   8448	  20056	   4e58	BlankProject.axf
 
08:28:13 **** Incremental Build of configuration Debug for project BlankProject ****
make -r -j8 all 
Building file: ../source/BlankProject.c
Invoking: MCU C Compiler
arm-none-eabi-gcc -D__REDLIB__ -DCPU_MK64FN1M0VLL12 -DCPU_MK64FN1M0VLL12_cm4 -DSDK_OS_BAREMETAL -DSERIAL_PORT_TYPE_UART=1 -DSDK_DEBUGCONSOLE=0 -DCR_INTEGER_PRINTF -DPRINTF_FLOAT_ENABLE=0 -D__MCUXPRESSO -D__USE_CMSIS -DDEBUG -I"E:\MCO 556\Lab 3 - Creating a New Project\BlankProject\board" -I"E:\MCO 556\Lab 3 - Creating a New Project\BlankProject\source" -I"E:\MCO 556\Lab 3 - Creating a New Project\BlankProject\utilities" -I"E:\MCO 556\Lab 3 - Creating a New Project\BlankProject\drivers" -I"E:\MCO 556\Lab 3 - Creating a New Project\BlankProject\device" -I"E:\MCO 556\Lab 3 - Creating a New Project\BlankProject\component\serial_manager" -I"E:\MCO 556\Lab 3 - Creating a New Project\BlankProject\component\lists" -I"E:\MCO 556\Lab 3 - Creating a New Project\BlankProject\CMSIS" -I"E:\MCO 556\Lab 3 - Creating a New Project\BlankProject\component\uart" -O0 -fno-common -g3 -gdwarf-4 -Wall -c -ffunction-sections -fdata-sections -ffreestanding -fno-builtin -fmerge-constants -fmacro-prefix-map="../source/"= -mcpu=cortex-m4 -mfpu=fpv4-sp-d16 -mfloat-abi=hard -mthumb -D__REDLIB__ -fstack-usage -specs=redlib.specs -MMD -MP -MF"source/BlankProject.d" -MT"source/BlankProject.o" -MT"source/BlankProject.d" -o "source/BlankProject.o" "../source/BlankProject.c"
../source/BlankProject.c: In function 'main':
../source/BlankProject.c:46:9: error: '_' undeclared (first use in this function)
   46 |         _//_asm volatile ("nop");
      |         ^
../source/BlankProject.c:46:9: note: each undeclared identifier is reported only once for each function it appears in
../source/BlankProject.c:46:10: error: expected ';' before '}' token
   46 |         _//_asm volatile ("nop");
      |          ^
      |          ;
   47 |     }
      |     ~     
make[1]: *** [source/subdir.mk:23: source/BlankProject.o] Error 1
make: *** [makefile:43: all] Error 2
"make -r -j8 all" terminated with exit code 2. Build might be incomplete.
08:28:24 **** Incremental Build of configuration Debug for project BlankProject ****
make -r -j8 all 
Building file: ../source/BlankProject.c
Invoking: MCU C Compiler
arm-none-eabi-gcc -D__REDLIB__ -DCPU_MK64FN1M0VLL12 -DCPU_MK64FN1M0VLL12_cm4 -DSDK_OS_BAREMETAL -DSERIAL_PORT_TYPE_UART=1 -DSDK_DEBUGCONSOLE=0 -DCR_INTEGER_PRINTF -DPRINTF_FLOAT_ENABLE=0 -D__MCUXPRESSO -D__USE_CMSIS -DDEBUG -I"E:\MCO 556\Lab 3 - Creating a New Project\BlankProject\board" -I"E:\MCO 556\Lab 3 - Creating a New Project\BlankProject\source" -I"E:\MCO 556\Lab 3 - Creating a New Project\BlankProject\utilities" -I"E:\MCO 556\Lab 3 - Creating a New Project\BlankProject\drivers" -I"E:\MCO 556\Lab 3 - Creating a New Project\BlankProject\device" -I"E:\MCO 556\Lab 3 - Creating a New Project\BlankProject\component\serial_manager" -I"E:\MCO 556\Lab 3 - Creating a New Project\BlankProject\component\lists" -I"E:\MCO 556\Lab 3 - Creating a New Project\BlankProject\CMSIS" -I"E:\MCO 556\Lab 3 - Creating a New Project\BlankProject\component\uart" -O0 -fno-common -g3 -gdwarf-4 -Wall -c -ffunction-sections -fdata-sections -ffreestanding -fno-builtin -fmerge-constants -fmacro-prefix-map="../source/"= -mcpu=cortex-m4 -mfpu=fpv4-sp-d16 -mfloat-abi=hard -mthumb -D__REDLIB__ -fstack-usage -specs=redlib.specs -MMD -MP -MF"source/BlankProject.d" -MT"source/BlankProject.o" -MT"source/BlankProject.d" -o "source/BlankProject.o" "../source/BlankProject.c"
Finished building: ../source/BlankProject.c
 
Building target: BlankProject.axf
Invoking: MCU Linker
arm-none-eabi-gcc -nostdlib -Xlinker -Map="BlankProject.map" -Xlinker --gc-sections -Xlinker -print-memory-usage -Xlinker --sort-section=alignment -Xlinker --cref -mcpu=cortex-m4 -mfpu=fpv4-sp-d16 -mfloat-abi=hard -mthumb -T BlankProject_Debug.ld -o "BlankProject.axf" ./utilities/fsl_debug_console.o ./utilities/fsl_str.o  ./startup/startup_mk64f12.o  ./source/BlankProject.o ./source/semihost_hardfault.o  ./drivers/fsl_adc16.o ./drivers/fsl_clock.o ./drivers/fsl_common.o ./drivers/fsl_common_arm.o ./drivers/fsl_gpio.o ./drivers/fsl_i2c.o ./drivers/fsl_smc.o ./drivers/fsl_uart.o  ./device/system_MK64F12.o  ./component/uart/fsl_adapter_uart.o  ./component/serial_manager/fsl_component_serial_manager.o ./component/serial_manager/fsl_component_serial_port_uart.o  ./component/lists/fsl_component_generic_list.o  ./board/board.o ./board/clock_config.o ./board/peripherals.o ./board/pin_mux.o   
Memory region         Used Size  Region Size  %age Used
   PROGRAM_FLASH:       11608 B         1 MB      1.11%
      SRAM_UPPER:        8464 B       192 KB      4.31%
      SRAM_LOWER:          0 GB        64 KB      0.00%
        FLEX_RAM:          0 GB         4 KB      0.00%
Finished building target: BlankProject.axf
 
Performing post-build steps
arm-none-eabi-size "BlankProject.axf"; # arm-none-eabi-objcopy -v -O binary "BlankProject.axf" "BlankProject.bin" ; # checksum -p MK64FN1M0xxx12 -d "BlankProject.bin";
   text	   data	    bss	    dec	    hex	filename
  11592	     16	   8448	  20056	   4e58	BlankProject.axf
 
08:28:31 **** Incremental Build of configuration Debug for project BlankProject ****
make -r -j8 all 
make[1]: Nothing to be done for 'main-build'.
Performing post-build steps
arm-none-eabi-size "BlankProject.axf"; # arm-none-eabi-objcopy -v -O binary "BlankProject.axf" "BlankProject.bin" ; # checksum -p MK64FN1M0xxx12 -d "BlankProject.bin";
   text	   data	    bss	    dec	    hex	filename
  11592	     16	   8448	  20056	   4e58	BlankProject.axf
 
08:29:16 **** Incremental Build of configuration Debug for project BlankProject ****
make -r -j8 all 
Building file: ../source/BlankProject.c
Invoking: MCU C Compiler
arm-none-eabi-gcc -D__REDLIB__ -DCPU_MK64FN1M0VLL12 -DCPU_MK64FN1M0VLL12_cm4 -DSDK_OS_BAREMETAL -DSERIAL_PORT_TYPE_UART=1 -DSDK_DEBUGCONSOLE=0 -DCR_INTEGER_PRINTF -DPRINTF_FLOAT_ENABLE=0 -D__MCUXPRESSO -D__USE_CMSIS -DDEBUG -I"E:\MCO 556\Lab 3 - Creating a New Project\BlankProject\board" -I"E:\MCO 556\Lab 3 - Creating a New Project\BlankProject\source" -I"E:\MCO 556\Lab 3 - Creating a New Project\BlankProject\utilities" -I"E:\MCO 556\Lab 3 - Creating a New Project\BlankProject\drivers" -I"E:\MCO 556\Lab 3 - Creating a New Project\BlankProject\device" -I"E:\MCO 556\Lab 3 - Creating a New Project\BlankProject\component\serial_manager" -I"E:\MCO 556\Lab 3 - Creating a New Project\BlankProject\component\lists" -I"E:\MCO 556\Lab 3 - Creating a New Project\BlankProject\CMSIS" -I"E:\MCO 556\Lab 3 - Creating a New Project\BlankProject\component\uart" -O0 -fno-common -g3 -gdwarf-4 -Wall -c -ffunction-sections -fdata-sections -ffreestanding -fno-builtin -fmerge-constants -fmacro-prefix-map="../source/"= -mcpu=cortex-m4 -mfpu=fpv4-sp-d16 -mfloat-abi=hard -mthumb -D__REDLIB__ -fstack-usage -specs=redlib.specs -MMD -MP -MF"source/BlankProject.d" -MT"source/BlankProject.o" -MT"source/BlankProject.d" -o "source/BlankProject.o" "../source/BlankProject.c"
Finished building: ../source/BlankProject.c
 
Building target: BlankProject.axf
Invoking: MCU Linker
arm-none-eabi-gcc -nostdlib -Xlinker -Map="BlankProject.map" -Xlinker --gc-sections -Xlinker -print-memory-usage -Xlinker --sort-section=alignment -Xlinker --cref -mcpu=cortex-m4 -mfpu=fpv4-sp-d16 -mfloat-abi=hard -mthumb -T BlankProject_Debug.ld -o "BlankProject.axf" ./utilities/fsl_debug_console.o ./utilities/fsl_str.o  ./startup/startup_mk64f12.o  ./source/BlankProject.o ./source/semihost_hardfault.o  ./drivers/fsl_adc16.o ./drivers/fsl_clock.o ./drivers/fsl_common.o ./drivers/fsl_common_arm.o ./drivers/fsl_gpio.o ./drivers/fsl_i2c.o ./drivers/fsl_smc.o ./drivers/fsl_uart.o  ./device/system_MK64F12.o  ./component/uart/fsl_adapter_uart.o  ./component/serial_manager/fsl_component_serial_manager.o ./component/serial_manager/fsl_component_serial_port_uart.o  ./component/lists/fsl_component_generic_list.o  ./board/board.o ./board/clock_config.o ./board/peripherals.o ./board/pin_mux.o   
Memory region         Used Size  Region Size  %age Used
   PROGRAM_FLASH:       11608 B         1 MB      1.11%
      SRAM_UPPER:        8464 B       192 KB      4.31%
      SRAM_LOWER:          0 GB        64 KB      0.00%
        FLEX_RAM:          0 GB         4 KB      0.00%
Finished building target: BlankProject.axf
 
Performing post-build steps
arm-none-eabi-size "BlankProject.axf"; # arm-none-eabi-objcopy -v -O binary "BlankProject.axf" "BlankProject.bin" ; # checksum -p MK64FN1M0xxx12 -d "BlankProject.bin";
   text	   data	    bss	    dec	    hex	filename
  11592	     16	   8448	  20056	   4e58	BlankProject.axf
 
08:29:20 **** Incremental Build of configuration Debug for project BlankProject ****
make -r -j8 all 
make[1]: Nothing to be done for 'main-build'.
Performing post-build steps
arm-none-eabi-size "BlankProject.axf"; # arm-none-eabi-objcopy -v -O binary "BlankProject.axf" "BlankProject.bin" ; # checksum -p MK64FN1M0xxx12 -d "BlankProject.bin";
   text	   data	    bss	    dec	    hex	filename
  11592	     16	   8448	  20056	   4e58	BlankProject.axf
 
08:30:31 **** Incremental Build of configuration Debug for project BlankProject ****
make -r -j8 all 
Building file: ../source/BlankProject.c
Invoking: MCU C Compiler
arm-none-eabi-gcc -D__REDLIB__ -DCPU_MK64FN1M0VLL12 -DCPU_MK64FN1M0VLL12_cm4 -DSDK_OS_BAREMETAL -DSERIAL_PORT_TYPE_UART=1 -DSDK_DEBUGCONSOLE=0 -DCR_INTEGER_PRINTF -DPRINTF_FLOAT_ENABLE=0 -D__MCUXPRESSO -D__USE_CMSIS -DDEBUG -I"E:\MCO 556\Lab 3 - Creating a New Project\BlankProject\board" -I"E:\MCO 556\Lab 3 - Creating a New Project\BlankProject\source" -I"E:\MCO 556\Lab 3 - Creating a New Project\BlankProject\utilities" -I"E:\MCO 556\Lab 3 - Creating a New Project\BlankProject\drivers" -I"E:\MCO 556\Lab 3 - Creating a New Project\BlankProject\device" -I"E:\MCO 556\Lab 3 - Creating a New Project\BlankProject\component\serial_manager" -I"E:\MCO 556\Lab 3 - Creating a New Project\BlankProject\component\lists" -I"E:\MCO 556\Lab 3 - Creating a New Project\BlankProject\CMSIS" -I"E:\MCO 556\Lab 3 - Creating a New Project\BlankProject\component\uart" -O0 -fno-common -g3 -gdwarf-4 -Wall -c -ffunction-sections -fdata-sections -ffreestanding -fno-builtin -fmerge-constants -fmacro-prefix-map="../source/"= -mcpu=cortex-m4 -mfpu=fpv4-sp-d16 -mfloat-abi=hard -mthumb -D__REDLIB__ -fstack-usage -specs=redlib.specs -MMD -MP -MF"source/BlankProject.d" -MT"source/BlankProject.o" -MT"source/BlankProject.d" -o "source/BlankProject.o" "../source/BlankProject.c"
Finished building: ../source/BlankProject.c
 
Building target: BlankProject.axf
Invoking: MCU Linker
arm-none-eabi-gcc -nostdlib -Xlinker -Map="BlankProject.map" -Xlinker --gc-sections -Xlinker -print-memory-usage -Xlinker --sort-section=alignment -Xlinker --cref -mcpu=cortex-m4 -mfpu=fpv4-sp-d16 -mfloat-abi=hard -mthumb -T BlankProject_Debug.ld -o "BlankProject.axf" ./utilities/fsl_debug_console.o ./utilities/fsl_str.o  ./startup/startup_mk64f12.o  ./source/BlankProject.o ./source/semihost_hardfault.o  ./drivers/fsl_adc16.o ./drivers/fsl_clock.o ./drivers/fsl_common.o ./drivers/fsl_common_arm.o ./drivers/fsl_gpio.o ./drivers/fsl_i2c.o ./drivers/fsl_smc.o ./drivers/fsl_uart.o  ./device/system_MK64F12.o  ./component/uart/fsl_adapter_uart.o  ./component/serial_manager/fsl_component_serial_manager.o ./component/serial_manager/fsl_component_serial_port_uart.o  ./component/lists/fsl_component_generic_list.o  ./board/board.o ./board/clock_config.o ./board/peripherals.o ./board/pin_mux.o   
Memory region         Used Size  Region Size  %age Used
   PROGRAM_FLASH:       11608 B         1 MB      1.11%
      SRAM_UPPER:        8464 B       192 KB      4.31%
      SRAM_LOWER:          0 GB        64 KB      0.00%
        FLEX_RAM:          0 GB         4 KB      0.00%
Finished building target: BlankProject.axf
 
Performing post-build steps
arm-none-eabi-size "BlankProject.axf"; # arm-none-eabi-objcopy -v -O binary "BlankProject.axf" "BlankProject.bin" ; # checksum -p MK64FN1M0xxx12 -d "BlankProject.bin";
   text	   data	    bss	    dec	    hex	filename
  11592	     16	   8448	  20056	   4e58	BlankProject.axf
 
08:30:35 **** Incremental Build of configuration Debug for project BlankProject ****
make -r -j8 all 
make[1]: Nothing to be done for 'main-build'.
Performing post-build steps
arm-none-eabi-size "BlankProject.axf"; # arm-none-eabi-objcopy -v -O binary "BlankProject.axf" "BlankProject.bin" ; # checksum -p MK64FN1M0xxx12 -d "BlankProject.bin";
   text	   data	    bss	    dec	    hex	filename
  11592	     16	   8448	  20056	   4e58	BlankProject.axf
 
08:31:26 **** Incremental Build of configuration Debug for project BlankProject ****
make -r -j8 all 
Building file: ../source/BlankProject.c
Invoking: MCU C Compiler
arm-none-eabi-gcc -D__REDLIB__ -DCPU_MK64FN1M0VLL12 -DCPU_MK64FN1M0VLL12_cm4 -DSDK_OS_BAREMETAL -DSERIAL_PORT_TYPE_UART=1 -DSDK_DEBUGCONSOLE=0 -DCR_INTEGER_PRINTF -DPRINTF_FLOAT_ENABLE=0 -D__MCUXPRESSO -D__USE_CMSIS -DDEBUG -I"E:\MCO 556\Lab 3 - Creating a New Project\BlankProject\board" -I"E:\MCO 556\Lab 3 - Creating a New Project\BlankProject\source" -I"E:\MCO 556\Lab 3 - Creating a New Project\BlankProject\utilities" -I"E:\MCO 556\Lab 3 - Creating a New Project\BlankProject\drivers" -I"E:\MCO 556\Lab 3 - Creating a New Project\BlankProject\device" -I"E:\MCO 556\Lab 3 - Creating a New Project\BlankProject\component\serial_manager" -I"E:\MCO 556\Lab 3 - Creating a New Project\BlankProject\component\lists" -I"E:\MCO 556\Lab 3 - Creating a New Project\BlankProject\CMSIS" -I"E:\MCO 556\Lab 3 - Creating a New Project\BlankProject\component\uart" -O0 -fno-common -g3 -gdwarf-4 -Wall -c -ffunction-sections -fdata-sections -ffreestanding -fno-builtin -fmerge-constants -fmacro-prefix-map="../source/"= -mcpu=cortex-m4 -mfpu=fpv4-sp-d16 -mfloat-abi=hard -mthumb -D__REDLIB__ -fstack-usage -specs=redlib.specs -MMD -MP -MF"source/BlankProject.d" -MT"source/BlankProject.o" -MT"source/BlankProject.d" -o "source/BlankProject.o" "../source/BlankProject.c"
Finished building: ../source/BlankProject.c
 
Building target: BlankProject.axf
Invoking: MCU Linker
arm-none-eabi-gcc -nostdlib -Xlinker -Map="BlankProject.map" -Xlinker --gc-sections -Xlinker -print-memory-usage -Xlinker --sort-section=alignment -Xlinker --cref -mcpu=cortex-m4 -mfpu=fpv4-sp-d16 -mfloat-abi=hard -mthumb -T BlankProject_Debug.ld -o "BlankProject.axf" ./utilities/fsl_debug_console.o ./utilities/fsl_str.o  ./startup/startup_mk64f12.o  ./source/BlankProject.o ./source/semihost_hardfault.o  ./drivers/fsl_adc16.o ./drivers/fsl_clock.o ./drivers/fsl_common.o ./drivers/fsl_common_arm.o ./drivers/fsl_gpio.o ./drivers/fsl_i2c.o ./drivers/fsl_smc.o ./drivers/fsl_uart.o  ./device/system_MK64F12.o  ./component/uart/fsl_adapter_uart.o  ./component/serial_manager/fsl_component_serial_manager.o ./component/serial_manager/fsl_component_serial_port_uart.o  ./component/lists/fsl_component_generic_list.o  ./board/board.o ./board/clock_config.o ./board/peripherals.o ./board/pin_mux.o   
Memory region         Used Size  Region Size  %age Used
   PROGRAM_FLASH:       11608 B         1 MB      1.11%
      SRAM_UPPER:        8464 B       192 KB      4.31%
      SRAM_LOWER:          0 GB        64 KB      0.00%
        FLEX_RAM:          0 GB         4 KB      0.00%
Finished building target: BlankProject.axf
 
Performing post-build steps
arm-none-eabi-size "BlankProject.axf"; # arm-none-eabi-objcopy -v -O binary "BlankProject.axf" "BlankProject.bin" ; # checksum -p MK64FN1M0xxx12 -d "BlankProject.bin";
   text	   data	    bss	    dec	    hex	filename
  11592	     16	   8448	  20056	   4e58	BlankProject.axf
 
08:31:30 **** Incremental Build of configuration Debug for project BlankProject ****
make -r -j8 all 
make[1]: Nothing to be done for 'main-build'.
Performing post-build steps
arm-none-eabi-size "BlankProject.axf"; # arm-none-eabi-objcopy -v -O binary "BlankProject.axf" "BlankProject.bin" ; # checksum -p MK64FN1M0xxx12 -d "BlankProject.bin";
   text	   data	    bss	    dec	    hex	filename
  11592	     16	   8448	  20056	   4e58	BlankProject.axf
 
08:32:12 **** Incremental Build of configuration Debug for project BlankProject ****
make -r -j8 all 
Building file: ../source/BlankProject.c
Invoking: MCU C Compiler
arm-none-eabi-gcc -D__REDLIB__ -DCPU_MK64FN1M0VLL12 -DCPU_MK64FN1M0VLL12_cm4 -DSDK_OS_BAREMETAL -DSERIAL_PORT_TYPE_UART=1 -DSDK_DEBUGCONSOLE=0 -DCR_INTEGER_PRINTF -DPRINTF_FLOAT_ENABLE=0 -D__MCUXPRESSO -D__USE_CMSIS -DDEBUG -I"E:\MCO 556\Lab 3 - Creating a New Project\BlankProject\board" -I"E:\MCO 556\Lab 3 - Creating a New Project\BlankProject\source" -I"E:\MCO 556\Lab 3 - Creating a New Project\BlankProject\utilities" -I"E:\MCO 556\Lab 3 - Creating a New Project\BlankProject\drivers" -I"E:\MCO 556\Lab 3 - Creating a New Project\BlankProject\device" -I"E:\MCO 556\Lab 3 - Creating a New Project\BlankProject\component\serial_manager" -I"E:\MCO 556\Lab 3 - Creating a New Project\BlankProject\component\lists" -I"E:\MCO 556\Lab 3 - Creating a New Project\BlankProject\CMSIS" -I"E:\MCO 556\Lab 3 - Creating a New Project\BlankProject\component\uart" -O0 -fno-common -g3 -gdwarf-4 -Wall -c -ffunction-sections -fdata-sections -ffreestanding -fno-builtin -fmerge-constants -fmacro-prefix-map="../source/"= -mcpu=cortex-m4 -mfpu=fpv4-sp-d16 -mfloat-abi=hard -mthumb -D__REDLIB__ -fstack-usage -specs=redlib.specs -MMD -MP -MF"source/BlankProject.d" -MT"source/BlankProject.o" -MT"source/BlankProject.d" -o "source/BlankProject.o" "../source/BlankProject.c"
Finished building: ../source/BlankProject.c
 
Building target: BlankProject.axf
Invoking: MCU Linker
arm-none-eabi-gcc -nostdlib -Xlinker -Map="BlankProject.map" -Xlinker --gc-sections -Xlinker -print-memory-usage -Xlinker --sort-section=alignment -Xlinker --cref -mcpu=cortex-m4 -mfpu=fpv4-sp-d16 -mfloat-abi=hard -mthumb -T BlankProject_Debug.ld -o "BlankProject.axf" ./utilities/fsl_debug_console.o ./utilities/fsl_str.o  ./startup/startup_mk64f12.o  ./source/BlankProject.o ./source/semihost_hardfault.o  ./drivers/fsl_adc16.o ./drivers/fsl_clock.o ./drivers/fsl_common.o ./drivers/fsl_common_arm.o ./drivers/fsl_gpio.o ./drivers/fsl_i2c.o ./drivers/fsl_smc.o ./drivers/fsl_uart.o  ./device/system_MK64F12.o  ./component/uart/fsl_adapter_uart.o  ./component/serial_manager/fsl_component_serial_manager.o ./component/serial_manager/fsl_component_serial_port_uart.o  ./component/lists/fsl_component_generic_list.o  ./board/board.o ./board/clock_config.o ./board/peripherals.o ./board/pin_mux.o   
Memory region         Used Size  Region Size  %age Used
   PROGRAM_FLASH:       11608 B         1 MB      1.11%
      SRAM_UPPER:        8464 B       192 KB      4.31%
      SRAM_LOWER:          0 GB        64 KB      0.00%
        FLEX_RAM:          0 GB         4 KB      0.00%
Finished building target: BlankProject.axf
 
Performing post-build steps
arm-none-eabi-size "BlankProject.axf"; # arm-none-eabi-objcopy -v -O binary "BlankProject.axf" "BlankProject.bin" ; # checksum -p MK64FN1M0xxx12 -d "BlankProject.bin";
   text	   data	    bss	    dec	    hex	filename
  11592	     16	   8448	  20056	   4e58	BlankProject.axf
 
08:32:17 **** Incremental Build of configuration Debug for project BlankProject ****
make -r -j8 all 
make[1]: Nothing to be done for 'main-build'.
Performing post-build steps
arm-none-eabi-size "BlankProject.axf"; # arm-none-eabi-objcopy -v -O binary "BlankProject.axf" "BlankProject.bin" ; # checksum -p MK64FN1M0xxx12 -d "BlankProject.bin";
   text	   data	    bss	    dec	    hex	filename
  11592	     16	   8448	  20056	   4e58	BlankProject.axf
 
08:33:00 **** Incremental Build of configuration Debug for project BlankProject ****
make -r -j8 all 
Building file: ../source/BlankProject.c
Invoking: MCU C Compiler
arm-none-eabi-gcc -D__REDLIB__ -DCPU_MK64FN1M0VLL12 -DCPU_MK64FN1M0VLL12_cm4 -DSDK_OS_BAREMETAL -DSERIAL_PORT_TYPE_UART=1 -DSDK_DEBUGCONSOLE=0 -DCR_INTEGER_PRINTF -DPRINTF_FLOAT_ENABLE=0 -D__MCUXPRESSO -D__USE_CMSIS -DDEBUG -I"E:\MCO 556\Lab 3 - Creating a New Project\BlankProject\board" -I"E:\MCO 556\Lab 3 - Creating a New Project\BlankProject\source" -I"E:\MCO 556\Lab 3 - Creating a New Project\BlankProject\utilities" -I"E:\MCO 556\Lab 3 - Creating a New Project\BlankProject\drivers" -I"E:\MCO 556\Lab 3 - Creating a New Project\BlankProject\device" -I"E:\MCO 556\Lab 3 - Creating a New Project\BlankProject\component\serial_manager" -I"E:\MCO 556\Lab 3 - Creating a New Project\BlankProject\component\lists" -I"E:\MCO 556\Lab 3 - Creating a New Project\BlankProject\CMSIS" -I"E:\MCO 556\Lab 3 - Creating a New Project\BlankProject\component\uart" -O0 -fno-common -g3 -gdwarf-4 -Wall -c -ffunction-sections -fdata-sections -ffreestanding -fno-builtin -fmerge-constants -fmacro-prefix-map="../source/"= -mcpu=cortex-m4 -mfpu=fpv4-sp-d16 -mfloat-abi=hard -mthumb -D__REDLIB__ -fstack-usage -specs=redlib.specs -MMD -MP -MF"source/BlankProject.d" -MT"source/BlankProject.o" -MT"source/BlankProject.d" -o "source/BlankProject.o" "../source/BlankProject.c"
Finished building: ../source/BlankProject.c
 
Building target: BlankProject.axf
Invoking: MCU Linker
arm-none-eabi-gcc -nostdlib -Xlinker -Map="BlankProject.map" -Xlinker --gc-sections -Xlinker -print-memory-usage -Xlinker --sort-section=alignment -Xlinker --cref -mcpu=cortex-m4 -mfpu=fpv4-sp-d16 -mfloat-abi=hard -mthumb -T BlankProject_Debug.ld -o "BlankProject.axf" ./utilities/fsl_debug_console.o ./utilities/fsl_str.o  ./startup/startup_mk64f12.o  ./source/BlankProject.o ./source/semihost_hardfault.o  ./drivers/fsl_adc16.o ./drivers/fsl_clock.o ./drivers/fsl_common.o ./drivers/fsl_common_arm.o ./drivers/fsl_gpio.o ./drivers/fsl_i2c.o ./drivers/fsl_smc.o ./drivers/fsl_uart.o  ./device/system_MK64F12.o  ./component/uart/fsl_adapter_uart.o  ./component/serial_manager/fsl_component_serial_manager.o ./component/serial_manager/fsl_component_serial_port_uart.o  ./component/lists/fsl_component_generic_list.o  ./board/board.o ./board/clock_config.o ./board/peripherals.o ./board/pin_mux.o   
Memory region         Used Size  Region Size  %age Used
   PROGRAM_FLASH:       11608 B         1 MB      1.11%
      SRAM_UPPER:        8456 B       192 KB      4.30%
      SRAM_LOWER:          0 GB        64 KB      0.00%
        FLEX_RAM:          0 GB         4 KB      0.00%
Finished building target: BlankProject.axf
 
Performing post-build steps
arm-none-eabi-size "BlankProject.axf"; # arm-none-eabi-objcopy -v -O binary "BlankProject.axf" "BlankProject.bin" ; # checksum -p MK64FN1M0xxx12 -d "BlankProject.bin";
   text	   data	    bss	    dec	    hex	filename
  11592	     16	   8440	  20048	   4e50	BlankProject.axf
 
08:33:07 **** Incremental Build of configuration Debug for project BlankProject ****
make -r -j8 all 
make[1]: Nothing to be done for 'main-build'.
Performing post-build steps
arm-none-eabi-size "BlankProject.axf"; # arm-none-eabi-objcopy -v -O binary "BlankProject.axf" "BlankProject.bin" ; # checksum -p MK64FN1M0xxx12 -d "BlankProject.bin";
   text	   data	    bss	    dec	    hex	filename
  11592	     16	   8440	  20048	   4e50	BlankProject.axf
 
