C:\Users\jmtri\Desktop\MCO 556\Lab 6 - Pulse Width Modulation (PWM)\Lab6_PWM_pinPTC2_2btn\drivers/fsl_clock.h:668:20:CLOCK_EnableClock	24	static
C:\Users\jmtri\Desktop\MCO 556\Lab 6 - Pulse Width Modulation (PWM)\Lab6_PWM_pinPTC2_2btn\drivers/fsl_port.h:271:20:PORT_SetPinConfig	32	static
C:\Users\jmtri\Desktop\MCO 556\Lab 6 - Pulse Width Modulation (PWM)\Lab6_PWM_pinPTC2_2btn\drivers/fsl_port.h:374:20:PORT_SetPinMux	24	static
C:\Users\jmtri\Desktop\MCO 556\Lab 6 - Pulse Width Modulation (PWM)\Lab6_PWM_pinPTC2_2btn\drivers/fsl_port.h:443:20:PORT_SetPinInterruptConfig	24	static
../board/pin_mux.c:132:6:BOARD_InitBootPins	8	static
../board/pin_mux.c:159:6:BOARD_InitPins	8	static
../board/pin_mux.c:209:6:BOARD_InitButtonsPins	24	static
../board/pin_mux.c:293:6:BOARD_InitLEDsPins	32	static
../board/pin_mux.c:393:6:BOARD_InitDEBUG_UARTPins	16	static
../board/pin_mux.c:460:6:BOARD_InitOSCPins	8	static
../board/pin_mux.c:493:6:BOARD_InitACCELPins	32	static
../board/pin_mux.c:619:6:BOARD_InitENETPins	48	static
../board/pin_mux.c:834:6:BOARD_InitSDHCPins	40	static
../board/pin_mux.c:984:6:BOARD_InitUSBPins	4	static
