C:\Users\jmtri\OneDrive\Desktop\MCO 556\Lab 5 - Periodic Interrupt Timer\Lab5_PIT_2btn_led_pin\drivers/fsl_gpio.h:162:20:GPIO_PinWrite	24	static
C:\Users\jmtri\OneDrive\Desktop\MCO 556\Lab 5 - Periodic Interrupt Timer\Lab5_PIT_2btn_led_pin\drivers/fsl_gpio.h:191:20:GPIO_PortSet	16	static
C:\Users\jmtri\OneDrive\Desktop\MCO 556\Lab 5 - Periodic Interrupt Timer\Lab5_PIT_2btn_led_pin\drivers/fsl_gpio.h:221:20:GPIO_PortToggle	16	static
C:\Users\jmtri\OneDrive\Desktop\MCO 556\Lab 5 - Periodic Interrupt Timer\Lab5_PIT_2btn_led_pin\drivers/fsl_pit.h:220:20:PIT_ClearStatusFlags	24	static
C:\Users\jmtri\OneDrive\Desktop\MCO 556\Lab 5 - Periodic Interrupt Timer\Lab5_PIT_2btn_led_pin\drivers/fsl_pit.h:288:20:PIT_StartTimer	16	static
C:\Users\jmtri\OneDrive\Desktop\MCO 556\Lab 5 - Periodic Interrupt Timer\Lab5_PIT_2btn_led_pin\drivers/fsl_pit.h:302:20:PIT_StopTimer	16	static
../source/Lab5_PIT_2btn_led_pin.c:20:6:PIT0_IRQHandler	8	static
../source/Lab5_PIT_2btn_led_pin.c:26:6:PIT1_IRQHandler	8	static
../source/Lab5_PIT_2btn_led_pin.c:37:6:PORTC_IRQHandler	8	static
../source/Lab5_PIT_2btn_led_pin.c:48:6:PORTA_IRQHandler	8	static
../source/Lab5_PIT_2btn_led_pin.c:59:5:main	8	static
