15:03:55 **** Incremental Build of configuration Debug for project Lab5_PIT_2btn_led_pin ****
make -r -j8 all 
make[1]: Nothing to be done for 'main-build'.
Performing post-build steps
arm-none-eabi-size "Lab5_PIT_2btn_led_pin.axf"; # arm-none-eabi-objcopy -v -O binary "Lab5_PIT_2btn_led_pin.axf" "Lab5_PIT_2btn_led_pin.bin" ; # checksum -p MK64FN1M0xxx12 -d "Lab5_PIT_2btn_led_pin.bin";
   text	   data	    bss	    dec	    hex	filename
  15504	     16	   8440	  23960	   5d98	Lab5_PIT_2btn_led_pin.axf
 

15:03:55 Build Finished. 0 errors, 0 warnings. (took 205ms)

