C:\Users\jmtri\OneDrive\Desktop\MCO 556\Lab 5 - Periodic Interrupt Timer\Lab5_PIT_2btn_led_pin\CMSIS/core_cm4.h:1679:22:__NVIC_EnableIRQ	16	static
C:\Users\jmtri\OneDrive\Desktop\MCO 556\Lab 5 - Periodic Interrupt Timer\Lab5_PIT_2btn_led_pin\drivers/fsl_common_arm.h:499:24:EnableIRQ	24	static
C:\Users\jmtri\OneDrive\Desktop\MCO 556\Lab 5 - Periodic Interrupt Timer\Lab5_PIT_2btn_led_pin\drivers/fsl_pit.h:159:20:PIT_EnableInterrupts	24	static
C:\Users\jmtri\OneDrive\Desktop\MCO 556\Lab 5 - Periodic Interrupt Timer\Lab5_PIT_2btn_led_pin\drivers/fsl_pit.h:246:20:PIT_SetTimerPeriod	24	static
../board/peripherals.c:111:13:GPIOA_init	8	static
../board/peripherals.c:143:13:GPIOC_init	8	static
../board/peripherals.c:202:13:PIT_init	64	static
../board/peripherals.c:222:6:BOARD_InitPeripherals	8	static
../board/peripherals.c:233:6:BOARD_InitBootPeripherals	8	static
