13:10:30 **** Build of configuration Debug for project frdmk64f_hello_world ****
make -r -j8 all 
Building file: ../utilities/fsl_assert.c
Building file: ../utilities/fsl_debug_console.c
Building file: ../startup/startup_mk64f12.c
Invoking: MCU C Compiler
Invoking: MCU C Compiler
arm-none-eabi-gcc -std=gnu99 -D__REDLIB__ -DCPU_MK64FN1M0VLL12 -DPRINTF_FLOAT_ENABLE=0 -DSCANF_FLOAT_ENABLE=0 -DPRINTF_ADVANCED_ENABLE=0 -DSCANF_ADVANCED_ENABLE=0 -DFRDM_K64F -DFREEDOM -DMCUXPRESSO_SDK -DCPU_MK64FN1M0VLL12_cm4 -DSDK_DEBUGCONSOLE=1 -DCR_INTEGER_PRINTF -D__MCUXPRESSO -D__USE_CMSIS -DDEBUG -I"D:\MCO 556\Lab 2\frdmk64f_hello_world\source" -I"D:\MCO 556\Lab 2\frdmk64f_hello_world\utilities" -I"D:\MCO 556\Lab 2\frdmk64f_hello_world\drivers" -I"D:\MCO 556\Lab 2\frdmk64f_hello_world\device" -I"D:\MCO 556\Lab 2\frdmk64f_hello_world\component\uart" -I"D:\MCO 556\Lab 2\frdmk64f_hello_world\component\lists" -I"D:\MCO 556\Lab 2\frdmk64f_hello_world\CMSIS" -I"D:\MCO 556\Lab 2\frdmk64f_hello_world\board" -O0 -fno-common -g3 -gdwarf-4 -c -ffunction-sections -fdata-sections -ffreestanding -fno-builtin -fmerge-constants -fmacro-prefix-map="../utilities/"= -mcpu=cortex-m4 -mfpu=fpv4-sp-d16 -mfloat-abi=hard -mthumb -D__REDLIB__ -fstack-usage -specs=redlib.specs -MMD -MP -MF"utilities/fsl_assert.d" -MT"utilities/fsl_assert.o" -MT"utilities/fsl_assert.d" -o "utilities/fsl_assert.o" "../utilities/fsl_assert.c"
Building file: ../source/hello_world.c
Invoking: MCU C Compiler
arm-none-eabi-gcc -std=gnu99 -D__REDLIB__ -DCPU_MK64FN1M0VLL12 -DPRINTF_FLOAT_ENABLE=0 -DSCANF_FLOAT_ENABLE=0 -DPRINTF_ADVANCED_ENABLE=0 -DSCANF_ADVANCED_ENABLE=0 -DFRDM_K64F -DFREEDOM -DMCUXPRESSO_SDK -DCPU_MK64FN1M0VLL12_cm4 -DSDK_DEBUGCONSOLE=1 -DCR_INTEGER_PRINTF -D__MCUXPRESSO -D__USE_CMSIS -DDEBUG -I"D:\MCO 556\Lab 2\frdmk64f_hello_world\source" -I"D:\MCO 556\Lab 2\frdmk64f_hello_world\utilities" -I"D:\MCO 556\Lab 2\frdmk64f_hello_world\drivers" -I"D:\MCO 556\Lab 2\frdmk64f_hello_world\device" -I"D:\MCO 556\Lab 2\frdmk64f_hello_world\component\uart" -I"D:\MCO 556\Lab 2\frdmk64f_hello_world\component\lists" -I"D:\MCO 556\Lab 2\frdmk64f_hello_world\CMSIS" -I"D:\MCO 556\Lab 2\frdmk64f_hello_world\board" -O0 -fno-common -g3 -gdwarf-4 -c -ffunction-sections -fdata-sections -ffreestanding -fno-builtin -fmerge-constants -fmacro-prefix-map="../utilities/"= -mcpu=cortex-m4 -mfpu=fpv4-sp-d16 -mfloat-abi=hard -mthumb -D__REDLIB__ -fstack-usage -specs=redlib.specs -MMD -MP -MF"utilities/fsl_debug_console.d" -MT"utilities/fsl_debug_console.o" -MT"utilities/fsl_debug_console.d" -o "utilities/fsl_debug_console.o" "../utilities/fsl_debug_console.c"
arm-none-eabi-gcc -std=gnu99 -D__REDLIB__ -DCPU_MK64FN1M0VLL12 -DPRINTF_FLOAT_ENABLE=0 -DSCANF_FLOAT_ENABLE=0 -DPRINTF_ADVANCED_ENABLE=0 -DSCANF_ADVANCED_ENABLE=0 -DFRDM_K64F -DFREEDOM -DMCUXPRESSO_SDK -DCPU_MK64FN1M0VLL12_cm4 -DSDK_DEBUGCONSOLE=1 -DCR_INTEGER_PRINTF -D__MCUXPRESSO -D__USE_CMSIS -DDEBUG -I"D:\MCO 556\Lab 2\frdmk64f_hello_world\source" -I"D:\MCO 556\Lab 2\frdmk64f_hello_world\utilities" -I"D:\MCO 556\Lab 2\frdmk64f_hello_world\drivers" -I"D:\MCO 556\Lab 2\frdmk64f_hello_world\device" -I"D:\MCO 556\Lab 2\frdmk64f_hello_world\component\uart" -I"D:\MCO 556\Lab 2\frdmk64f_hello_world\component\lists" -I"D:\MCO 556\Lab 2\frdmk64f_hello_world\CMSIS" -I"D:\MCO 556\Lab 2\frdmk64f_hello_world\board" -O0 -fno-common -g3 -gdwarf-4 -c -ffunction-sections -fdata-sections -ffreestanding -fno-builtin -fmerge-constants -fmacro-prefix-map="../startup/"= -mcpu=cortex-m4 -mfpu=fpv4-sp-d16 -mfloat-abi=hard -mthumb -D__REDLIB__ -fstack-usage -specs=redlib.specs -MMD -MP -MF"startup/startup_mk64f12.d" -MT"startup/startup_mk64f12.o" -MT"startup/startup_mk64f12.d" -o "startup/startup_mk64f12.o" "../startup/startup_mk64f12.c"
Invoking: MCU C Compiler
Building file: ../source/semihost_hardfault.c
Building file: ../drivers/fsl_clock.c
arm-none-eabi-gcc -std=gnu99 -D__REDLIB__ -DCPU_MK64FN1M0VLL12 -DPRINTF_FLOAT_ENABLE=0 -DSCANF_FLOAT_ENABLE=0 -DPRINTF_ADVANCED_ENABLE=0 -DSCANF_ADVANCED_ENABLE=0 -DFRDM_K64F -DFREEDOM -DMCUXPRESSO_SDK -DCPU_MK64FN1M0VLL12_cm4 -DSDK_DEBUGCONSOLE=1 -DCR_INTEGER_PRINTF -D__MCUXPRESSO -D__USE_CMSIS -DDEBUG -I"D:\MCO 556\Lab 2\frdmk64f_hello_world\source" -I"D:\MCO 556\Lab 2\frdmk64f_hello_world\utilities" -I"D:\MCO 556\Lab 2\frdmk64f_hello_world\drivers" -I"D:\MCO 556\Lab 2\frdmk64f_hello_world\device" -I"D:\MCO 556\Lab 2\frdmk64f_hello_world\component\uart" -I"D:\MCO 556\Lab 2\frdmk64f_hello_world\component\lists" -I"D:\MCO 556\Lab 2\frdmk64f_hello_world\CMSIS" -I"D:\MCO 556\Lab 2\frdmk64f_hello_world\board" -O0 -fno-common -g3 -gdwarf-4 -c -ffunction-sections -fdata-sections -ffreestanding -fno-builtin -fmerge-constants -fmacro-prefix-map="../source/"= -mcpu=cortex-m4 -mfpu=fpv4-sp-d16 -mfloat-abi=hard -mthumb -D__REDLIB__ -fstack-usage -specs=redlib.specs -MMD -MP -MF"source/hello_world.d" -MT"source/hello_world.o" -MT"source/hello_world.d" -o "source/hello_world.o" "../source/hello_world.c"
Building file: ../drivers/fsl_common_arm.c
Building file: ../drivers/fsl_common.c
Invoking: MCU C Compiler
Invoking: MCU C Compiler
Invoking: MCU C Compiler
arm-none-eabi-gcc -std=gnu99 -D__REDLIB__ -DCPU_MK64FN1M0VLL12 -DPRINTF_FLOAT_ENABLE=0 -DSCANF_FLOAT_ENABLE=0 -DPRINTF_ADVANCED_ENABLE=0 -DSCANF_ADVANCED_ENABLE=0 -DFRDM_K64F -DFREEDOM -DMCUXPRESSO_SDK -DCPU_MK64FN1M0VLL12_cm4 -DSDK_DEBUGCONSOLE=1 -DCR_INTEGER_PRINTF -D__MCUXPRESSO -D__USE_CMSIS -DDEBUG -I"D:\MCO 556\Lab 2\frdmk64f_hello_world\source" -I"D:\MCO 556\Lab 2\frdmk64f_hello_world\utilities" -I"D:\MCO 556\Lab 2\frdmk64f_hello_world\drivers" -I"D:\MCO 556\Lab 2\frdmk64f_hello_world\device" -I"D:\MCO 556\Lab 2\frdmk64f_hello_world\component\uart" -I"D:\MCO 556\Lab 2\frdmk64f_hello_world\component\lists" -I"D:\MCO 556\Lab 2\frdmk64f_hello_world\CMSIS" -I"D:\MCO 556\Lab 2\frdmk64f_hello_world\board" -O0 -fno-common -g3 -gdwarf-4 -c -ffunction-sections -fdata-sections -ffreestanding -fno-builtin -fmerge-constants -fmacro-prefix-map="../source/"= -mcpu=cortex-m4 -mfpu=fpv4-sp-d16 -mfloat-abi=hard -mthumb -D__REDLIB__ -fstack-usage -specs=redlib.specs -MMD -MP -MF"source/semihost_hardfault.d" -MT"source/semihost_hardfault.o" -MT"source/semihost_hardfault.d" -o "source/semihost_hardfault.o" "../source/semihost_hardfault.c"
arm-none-eabi-gcc -std=gnu99 -D__REDLIB__ -DCPU_MK64FN1M0VLL12 -DPRINTF_FLOAT_ENABLE=0 -DSCANF_FLOAT_ENABLE=0 -DPRINTF_ADVANCED_ENABLE=0 -DSCANF_ADVANCED_ENABLE=0 -DFRDM_K64F -DFREEDOM -DMCUXPRESSO_SDK -DCPU_MK64FN1M0VLL12_cm4 -DSDK_DEBUGCONSOLE=1 -DCR_INTEGER_PRINTF -D__MCUXPRESSO -D__USE_CMSIS -DDEBUG -I"D:\MCO 556\Lab 2\frdmk64f_hello_world\source" -I"D:\MCO 556\Lab 2\frdmk64f_hello_world\utilities" -I"D:\MCO 556\Lab 2\frdmk64f_hello_world\drivers" -I"D:\MCO 556\Lab 2\frdmk64f_hello_world\device" -I"D:\MCO 556\Lab 2\frdmk64f_hello_world\component\uart" -I"D:\MCO 556\Lab 2\frdmk64f_hello_world\component\lists" -I"D:\MCO 556\Lab 2\frdmk64f_hello_world\CMSIS" -I"D:\MCO 556\Lab 2\frdmk64f_hello_world\board" -O0 -fno-common -g3 -gdwarf-4 -c -ffunction-sections -fdata-sections -ffreestanding -fno-builtin -fmerge-constants -fmacro-prefix-map="../drivers/"= -mcpu=cortex-m4 -mfpu=fpv4-sp-d16 -mfloat-abi=hard -mthumb -D__REDLIB__ -fstack-usage -specs=redlib.specs -MMD -MP -MF"drivers/fsl_clock.d" -MT"drivers/fsl_clock.o" -MT"drivers/fsl_clock.d" -o "drivers/fsl_clock.o" "../drivers/fsl_clock.c"
Invoking: MCU C Compiler
arm-none-eabi-gcc -std=gnu99 -D__REDLIB__ -DCPU_MK64FN1M0VLL12 -DPRINTF_FLOAT_ENABLE=0 -DSCANF_FLOAT_ENABLE=0 -DPRINTF_ADVANCED_ENABLE=0 -DSCANF_ADVANCED_ENABLE=0 -DFRDM_K64F -DFREEDOM -DMCUXPRESSO_SDK -DCPU_MK64FN1M0VLL12_cm4 -DSDK_DEBUGCONSOLE=1 -DCR_INTEGER_PRINTF -D__MCUXPRESSO -D__USE_CMSIS -DDEBUG -I"D:\MCO 556\Lab 2\frdmk64f_hello_world\source" -I"D:\MCO 556\Lab 2\frdmk64f_hello_world\utilities" -I"D:\MCO 556\Lab 2\frdmk64f_hello_world\drivers" -I"D:\MCO 556\Lab 2\frdmk64f_hello_world\device" -I"D:\MCO 556\Lab 2\frdmk64f_hello_world\component\uart" -I"D:\MCO 556\Lab 2\frdmk64f_hello_world\component\lists" -I"D:\MCO 556\Lab 2\frdmk64f_hello_world\CMSIS" -I"D:\MCO 556\Lab 2\frdmk64f_hello_world\board" -O0 -fno-common -g3 -gdwarf-4 -c -ffunction-sections -fdata-sections -ffreestanding -fno-builtin -fmerge-constants -fmacro-prefix-map="../drivers/"= -mcpu=cortex-m4 -mfpu=fpv4-sp-d16 -mfloat-abi=hard -mthumb -D__REDLIB__ -fstack-usage -specs=redlib.specs -MMD -MP -MF"drivers/fsl_common_arm.d" -MT"drivers/fsl_common_arm.o" -MT"drivers/fsl_common_arm.d" -o "drivers/fsl_common_arm.o" "../drivers/fsl_common_arm.c"
arm-none-eabi-gcc -std=gnu99 -D__REDLIB__ -DCPU_MK64FN1M0VLL12 -DPRINTF_FLOAT_ENABLE=0 -DSCANF_FLOAT_ENABLE=0 -DPRINTF_ADVANCED_ENABLE=0 -DSCANF_ADVANCED_ENABLE=0 -DFRDM_K64F -DFREEDOM -DMCUXPRESSO_SDK -DCPU_MK64FN1M0VLL12_cm4 -DSDK_DEBUGCONSOLE=1 -DCR_INTEGER_PRINTF -D__MCUXPRESSO -D__USE_CMSIS -DDEBUG -I"D:\MCO 556\Lab 2\frdmk64f_hello_world\source" -I"D:\MCO 556\Lab 2\frdmk64f_hello_world\utilities" -I"D:\MCO 556\Lab 2\frdmk64f_hello_world\drivers" -I"D:\MCO 556\Lab 2\frdmk64f_hello_world\device" -I"D:\MCO 556\Lab 2\frdmk64f_hello_world\component\uart" -I"D:\MCO 556\Lab 2\frdmk64f_hello_world\component\lists" -I"D:\MCO 556\Lab 2\frdmk64f_hello_world\CMSIS" -I"D:\MCO 556\Lab 2\frdmk64f_hello_world\board" -O0 -fno-common -g3 -gdwarf-4 -c -ffunction-sections -fdata-sections -ffreestanding -fno-builtin -fmerge-constants -fmacro-prefix-map="../drivers/"= -mcpu=cortex-m4 -mfpu=fpv4-sp-d16 -mfloat-abi=hard -mthumb -D__REDLIB__ -fstack-usage -specs=redlib.specs -MMD -MP -MF"drivers/fsl_common.d" -MT"drivers/fsl_common.o" -MT"drivers/fsl_common.d" -o "drivers/fsl_common.o" "../drivers/fsl_common.c"
../source/hello_world.c: In function 'main':
../source/hello_world.c:52:9: warning: implicit declaration of function 'gets' [-Wimplicit-function-declaration]
   52 |         gets(ch);
      |         ^~~~
../source/hello_world.c:54:9: warning: implicit declaration of function 'puts' [-Wimplicit-function-declaration]
   54 |         puts(ch);
      |         ^~~~
../source/hello_world.c:58:22: error: 'ID' undeclared (first use in this function)
   58 |         SCANF("%d", &ID);
      |                      ^~
../source/hello_world.c:58:22: note: each undeclared identifier is reported only once for each function it appears in
make[1]: *** [source/subdir.mk:23: source/hello_world.o] Error 1
make[1]: *** Waiting for unfinished jobs....
Finished building: ../source/semihost_hardfault.c
 
Finished building: ../startup/startup_mk64f12.c
 
Finished building: ../drivers/fsl_common_arm.c
 
Finished building: ../utilities/fsl_debug_console.c
Finished building: ../utilities/fsl_assert.c
Finished building: ../drivers/fsl_common.c
 
 
 
Finished building: ../drivers/fsl_clock.c
 
make: *** [makefile:42: all] Error 2
"make -r -j8 all" terminated with exit code 2. Build might be incomplete.
13:12:02 **** Incremental Build of configuration Debug for project frdmk64f_hello_world ****
make -r -j8 all 
Building file: ../source/hello_world.c
Building file: ../drivers/fsl_ftfx_cache.c
Building file: ../drivers/fsl_ftfx_controller.c
Building file: ../drivers/fsl_ftfx_flash.c
Invoking: MCU C Compiler
arm-none-eabi-gcc -std=gnu99 -D__REDLIB__ -DCPU_MK64FN1M0VLL12 -DPRINTF_FLOAT_ENABLE=0 -DSCANF_FLOAT_ENABLE=0 -DPRINTF_ADVANCED_ENABLE=0 -DSCANF_ADVANCED_ENABLE=0 -DFRDM_K64F -DFREEDOM -DMCUXPRESSO_SDK -DCPU_MK64FN1M0VLL12_cm4 -DSDK_DEBUGCONSOLE=1 -DCR_INTEGER_PRINTF -D__MCUXPRESSO -D__USE_CMSIS -DDEBUG -I"D:\MCO 556\Lab 2\frdmk64f_hello_world\source" -I"D:\MCO 556\Lab 2\frdmk64f_hello_world\utilities" -I"D:\MCO 556\Lab 2\frdmk64f_hello_world\drivers" -I"D:\MCO 556\Lab 2\frdmk64f_hello_world\device" -I"D:\MCO 556\Lab 2\frdmk64f_hello_world\component\uart" -I"D:\MCO 556\Lab 2\frdmk64f_hello_world\component\lists" -I"D:\MCO 556\Lab 2\frdmk64f_hello_world\CMSIS" -I"D:\MCO 556\Lab 2\frdmk64f_hello_world\board" -O0 -fno-common -g3 -gdwarf-4 -c -ffunction-sections -fdata-sections -ffreestanding -fno-builtin -fmerge-constants -fmacro-prefix-map="../source/"= -mcpu=cortex-m4 -mfpu=fpv4-sp-d16 -mfloat-abi=hard -mthumb -D__REDLIB__ -fstack-usage -specs=redlib.specs -MMD -MP -MF"source/hello_world.d" -MT"source/hello_world.o" -MT"source/hello_world.d" -o "source/hello_world.o" "../source/hello_world.c"
Invoking: MCU C Compiler
Invoking: MCU C Compiler
arm-none-eabi-gcc -std=gnu99 -D__REDLIB__ -DCPU_MK64FN1M0VLL12 -DPRINTF_FLOAT_ENABLE=0 -DSCANF_FLOAT_ENABLE=0 -DPRINTF_ADVANCED_ENABLE=0 -DSCANF_ADVANCED_ENABLE=0 -DFRDM_K64F -DFREEDOM -DMCUXPRESSO_SDK -DCPU_MK64FN1M0VLL12_cm4 -DSDK_DEBUGCONSOLE=1 -DCR_INTEGER_PRINTF -D__MCUXPRESSO -D__USE_CMSIS -DDEBUG -I"D:\MCO 556\Lab 2\frdmk64f_hello_world\source" -I"D:\MCO 556\Lab 2\frdmk64f_hello_world\utilities" -I"D:\MCO 556\Lab 2\frdmk64f_hello_world\drivers" -I"D:\MCO 556\Lab 2\frdmk64f_hello_world\device" -I"D:\MCO 556\Lab 2\frdmk64f_hello_world\component\uart" -I"D:\MCO 556\Lab 2\frdmk64f_hello_world\component\lists" -I"D:\MCO 556\Lab 2\frdmk64f_hello_world\CMSIS" -I"D:\MCO 556\Lab 2\frdmk64f_hello_world\board" -O0 -fno-common -g3 -gdwarf-4 -c -ffunction-sections -fdata-sections -ffreestanding -fno-builtin -fmerge-constants -fmacro-prefix-map="../drivers/"= -mcpu=cortex-m4 -mfpu=fpv4-sp-d16 -mfloat-abi=hard -mthumb -D__REDLIB__ -fstack-usage -specs=redlib.specs -MMD -MP -MF"drivers/fsl_ftfx_cache.d" -MT"drivers/fsl_ftfx_cache.o" -MT"drivers/fsl_ftfx_cache.d" -o "drivers/fsl_ftfx_cache.o" "../drivers/fsl_ftfx_cache.c"
Invoking: MCU C Compiler
arm-none-eabi-gcc -std=gnu99 -D__REDLIB__ -DCPU_MK64FN1M0VLL12 -DPRINTF_FLOAT_ENABLE=0 -DSCANF_FLOAT_ENABLE=0 -DPRINTF_ADVANCED_ENABLE=0 -DSCANF_ADVANCED_ENABLE=0 -DFRDM_K64F -DFREEDOM -DMCUXPRESSO_SDK -DCPU_MK64FN1M0VLL12_cm4 -DSDK_DEBUGCONSOLE=1 -DCR_INTEGER_PRINTF -D__MCUXPRESSO -D__USE_CMSIS -DDEBUG -I"D:\MCO 556\Lab 2\frdmk64f_hello_world\source" -I"D:\MCO 556\Lab 2\frdmk64f_hello_world\utilities" -I"D:\MCO 556\Lab 2\frdmk64f_hello_world\drivers" -I"D:\MCO 556\Lab 2\frdmk64f_hello_world\device" -I"D:\MCO 556\Lab 2\frdmk64f_hello_world\component\uart" -I"D:\MCO 556\Lab 2\frdmk64f_hello_world\component\lists" -I"D:\MCO 556\Lab 2\frdmk64f_hello_world\CMSIS" -I"D:\MCO 556\Lab 2\frdmk64f_hello_world\board" -O0 -fno-common -g3 -gdwarf-4 -c -ffunction-sections -fdata-sections -ffreestanding -fno-builtin -fmerge-constants -fmacro-prefix-map="../drivers/"= -mcpu=cortex-m4 -mfpu=fpv4-sp-d16 -mfloat-abi=hard -mthumb -D__REDLIB__ -fstack-usage -specs=redlib.specs -MMD -MP -MF"drivers/fsl_ftfx_controller.d" -MT"drivers/fsl_ftfx_controller.o" -MT"drivers/fsl_ftfx_controller.d" -o "drivers/fsl_ftfx_controller.o" "../drivers/fsl_ftfx_controller.c"
arm-none-eabi-gcc -std=gnu99 -D__REDLIB__ -DCPU_MK64FN1M0VLL12 -DPRINTF_FLOAT_ENABLE=0 -DSCANF_FLOAT_ENABLE=0 -DPRINTF_ADVANCED_ENABLE=0 -DSCANF_ADVANCED_ENABLE=0 -DFRDM_K64F -DFREEDOM -DMCUXPRESSO_SDK -DCPU_MK64FN1M0VLL12_cm4 -DSDK_DEBUGCONSOLE=1 -DCR_INTEGER_PRINTF -D__MCUXPRESSO -D__USE_CMSIS -DDEBUG -I"D:\MCO 556\Lab 2\frdmk64f_hello_world\source" -I"D:\MCO 556\Lab 2\frdmk64f_hello_world\utilities" -I"D:\MCO 556\Lab 2\frdmk64f_hello_world\drivers" -I"D:\MCO 556\Lab 2\frdmk64f_hello_world\device" -I"D:\MCO 556\Lab 2\frdmk64f_hello_world\component\uart" -I"D:\MCO 556\Lab 2\frdmk64f_hello_world\component\lists" -I"D:\MCO 556\Lab 2\frdmk64f_hello_world\CMSIS" -I"D:\MCO 556\Lab 2\frdmk64f_hello_world\board" -O0 -fno-common -g3 -gdwarf-4 -c -ffunction-sections -fdata-sections -ffreestanding -fno-builtin -fmerge-constants -fmacro-prefix-map="../drivers/"= -mcpu=cortex-m4 -mfpu=fpv4-sp-d16 -mfloat-abi=hard -mthumb -D__REDLIB__ -fstack-usage -specs=redlib.specs -MMD -MP -MF"drivers/fsl_ftfx_flash.d" -MT"drivers/fsl_ftfx_flash.o" -MT"drivers/fsl_ftfx_flash.d" -o "drivers/fsl_ftfx_flash.o" "../drivers/fsl_ftfx_flash.c"
Building file: ../drivers/fsl_ftfx_flexnvm.c
Building file: ../drivers/fsl_gpio.c
Building file: ../drivers/fsl_smc.c
Invoking: MCU C Compiler
Building file: ../drivers/fsl_uart.c
arm-none-eabi-gcc -std=gnu99 -D__REDLIB__ -DCPU_MK64FN1M0VLL12 -DPRINTF_FLOAT_ENABLE=0 -DSCANF_FLOAT_ENABLE=0 -DPRINTF_ADVANCED_ENABLE=0 -DSCANF_ADVANCED_ENABLE=0 -DFRDM_K64F -DFREEDOM -DMCUXPRESSO_SDK -DCPU_MK64FN1M0VLL12_cm4 -DSDK_DEBUGCONSOLE=1 -DCR_INTEGER_PRINTF -D__MCUXPRESSO -D__USE_CMSIS -DDEBUG -I"D:\MCO 556\Lab 2\frdmk64f_hello_world\source" -I"D:\MCO 556\Lab 2\frdmk64f_hello_world\utilities" -I"D:\MCO 556\Lab 2\frdmk64f_hello_world\drivers" -I"D:\MCO 556\Lab 2\frdmk64f_hello_world\device" -I"D:\MCO 556\Lab 2\frdmk64f_hello_world\component\uart" -I"D:\MCO 556\Lab 2\frdmk64f_hello_world\component\lists" -I"D:\MCO 556\Lab 2\frdmk64f_hello_world\CMSIS" -I"D:\MCO 556\Lab 2\frdmk64f_hello_world\board" -O0 -fno-common -g3 -gdwarf-4 -c -ffunction-sections -fdata-sections -ffreestanding -fno-builtin -fmerge-constants -fmacro-prefix-map="../drivers/"= -mcpu=cortex-m4 -mfpu=fpv4-sp-d16 -mfloat-abi=hard -mthumb -D__REDLIB__ -fstack-usage -specs=redlib.specs -MMD -MP -MF"drivers/fsl_ftfx_flexnvm.d" -MT"drivers/fsl_ftfx_flexnvm.o" -MT"drivers/fsl_ftfx_flexnvm.d" -o "drivers/fsl_ftfx_flexnvm.o" "../drivers/fsl_ftfx_flexnvm.c"
Invoking: MCU C Compiler
Invoking: MCU C Compiler
arm-none-eabi-gcc -std=gnu99 -D__REDLIB__ -DCPU_MK64FN1M0VLL12 -DPRINTF_FLOAT_ENABLE=0 -DSCANF_FLOAT_ENABLE=0 -DPRINTF_ADVANCED_ENABLE=0 -DSCANF_ADVANCED_ENABLE=0 -DFRDM_K64F -DFREEDOM -DMCUXPRESSO_SDK -DCPU_MK64FN1M0VLL12_cm4 -DSDK_DEBUGCONSOLE=1 -DCR_INTEGER_PRINTF -D__MCUXPRESSO -D__USE_CMSIS -DDEBUG -I"D:\MCO 556\Lab 2\frdmk64f_hello_world\source" -I"D:\MCO 556\Lab 2\frdmk64f_hello_world\utilities" -I"D:\MCO 556\Lab 2\frdmk64f_hello_world\drivers" -I"D:\MCO 556\Lab 2\frdmk64f_hello_world\device" -I"D:\MCO 556\Lab 2\frdmk64f_hello_world\component\uart" -I"D:\MCO 556\Lab 2\frdmk64f_hello_world\component\lists" -I"D:\MCO 556\Lab 2\frdmk64f_hello_world\CMSIS" -I"D:\MCO 556\Lab 2\frdmk64f_hello_world\board" -O0 -fno-common -g3 -gdwarf-4 -c -ffunction-sections -fdata-sections -ffreestanding -fno-builtin -fmerge-constants -fmacro-prefix-map="../drivers/"= -mcpu=cortex-m4 -mfpu=fpv4-sp-d16 -mfloat-abi=hard -mthumb -D__REDLIB__ -fstack-usage -specs=redlib.specs -MMD -MP -MF"drivers/fsl_gpio.d" -MT"drivers/fsl_gpio.o" -MT"drivers/fsl_gpio.d" -o "drivers/fsl_gpio.o" "../drivers/fsl_gpio.c"
arm-none-eabi-gcc -std=gnu99 -D__REDLIB__ -DCPU_MK64FN1M0VLL12 -DPRINTF_FLOAT_ENABLE=0 -DSCANF_FLOAT_ENABLE=0 -DPRINTF_ADVANCED_ENABLE=0 -DSCANF_ADVANCED_ENABLE=0 -DFRDM_K64F -DFREEDOM -DMCUXPRESSO_SDK -DCPU_MK64FN1M0VLL12_cm4 -DSDK_DEBUGCONSOLE=1 -DCR_INTEGER_PRINTF -D__MCUXPRESSO -D__USE_CMSIS -DDEBUG -I"D:\MCO 556\Lab 2\frdmk64f_hello_world\source" -I"D:\MCO 556\Lab 2\frdmk64f_hello_world\utilities" -I"D:\MCO 556\Lab 2\frdmk64f_hello_world\drivers" -I"D:\MCO 556\Lab 2\frdmk64f_hello_world\device" -I"D:\MCO 556\Lab 2\frdmk64f_hello_world\component\uart" -I"D:\MCO 556\Lab 2\frdmk64f_hello_world\component\lists" -I"D:\MCO 556\Lab 2\frdmk64f_hello_world\CMSIS" -I"D:\MCO 556\Lab 2\frdmk64f_hello_world\board" -O0 -fno-common -g3 -gdwarf-4 -c -ffunction-sections -fdata-sections -ffreestanding -fno-builtin -fmerge-constants -fmacro-prefix-map="../drivers/"= -mcpu=cortex-m4 -mfpu=fpv4-sp-d16 -mfloat-abi=hard -mthumb -D__REDLIB__ -fstack-usage -specs=redlib.specs -MMD -MP -MF"drivers/fsl_smc.d" -MT"drivers/fsl_smc.o" -MT"drivers/fsl_smc.d" -o "drivers/fsl_smc.o" "../drivers/fsl_smc.c"
Invoking: MCU C Compiler
arm-none-eabi-gcc -std=gnu99 -D__REDLIB__ -DCPU_MK64FN1M0VLL12 -DPRINTF_FLOAT_ENABLE=0 -DSCANF_FLOAT_ENABLE=0 -DPRINTF_ADVANCED_ENABLE=0 -DSCANF_ADVANCED_ENABLE=0 -DFRDM_K64F -DFREEDOM -DMCUXPRESSO_SDK -DCPU_MK64FN1M0VLL12_cm4 -DSDK_DEBUGCONSOLE=1 -DCR_INTEGER_PRINTF -D__MCUXPRESSO -D__USE_CMSIS -DDEBUG -I"D:\MCO 556\Lab 2\frdmk64f_hello_world\source" -I"D:\MCO 556\Lab 2\frdmk64f_hello_world\utilities" -I"D:\MCO 556\Lab 2\frdmk64f_hello_world\drivers" -I"D:\MCO 556\Lab 2\frdmk64f_hello_world\device" -I"D:\MCO 556\Lab 2\frdmk64f_hello_world\component\uart" -I"D:\MCO 556\Lab 2\frdmk64f_hello_world\component\lists" -I"D:\MCO 556\Lab 2\frdmk64f_hello_world\CMSIS" -I"D:\MCO 556\Lab 2\frdmk64f_hello_world\board" -O0 -fno-common -g3 -gdwarf-4 -c -ffunction-sections -fdata-sections -ffreestanding -fno-builtin -fmerge-constants -fmacro-prefix-map="../drivers/"= -mcpu=cortex-m4 -mfpu=fpv4-sp-d16 -mfloat-abi=hard -mthumb -D__REDLIB__ -fstack-usage -specs=redlib.specs -MMD -MP -MF"drivers/fsl_uart.d" -MT"drivers/fsl_uart.o" -MT"drivers/fsl_uart.d" -o "drivers/fsl_uart.o" "../drivers/fsl_uart.c"
../source/hello_world.c: In function 'main':
../source/hello_world.c:43:12: error: assignment to expression with array type
   43 |         ch = GETCHAR();
      |            ^
../source/hello_world.c:44:17: warning: passing argument 1 of 'DbgConsole_Putchar' makes integer from pointer without a cast [-Wint-conversion]
   44 |         PUTCHAR(ch);
      |                 ^~
      |                 |
      |                 char *
In file included from ../source/hello_world.c:10:
D:\MCO 556\Lab 2\frdmk64f_hello_world\utilities/fsl_debug_console.h:206:28: note: expected 'int' but argument is of type 'char *'
  206 | int DbgConsole_Putchar(int ch);
      |                        ~~~~^~
../source/hello_world.c:51:5: warning: implicit declaration of function 'gets' [-Wimplicit-function-declaration]
   51 |     gets(ch);
      |     ^~~~
../source/hello_world.c:53:5: warning: implicit declaration of function 'puts' [-Wimplicit-function-declaration]
   53 |     puts(ch);
      |     ^~~~
make[1]: *** [source/subdir.mk:23: source/hello_world.o] Error 1
make[1]: *** Waiting for unfinished jobs....
Finished building: ../drivers/fsl_ftfx_cache.c
 
Finished building: ../drivers/fsl_ftfx_flexnvm.c
 
Finished building: ../drivers/fsl_gpio.c
 
Finished building: ../drivers/fsl_smc.c
Finished building: ../drivers/fsl_ftfx_controller.c
Finished building: ../drivers/fsl_ftfx_flash.c
 
 
 
Finished building: ../drivers/fsl_uart.c
 
make: *** [makefile:42: all] Error 2
"make -r -j8 all" terminated with exit code 2. Build might be incomplete.
13:12:22 **** Incremental Build of configuration Debug for project frdmk64f_hello_world ****
make -r -j8 all 
Building file: ../source/hello_world.c
Building file: ../device/system_MK64F12.c
Building file: ../component/uart/fsl_adapter_uart.c
Invoking: MCU C Compiler
arm-none-eabi-gcc -std=gnu99 -D__REDLIB__ -DCPU_MK64FN1M0VLL12 -DPRINTF_FLOAT_ENABLE=0 -DSCANF_FLOAT_ENABLE=0 -DPRINTF_ADVANCED_ENABLE=0 -DSCANF_ADVANCED_ENABLE=0 -DFRDM_K64F -DFREEDOM -DMCUXPRESSO_SDK -DCPU_MK64FN1M0VLL12_cm4 -DSDK_DEBUGCONSOLE=1 -DCR_INTEGER_PRINTF -D__MCUXPRESSO -D__USE_CMSIS -DDEBUG -I"D:\MCO 556\Lab 2\frdmk64f_hello_world\source" -I"D:\MCO 556\Lab 2\frdmk64f_hello_world\utilities" -I"D:\MCO 556\Lab 2\frdmk64f_hello_world\drivers" -I"D:\MCO 556\Lab 2\frdmk64f_hello_world\device" -I"D:\MCO 556\Lab 2\frdmk64f_hello_world\component\uart" -I"D:\MCO 556\Lab 2\frdmk64f_hello_world\component\lists" -I"D:\MCO 556\Lab 2\frdmk64f_hello_world\CMSIS" -I"D:\MCO 556\Lab 2\frdmk64f_hello_world\board" -O0 -fno-common -g3 -gdwarf-4 -c -ffunction-sections -fdata-sections -ffreestanding -fno-builtin -fmerge-constants -fmacro-prefix-map="../source/"= -mcpu=cortex-m4 -mfpu=fpv4-sp-d16 -mfloat-abi=hard -mthumb -D__REDLIB__ -fstack-usage -specs=redlib.specs -MMD -MP -MF"source/hello_world.d" -MT"source/hello_world.o" -MT"source/hello_world.d" -o "source/hello_world.o" "../source/hello_world.c"
Building file: ../component/lists/fsl_component_generic_list.c
Invoking: MCU C Compiler
Invoking: MCU C Compiler
arm-none-eabi-gcc -std=gnu99 -D__REDLIB__ -DCPU_MK64FN1M0VLL12 -DPRINTF_FLOAT_ENABLE=0 -DSCANF_FLOAT_ENABLE=0 -DPRINTF_ADVANCED_ENABLE=0 -DSCANF_ADVANCED_ENABLE=0 -DFRDM_K64F -DFREEDOM -DMCUXPRESSO_SDK -DCPU_MK64FN1M0VLL12_cm4 -DSDK_DEBUGCONSOLE=1 -DCR_INTEGER_PRINTF -D__MCUXPRESSO -D__USE_CMSIS -DDEBUG -I"D:\MCO 556\Lab 2\frdmk64f_hello_world\source" -I"D:\MCO 556\Lab 2\frdmk64f_hello_world\utilities" -I"D:\MCO 556\Lab 2\frdmk64f_hello_world\drivers" -I"D:\MCO 556\Lab 2\frdmk64f_hello_world\device" -I"D:\MCO 556\Lab 2\frdmk64f_hello_world\component\uart" -I"D:\MCO 556\Lab 2\frdmk64f_hello_world\component\lists" -I"D:\MCO 556\Lab 2\frdmk64f_hello_world\CMSIS" -I"D:\MCO 556\Lab 2\frdmk64f_hello_world\board" -O0 -fno-common -g3 -gdwarf-4 -c -ffunction-sections -fdata-sections -ffreestanding -fno-builtin -fmerge-constants -fmacro-prefix-map="../device/"= -mcpu=cortex-m4 -mfpu=fpv4-sp-d16 -mfloat-abi=hard -mthumb -D__REDLIB__ -fstack-usage -specs=redlib.specs -MMD -MP -MF"device/system_MK64F12.d" -MT"device/system_MK64F12.o" -MT"device/system_MK64F12.d" -o "device/system_MK64F12.o" "../device/system_MK64F12.c"
arm-none-eabi-gcc -std=gnu99 -D__REDLIB__ -DCPU_MK64FN1M0VLL12 -DPRINTF_FLOAT_ENABLE=0 -DSCANF_FLOAT_ENABLE=0 -DPRINTF_ADVANCED_ENABLE=0 -DSCANF_ADVANCED_ENABLE=0 -DFRDM_K64F -DFREEDOM -DMCUXPRESSO_SDK -DCPU_MK64FN1M0VLL12_cm4 -DSDK_DEBUGCONSOLE=1 -DCR_INTEGER_PRINTF -D__MCUXPRESSO -D__USE_CMSIS -DDEBUG -I"D:\MCO 556\Lab 2\frdmk64f_hello_world\source" -I"D:\MCO 556\Lab 2\frdmk64f_hello_world\utilities" -I"D:\MCO 556\Lab 2\frdmk64f_hello_world\drivers" -I"D:\MCO 556\Lab 2\frdmk64f_hello_world\device" -I"D:\MCO 556\Lab 2\frdmk64f_hello_world\component\uart" -I"D:\MCO 556\Lab 2\frdmk64f_hello_world\component\lists" -I"D:\MCO 556\Lab 2\frdmk64f_hello_world\CMSIS" -I"D:\MCO 556\Lab 2\frdmk64f_hello_world\board" -O0 -fno-common -g3 -gdwarf-4 -c -ffunction-sections -fdata-sections -ffreestanding -fno-builtin -fmerge-constants -fmacro-prefix-map="../component/uart/"= -mcpu=cortex-m4 -mfpu=fpv4-sp-d16 -mfloat-abi=hard -mthumb -D__REDLIB__ -fstack-usage -specs=redlib.specs -MMD -MP -MF"component/uart/fsl_adapter_uart.d" -MT"component/uart/fsl_adapter_uart.o" -MT"component/uart/fsl_adapter_uart.d" -o "component/uart/fsl_adapter_uart.o" "../component/uart/fsl_adapter_uart.c"
Invoking: MCU C Compiler
arm-none-eabi-gcc -std=gnu99 -D__REDLIB__ -DCPU_MK64FN1M0VLL12 -DPRINTF_FLOAT_ENABLE=0 -DSCANF_FLOAT_ENABLE=0 -DPRINTF_ADVANCED_ENABLE=0 -DSCANF_ADVANCED_ENABLE=0 -DFRDM_K64F -DFREEDOM -DMCUXPRESSO_SDK -DCPU_MK64FN1M0VLL12_cm4 -DSDK_DEBUGCONSOLE=1 -DCR_INTEGER_PRINTF -D__MCUXPRESSO -D__USE_CMSIS -DDEBUG -I"D:\MCO 556\Lab 2\frdmk64f_hello_world\source" -I"D:\MCO 556\Lab 2\frdmk64f_hello_world\utilities" -I"D:\MCO 556\Lab 2\frdmk64f_hello_world\drivers" -I"D:\MCO 556\Lab 2\frdmk64f_hello_world\device" -I"D:\MCO 556\Lab 2\frdmk64f_hello_world\component\uart" -I"D:\MCO 556\Lab 2\frdmk64f_hello_world\component\lists" -I"D:\MCO 556\Lab 2\frdmk64f_hello_world\CMSIS" -I"D:\MCO 556\Lab 2\frdmk64f_hello_world\board" -O0 -fno-common -g3 -gdwarf-4 -c -ffunction-sections -fdata-sections -ffreestanding -fno-builtin -fmerge-constants -fmacro-prefix-map="../component/lists/"= -mcpu=cortex-m4 -mfpu=fpv4-sp-d16 -mfloat-abi=hard -mthumb -D__REDLIB__ -fstack-usage -specs=redlib.specs -MMD -MP -MF"component/lists/fsl_component_generic_list.d" -MT"component/lists/fsl_component_generic_list.o" -MT"component/lists/fsl_component_generic_list.d" -o "component/lists/fsl_component_generic_list.o" "../component/lists/fsl_component_generic_list.c"
Building file: ../board/board.c
Building file: ../board/clock_config.c
Invoking: MCU C Compiler
Building file: ../board/pin_mux.c
arm-none-eabi-gcc -std=gnu99 -D__REDLIB__ -DCPU_MK64FN1M0VLL12 -DPRINTF_FLOAT_ENABLE=0 -DSCANF_FLOAT_ENABLE=0 -DPRINTF_ADVANCED_ENABLE=0 -DSCANF_ADVANCED_ENABLE=0 -DFRDM_K64F -DFREEDOM -DMCUXPRESSO_SDK -DCPU_MK64FN1M0VLL12_cm4 -DSDK_DEBUGCONSOLE=1 -DCR_INTEGER_PRINTF -D__MCUXPRESSO -D__USE_CMSIS -DDEBUG -I"D:\MCO 556\Lab 2\frdmk64f_hello_world\source" -I"D:\MCO 556\Lab 2\frdmk64f_hello_world\utilities" -I"D:\MCO 556\Lab 2\frdmk64f_hello_world\drivers" -I"D:\MCO 556\Lab 2\frdmk64f_hello_world\device" -I"D:\MCO 556\Lab 2\frdmk64f_hello_world\component\uart" -I"D:\MCO 556\Lab 2\frdmk64f_hello_world\component\lists" -I"D:\MCO 556\Lab 2\frdmk64f_hello_world\CMSIS" -I"D:\MCO 556\Lab 2\frdmk64f_hello_world\board" -O0 -fno-common -g3 -gdwarf-4 -c -ffunction-sections -fdata-sections -ffreestanding -fno-builtin -fmerge-constants -fmacro-prefix-map="../board/"= -mcpu=cortex-m4 -mfpu=fpv4-sp-d16 -mfloat-abi=hard -mthumb -D__REDLIB__ -fstack-usage -specs=redlib.specs -MMD -MP -MF"board/board.d" -MT"board/board.o" -MT"board/board.d" -o "board/board.o" "../board/board.c"
Invoking: MCU C Compiler
arm-none-eabi-gcc -std=gnu99 -D__REDLIB__ -DCPU_MK64FN1M0VLL12 -DPRINTF_FLOAT_ENABLE=0 -DSCANF_FLOAT_ENABLE=0 -DPRINTF_ADVANCED_ENABLE=0 -DSCANF_ADVANCED_ENABLE=0 -DFRDM_K64F -DFREEDOM -DMCUXPRESSO_SDK -DCPU_MK64FN1M0VLL12_cm4 -DSDK_DEBUGCONSOLE=1 -DCR_INTEGER_PRINTF -D__MCUXPRESSO -D__USE_CMSIS -DDEBUG -I"D:\MCO 556\Lab 2\frdmk64f_hello_world\source" -I"D:\MCO 556\Lab 2\frdmk64f_hello_world\utilities" -I"D:\MCO 556\Lab 2\frdmk64f_hello_world\drivers" -I"D:\MCO 556\Lab 2\frdmk64f_hello_world\device" -I"D:\MCO 556\Lab 2\frdmk64f_hello_world\component\uart" -I"D:\MCO 556\Lab 2\frdmk64f_hello_world\component\lists" -I"D:\MCO 556\Lab 2\frdmk64f_hello_world\CMSIS" -I"D:\MCO 556\Lab 2\frdmk64f_hello_world\board" -O0 -fno-common -g3 -gdwarf-4 -c -ffunction-sections -fdata-sections -ffreestanding -fno-builtin -fmerge-constants -fmacro-prefix-map="../board/"= -mcpu=cortex-m4 -mfpu=fpv4-sp-d16 -mfloat-abi=hard -mthumb -D__REDLIB__ -fstack-usage -specs=redlib.specs -MMD -MP -MF"board/clock_config.d" -MT"board/clock_config.o" -MT"board/clock_config.d" -o "board/clock_config.o" "../board/clock_config.c"
Invoking: MCU C Compiler
arm-none-eabi-gcc -std=gnu99 -D__REDLIB__ -DCPU_MK64FN1M0VLL12 -DPRINTF_FLOAT_ENABLE=0 -DSCANF_FLOAT_ENABLE=0 -DPRINTF_ADVANCED_ENABLE=0 -DSCANF_ADVANCED_ENABLE=0 -DFRDM_K64F -DFREEDOM -DMCUXPRESSO_SDK -DCPU_MK64FN1M0VLL12_cm4 -DSDK_DEBUGCONSOLE=1 -DCR_INTEGER_PRINTF -D__MCUXPRESSO -D__USE_CMSIS -DDEBUG -I"D:\MCO 556\Lab 2\frdmk64f_hello_world\source" -I"D:\MCO 556\Lab 2\frdmk64f_hello_world\utilities" -I"D:\MCO 556\Lab 2\frdmk64f_hello_world\drivers" -I"D:\MCO 556\Lab 2\frdmk64f_hello_world\device" -I"D:\MCO 556\Lab 2\frdmk64f_hello_world\component\uart" -I"D:\MCO 556\Lab 2\frdmk64f_hello_world\component\lists" -I"D:\MCO 556\Lab 2\frdmk64f_hello_world\CMSIS" -I"D:\MCO 556\Lab 2\frdmk64f_hello_world\board" -O0 -fno-common -g3 -gdwarf-4 -c -ffunction-sections -fdata-sections -ffreestanding -fno-builtin -fmerge-constants -fmacro-prefix-map="../board/"= -mcpu=cortex-m4 -mfpu=fpv4-sp-d16 -mfloat-abi=hard -mthumb -D__REDLIB__ -fstack-usage -specs=redlib.specs -MMD -MP -MF"board/pin_mux.d" -MT"board/pin_mux.o" -MT"board/pin_mux.d" -o "board/pin_mux.o" "../board/pin_mux.c"
../source/hello_world.c: In function 'main':
../source/hello_world.c:43:5: warning: implicit declaration of function 'gets' [-Wimplicit-function-declaration]
   43 |     gets(ch);
      |     ^~~~
../source/hello_world.c:45:5: warning: implicit declaration of function 'puts' [-Wimplicit-function-declaration]
   45 |     puts(ch);
      |     ^~~~
Finished building: ../device/system_MK64F12.c
 
Finished building: ../component/uart/fsl_adapter_uart.c
 
Finished building: ../component/lists/fsl_component_generic_list.c
Finished building: ../board/board.c
 
 
Finished building: ../board/clock_config.c
 
Finished building: ../board/pin_mux.c
Finished building: ../source/hello_world.c
 
 
Building target: frdmk64f_hello_world.axf
Invoking: MCU Linker
arm-none-eabi-gcc -nostdlib -Xlinker -Map="frdmk64f_hello_world.map" -Xlinker --gc-sections -Xlinker -print-memory-usage -Xlinker --sort-section=alignment -Xlinker --cref -mcpu=cortex-m4 -mfpu=fpv4-sp-d16 -mfloat-abi=hard -mthumb -T frdmk64f_hello_world_Debug.ld -o "frdmk64f_hello_world.axf" ./utilities/fsl_assert.o ./utilities/fsl_debug_console.o  ./startup/startup_mk64f12.o  ./source/hello_world.o ./source/semihost_hardfault.o  ./drivers/fsl_clock.o ./drivers/fsl_common.o ./drivers/fsl_common_arm.o ./drivers/fsl_ftfx_cache.o ./drivers/fsl_ftfx_controller.o ./drivers/fsl_ftfx_flash.o ./drivers/fsl_ftfx_flexnvm.o ./drivers/fsl_gpio.o ./drivers/fsl_smc.o ./drivers/fsl_uart.o  ./device/system_MK64F12.o  ./component/uart/fsl_adapter_uart.o  ./component/lists/fsl_component_generic_list.o  ./board/board.o ./board/clock_config.o ./board/pin_mux.o   
Memory region         Used Size  Region Size  %age Used
   PROGRAM_FLASH:       11960 B         1 MB      1.14%
      SRAM_UPPER:        8456 B       192 KB      4.30%
      SRAM_LOWER:          0 GB        64 KB      0.00%
        FLEX_RAM:          0 GB         4 KB      0.00%
Finished building target: frdmk64f_hello_world.axf
 
Performing post-build steps
arm-none-eabi-size "frdmk64f_hello_world.axf"; # arm-none-eabi-objcopy -v -O binary "frdmk64f_hello_world.axf" "frdmk64f_hello_world.bin" ; # checksum -p MK64FN1M0xxx12 -d "frdmk64f_hello_world.bin";
   text	   data	    bss	    dec	    hex	filename
  11944	     16	   8440	  20400	   4fb0	frdmk64f_hello_world.axf
 
13:12:32 **** Incremental Build of configuration Debug for project frdmk64f_hello_world ****
make -r -j8 all 
make[1]: Nothing to be done for 'main-build'.
Performing post-build steps
arm-none-eabi-size "frdmk64f_hello_world.axf"; # arm-none-eabi-objcopy -v -O binary "frdmk64f_hello_world.axf" "frdmk64f_hello_world.bin" ; # checksum -p MK64FN1M0xxx12 -d "frdmk64f_hello_world.bin";
   text	   data	    bss	    dec	    hex	filename
  11944	     16	   8440	  20400	   4fb0	frdmk64f_hello_world.axf
 
13:13:32 **** Incremental Build of configuration Debug for project frdmk64f_hello_world ****
make -r -j8 all 
make[1]: Nothing to be done for 'main-build'.
Performing post-build steps
arm-none-eabi-size "frdmk64f_hello_world.axf"; # arm-none-eabi-objcopy -v -O binary "frdmk64f_hello_world.axf" "frdmk64f_hello_world.bin" ; # checksum -p MK64FN1M0xxx12 -d "frdmk64f_hello_world.bin";
   text	   data	    bss	    dec	    hex	filename
  11944	     16	   8440	  20400	   4fb0	frdmk64f_hello_world.axf
 
13:14:40 **** Incremental Build of configuration Debug for project frdmk64f_hello_world ****
make -r -j8 all 
Building file: ../source/hello_world.c
Invoking: MCU C Compiler
arm-none-eabi-gcc -std=gnu99 -D__REDLIB__ -DCPU_MK64FN1M0VLL12 -DPRINTF_FLOAT_ENABLE=0 -DSCANF_FLOAT_ENABLE=0 -DPRINTF_ADVANCED_ENABLE=0 -DSCANF_ADVANCED_ENABLE=0 -DFRDM_K64F -DFREEDOM -DMCUXPRESSO_SDK -DCPU_MK64FN1M0VLL12_cm4 -DSDK_DEBUGCONSOLE=1 -DCR_INTEGER_PRINTF -D__MCUXPRESSO -D__USE_CMSIS -DDEBUG -I"D:\MCO 556\Lab 2\frdmk64f_hello_world\source" -I"D:\MCO 556\Lab 2\frdmk64f_hello_world\utilities" -I"D:\MCO 556\Lab 2\frdmk64f_hello_world\drivers" -I"D:\MCO 556\Lab 2\frdmk64f_hello_world\device" -I"D:\MCO 556\Lab 2\frdmk64f_hello_world\component\uart" -I"D:\MCO 556\Lab 2\frdmk64f_hello_world\component\lists" -I"D:\MCO 556\Lab 2\frdmk64f_hello_world\CMSIS" -I"D:\MCO 556\Lab 2\frdmk64f_hello_world\board" -O0 -fno-common -g3 -gdwarf-4 -c -ffunction-sections -fdata-sections -ffreestanding -fno-builtin -fmerge-constants -fmacro-prefix-map="../source/"= -mcpu=cortex-m4 -mfpu=fpv4-sp-d16 -mfloat-abi=hard -mthumb -D__REDLIB__ -fstack-usage -specs=redlib.specs -MMD -MP -MF"source/hello_world.d" -MT"source/hello_world.o" -MT"source/hello_world.d" -o "source/hello_world.o" "../source/hello_world.c"
../source/hello_world.c: In function 'main':
../source/hello_world.c:43:5: warning: implicit declaration of function 'GETS' [-Wimplicit-function-declaration]
   43 |     GETS(ch);
      |     ^~~~
../source/hello_world.c:45:5: warning: implicit declaration of function 'PUTS' [-Wimplicit-function-declaration]
   45 |     PUTS(ch);
      |     ^~~~
Finished building: ../source/hello_world.c
 
Building target: frdmk64f_hello_world.axf
Invoking: MCU Linker
arm-none-eabi-gcc -nostdlib -Xlinker -Map="frdmk64f_hello_world.map" -Xlinker --gc-sections -Xlinker -print-memory-usage -Xlinker --sort-section=alignment -Xlinker --cref -mcpu=cortex-m4 -mfpu=fpv4-sp-d16 -mfloat-abi=hard -mthumb -T frdmk64f_hello_world_Debug.ld -o "frdmk64f_hello_world.axf" ./utilities/fsl_assert.o ./utilities/fsl_debug_console.o  ./startup/startup_mk64f12.o  ./source/hello_world.o ./source/semihost_hardfault.o  ./drivers/fsl_clock.o ./drivers/fsl_common.o ./drivers/fsl_common_arm.o ./drivers/fsl_ftfx_cache.o ./drivers/fsl_ftfx_controller.o ./drivers/fsl_ftfx_flash.o ./drivers/fsl_ftfx_flexnvm.o ./drivers/fsl_gpio.o ./drivers/fsl_smc.o ./drivers/fsl_uart.o  ./device/system_MK64F12.o  ./component/uart/fsl_adapter_uart.o  ./component/lists/fsl_component_generic_list.o  ./board/board.o ./board/clock_config.o ./board/pin_mux.o   
c:/nxp/mcuxpressoide_11.9.1_2170/ide/plugins/com.nxp.mcuxpresso.tools.win32_11.9.1.202402080819/tools/bin/../lib/gcc/arm-none-eabi/12.3.1/../../../../arm-none-eabi/bin/ld.exe: ./source/hello_world.o: in function `main':
D:\MCO 556\Lab 2\frdmk64f_hello_world\Debug/../source/hello_world.c:43: undefined reference to `GETS'
c:/nxp/mcuxpressoide_11.9.1_2170/ide/plugins/com.nxp.mcuxpresso.tools.win32_11.9.1.202402080819/tools/bin/../lib/gcc/arm-none-eabi/12.3.1/../../../../arm-none-eabi/bin/ld.exe: D:\MCO 556\Lab 2\frdmk64f_hello_world\Debug/../source/hello_world.c:45: undefined reference to `PUTS'
Memory region         Used Size  Region Size  %age Used
   PROGRAM_FLASH:       11032 B         1 MB      1.05%
      SRAM_UPPER:        8448 B       192 KB      4.30%
      SRAM_LOWER:          0 GB        64 KB      0.00%
        FLEX_RAM:          0 GB         4 KB      0.00%
collect2.exe: error: ld returned 1 exit status
make[1]: *** [makefile:51: frdmk64f_hello_world.axf] Error 1
make: *** [makefile:42: all] Error 2
"make -r -j8 all" terminated with exit code 2. Build might be incomplete.
13:15:16 **** Incremental Build of configuration Debug for project frdmk64f_hello_world ****
make -r -j8 all 
Building file: ../source/hello_world.c
Invoking: MCU C Compiler
arm-none-eabi-gcc -std=gnu99 -D__REDLIB__ -DCPU_MK64FN1M0VLL12 -DPRINTF_FLOAT_ENABLE=0 -DSCANF_FLOAT_ENABLE=0 -DPRINTF_ADVANCED_ENABLE=0 -DSCANF_ADVANCED_ENABLE=0 -DFRDM_K64F -DFREEDOM -DMCUXPRESSO_SDK -DCPU_MK64FN1M0VLL12_cm4 -DSDK_DEBUGCONSOLE=1 -DCR_INTEGER_PRINTF -D__MCUXPRESSO -D__USE_CMSIS -DDEBUG -I"D:\MCO 556\Lab 2\frdmk64f_hello_world\source" -I"D:\MCO 556\Lab 2\frdmk64f_hello_world\utilities" -I"D:\MCO 556\Lab 2\frdmk64f_hello_world\drivers" -I"D:\MCO 556\Lab 2\frdmk64f_hello_world\device" -I"D:\MCO 556\Lab 2\frdmk64f_hello_world\component\uart" -I"D:\MCO 556\Lab 2\frdmk64f_hello_world\component\lists" -I"D:\MCO 556\Lab 2\frdmk64f_hello_world\CMSIS" -I"D:\MCO 556\Lab 2\frdmk64f_hello_world\board" -O0 -fno-common -g3 -gdwarf-4 -c -ffunction-sections -fdata-sections -ffreestanding -fno-builtin -fmerge-constants -fmacro-prefix-map="../source/"= -mcpu=cortex-m4 -mfpu=fpv4-sp-d16 -mfloat-abi=hard -mthumb -D__REDLIB__ -fstack-usage -specs=redlib.specs -MMD -MP -MF"source/hello_world.d" -MT"source/hello_world.o" -MT"source/hello_world.d" -o "source/hello_world.o" "../source/hello_world.c"
../source/hello_world.c: In function 'main':
../source/hello_world.c:42:5: warning: implicit declaration of function 'gets' [-Wimplicit-function-declaration]
   42 |     gets(ch);
      |     ^~~~
../source/hello_world.c:44:5: warning: implicit declaration of function 'puts' [-Wimplicit-function-declaration]
   44 |     puts(ch);
      |     ^~~~
Finished building: ../source/hello_world.c
 
Building target: frdmk64f_hello_world.axf
Invoking: MCU Linker
arm-none-eabi-gcc -nostdlib -Xlinker -Map="frdmk64f_hello_world.map" -Xlinker --gc-sections -Xlinker -print-memory-usage -Xlinker --sort-section=alignment -Xlinker --cref -mcpu=cortex-m4 -mfpu=fpv4-sp-d16 -mfloat-abi=hard -mthumb -T frdmk64f_hello_world_Debug.ld -o "frdmk64f_hello_world.axf" ./utilities/fsl_assert.o ./utilities/fsl_debug_console.o  ./startup/startup_mk64f12.o  ./source/hello_world.o ./source/semihost_hardfault.o  ./drivers/fsl_clock.o ./drivers/fsl_common.o ./drivers/fsl_common_arm.o ./drivers/fsl_ftfx_cache.o ./drivers/fsl_ftfx_controller.o ./drivers/fsl_ftfx_flash.o ./drivers/fsl_ftfx_flexnvm.o ./drivers/fsl_gpio.o ./drivers/fsl_smc.o ./drivers/fsl_uart.o  ./device/system_MK64F12.o  ./component/uart/fsl_adapter_uart.o  ./component/lists/fsl_component_generic_list.o  ./board/board.o ./board/clock_config.o ./board/pin_mux.o   
Memory region         Used Size  Region Size  %age Used
   PROGRAM_FLASH:       11960 B         1 MB      1.14%
      SRAM_UPPER:        8456 B       192 KB      4.30%
      SRAM_LOWER:          0 GB        64 KB      0.00%
        FLEX_RAM:          0 GB         4 KB      0.00%
Finished building target: frdmk64f_hello_world.axf
 
Performing post-build steps
arm-none-eabi-size "frdmk64f_hello_world.axf"; # arm-none-eabi-objcopy -v -O binary "frdmk64f_hello_world.axf" "frdmk64f_hello_world.bin" ; # checksum -p MK64FN1M0xxx12 -d "frdmk64f_hello_world.bin";
   text	   data	    bss	    dec	    hex	filename
  11944	     16	   8440	  20400	   4fb0	frdmk64f_hello_world.axf
 
13:16:22 **** Incremental Build of configuration Debug for project frdmk64f_hello_world ****
make -r -j8 all 
Building file: ../source/hello_world.c
Invoking: MCU C Compiler
arm-none-eabi-gcc -std=gnu99 -D__REDLIB__ -DCPU_MK64FN1M0VLL12 -DPRINTF_FLOAT_ENABLE=0 -DSCANF_FLOAT_ENABLE=0 -DPRINTF_ADVANCED_ENABLE=0 -DSCANF_ADVANCED_ENABLE=0 -DFRDM_K64F -DFREEDOM -DMCUXPRESSO_SDK -DCPU_MK64FN1M0VLL12_cm4 -DSDK_DEBUGCONSOLE=1 -DCR_INTEGER_PRINTF -D__MCUXPRESSO -D__USE_CMSIS -DDEBUG -I"D:\MCO 556\Lab 2\frdmk64f_hello_world\source" -I"D:\MCO 556\Lab 2\frdmk64f_hello_world\utilities" -I"D:\MCO 556\Lab 2\frdmk64f_hello_world\drivers" -I"D:\MCO 556\Lab 2\frdmk64f_hello_world\device" -I"D:\MCO 556\Lab 2\frdmk64f_hello_world\component\uart" -I"D:\MCO 556\Lab 2\frdmk64f_hello_world\component\lists" -I"D:\MCO 556\Lab 2\frdmk64f_hello_world\CMSIS" -I"D:\MCO 556\Lab 2\frdmk64f_hello_world\board" -O0 -fno-common -g3 -gdwarf-4 -c -ffunction-sections -fdata-sections -ffreestanding -fno-builtin -fmerge-constants -fmacro-prefix-map="../source/"= -mcpu=cortex-m4 -mfpu=fpv4-sp-d16 -mfloat-abi=hard -mthumb -D__REDLIB__ -fstack-usage -specs=redlib.specs -MMD -MP -MF"source/hello_world.d" -MT"source/hello_world.o" -MT"source/hello_world.d" -o "source/hello_world.o" "../source/hello_world.c"
Finished building: ../source/hello_world.c
 
Building target: frdmk64f_hello_world.axf
Invoking: MCU Linker
arm-none-eabi-gcc -nostdlib -Xlinker -Map="frdmk64f_hello_world.map" -Xlinker --gc-sections -Xlinker -print-memory-usage -Xlinker --sort-section=alignment -Xlinker --cref -mcpu=cortex-m4 -mfpu=fpv4-sp-d16 -mfloat-abi=hard -mthumb -T frdmk64f_hello_world_Debug.ld -o "frdmk64f_hello_world.axf" ./utilities/fsl_assert.o ./utilities/fsl_debug_console.o  ./startup/startup_mk64f12.o  ./source/hello_world.o ./source/semihost_hardfault.o  ./drivers/fsl_clock.o ./drivers/fsl_common.o ./drivers/fsl_common_arm.o ./drivers/fsl_ftfx_cache.o ./drivers/fsl_ftfx_controller.o ./drivers/fsl_ftfx_flash.o ./drivers/fsl_ftfx_flexnvm.o ./drivers/fsl_gpio.o ./drivers/fsl_smc.o ./drivers/fsl_uart.o  ./device/system_MK64F12.o  ./component/uart/fsl_adapter_uart.o  ./component/lists/fsl_component_generic_list.o  ./board/board.o ./board/clock_config.o ./board/pin_mux.o   
Memory region         Used Size  Region Size  %age Used
   PROGRAM_FLASH:       11960 B         1 MB      1.14%
      SRAM_UPPER:        8456 B       192 KB      4.30%
      SRAM_LOWER:          0 GB        64 KB      0.00%
        FLEX_RAM:          0 GB         4 KB      0.00%
Finished building target: frdmk64f_hello_world.axf
 
Performing post-build steps
arm-none-eabi-size "frdmk64f_hello_world.axf"; # arm-none-eabi-objcopy -v -O binary "frdmk64f_hello_world.axf" "frdmk64f_hello_world.bin" ; # checksum -p MK64FN1M0xxx12 -d "frdmk64f_hello_world.bin";
   text	   data	    bss	    dec	    hex	filename
  11944	     16	   8440	  20400	   4fb0	frdmk64f_hello_world.axf
 
13:16:27 **** Incremental Build of configuration Debug for project frdmk64f_hello_world ****
make -r -j8 all 
make[1]: Nothing to be done for 'main-build'.
Performing post-build steps
arm-none-eabi-size "frdmk64f_hello_world.axf"; # arm-none-eabi-objcopy -v -O binary "frdmk64f_hello_world.axf" "frdmk64f_hello_world.bin" ; # checksum -p MK64FN1M0xxx12 -d "frdmk64f_hello_world.bin";
   text	   data	    bss	    dec	    hex	filename
  11944	     16	   8440	  20400	   4fb0	frdmk64f_hello_world.axf
 
13:17:12 **** Incremental Build of configuration Debug for project frdmk64f_hello_world ****
make -r -j8 all 
Building file: ../source/hello_world.c
Invoking: MCU C Compiler
arm-none-eabi-gcc -std=gnu99 -D__REDLIB__ -DCPU_MK64FN1M0VLL12 -DPRINTF_FLOAT_ENABLE=0 -DSCANF_FLOAT_ENABLE=0 -DPRINTF_ADVANCED_ENABLE=0 -DSCANF_ADVANCED_ENABLE=0 -DFRDM_K64F -DFREEDOM -DMCUXPRESSO_SDK -DCPU_MK64FN1M0VLL12_cm4 -DSDK_DEBUGCONSOLE=1 -DCR_INTEGER_PRINTF -D__MCUXPRESSO -D__USE_CMSIS -DDEBUG -I"D:\MCO 556\Lab 2\frdmk64f_hello_world\source" -I"D:\MCO 556\Lab 2\frdmk64f_hello_world\utilities" -I"D:\MCO 556\Lab 2\frdmk64f_hello_world\drivers" -I"D:\MCO 556\Lab 2\frdmk64f_hello_world\device" -I"D:\MCO 556\Lab 2\frdmk64f_hello_world\component\uart" -I"D:\MCO 556\Lab 2\frdmk64f_hello_world\component\lists" -I"D:\MCO 556\Lab 2\frdmk64f_hello_world\CMSIS" -I"D:\MCO 556\Lab 2\frdmk64f_hello_world\board" -O0 -fno-common -g3 -gdwarf-4 -c -ffunction-sections -fdata-sections -ffreestanding -fno-builtin -fmerge-constants -fmacro-prefix-map="../source/"= -mcpu=cortex-m4 -mfpu=fpv4-sp-d16 -mfloat-abi=hard -mthumb -D__REDLIB__ -fstack-usage -specs=redlib.specs -MMD -MP -MF"source/hello_world.d" -MT"source/hello_world.o" -MT"source/hello_world.d" -o "source/hello_world.o" "../source/hello_world.c"
../source/hello_world.c: In function 'main':
../source/hello_world.c:42:5: warning: implicit declaration of function 'fgets' [-Wimplicit-function-declaration]
   42 |     fgets(ch);
      |     ^~~~~
../source/hello_world.c:44:5: warning: implicit declaration of function 'fputs' [-Wimplicit-function-declaration]
   44 |     fputs(ch);
      |     ^~~~~
Finished building: ../source/hello_world.c
 
Building target: frdmk64f_hello_world.axf
Invoking: MCU Linker
arm-none-eabi-gcc -nostdlib -Xlinker -Map="frdmk64f_hello_world.map" -Xlinker --gc-sections -Xlinker -print-memory-usage -Xlinker --sort-section=alignment -Xlinker --cref -mcpu=cortex-m4 -mfpu=fpv4-sp-d16 -mfloat-abi=hard -mthumb -T frdmk64f_hello_world_Debug.ld -o "frdmk64f_hello_world.axf" ./utilities/fsl_assert.o ./utilities/fsl_debug_console.o  ./startup/startup_mk64f12.o  ./source/hello_world.o ./source/semihost_hardfault.o  ./drivers/fsl_clock.o ./drivers/fsl_common.o ./drivers/fsl_common_arm.o ./drivers/fsl_ftfx_cache.o ./drivers/fsl_ftfx_controller.o ./drivers/fsl_ftfx_flash.o ./drivers/fsl_ftfx_flexnvm.o ./drivers/fsl_gpio.o ./drivers/fsl_smc.o ./drivers/fsl_uart.o  ./device/system_MK64F12.o  ./component/uart/fsl_adapter_uart.o  ./component/lists/fsl_component_generic_list.o  ./board/board.o ./board/clock_config.o ./board/pin_mux.o   
Memory region         Used Size  Region Size  %age Used
   PROGRAM_FLASH:         12 KB         1 MB      1.17%
      SRAM_UPPER:        8456 B       192 KB      4.30%
      SRAM_LOWER:          0 GB        64 KB      0.00%
        FLEX_RAM:          0 GB         4 KB      0.00%
Finished building target: frdmk64f_hello_world.axf
 
Performing post-build steps
arm-none-eabi-size "frdmk64f_hello_world.axf"; # arm-none-eabi-objcopy -v -O binary "frdmk64f_hello_world.axf" "frdmk64f_hello_world.bin" ; # checksum -p MK64FN1M0xxx12 -d "frdmk64f_hello_world.bin";
   text	   data	    bss	    dec	    hex	filename
  12272	     16	   8440	  20728	   50f8	frdmk64f_hello_world.axf
 
13:17:59 **** Incremental Build of configuration Debug for project frdmk64f_hello_world ****
make -r -j8 all 
Building file: ../source/hello_world.c
Invoking: MCU C Compiler
arm-none-eabi-gcc -std=gnu99 -D__REDLIB__ -DCPU_MK64FN1M0VLL12 -DPRINTF_FLOAT_ENABLE=0 -DSCANF_FLOAT_ENABLE=0 -DPRINTF_ADVANCED_ENABLE=0 -DSCANF_ADVANCED_ENABLE=0 -DFRDM_K64F -DFREEDOM -DMCUXPRESSO_SDK -DCPU_MK64FN1M0VLL12_cm4 -DSDK_DEBUGCONSOLE=1 -DCR_INTEGER_PRINTF -D__MCUXPRESSO -D__USE_CMSIS -DDEBUG -I"D:\MCO 556\Lab 2\frdmk64f_hello_world\source" -I"D:\MCO 556\Lab 2\frdmk64f_hello_world\utilities" -I"D:\MCO 556\Lab 2\frdmk64f_hello_world\drivers" -I"D:\MCO 556\Lab 2\frdmk64f_hello_world\device" -I"D:\MCO 556\Lab 2\frdmk64f_hello_world\component\uart" -I"D:\MCO 556\Lab 2\frdmk64f_hello_world\component\lists" -I"D:\MCO 556\Lab 2\frdmk64f_hello_world\CMSIS" -I"D:\MCO 556\Lab 2\frdmk64f_hello_world\board" -O0 -fno-common -g3 -gdwarf-4 -c -ffunction-sections -fdata-sections -ffreestanding -fno-builtin -fmerge-constants -fmacro-prefix-map="../source/"= -mcpu=cortex-m4 -mfpu=fpv4-sp-d16 -mfloat-abi=hard -mthumb -D__REDLIB__ -fstack-usage -specs=redlib.specs -MMD -MP -MF"source/hello_world.d" -MT"source/hello_world.o" -MT"source/hello_world.d" -o "source/hello_world.o" "../source/hello_world.c"
Finished building: ../source/hello_world.c
 
Building target: frdmk64f_hello_world.axf
Invoking: MCU Linker
arm-none-eabi-gcc -nostdlib -Xlinker -Map="frdmk64f_hello_world.map" -Xlinker --gc-sections -Xlinker -print-memory-usage -Xlinker --sort-section=alignment -Xlinker --cref -mcpu=cortex-m4 -mfpu=fpv4-sp-d16 -mfloat-abi=hard -mthumb -T frdmk64f_hello_world_Debug.ld -o "frdmk64f_hello_world.axf" ./utilities/fsl_assert.o ./utilities/fsl_debug_console.o  ./startup/startup_mk64f12.o  ./source/hello_world.o ./source/semihost_hardfault.o  ./drivers/fsl_clock.o ./drivers/fsl_common.o ./drivers/fsl_common_arm.o ./drivers/fsl_ftfx_cache.o ./drivers/fsl_ftfx_controller.o ./drivers/fsl_ftfx_flash.o ./drivers/fsl_ftfx_flexnvm.o ./drivers/fsl_gpio.o ./drivers/fsl_smc.o ./drivers/fsl_uart.o  ./device/system_MK64F12.o  ./component/uart/fsl_adapter_uart.o  ./component/lists/fsl_component_generic_list.o  ./board/board.o ./board/clock_config.o ./board/pin_mux.o   
Memory region         Used Size  Region Size  %age Used
   PROGRAM_FLASH:       11008 B         1 MB      1.05%
      SRAM_UPPER:        8448 B       192 KB      4.30%
      SRAM_LOWER:          0 GB        64 KB      0.00%
        FLEX_RAM:          0 GB         4 KB      0.00%
Finished building target: frdmk64f_hello_world.axf
 
Performing post-build steps
arm-none-eabi-size "frdmk64f_hello_world.axf"; # arm-none-eabi-objcopy -v -O binary "frdmk64f_hello_world.axf" "frdmk64f_hello_world.bin" ; # checksum -p MK64FN1M0xxx12 -d "frdmk64f_hello_world.bin";
   text	   data	    bss	    dec	    hex	filename
  10992	     16	   8432	  19440	   4bf0	frdmk64f_hello_world.axf
 
13:18:11 **** Incremental Build of configuration Debug for project frdmk64f_hello_world ****
make -r -j8 all 
make[1]: Nothing to be done for 'main-build'.
Performing post-build steps
arm-none-eabi-size "frdmk64f_hello_world.axf"; # arm-none-eabi-objcopy -v -O binary "frdmk64f_hello_world.axf" "frdmk64f_hello_world.bin" ; # checksum -p MK64FN1M0xxx12 -d "frdmk64f_hello_world.bin";
   text	   data	    bss	    dec	    hex	filename
  10992	     16	   8432	  19440	   4bf0	frdmk64f_hello_world.axf
 
13:18:42 **** Incremental Build of configuration Debug for project frdmk64f_hello_world ****
make -r -j8 all 
make[1]: Nothing to be done for 'main-build'.
Performing post-build steps
arm-none-eabi-size "frdmk64f_hello_world.axf"; # arm-none-eabi-objcopy -v -O binary "frdmk64f_hello_world.axf" "frdmk64f_hello_world.bin" ; # checksum -p MK64FN1M0xxx12 -d "frdmk64f_hello_world.bin";
   text	   data	    bss	    dec	    hex	filename
  10992	     16	   8432	  19440	   4bf0	frdmk64f_hello_world.axf
 
13:19:47 **** Incremental Build of configuration Debug for project frdmk64f_hello_world ****
make -r -j8 all 
make[1]: Nothing to be done for 'main-build'.
Performing post-build steps
arm-none-eabi-size "frdmk64f_hello_world.axf"; # arm-none-eabi-objcopy -v -O binary "frdmk64f_hello_world.axf" "frdmk64f_hello_world.bin" ; # checksum -p MK64FN1M0xxx12 -d "frdmk64f_hello_world.bin";
   text	   data	    bss	    dec	    hex	filename
  10992	     16	   8432	  19440	   4bf0	frdmk64f_hello_world.axf
 
13:21:01 **** Incremental Build of configuration Debug for project frdmk64f_hello_world ****
make -r -j8 all 
make[1]: Nothing to be done for 'main-build'.
Performing post-build steps
arm-none-eabi-size "frdmk64f_hello_world.axf"; # arm-none-eabi-objcopy -v -O binary "frdmk64f_hello_world.axf" "frdmk64f_hello_world.bin" ; # checksum -p MK64FN1M0xxx12 -d "frdmk64f_hello_world.bin";
   text	   data	    bss	    dec	    hex	filename
  10992	     16	   8432	  19440	   4bf0	frdmk64f_hello_world.axf
 
13:21:26 **** Clean-only build of configuration Debug for project frdmk64f_hello_world ****
make -r -j8 clean 
rm -rf ./utilities/fsl_assert.d ./utilities/fsl_assert.o ./utilities/fsl_debug_console.d ./utilities/fsl_debug_console.o
rm -rf ./startup/startup_mk64f12.d ./startup/startup_mk64f12.o
rm -rf ./source/hello_world.d ./source/hello_world.o ./source/semihost_hardfault.d ./source/semihost_hardfault.o
rm -rf ./drivers/fsl_clock.d ./drivers/fsl_clock.o ./drivers/fsl_common.d ./drivers/fsl_common.o ./drivers/fsl_common_arm.d ./drivers/fsl_common_arm.o ./drivers/fsl_ftfx_cache.d ./drivers/fsl_ftfx_cache.o ./drivers/fsl_ftfx_controller.d ./drivers/fsl_ftfx_controller.o ./drivers/fsl_ftfx_flash.d ./drivers/fsl_ftfx_flash.o ./drivers/fsl_ftfx_flexnvm.d ./drivers/fsl_ftfx_flexnvm.o ./drivers/fsl_gpio.d ./drivers/fsl_gpio.o ./drivers/fsl_smc.d ./drivers/fsl_smc.o ./drivers/fsl_uart.d ./drivers/fsl_uart.o
rm -rf ./device/system_MK64F12.d ./device/system_MK64F12.o
rm -rf ./component/uart/fsl_adapter_uart.d ./component/uart/fsl_adapter_uart.o
rm -rf ./component/lists/fsl_component_generic_list.d ./component/lists/fsl_component_generic_list.o
rm -rf ./board/board.d ./board/board.o ./board/clock_config.d ./board/clock_config.o ./board/pin_mux.d ./board/pin_mux.o
rm -rf frdmk64f_hello_world.axf
 
13:21:27 **** Incremental Build of configuration Debug for project frdmk64f_hello_world ****
make -r -j8 all 
Building file: ../utilities/fsl_assert.c
Building file: ../utilities/fsl_debug_console.c
Building file: ../startup/startup_mk64f12.c
Invoking: MCU C Compiler
Building file: ../source/hello_world.c
arm-none-eabi-gcc -std=gnu99 -D__REDLIB__ -DCPU_MK64FN1M0VLL12 -DPRINTF_FLOAT_ENABLE=0 -DSCANF_FLOAT_ENABLE=0 -DPRINTF_ADVANCED_ENABLE=0 -DSCANF_ADVANCED_ENABLE=0 -DFRDM_K64F -DFREEDOM -DMCUXPRESSO_SDK -DCPU_MK64FN1M0VLL12_cm4 -DCR_INTEGER_PRINTF -D__MCUXPRESSO -D__USE_CMSIS -DDEBUG -DSDK_DEBUGCONSOLE=0 -I"D:\MCO 556\Lab 2\frdmk64f_hello_world\source" -I"D:\MCO 556\Lab 2\frdmk64f_hello_world\utilities" -I"D:\MCO 556\Lab 2\frdmk64f_hello_world\drivers" -I"D:\MCO 556\Lab 2\frdmk64f_hello_world\device" -I"D:\MCO 556\Lab 2\frdmk64f_hello_world\component\uart" -I"D:\MCO 556\Lab 2\frdmk64f_hello_world\component\lists" -I"D:\MCO 556\Lab 2\frdmk64f_hello_world\CMSIS" -I"D:\MCO 556\Lab 2\frdmk64f_hello_world\board" -O0 -fno-common -g3 -gdwarf-4 -c -ffunction-sections -fdata-sections -ffreestanding -fno-builtin -fmerge-constants -fmacro-prefix-map="../utilities/"= -mcpu=cortex-m4 -mfpu=fpv4-sp-d16 -mfloat-abi=hard -mthumb -D__REDLIB__ -fstack-usage -specs=redlib.specs -MMD -MP -MF"utilities/fsl_assert.d" -MT"utilities/fsl_assert.o" -MT"utilities/fsl_assert.d" -o "utilities/fsl_assert.o" "../utilities/fsl_assert.c"
Invoking: MCU C Compiler
Invoking: MCU C Compiler
arm-none-eabi-gcc -std=gnu99 -D__REDLIB__ -DCPU_MK64FN1M0VLL12 -DPRINTF_FLOAT_ENABLE=0 -DSCANF_FLOAT_ENABLE=0 -DPRINTF_ADVANCED_ENABLE=0 -DSCANF_ADVANCED_ENABLE=0 -DFRDM_K64F -DFREEDOM -DMCUXPRESSO_SDK -DCPU_MK64FN1M0VLL12_cm4 -DCR_INTEGER_PRINTF -D__MCUXPRESSO -D__USE_CMSIS -DDEBUG -DSDK_DEBUGCONSOLE=0 -I"D:\MCO 556\Lab 2\frdmk64f_hello_world\source" -I"D:\MCO 556\Lab 2\frdmk64f_hello_world\utilities" -I"D:\MCO 556\Lab 2\frdmk64f_hello_world\drivers" -I"D:\MCO 556\Lab 2\frdmk64f_hello_world\device" -I"D:\MCO 556\Lab 2\frdmk64f_hello_world\component\uart" -I"D:\MCO 556\Lab 2\frdmk64f_hello_world\component\lists" -I"D:\MCO 556\Lab 2\frdmk64f_hello_world\CMSIS" -I"D:\MCO 556\Lab 2\frdmk64f_hello_world\board" -O0 -fno-common -g3 -gdwarf-4 -c -ffunction-sections -fdata-sections -ffreestanding -fno-builtin -fmerge-constants -fmacro-prefix-map="../utilities/"= -mcpu=cortex-m4 -mfpu=fpv4-sp-d16 -mfloat-abi=hard -mthumb -D__REDLIB__ -fstack-usage -specs=redlib.specs -MMD -MP -MF"utilities/fsl_debug_console.d" -MT"utilities/fsl_debug_console.o" -MT"utilities/fsl_debug_console.d" -o "utilities/fsl_debug_console.o" "../utilities/fsl_debug_console.c"
arm-none-eabi-gcc -std=gnu99 -D__REDLIB__ -DCPU_MK64FN1M0VLL12 -DPRINTF_FLOAT_ENABLE=0 -DSCANF_FLOAT_ENABLE=0 -DPRINTF_ADVANCED_ENABLE=0 -DSCANF_ADVANCED_ENABLE=0 -DFRDM_K64F -DFREEDOM -DMCUXPRESSO_SDK -DCPU_MK64FN1M0VLL12_cm4 -DCR_INTEGER_PRINTF -D__MCUXPRESSO -D__USE_CMSIS -DDEBUG -DSDK_DEBUGCONSOLE=0 -I"D:\MCO 556\Lab 2\frdmk64f_hello_world\source" -I"D:\MCO 556\Lab 2\frdmk64f_hello_world\utilities" -I"D:\MCO 556\Lab 2\frdmk64f_hello_world\drivers" -I"D:\MCO 556\Lab 2\frdmk64f_hello_world\device" -I"D:\MCO 556\Lab 2\frdmk64f_hello_world\component\uart" -I"D:\MCO 556\Lab 2\frdmk64f_hello_world\component\lists" -I"D:\MCO 556\Lab 2\frdmk64f_hello_world\CMSIS" -I"D:\MCO 556\Lab 2\frdmk64f_hello_world\board" -O0 -fno-common -g3 -gdwarf-4 -c -ffunction-sections -fdata-sections -ffreestanding -fno-builtin -fmerge-constants -fmacro-prefix-map="../startup/"= -mcpu=cortex-m4 -mfpu=fpv4-sp-d16 -mfloat-abi=hard -mthumb -D__REDLIB__ -fstack-usage -specs=redlib.specs -MMD -MP -MF"startup/startup_mk64f12.d" -MT"startup/startup_mk64f12.o" -MT"startup/startup_mk64f12.d" -o "startup/startup_mk64f12.o" "../startup/startup_mk64f12.c"
Invoking: MCU C Compiler
arm-none-eabi-gcc -std=gnu99 -D__REDLIB__ -DCPU_MK64FN1M0VLL12 -DPRINTF_FLOAT_ENABLE=0 -DSCANF_FLOAT_ENABLE=0 -DPRINTF_ADVANCED_ENABLE=0 -DSCANF_ADVANCED_ENABLE=0 -DFRDM_K64F -DFREEDOM -DMCUXPRESSO_SDK -DCPU_MK64FN1M0VLL12_cm4 -DCR_INTEGER_PRINTF -D__MCUXPRESSO -D__USE_CMSIS -DDEBUG -DSDK_DEBUGCONSOLE=0 -I"D:\MCO 556\Lab 2\frdmk64f_hello_world\source" -I"D:\MCO 556\Lab 2\frdmk64f_hello_world\utilities" -I"D:\MCO 556\Lab 2\frdmk64f_hello_world\drivers" -I"D:\MCO 556\Lab 2\frdmk64f_hello_world\device" -I"D:\MCO 556\Lab 2\frdmk64f_hello_world\component\uart" -I"D:\MCO 556\Lab 2\frdmk64f_hello_world\component\lists" -I"D:\MCO 556\Lab 2\frdmk64f_hello_world\CMSIS" -I"D:\MCO 556\Lab 2\frdmk64f_hello_world\board" -O0 -fno-common -g3 -gdwarf-4 -c -ffunction-sections -fdata-sections -ffreestanding -fno-builtin -fmerge-constants -fmacro-prefix-map="../source/"= -mcpu=cortex-m4 -mfpu=fpv4-sp-d16 -mfloat-abi=hard -mthumb -D__REDLIB__ -fstack-usage -specs=redlib.specs -MMD -MP -MF"source/hello_world.d" -MT"source/hello_world.o" -MT"source/hello_world.d" -o "source/hello_world.o" "../source/hello_world.c"
Building file: ../source/semihost_hardfault.c
Building file: ../drivers/fsl_clock.c
Building file: ../drivers/fsl_common.c
Invoking: MCU C Compiler
arm-none-eabi-gcc -std=gnu99 -D__REDLIB__ -DCPU_MK64FN1M0VLL12 -DPRINTF_FLOAT_ENABLE=0 -DSCANF_FLOAT_ENABLE=0 -DPRINTF_ADVANCED_ENABLE=0 -DSCANF_ADVANCED_ENABLE=0 -DFRDM_K64F -DFREEDOM -DMCUXPRESSO_SDK -DCPU_MK64FN1M0VLL12_cm4 -DCR_INTEGER_PRINTF -D__MCUXPRESSO -D__USE_CMSIS -DDEBUG -DSDK_DEBUGCONSOLE=0 -I"D:\MCO 556\Lab 2\frdmk64f_hello_world\source" -I"D:\MCO 556\Lab 2\frdmk64f_hello_world\utilities" -I"D:\MCO 556\Lab 2\frdmk64f_hello_world\drivers" -I"D:\MCO 556\Lab 2\frdmk64f_hello_world\device" -I"D:\MCO 556\Lab 2\frdmk64f_hello_world\component\uart" -I"D:\MCO 556\Lab 2\frdmk64f_hello_world\component\lists" -I"D:\MCO 556\Lab 2\frdmk64f_hello_world\CMSIS" -I"D:\MCO 556\Lab 2\frdmk64f_hello_world\board" -O0 -fno-common -g3 -gdwarf-4 -c -ffunction-sections -fdata-sections -ffreestanding -fno-builtin -fmerge-constants -fmacro-prefix-map="../source/"= -mcpu=cortex-m4 -mfpu=fpv4-sp-d16 -mfloat-abi=hard -mthumb -D__REDLIB__ -fstack-usage -specs=redlib.specs -MMD -MP -MF"source/semihost_hardfault.d" -MT"source/semihost_hardfault.o" -MT"source/semihost_hardfault.d" -o "source/semihost_hardfault.o" "../source/semihost_hardfault.c"
Building file: ../drivers/fsl_common_arm.c
Invoking: MCU C Compiler
arm-none-eabi-gcc -std=gnu99 -D__REDLIB__ -DCPU_MK64FN1M0VLL12 -DPRINTF_FLOAT_ENABLE=0 -DSCANF_FLOAT_ENABLE=0 -DPRINTF_ADVANCED_ENABLE=0 -DSCANF_ADVANCED_ENABLE=0 -DFRDM_K64F -DFREEDOM -DMCUXPRESSO_SDK -DCPU_MK64FN1M0VLL12_cm4 -DCR_INTEGER_PRINTF -D__MCUXPRESSO -D__USE_CMSIS -DDEBUG -DSDK_DEBUGCONSOLE=0 -I"D:\MCO 556\Lab 2\frdmk64f_hello_world\source" -I"D:\MCO 556\Lab 2\frdmk64f_hello_world\utilities" -I"D:\MCO 556\Lab 2\frdmk64f_hello_world\drivers" -I"D:\MCO 556\Lab 2\frdmk64f_hello_world\device" -I"D:\MCO 556\Lab 2\frdmk64f_hello_world\component\uart" -I"D:\MCO 556\Lab 2\frdmk64f_hello_world\component\lists" -I"D:\MCO 556\Lab 2\frdmk64f_hello_world\CMSIS" -I"D:\MCO 556\Lab 2\frdmk64f_hello_world\board" -O0 -fno-common -g3 -gdwarf-4 -c -ffunction-sections -fdata-sections -ffreestanding -fno-builtin -fmerge-constants -fmacro-prefix-map="../drivers/"= -mcpu=cortex-m4 -mfpu=fpv4-sp-d16 -mfloat-abi=hard -mthumb -D__REDLIB__ -fstack-usage -specs=redlib.specs -MMD -MP -MF"drivers/fsl_clock.d" -MT"drivers/fsl_clock.o" -MT"drivers/fsl_clock.d" -o "drivers/fsl_clock.o" "../drivers/fsl_clock.c"
Invoking: MCU C Compiler
arm-none-eabi-gcc -std=gnu99 -D__REDLIB__ -DCPU_MK64FN1M0VLL12 -DPRINTF_FLOAT_ENABLE=0 -DSCANF_FLOAT_ENABLE=0 -DPRINTF_ADVANCED_ENABLE=0 -DSCANF_ADVANCED_ENABLE=0 -DFRDM_K64F -DFREEDOM -DMCUXPRESSO_SDK -DCPU_MK64FN1M0VLL12_cm4 -DCR_INTEGER_PRINTF -D__MCUXPRESSO -D__USE_CMSIS -DDEBUG -DSDK_DEBUGCONSOLE=0 -I"D:\MCO 556\Lab 2\frdmk64f_hello_world\source" -I"D:\MCO 556\Lab 2\frdmk64f_hello_world\utilities" -I"D:\MCO 556\Lab 2\frdmk64f_hello_world\drivers" -I"D:\MCO 556\Lab 2\frdmk64f_hello_world\device" -I"D:\MCO 556\Lab 2\frdmk64f_hello_world\component\uart" -I"D:\MCO 556\Lab 2\frdmk64f_hello_world\component\lists" -I"D:\MCO 556\Lab 2\frdmk64f_hello_world\CMSIS" -I"D:\MCO 556\Lab 2\frdmk64f_hello_world\board" -O0 -fno-common -g3 -gdwarf-4 -c -ffunction-sections -fdata-sections -ffreestanding -fno-builtin -fmerge-constants -fmacro-prefix-map="../drivers/"= -mcpu=cortex-m4 -mfpu=fpv4-sp-d16 -mfloat-abi=hard -mthumb -D__REDLIB__ -fstack-usage -specs=redlib.specs -MMD -MP -MF"drivers/fsl_common.d" -MT"drivers/fsl_common.o" -MT"drivers/fsl_common.d" -o "drivers/fsl_common.o" "../drivers/fsl_common.c"
Invoking: MCU C Compiler
arm-none-eabi-gcc -std=gnu99 -D__REDLIB__ -DCPU_MK64FN1M0VLL12 -DPRINTF_FLOAT_ENABLE=0 -DSCANF_FLOAT_ENABLE=0 -DPRINTF_ADVANCED_ENABLE=0 -DSCANF_ADVANCED_ENABLE=0 -DFRDM_K64F -DFREEDOM -DMCUXPRESSO_SDK -DCPU_MK64FN1M0VLL12_cm4 -DCR_INTEGER_PRINTF -D__MCUXPRESSO -D__USE_CMSIS -DDEBUG -DSDK_DEBUGCONSOLE=0 -I"D:\MCO 556\Lab 2\frdmk64f_hello_world\source" -I"D:\MCO 556\Lab 2\frdmk64f_hello_world\utilities" -I"D:\MCO 556\Lab 2\frdmk64f_hello_world\drivers" -I"D:\MCO 556\Lab 2\frdmk64f_hello_world\device" -I"D:\MCO 556\Lab 2\frdmk64f_hello_world\component\uart" -I"D:\MCO 556\Lab 2\frdmk64f_hello_world\component\lists" -I"D:\MCO 556\Lab 2\frdmk64f_hello_world\CMSIS" -I"D:\MCO 556\Lab 2\frdmk64f_hello_world\board" -O0 -fno-common -g3 -gdwarf-4 -c -ffunction-sections -fdata-sections -ffreestanding -fno-builtin -fmerge-constants -fmacro-prefix-map="../drivers/"= -mcpu=cortex-m4 -mfpu=fpv4-sp-d16 -mfloat-abi=hard -mthumb -D__REDLIB__ -fstack-usage -specs=redlib.specs -MMD -MP -MF"drivers/fsl_common_arm.d" -MT"drivers/fsl_common_arm.o" -MT"drivers/fsl_common_arm.d" -o "drivers/fsl_common_arm.o" "../drivers/fsl_common_arm.c"
Finished building: ../source/semihost_hardfault.c
 
Building file: ../drivers/fsl_ftfx_cache.c
Invoking: MCU C Compiler
arm-none-eabi-gcc -std=gnu99 -D__REDLIB__ -DCPU_MK64FN1M0VLL12 -DPRINTF_FLOAT_ENABLE=0 -DSCANF_FLOAT_ENABLE=0 -DPRINTF_ADVANCED_ENABLE=0 -DSCANF_ADVANCED_ENABLE=0 -DFRDM_K64F -DFREEDOM -DMCUXPRESSO_SDK -DCPU_MK64FN1M0VLL12_cm4 -DCR_INTEGER_PRINTF -D__MCUXPRESSO -D__USE_CMSIS -DDEBUG -DSDK_DEBUGCONSOLE=0 -I"D:\MCO 556\Lab 2\frdmk64f_hello_world\source" -I"D:\MCO 556\Lab 2\frdmk64f_hello_world\utilities" -I"D:\MCO 556\Lab 2\frdmk64f_hello_world\drivers" -I"D:\MCO 556\Lab 2\frdmk64f_hello_world\device" -I"D:\MCO 556\Lab 2\frdmk64f_hello_world\component\uart" -I"D:\MCO 556\Lab 2\frdmk64f_hello_world\component\lists" -I"D:\MCO 556\Lab 2\frdmk64f_hello_world\CMSIS" -I"D:\MCO 556\Lab 2\frdmk64f_hello_world\board" -O0 -fno-common -g3 -gdwarf-4 -c -ffunction-sections -fdata-sections -ffreestanding -fno-builtin -fmerge-constants -fmacro-prefix-map="../drivers/"= -mcpu=cortex-m4 -mfpu=fpv4-sp-d16 -mfloat-abi=hard -mthumb -D__REDLIB__ -fstack-usage -specs=redlib.specs -MMD -MP -MF"drivers/fsl_ftfx_cache.d" -MT"drivers/fsl_ftfx_cache.o" -MT"drivers/fsl_ftfx_cache.d" -o "drivers/fsl_ftfx_cache.o" "../drivers/fsl_ftfx_cache.c"
Finished building: ../utilities/fsl_assert.c
Finished building: ../startup/startup_mk64f12.c
 
 
Finished building: ../drivers/fsl_common.c
Building file: ../drivers/fsl_ftfx_controller.c
Building file: ../drivers/fsl_ftfx_flash.c
 
Finished building: ../drivers/fsl_common_arm.c
Finished building: ../utilities/fsl_debug_console.c
Invoking: MCU C Compiler
Invoking: MCU C Compiler
arm-none-eabi-gcc -std=gnu99 -D__REDLIB__ -DCPU_MK64FN1M0VLL12 -DPRINTF_FLOAT_ENABLE=0 -DSCANF_FLOAT_ENABLE=0 -DPRINTF_ADVANCED_ENABLE=0 -DSCANF_ADVANCED_ENABLE=0 -DFRDM_K64F -DFREEDOM -DMCUXPRESSO_SDK -DCPU_MK64FN1M0VLL12_cm4 -DCR_INTEGER_PRINTF -D__MCUXPRESSO -D__USE_CMSIS -DDEBUG -DSDK_DEBUGCONSOLE=0 -I"D:\MCO 556\Lab 2\frdmk64f_hello_world\source" -I"D:\MCO 556\Lab 2\frdmk64f_hello_world\utilities" -I"D:\MCO 556\Lab 2\frdmk64f_hello_world\drivers" -I"D:\MCO 556\Lab 2\frdmk64f_hello_world\device" -I"D:\MCO 556\Lab 2\frdmk64f_hello_world\component\uart" -I"D:\MCO 556\Lab 2\frdmk64f_hello_world\component\lists" -I"D:\MCO 556\Lab 2\frdmk64f_hello_world\CMSIS" -I"D:\MCO 556\Lab 2\frdmk64f_hello_world\board" -O0 -fno-common -g3 -gdwarf-4 -c -ffunction-sections -fdata-sections -ffreestanding -fno-builtin -fmerge-constants -fmacro-prefix-map="../drivers/"= -mcpu=cortex-m4 -mfpu=fpv4-sp-d16 -mfloat-abi=hard -mthumb -D__REDLIB__ -fstack-usage -specs=redlib.specs -MMD -MP -MF"drivers/fsl_ftfx_controller.d" -MT"drivers/fsl_ftfx_controller.o" -MT"drivers/fsl_ftfx_controller.d" -o "drivers/fsl_ftfx_controller.o" "../drivers/fsl_ftfx_controller.c"
 
Building file: ../drivers/fsl_ftfx_flexnvm.c
arm-none-eabi-gcc -std=gnu99 -D__REDLIB__ -DCPU_MK64FN1M0VLL12 -DPRINTF_FLOAT_ENABLE=0 -DSCANF_FLOAT_ENABLE=0 -DPRINTF_ADVANCED_ENABLE=0 -DSCANF_ADVANCED_ENABLE=0 -DFRDM_K64F -DFREEDOM -DMCUXPRESSO_SDK -DCPU_MK64FN1M0VLL12_cm4 -DCR_INTEGER_PRINTF -D__MCUXPRESSO -D__USE_CMSIS -DDEBUG -DSDK_DEBUGCONSOLE=0 -I"D:\MCO 556\Lab 2\frdmk64f_hello_world\source" -I"D:\MCO 556\Lab 2\frdmk64f_hello_world\utilities" -I"D:\MCO 556\Lab 2\frdmk64f_hello_world\drivers" -I"D:\MCO 556\Lab 2\frdmk64f_hello_world\device" -I"D:\MCO 556\Lab 2\frdmk64f_hello_world\component\uart" -I"D:\MCO 556\Lab 2\frdmk64f_hello_world\component\lists" -I"D:\MCO 556\Lab 2\frdmk64f_hello_world\CMSIS" -I"D:\MCO 556\Lab 2\frdmk64f_hello_world\board" -O0 -fno-common -g3 -gdwarf-4 -c -ffunction-sections -fdata-sections -ffreestanding -fno-builtin -fmerge-constants -fmacro-prefix-map="../drivers/"= -mcpu=cortex-m4 -mfpu=fpv4-sp-d16 -mfloat-abi=hard -mthumb -D__REDLIB__ -fstack-usage -specs=redlib.specs -MMD -MP -MF"drivers/fsl_ftfx_flash.d" -MT"drivers/fsl_ftfx_flash.o" -MT"drivers/fsl_ftfx_flash.d" -o "drivers/fsl_ftfx_flash.o" "../drivers/fsl_ftfx_flash.c"
 
Invoking: MCU C Compiler
Building file: ../drivers/fsl_gpio.c
arm-none-eabi-gcc -std=gnu99 -D__REDLIB__ -DCPU_MK64FN1M0VLL12 -DPRINTF_FLOAT_ENABLE=0 -DSCANF_FLOAT_ENABLE=0 -DPRINTF_ADVANCED_ENABLE=0 -DSCANF_ADVANCED_ENABLE=0 -DFRDM_K64F -DFREEDOM -DMCUXPRESSO_SDK -DCPU_MK64FN1M0VLL12_cm4 -DCR_INTEGER_PRINTF -D__MCUXPRESSO -D__USE_CMSIS -DDEBUG -DSDK_DEBUGCONSOLE=0 -I"D:\MCO 556\Lab 2\frdmk64f_hello_world\source" -I"D:\MCO 556\Lab 2\frdmk64f_hello_world\utilities" -I"D:\MCO 556\Lab 2\frdmk64f_hello_world\drivers" -I"D:\MCO 556\Lab 2\frdmk64f_hello_world\device" -I"D:\MCO 556\Lab 2\frdmk64f_hello_world\component\uart" -I"D:\MCO 556\Lab 2\frdmk64f_hello_world\component\lists" -I"D:\MCO 556\Lab 2\frdmk64f_hello_world\CMSIS" -I"D:\MCO 556\Lab 2\frdmk64f_hello_world\board" -O0 -fno-common -g3 -gdwarf-4 -c -ffunction-sections -fdata-sections -ffreestanding -fno-builtin -fmerge-constants -fmacro-prefix-map="../drivers/"= -mcpu=cortex-m4 -mfpu=fpv4-sp-d16 -mfloat-abi=hard -mthumb -D__REDLIB__ -fstack-usage -specs=redlib.specs -MMD -MP -MF"drivers/fsl_ftfx_flexnvm.d" -MT"drivers/fsl_ftfx_flexnvm.o" -MT"drivers/fsl_ftfx_flexnvm.d" -o "drivers/fsl_ftfx_flexnvm.o" "../drivers/fsl_ftfx_flexnvm.c"
Building file: ../drivers/fsl_smc.c
Invoking: MCU C Compiler
Invoking: MCU C Compiler
arm-none-eabi-gcc -std=gnu99 -D__REDLIB__ -DCPU_MK64FN1M0VLL12 -DPRINTF_FLOAT_ENABLE=0 -DSCANF_FLOAT_ENABLE=0 -DPRINTF_ADVANCED_ENABLE=0 -DSCANF_ADVANCED_ENABLE=0 -DFRDM_K64F -DFREEDOM -DMCUXPRESSO_SDK -DCPU_MK64FN1M0VLL12_cm4 -DCR_INTEGER_PRINTF -D__MCUXPRESSO -D__USE_CMSIS -DDEBUG -DSDK_DEBUGCONSOLE=0 -I"D:\MCO 556\Lab 2\frdmk64f_hello_world\source" -I"D:\MCO 556\Lab 2\frdmk64f_hello_world\utilities" -I"D:\MCO 556\Lab 2\frdmk64f_hello_world\drivers" -I"D:\MCO 556\Lab 2\frdmk64f_hello_world\device" -I"D:\MCO 556\Lab 2\frdmk64f_hello_world\component\uart" -I"D:\MCO 556\Lab 2\frdmk64f_hello_world\component\lists" -I"D:\MCO 556\Lab 2\frdmk64f_hello_world\CMSIS" -I"D:\MCO 556\Lab 2\frdmk64f_hello_world\board" -O0 -fno-common -g3 -gdwarf-4 -c -ffunction-sections -fdata-sections -ffreestanding -fno-builtin -fmerge-constants -fmacro-prefix-map="../drivers/"= -mcpu=cortex-m4 -mfpu=fpv4-sp-d16 -mfloat-abi=hard -mthumb -D__REDLIB__ -fstack-usage -specs=redlib.specs -MMD -MP -MF"drivers/fsl_gpio.d" -MT"drivers/fsl_gpio.o" -MT"drivers/fsl_gpio.d" -o "drivers/fsl_gpio.o" "../drivers/fsl_gpio.c"
arm-none-eabi-gcc -std=gnu99 -D__REDLIB__ -DCPU_MK64FN1M0VLL12 -DPRINTF_FLOAT_ENABLE=0 -DSCANF_FLOAT_ENABLE=0 -DPRINTF_ADVANCED_ENABLE=0 -DSCANF_ADVANCED_ENABLE=0 -DFRDM_K64F -DFREEDOM -DMCUXPRESSO_SDK -DCPU_MK64FN1M0VLL12_cm4 -DCR_INTEGER_PRINTF -D__MCUXPRESSO -D__USE_CMSIS -DDEBUG -DSDK_DEBUGCONSOLE=0 -I"D:\MCO 556\Lab 2\frdmk64f_hello_world\source" -I"D:\MCO 556\Lab 2\frdmk64f_hello_world\utilities" -I"D:\MCO 556\Lab 2\frdmk64f_hello_world\drivers" -I"D:\MCO 556\Lab 2\frdmk64f_hello_world\device" -I"D:\MCO 556\Lab 2\frdmk64f_hello_world\component\uart" -I"D:\MCO 556\Lab 2\frdmk64f_hello_world\component\lists" -I"D:\MCO 556\Lab 2\frdmk64f_hello_world\CMSIS" -I"D:\MCO 556\Lab 2\frdmk64f_hello_world\board" -O0 -fno-common -g3 -gdwarf-4 -c -ffunction-sections -fdata-sections -ffreestanding -fno-builtin -fmerge-constants -fmacro-prefix-map="../drivers/"= -mcpu=cortex-m4 -mfpu=fpv4-sp-d16 -mfloat-abi=hard -mthumb -D__REDLIB__ -fstack-usage -specs=redlib.specs -MMD -MP -MF"drivers/fsl_smc.d" -MT"drivers/fsl_smc.o" -MT"drivers/fsl_smc.d" -o "drivers/fsl_smc.o" "../drivers/fsl_smc.c"
Finished building: ../drivers/fsl_clock.c
 
Building file: ../drivers/fsl_uart.c
Invoking: MCU C Compiler
Finished building: ../source/hello_world.c
arm-none-eabi-gcc -std=gnu99 -D__REDLIB__ -DCPU_MK64FN1M0VLL12 -DPRINTF_FLOAT_ENABLE=0 -DSCANF_FLOAT_ENABLE=0 -DPRINTF_ADVANCED_ENABLE=0 -DSCANF_ADVANCED_ENABLE=0 -DFRDM_K64F -DFREEDOM -DMCUXPRESSO_SDK -DCPU_MK64FN1M0VLL12_cm4 -DCR_INTEGER_PRINTF -D__MCUXPRESSO -D__USE_CMSIS -DDEBUG -DSDK_DEBUGCONSOLE=0 -I"D:\MCO 556\Lab 2\frdmk64f_hello_world\source" -I"D:\MCO 556\Lab 2\frdmk64f_hello_world\utilities" -I"D:\MCO 556\Lab 2\frdmk64f_hello_world\drivers" -I"D:\MCO 556\Lab 2\frdmk64f_hello_world\device" -I"D:\MCO 556\Lab 2\frdmk64f_hello_world\component\uart" -I"D:\MCO 556\Lab 2\frdmk64f_hello_world\component\lists" -I"D:\MCO 556\Lab 2\frdmk64f_hello_world\CMSIS" -I"D:\MCO 556\Lab 2\frdmk64f_hello_world\board" -O0 -fno-common -g3 -gdwarf-4 -c -ffunction-sections -fdata-sections -ffreestanding -fno-builtin -fmerge-constants -fmacro-prefix-map="../drivers/"= -mcpu=cortex-m4 -mfpu=fpv4-sp-d16 -mfloat-abi=hard -mthumb -D__REDLIB__ -fstack-usage -specs=redlib.specs -MMD -MP -MF"drivers/fsl_uart.d" -MT"drivers/fsl_uart.o" -MT"drivers/fsl_uart.d" -o "drivers/fsl_uart.o" "../drivers/fsl_uart.c"
 
Building file: ../device/system_MK64F12.c
Invoking: MCU C Compiler
arm-none-eabi-gcc -std=gnu99 -D__REDLIB__ -DCPU_MK64FN1M0VLL12 -DPRINTF_FLOAT_ENABLE=0 -DSCANF_FLOAT_ENABLE=0 -DPRINTF_ADVANCED_ENABLE=0 -DSCANF_ADVANCED_ENABLE=0 -DFRDM_K64F -DFREEDOM -DMCUXPRESSO_SDK -DCPU_MK64FN1M0VLL12_cm4 -DCR_INTEGER_PRINTF -D__MCUXPRESSO -D__USE_CMSIS -DDEBUG -DSDK_DEBUGCONSOLE=0 -I"D:\MCO 556\Lab 2\frdmk64f_hello_world\source" -I"D:\MCO 556\Lab 2\frdmk64f_hello_world\utilities" -I"D:\MCO 556\Lab 2\frdmk64f_hello_world\drivers" -I"D:\MCO 556\Lab 2\frdmk64f_hello_world\device" -I"D:\MCO 556\Lab 2\frdmk64f_hello_world\component\uart" -I"D:\MCO 556\Lab 2\frdmk64f_hello_world\component\lists" -I"D:\MCO 556\Lab 2\frdmk64f_hello_world\CMSIS" -I"D:\MCO 556\Lab 2\frdmk64f_hello_world\board" -O0 -fno-common -g3 -gdwarf-4 -c -ffunction-sections -fdata-sections -ffreestanding -fno-builtin -fmerge-constants -fmacro-prefix-map="../device/"= -mcpu=cortex-m4 -mfpu=fpv4-sp-d16 -mfloat-abi=hard -mthumb -D__REDLIB__ -fstack-usage -specs=redlib.specs -MMD -MP -MF"device/system_MK64F12.d" -MT"device/system_MK64F12.o" -MT"device/system_MK64F12.d" -o "device/system_MK64F12.o" "../device/system_MK64F12.c"
Finished building: ../drivers/fsl_ftfx_cache.c
 
Building file: ../component/uart/fsl_adapter_uart.c
Invoking: MCU C Compiler
arm-none-eabi-gcc -std=gnu99 -D__REDLIB__ -DCPU_MK64FN1M0VLL12 -DPRINTF_FLOAT_ENABLE=0 -DSCANF_FLOAT_ENABLE=0 -DPRINTF_ADVANCED_ENABLE=0 -DSCANF_ADVANCED_ENABLE=0 -DFRDM_K64F -DFREEDOM -DMCUXPRESSO_SDK -DCPU_MK64FN1M0VLL12_cm4 -DCR_INTEGER_PRINTF -D__MCUXPRESSO -D__USE_CMSIS -DDEBUG -DSDK_DEBUGCONSOLE=0 -I"D:\MCO 556\Lab 2\frdmk64f_hello_world\source" -I"D:\MCO 556\Lab 2\frdmk64f_hello_world\utilities" -I"D:\MCO 556\Lab 2\frdmk64f_hello_world\drivers" -I"D:\MCO 556\Lab 2\frdmk64f_hello_world\device" -I"D:\MCO 556\Lab 2\frdmk64f_hello_world\component\uart" -I"D:\MCO 556\Lab 2\frdmk64f_hello_world\component\lists" -I"D:\MCO 556\Lab 2\frdmk64f_hello_world\CMSIS" -I"D:\MCO 556\Lab 2\frdmk64f_hello_world\board" -O0 -fno-common -g3 -gdwarf-4 -c -ffunction-sections -fdata-sections -ffreestanding -fno-builtin -fmerge-constants -fmacro-prefix-map="../component/uart/"= -mcpu=cortex-m4 -mfpu=fpv4-sp-d16 -mfloat-abi=hard -mthumb -D__REDLIB__ -fstack-usage -specs=redlib.specs -MMD -MP -MF"component/uart/fsl_adapter_uart.d" -MT"component/uart/fsl_adapter_uart.o" -MT"component/uart/fsl_adapter_uart.d" -o "component/uart/fsl_adapter_uart.o" "../component/uart/fsl_adapter_uart.c"
Finished building: ../drivers/fsl_ftfx_flexnvm.c
 
Building file: ../component/lists/fsl_component_generic_list.c
Finished building: ../drivers/fsl_ftfx_flash.c
Invoking: MCU C Compiler
arm-none-eabi-gcc -std=gnu99 -D__REDLIB__ -DCPU_MK64FN1M0VLL12 -DPRINTF_FLOAT_ENABLE=0 -DSCANF_FLOAT_ENABLE=0 -DPRINTF_ADVANCED_ENABLE=0 -DSCANF_ADVANCED_ENABLE=0 -DFRDM_K64F -DFREEDOM -DMCUXPRESSO_SDK -DCPU_MK64FN1M0VLL12_cm4 -DCR_INTEGER_PRINTF -D__MCUXPRESSO -D__USE_CMSIS -DDEBUG -DSDK_DEBUGCONSOLE=0 -I"D:\MCO 556\Lab 2\frdmk64f_hello_world\source" -I"D:\MCO 556\Lab 2\frdmk64f_hello_world\utilities" -I"D:\MCO 556\Lab 2\frdmk64f_hello_world\drivers" -I"D:\MCO 556\Lab 2\frdmk64f_hello_world\device" -I"D:\MCO 556\Lab 2\frdmk64f_hello_world\component\uart" -I"D:\MCO 556\Lab 2\frdmk64f_hello_world\component\lists" -I"D:\MCO 556\Lab 2\frdmk64f_hello_world\CMSIS" -I"D:\MCO 556\Lab 2\frdmk64f_hello_world\board" -O0 -fno-common -g3 -gdwarf-4 -c -ffunction-sections -fdata-sections -ffreestanding -fno-builtin -fmerge-constants -fmacro-prefix-map="../component/lists/"= -mcpu=cortex-m4 -mfpu=fpv4-sp-d16 -mfloat-abi=hard -mthumb -D__REDLIB__ -fstack-usage -specs=redlib.specs -MMD -MP -MF"component/lists/fsl_component_generic_list.d" -MT"component/lists/fsl_component_generic_list.o" -MT"component/lists/fsl_component_generic_list.d" -o "component/lists/fsl_component_generic_list.o" "../component/lists/fsl_component_generic_list.c"
Finished building: ../drivers/fsl_smc.c
 
 
Building file: ../board/board.c
Finished building: ../drivers/fsl_ftfx_controller.c
Building file: ../board/clock_config.c
Invoking: MCU C Compiler
arm-none-eabi-gcc -std=gnu99 -D__REDLIB__ -DCPU_MK64FN1M0VLL12 -DPRINTF_FLOAT_ENABLE=0 -DSCANF_FLOAT_ENABLE=0 -DPRINTF_ADVANCED_ENABLE=0 -DSCANF_ADVANCED_ENABLE=0 -DFRDM_K64F -DFREEDOM -DMCUXPRESSO_SDK -DCPU_MK64FN1M0VLL12_cm4 -DCR_INTEGER_PRINTF -D__MCUXPRESSO -D__USE_CMSIS -DDEBUG -DSDK_DEBUGCONSOLE=0 -I"D:\MCO 556\Lab 2\frdmk64f_hello_world\source" -I"D:\MCO 556\Lab 2\frdmk64f_hello_world\utilities" -I"D:\MCO 556\Lab 2\frdmk64f_hello_world\drivers" -I"D:\MCO 556\Lab 2\frdmk64f_hello_world\device" -I"D:\MCO 556\Lab 2\frdmk64f_hello_world\component\uart" -I"D:\MCO 556\Lab 2\frdmk64f_hello_world\component\lists" -I"D:\MCO 556\Lab 2\frdmk64f_hello_world\CMSIS" -I"D:\MCO 556\Lab 2\frdmk64f_hello_world\board" -O0 -fno-common -g3 -gdwarf-4 -c -ffunction-sections -fdata-sections -ffreestanding -fno-builtin -fmerge-constants -fmacro-prefix-map="../board/"= -mcpu=cortex-m4 -mfpu=fpv4-sp-d16 -mfloat-abi=hard -mthumb -D__REDLIB__ -fstack-usage -specs=redlib.specs -MMD -MP -MF"board/board.d" -MT"board/board.o" -MT"board/board.d" -o "board/board.o" "../board/board.c"
 
Invoking: MCU C Compiler
arm-none-eabi-gcc -std=gnu99 -D__REDLIB__ -DCPU_MK64FN1M0VLL12 -DPRINTF_FLOAT_ENABLE=0 -DSCANF_FLOAT_ENABLE=0 -DPRINTF_ADVANCED_ENABLE=0 -DSCANF_ADVANCED_ENABLE=0 -DFRDM_K64F -DFREEDOM -DMCUXPRESSO_SDK -DCPU_MK64FN1M0VLL12_cm4 -DCR_INTEGER_PRINTF -D__MCUXPRESSO -D__USE_CMSIS -DDEBUG -DSDK_DEBUGCONSOLE=0 -I"D:\MCO 556\Lab 2\frdmk64f_hello_world\source" -I"D:\MCO 556\Lab 2\frdmk64f_hello_world\utilities" -I"D:\MCO 556\Lab 2\frdmk64f_hello_world\drivers" -I"D:\MCO 556\Lab 2\frdmk64f_hello_world\device" -I"D:\MCO 556\Lab 2\frdmk64f_hello_world\component\uart" -I"D:\MCO 556\Lab 2\frdmk64f_hello_world\component\lists" -I"D:\MCO 556\Lab 2\frdmk64f_hello_world\CMSIS" -I"D:\MCO 556\Lab 2\frdmk64f_hello_world\board" -O0 -fno-common -g3 -gdwarf-4 -c -ffunction-sections -fdata-sections -ffreestanding -fno-builtin -fmerge-constants -fmacro-prefix-map="../board/"= -mcpu=cortex-m4 -mfpu=fpv4-sp-d16 -mfloat-abi=hard -mthumb -D__REDLIB__ -fstack-usage -specs=redlib.specs -MMD -MP -MF"board/clock_config.d" -MT"board/clock_config.o" -MT"board/clock_config.d" -o "board/clock_config.o" "../board/clock_config.c"
Building file: ../board/pin_mux.c
Invoking: MCU C Compiler
arm-none-eabi-gcc -std=gnu99 -D__REDLIB__ -DCPU_MK64FN1M0VLL12 -DPRINTF_FLOAT_ENABLE=0 -DSCANF_FLOAT_ENABLE=0 -DPRINTF_ADVANCED_ENABLE=0 -DSCANF_ADVANCED_ENABLE=0 -DFRDM_K64F -DFREEDOM -DMCUXPRESSO_SDK -DCPU_MK64FN1M0VLL12_cm4 -DCR_INTEGER_PRINTF -D__MCUXPRESSO -D__USE_CMSIS -DDEBUG -DSDK_DEBUGCONSOLE=0 -I"D:\MCO 556\Lab 2\frdmk64f_hello_world\source" -I"D:\MCO 556\Lab 2\frdmk64f_hello_world\utilities" -I"D:\MCO 556\Lab 2\frdmk64f_hello_world\drivers" -I"D:\MCO 556\Lab 2\frdmk64f_hello_world\device" -I"D:\MCO 556\Lab 2\frdmk64f_hello_world\component\uart" -I"D:\MCO 556\Lab 2\frdmk64f_hello_world\component\lists" -I"D:\MCO 556\Lab 2\frdmk64f_hello_world\CMSIS" -I"D:\MCO 556\Lab 2\frdmk64f_hello_world\board" -O0 -fno-common -g3 -gdwarf-4 -c -ffunction-sections -fdata-sections -ffreestanding -fno-builtin -fmerge-constants -fmacro-prefix-map="../board/"= -mcpu=cortex-m4 -mfpu=fpv4-sp-d16 -mfloat-abi=hard -mthumb -D__REDLIB__ -fstack-usage -specs=redlib.specs -MMD -MP -MF"board/pin_mux.d" -MT"board/pin_mux.o" -MT"board/pin_mux.d" -o "board/pin_mux.o" "../board/pin_mux.c"
Finished building: ../device/system_MK64F12.c
 
Finished building: ../component/uart/fsl_adapter_uart.c
 
Finished building: ../drivers/fsl_uart.c
Finished building: ../drivers/fsl_gpio.c
 
 
Finished building: ../component/lists/fsl_component_generic_list.c
 
Finished building: ../board/clock_config.c
 
Finished building: ../board/board.c
 
Finished building: ../board/pin_mux.c
 
Building target: frdmk64f_hello_world.axf
Invoking: MCU Linker
[...]
Finished building: ../drivers/fsl_clock.c
Invoking: MCU C Compiler
arm-none-eabi-gcc -std=gnu99 -D__REDLIB__ -DCPU_MK64FN1M0VLL12 -DFRDM_K64F -DFREEDOM -DMCUXPRESSO_SDK -DCPU_MK64FN1M0VLL12_cm4 -DSDK_DEBUGCONSOLE=1 -DCR_INTEGER_PRINTF -D__MCUXPRESSO -D__USE_CMSIS -DDEBUG -I"E:\MCO 556\Lab 2 - Getting Started With MCUXpresso IDE\frdmk64f_led_blinky\source" -I"E:\MCO 556\Lab 2 - Getting Started With MCUXpresso IDE\frdmk64f_led_blinky\utilities" -I"E:\MCO 556\Lab 2 - Getting Started With MCUXpresso IDE\frdmk64f_led_blinky\drivers" -I"E:\MCO 556\Lab 2 - Getting Started With MCUXpresso IDE\frdmk64f_led_blinky\device" -I"E:\MCO 556\Lab 2 - Getting Started With MCUXpresso IDE\frdmk64f_led_blinky\component\uart" -I"E:\MCO 556\Lab 2 - Getting Started With MCUXpresso IDE\frdmk64f_led_blinky\component\lists" -I"E:\MCO 556\Lab 2 - Getting Started With MCUXpresso IDE\frdmk64f_led_blinky\CMSIS" -I"E:\MCO 556\Lab 2 - Getting Started With MCUXpresso IDE\frdmk64f_led_blinky\board" -O0 -fno-common -g3 -gdwarf-4 -c -ffunction-sections -fdata-sections -ffreestanding -fno-builtin -fmerge-constants -fmacro-prefix-map="../drivers/"= -mcpu=cortex-m4 -mfpu=fpv4-sp-d16 -mfloat-abi=hard -mthumb -D__REDLIB__ -fstack-usage -specs=redlib.specs -MMD -MP -MF"drivers/fsl_gpio.d" -MT"drivers/fsl_gpio.o" -MT"drivers/fsl_gpio.d" -o "drivers/fsl_gpio.o" "../drivers/fsl_gpio.c"
 
Building file: ../drivers/fsl_smc.c
Invoking: MCU C Compiler
arm-none-eabi-gcc -std=gnu99 -D__REDLIB__ -DCPU_MK64FN1M0VLL12 -DFRDM_K64F -DFREEDOM -DMCUXPRESSO_SDK -DCPU_MK64FN1M0VLL12_cm4 -DSDK_DEBUGCONSOLE=1 -DCR_INTEGER_PRINTF -D__MCUXPRESSO -D__USE_CMSIS -DDEBUG -I"E:\MCO 556\Lab 2 - Getting Started With MCUXpresso IDE\frdmk64f_led_blinky\source" -I"E:\MCO 556\Lab 2 - Getting Started With MCUXpresso IDE\frdmk64f_led_blinky\utilities" -I"E:\MCO 556\Lab 2 - Getting Started With MCUXpresso IDE\frdmk64f_led_blinky\drivers" -I"E:\MCO 556\Lab 2 - Getting Started With MCUXpresso IDE\frdmk64f_led_blinky\device" -I"E:\MCO 556\Lab 2 - Getting Started With MCUXpresso IDE\frdmk64f_led_blinky\component\uart" -I"E:\MCO 556\Lab 2 - Getting Started With MCUXpresso IDE\frdmk64f_led_blinky\component\lists" -I"E:\MCO 556\Lab 2 - Getting Started With MCUXpresso IDE\frdmk64f_led_blinky\CMSIS" -I"E:\MCO 556\Lab 2 - Getting Started With MCUXpresso IDE\frdmk64f_led_blinky\board" -O0 -fno-common -g3 -gdwarf-4 -c -ffunction-sections -fdata-sections -ffreestanding -fno-builtin -fmerge-constants -fmacro-prefix-map="../drivers/"= -mcpu=cortex-m4 -mfpu=fpv4-sp-d16 -mfloat-abi=hard -mthumb -D__REDLIB__ -fstack-usage -specs=redlib.specs -MMD -MP -MF"drivers/fsl_smc.d" -MT"drivers/fsl_smc.o" -MT"drivers/fsl_smc.d" -o "drivers/fsl_smc.o" "../drivers/fsl_smc.c"
Finished building: ../drivers/fsl_ftfx_cache.c
 
Building file: ../drivers/fsl_uart.c
Invoking: MCU C Compiler
arm-none-eabi-gcc -std=gnu99 -D__REDLIB__ -DCPU_MK64FN1M0VLL12 -DFRDM_K64F -DFREEDOM -DMCUXPRESSO_SDK -DCPU_MK64FN1M0VLL12_cm4 -DSDK_DEBUGCONSOLE=1 -DCR_INTEGER_PRINTF -D__MCUXPRESSO -D__USE_CMSIS -DDEBUG -I"E:\MCO 556\Lab 2 - Getting Started With MCUXpresso IDE\frdmk64f_led_blinky\source" -I"E:\MCO 556\Lab 2 - Getting Started With MCUXpresso IDE\frdmk64f_led_blinky\utilities" -I"E:\MCO 556\Lab 2 - Getting Started With MCUXpresso IDE\frdmk64f_led_blinky\drivers" -I"E:\MCO 556\Lab 2 - Getting Started With MCUXpresso IDE\frdmk64f_led_blinky\device" -I"E:\MCO 556\Lab 2 - Getting Started With MCUXpresso IDE\frdmk64f_led_blinky\component\uart" -I"E:\MCO 556\Lab 2 - Getting Started With MCUXpresso IDE\frdmk64f_led_blinky\component\lists" -I"E:\MCO 556\Lab 2 - Getting Started With MCUXpresso IDE\frdmk64f_led_blinky\CMSIS" -I"E:\MCO 556\Lab 2 - Getting Started With MCUXpresso IDE\frdmk64f_led_blinky\board" -O0 -fno-common -g3 -gdwarf-4 -c -ffunction-sections -fdata-sections -ffreestanding -fno-builtin -fmerge-constants -fmacro-prefix-map="../drivers/"= -mcpu=cortex-m4 -mfpu=fpv4-sp-d16 -mfloat-abi=hard -mthumb -D__REDLIB__ -fstack-usage -specs=redlib.specs -MMD -MP -MF"drivers/fsl_uart.d" -MT"drivers/fsl_uart.o" -MT"drivers/fsl_uart.d" -o "drivers/fsl_uart.o" "../drivers/fsl_uart.c"
Finished building: ../drivers/fsl_common_arm.c
 
Building file: ../device/system_MK64F12.c
Invoking: MCU C Compiler
arm-none-eabi-gcc -std=gnu99 -D__REDLIB__ -DCPU_MK64FN1M0VLL12 -DFRDM_K64F -DFREEDOM -DMCUXPRESSO_SDK -DCPU_MK64FN1M0VLL12_cm4 -DSDK_DEBUGCONSOLE=1 -DCR_INTEGER_PRINTF -D__MCUXPRESSO -D__USE_CMSIS -DDEBUG -I"E:\MCO 556\Lab 2 - Getting Started With MCUXpresso IDE\frdmk64f_led_blinky\source" -I"E:\MCO 556\Lab 2 - Getting Started With MCUXpresso IDE\frdmk64f_led_blinky\utilities" -I"E:\MCO 556\Lab 2 - Getting Started With MCUXpresso IDE\frdmk64f_led_blinky\drivers" -I"E:\MCO 556\Lab 2 - Getting Started With MCUXpresso IDE\frdmk64f_led_blinky\device" -I"E:\MCO 556\Lab 2 - Getting Started With MCUXpresso IDE\frdmk64f_led_blinky\component\uart" -I"E:\MCO 556\Lab 2 - Getting Started With MCUXpresso IDE\frdmk64f_led_blinky\component\lists" -I"E:\MCO 556\Lab 2 - Getting Started With MCUXpresso IDE\frdmk64f_led_blinky\CMSIS" -I"E:\MCO 556\Lab 2 - Getting Started With MCUXpresso IDE\frdmk64f_led_blinky\board" -O0 -fno-common -g3 -gdwarf-4 -c -ffunction-sections -fdata-sections -ffreestanding -fno-builtin -fmerge-constants -fmacro-prefix-map="../device/"= -mcpu=cortex-m4 -mfpu=fpv4-sp-d16 -mfloat-abi=hard -mthumb -D__REDLIB__ -fstack-usage -specs=redlib.specs -MMD -MP -MF"device/system_MK64F12.d" -MT"device/system_MK64F12.o" -MT"device/system_MK64F12.d" -o "device/system_MK64F12.o" "../device/system_MK64F12.c"
Finished building: ../drivers/fsl_common.c
 
Building file: ../component/uart/fsl_adapter_uart.c
Invoking: MCU C Compiler
arm-none-eabi-gcc -std=gnu99 -D__REDLIB__ -DCPU_MK64FN1M0VLL12 -DFRDM_K64F -DFREEDOM -DMCUXPRESSO_SDK -DCPU_MK64FN1M0VLL12_cm4 -DSDK_DEBUGCONSOLE=1 -DCR_INTEGER_PRINTF -D__MCUXPRESSO -D__USE_CMSIS -DDEBUG -I"E:\MCO 556\Lab 2 - Getting Started With MCUXpresso IDE\frdmk64f_led_blinky\source" -I"E:\MCO 556\Lab 2 - Getting Started With MCUXpresso IDE\frdmk64f_led_blinky\utilities" -I"E:\MCO 556\Lab 2 - Getting Started With MCUXpresso IDE\frdmk64f_led_blinky\drivers" -I"E:\MCO 556\Lab 2 - Getting Started With MCUXpresso IDE\frdmk64f_led_blinky\device" -I"E:\MCO 556\Lab 2 - Getting Started With MCUXpresso IDE\frdmk64f_led_blinky\component\uart" -I"E:\MCO 556\Lab 2 - Getting Started With MCUXpresso IDE\frdmk64f_led_blinky\component\lists" -I"E:\MCO 556\Lab 2 - Getting Started With MCUXpresso IDE\frdmk64f_led_blinky\CMSIS" -I"E:\MCO 556\Lab 2 - Getting Started With MCUXpresso IDE\frdmk64f_led_blinky\board" -O0 -fno-common -g3 -gdwarf-4 -c -ffunction-sections -fdata-sections -ffreestanding -fno-builtin -fmerge-constants -fmacro-prefix-map="../component/uart/"= -mcpu=cortex-m4 -mfpu=fpv4-sp-d16 -mfloat-abi=hard -mthumb -D__REDLIB__ -fstack-usage -specs=redlib.specs -MMD -MP -MF"component/uart/fsl_adapter_uart.d" -MT"component/uart/fsl_adapter_uart.o" -MT"component/uart/fsl_adapter_uart.d" -o "component/uart/fsl_adapter_uart.o" "../component/uart/fsl_adapter_uart.c"
Finished building: ../drivers/fsl_gpio.c
 
Building file: ../component/lists/fsl_component_generic_list.c
Invoking: MCU C Compiler
arm-none-eabi-gcc -std=gnu99 -D__REDLIB__ -DCPU_MK64FN1M0VLL12 -DFRDM_K64F -DFREEDOM -DMCUXPRESSO_SDK -DCPU_MK64FN1M0VLL12_cm4 -DSDK_DEBUGCONSOLE=1 -DCR_INTEGER_PRINTF -D__MCUXPRESSO -D__USE_CMSIS -DDEBUG -I"E:\MCO 556\Lab 2 - Getting Started With MCUXpresso IDE\frdmk64f_led_blinky\source" -I"E:\MCO 556\Lab 2 - Getting Started With MCUXpresso IDE\frdmk64f_led_blinky\utilities" -I"E:\MCO 556\Lab 2 - Getting Started With MCUXpresso IDE\frdmk64f_led_blinky\drivers" -I"E:\MCO 556\Lab 2 - Getting Started With MCUXpresso IDE\frdmk64f_led_blinky\device" -I"E:\MCO 556\Lab 2 - Getting Started With MCUXpresso IDE\frdmk64f_led_blinky\component\uart" -I"E:\MCO 556\Lab 2 - Getting Started With MCUXpresso IDE\frdmk64f_led_blinky\component\lists" -I"E:\MCO 556\Lab 2 - Getting Started With MCUXpresso IDE\frdmk64f_led_blinky\CMSIS" -I"E:\MCO 556\Lab 2 - Getting Started With MCUXpresso IDE\frdmk64f_led_blinky\board" -O0 -fno-common -g3 -gdwarf-4 -c -ffunction-sections -fdata-sections -ffreestanding -fno-builtin -fmerge-constants -fmacro-prefix-map="../component/lists/"= -mcpu=cortex-m4 -mfpu=fpv4-sp-d16 -mfloat-abi=hard -mthumb -D__REDLIB__ -fstack-usage -specs=redlib.specs -MMD -MP -MF"component/lists/fsl_component_generic_list.d" -MT"component/lists/fsl_component_generic_list.o" -MT"component/lists/fsl_component_generic_list.d" -o "component/lists/fsl_component_generic_list.o" "../component/lists/fsl_component_generic_list.c"
Finished building: ../drivers/fsl_ftfx_flash.c
Finished building: ../drivers/fsl_ftfx_controller.c
 
 
Finished building: ../drivers/fsl_smc.c
Finished building: ../drivers/fsl_ftfx_flexnvm.c
Building file: ../board/board.c
 
 
Building file: ../board/clock_config.c
Invoking: MCU C Compiler
arm-none-eabi-gcc -std=gnu99 -D__REDLIB__ -DCPU_MK64FN1M0VLL12 -DFRDM_K64F -DFREEDOM -DMCUXPRESSO_SDK -DCPU_MK64FN1M0VLL12_cm4 -DSDK_DEBUGCONSOLE=1 -DCR_INTEGER_PRINTF -D__MCUXPRESSO -D__USE_CMSIS -DDEBUG -I"E:\MCO 556\Lab 2 - Getting Started With MCUXpresso IDE\frdmk64f_led_blinky\source" -I"E:\MCO 556\Lab 2 - Getting Started With MCUXpresso IDE\frdmk64f_led_blinky\utilities" -I"E:\MCO 556\Lab 2 - Getting Started With MCUXpresso IDE\frdmk64f_led_blinky\drivers" -I"E:\MCO 556\Lab 2 - Getting Started With MCUXpresso IDE\frdmk64f_led_blinky\device" -I"E:\MCO 556\Lab 2 - Getting Started With MCUXpresso IDE\frdmk64f_led_blinky\component\uart" -I"E:\MCO 556\Lab 2 - Getting Started With MCUXpresso IDE\frdmk64f_led_blinky\component\lists" -I"E:\MCO 556\Lab 2 - Getting Started With MCUXpresso IDE\frdmk64f_led_blinky\CMSIS" -I"E:\MCO 556\Lab 2 - Getting Started With MCUXpresso IDE\frdmk64f_led_blinky\board" -O0 -fno-common -g3 -gdwarf-4 -c -ffunction-sections -fdata-sections -ffreestanding -fno-builtin -fmerge-constants -fmacro-prefix-map="../board/"= -mcpu=cortex-m4 -mfpu=fpv4-sp-d16 -mfloat-abi=hard -mthumb -D__REDLIB__ -fstack-usage -specs=redlib.specs -MMD -MP -MF"board/board.d" -MT"board/board.o" -MT"board/board.d" -o "board/board.o" "../board/board.c"
Building file: ../board/pin_mux.c
Invoking: MCU C Compiler
Invoking: MCU C Compiler
arm-none-eabi-gcc -std=gnu99 -D__REDLIB__ -DCPU_MK64FN1M0VLL12 -DFRDM_K64F -DFREEDOM -DMCUXPRESSO_SDK -DCPU_MK64FN1M0VLL12_cm4 -DSDK_DEBUGCONSOLE=1 -DCR_INTEGER_PRINTF -D__MCUXPRESSO -D__USE_CMSIS -DDEBUG -I"E:\MCO 556\Lab 2 - Getting Started With MCUXpresso IDE\frdmk64f_led_blinky\source" -I"E:\MCO 556\Lab 2 - Getting Started With MCUXpresso IDE\frdmk64f_led_blinky\utilities" -I"E:\MCO 556\Lab 2 - Getting Started With MCUXpresso IDE\frdmk64f_led_blinky\drivers" -I"E:\MCO 556\Lab 2 - Getting Started With MCUXpresso IDE\frdmk64f_led_blinky\device" -I"E:\MCO 556\Lab 2 - Getting Started With MCUXpresso IDE\frdmk64f_led_blinky\component\uart" -I"E:\MCO 556\Lab 2 - Getting Started With MCUXpresso IDE\frdmk64f_led_blinky\component\lists" -I"E:\MCO 556\Lab 2 - Getting Started With MCUXpresso IDE\frdmk64f_led_blinky\CMSIS" -I"E:\MCO 556\Lab 2 - Getting Started With MCUXpresso IDE\frdmk64f_led_blinky\board" -O0 -fno-common -g3 -gdwarf-4 -c -ffunction-sections -fdata-sections -ffreestanding -fno-builtin -fmerge-constants -fmacro-prefix-map="../board/"= -mcpu=cortex-m4 -mfpu=fpv4-sp-d16 -mfloat-abi=hard -mthumb -D__REDLIB__ -fstack-usage -specs=redlib.specs -MMD -MP -MF"board/clock_config.d" -MT"board/clock_config.o" -MT"board/clock_config.d" -o "board/clock_config.o" "../board/clock_config.c"
arm-none-eabi-gcc -std=gnu99 -D__REDLIB__ -DCPU_MK64FN1M0VLL12 -DFRDM_K64F -DFREEDOM -DMCUXPRESSO_SDK -DCPU_MK64FN1M0VLL12_cm4 -DSDK_DEBUGCONSOLE=1 -DCR_INTEGER_PRINTF -D__MCUXPRESSO -D__USE_CMSIS -DDEBUG -I"E:\MCO 556\Lab 2 - Getting Started With MCUXpresso IDE\frdmk64f_led_blinky\source" -I"E:\MCO 556\Lab 2 - Getting Started With MCUXpresso IDE\frdmk64f_led_blinky\utilities" -I"E:\MCO 556\Lab 2 - Getting Started With MCUXpresso IDE\frdmk64f_led_blinky\drivers" -I"E:\MCO 556\Lab 2 - Getting Started With MCUXpresso IDE\frdmk64f_led_blinky\device" -I"E:\MCO 556\Lab 2 - Getting Started With MCUXpresso IDE\frdmk64f_led_blinky\component\uart" -I"E:\MCO 556\Lab 2 - Getting Started With MCUXpresso IDE\frdmk64f_led_blinky\component\lists" -I"E:\MCO 556\Lab 2 - Getting Started With MCUXpresso IDE\frdmk64f_led_blinky\CMSIS" -I"E:\MCO 556\Lab 2 - Getting Started With MCUXpresso IDE\frdmk64f_led_blinky\board" -O0 -fno-common -g3 -gdwarf-4 -c -ffunction-sections -fdata-sections -ffreestanding -fno-builtin -fmerge-constants -fmacro-prefix-map="../board/"= -mcpu=cortex-m4 -mfpu=fpv4-sp-d16 -mfloat-abi=hard -mthumb -D__REDLIB__ -fstack-usage -specs=redlib.specs -MMD -MP -MF"board/pin_mux.d" -MT"board/pin_mux.o" -MT"board/pin_mux.d" -o "board/pin_mux.o" "../board/pin_mux.c"
Finished building: ../device/system_MK64F12.c
 
Finished building: ../drivers/fsl_uart.c
 
Finished building: ../component/uart/fsl_adapter_uart.c
 
Finished building: ../component/lists/fsl_component_generic_list.c
Finished building: ../board/board.c
 
 
Finished building: ../board/pin_mux.c
Finished building: ../board/clock_config.c
 
 
Building target: frdmk64f_led_blinky.axf
Invoking: MCU Linker
arm-none-eabi-gcc -nostdlib -Xlinker -Map="frdmk64f_led_blinky.map" -Xlinker --gc-sections -Xlinker -print-memory-usage -Xlinker --sort-section=alignment -Xlinker --cref -mcpu=cortex-m4 -mfpu=fpv4-sp-d16 -mfloat-abi=hard -mthumb -T frdmk64f_led_blinky_Debug.ld -o "frdmk64f_led_blinky.axf" ./utilities/fsl_assert.o ./utilities/fsl_debug_console.o  ./startup/startup_mk64f12.o  ./source/led_blinky.o ./source/semihost_hardfault.o  ./drivers/fsl_clock.o ./drivers/fsl_common.o ./drivers/fsl_common_arm.o ./drivers/fsl_ftfx_cache.o ./drivers/fsl_ftfx_controller.o ./drivers/fsl_ftfx_flash.o ./drivers/fsl_ftfx_flexnvm.o ./drivers/fsl_gpio.o ./drivers/fsl_smc.o ./drivers/fsl_uart.o  ./device/system_MK64F12.o  ./component/uart/fsl_adapter_uart.o  ./component/lists/fsl_component_generic_list.o  ./board/board.o ./board/clock_config.o ./board/pin_mux.o   
Memory region         Used Size  Region Size  %age Used
   PROGRAM_FLASH:        7368 B         1 MB      0.70%
      SRAM_UPPER:        8440 B       192 KB      4.29%
      SRAM_LOWER:          0 GB        64 KB      0.00%
        FLEX_RAM:          0 GB         4 KB      0.00%
Finished building target: frdmk64f_led_blinky.axf
 
Performing post-build steps
arm-none-eabi-size "frdmk64f_led_blinky.axf"; # arm-none-eabi-objcopy -v -O binary "frdmk64f_led_blinky.axf" "frdmk64f_led_blinky.bin" ; # checksum -p MK64FN1M0xxx12 -d "frdmk64f_led_blinky.bin";
   text	   data	    bss	    dec	    hex	filename
   7360	      8	   8432	  15800	   3db8	frdmk64f_led_blinky.axf
 
09:07:27 **** Incremental Build of configuration Debug for project frdmk64f_led_blinky ****
make -r -j8 all 
make[1]: Nothing to be done for 'main-build'.
Performing post-build steps
arm-none-eabi-size "frdmk64f_led_blinky.axf"; # arm-none-eabi-objcopy -v -O binary "frdmk64f_led_blinky.axf" "frdmk64f_led_blinky.bin" ; # checksum -p MK64FN1M0xxx12 -d "frdmk64f_led_blinky.bin";
   text	   data	    bss	    dec	    hex	filename
   7360	      8	   8432	  15800	   3db8	frdmk64f_led_blinky.axf
 
09:07:55 **** Incremental Build of configuration Debug for project frdmk64f_led_blinky ****
make -r -j8 all 
Building file: ../source/led_blinky.c
Invoking: MCU C Compiler
arm-none-eabi-gcc -std=gnu99 -D__REDLIB__ -DCPU_MK64FN1M0VLL12 -DFRDM_K64F -DFREEDOM -DMCUXPRESSO_SDK -DCPU_MK64FN1M0VLL12_cm4 -DSDK_DEBUGCONSOLE=1 -DCR_INTEGER_PRINTF -D__MCUXPRESSO -D__USE_CMSIS -DDEBUG -I"E:\MCO 556\Lab 2 - Getting Started With MCUXpresso IDE\frdmk64f_led_blinky\source" -I"E:\MCO 556\Lab 2 - Getting Started With MCUXpresso IDE\frdmk64f_led_blinky\utilities" -I"E:\MCO 556\Lab 2 - Getting Started With MCUXpresso IDE\frdmk64f_led_blinky\drivers" -I"E:\MCO 556\Lab 2 - Getting Started With MCUXpresso IDE\frdmk64f_led_blinky\device" -I"E:\MCO 556\Lab 2 - Getting Started With MCUXpresso IDE\frdmk64f_led_blinky\component\uart" -I"E:\MCO 556\Lab 2 - Getting Started With MCUXpresso IDE\frdmk64f_led_blinky\component\lists" -I"E:\MCO 556\Lab 2 - Getting Started With MCUXpresso IDE\frdmk64f_led_blinky\CMSIS" -I"E:\MCO 556\Lab 2 - Getting Started With MCUXpresso IDE\frdmk64f_led_blinky\board" -O0 -fno-common -g3 -gdwarf-4 -c -ffunction-sections -fdata-sections -ffreestanding -fno-builtin -fmerge-constants -fmacro-prefix-map="../source/"= -mcpu=cortex-m4 -mfpu=fpv4-sp-d16 -mfloat-abi=hard -mthumb -D__REDLIB__ -fstack-usage -specs=redlib.specs -MMD -MP -MF"source/led_blinky.d" -MT"source/led_blinky.o" -MT"source/led_blinky.d" -o "source/led_blinky.o" "../source/led_blinky.c"
Finished building: ../source/led_blinky.c
 
Building target: frdmk64f_led_blinky.axf
Invoking: MCU Linker
arm-none-eabi-gcc -nostdlib -Xlinker -Map="frdmk64f_led_blinky.map" -Xlinker --gc-sections -Xlinker -print-memory-usage -Xlinker --sort-section=alignment -Xlinker --cref -mcpu=cortex-m4 -mfpu=fpv4-sp-d16 -mfloat-abi=hard -mthumb -T frdmk64f_led_blinky_Debug.ld -o "frdmk64f_led_blinky.axf" ./utilities/fsl_assert.o ./utilities/fsl_debug_console.o  ./startup/startup_mk64f12.o  ./source/led_blinky.o ./source/semihost_hardfault.o  ./drivers/fsl_clock.o ./drivers/fsl_common.o ./drivers/fsl_common_arm.o ./drivers/fsl_ftfx_cache.o ./drivers/fsl_ftfx_controller.o ./drivers/fsl_ftfx_flash.o ./drivers/fsl_ftfx_flexnvm.o ./drivers/fsl_gpio.o ./drivers/fsl_smc.o ./drivers/fsl_uart.o  ./device/system_MK64F12.o  ./component/uart/fsl_adapter_uart.o  ./component/lists/fsl_component_generic_list.o  ./board/board.o ./board/clock_config.o ./board/pin_mux.o   
Memory region         Used Size  Region Size  %age Used
   PROGRAM_FLASH:        7368 B         1 MB      0.70%
      SRAM_UPPER:        8440 B       192 KB      4.29%
      SRAM_LOWER:          0 GB        64 KB      0.00%
        FLEX_RAM:          0 GB         4 KB      0.00%
Finished building target: frdmk64f_led_blinky.axf
 
Performing post-build steps
arm-none-eabi-size "frdmk64f_led_blinky.axf"; # arm-none-eabi-objcopy -v -O binary "frdmk64f_led_blinky.axf" "frdmk64f_led_blinky.bin" ; # checksum -p MK64FN1M0xxx12 -d "frdmk64f_led_blinky.bin";
   text	   data	    bss	    dec	    hex	filename
   7360	      8	   8432	  15800	   3db8	frdmk64f_led_blinky.axf
 
09:07:58 **** Incremental Build of configuration Debug for project frdmk64f_led_blinky ****
make -r -j8 all 
make[1]: Nothing to be done for 'main-build'.
Performing post-build steps
arm-none-eabi-size "frdmk64f_led_blinky.axf"; # arm-none-eabi-objcopy -v -O binary "frdmk64f_led_blinky.axf" "frdmk64f_led_blinky.bin" ; # checksum -p MK64FN1M0xxx12 -d "frdmk64f_led_blinky.bin";
   text	   data	    bss	    dec	    hex	filename
   7360	      8	   8432	  15800	   3db8	frdmk64f_led_blinky.axf
 
