14:03:40 **** Build of configuration Debug for project Lab6_PWM_pinPTC2 ****
make -r -j8 all 
Building file: ../utilities/fsl_debug_console.c
Building file: ../utilities/fsl_str.c
Building file: ../startup/startup_mk64f12.c
Building file: ../source/Lab6_PWM_pinPTC2.c
Invoking: MCU C Compiler
Invoking: MCU C Compiler
arm-none-eabi-gcc -D__REDLIB__ -DCPU_MK64FN1M0VLL12 -DCPU_MK64FN1M0VLL12_cm4 -DSDK_OS_BAREMETAL -DSERIAL_PORT_TYPE_UART=1 -DSDK_DEBUGCONSOLE=0 -DCR_INTEGER_PRINTF -DPRINTF_FLOAT_ENABLE=0 -D__MCUXPRESSO -D__USE_CMSIS -DDEBUG -I"C:\Users\jmtri\OneDrive\Desktop\MCO 556\Lab 6 - Pulse Width Modulation (PWM)\Lab6_PWM_pinPTC2\board" -I"C:\Users\jmtri\OneDrive\Desktop\MCO 556\Lab 6 - Pulse Width Modulation (PWM)\Lab6_PWM_pinPTC2\source" -I"C:\Users\jmtri\OneDrive\Desktop\MCO 556\Lab 6 - Pulse Width Modulation (PWM)\Lab6_PWM_pinPTC2\utilities" -I"C:\Users\jmtri\OneDrive\Desktop\MCO 556\Lab 6 - Pulse Width Modulation (PWM)\Lab6_PWM_pinPTC2\drivers" -I"C:\Users\jmtri\OneDrive\Desktop\MCO 556\Lab 6 - Pulse Width Modulation (PWM)\Lab6_PWM_pinPTC2\device" -I"C:\Users\jmtri\OneDrive\Desktop\MCO 556\Lab 6 - Pulse Width Modulation (PWM)\Lab6_PWM_pinPTC2\component\serial_manager" -I"C:\Users\jmtri\OneDrive\Desktop\MCO 556\Lab 6 - Pulse Width Modulation (PWM)\Lab6_PWM_pinPTC2\component\lists" -I"C:\Users\jmtri\OneDrive\Desktop\MCO 556\Lab 6 - Pulse Width Modulation (PWM)\Lab6_PWM_pinPTC2\CMSIS" -I"C:\Users\jmtri\OneDrive\Desktop\MCO 556\Lab 6 - Pulse Width Modulation (PWM)\Lab6_PWM_pinPTC2\component\uart" -O0 -fno-common -g3 -gdwarf-4 -Wall -c -ffunction-sections -fdata-sections -ffreestanding -fno-builtin -fmerge-constants -fmacro-prefix-map="../utilities/"= -mcpu=cortex-m4 -mfpu=fpv4-sp-d16 -mfloat-abi=hard -mthumb -D__REDLIB__ -fstack-usage -specs=redlib.specs -MMD -MP -MF"utilities/fsl_debug_console.d" -MT"utilities/fsl_debug_console.o" -MT"utilities/fsl_debug_console.d" -o "utilities/fsl_debug_console.o" "../utilities/fsl_debug_console.c"
Invoking: MCU C Compiler
arm-none-eabi-gcc -D__REDLIB__ -DCPU_MK64FN1M0VLL12 -DCPU_MK64FN1M0VLL12_cm4 -DSDK_OS_BAREMETAL -DSERIAL_PORT_TYPE_UART=1 -DSDK_DEBUGCONSOLE=0 -DCR_INTEGER_PRINTF -DPRINTF_FLOAT_ENABLE=0 -D__MCUXPRESSO -D__USE_CMSIS -DDEBUG -I"C:\Users\jmtri\OneDrive\Desktop\MCO 556\Lab 6 - Pulse Width Modulation (PWM)\Lab6_PWM_pinPTC2\board" -I"C:\Users\jmtri\OneDrive\Desktop\MCO 556\Lab 6 - Pulse Width Modulation (PWM)\Lab6_PWM_pinPTC2\source" -I"C:\Users\jmtri\OneDrive\Desktop\MCO 556\Lab 6 - Pulse Width Modulation (PWM)\Lab6_PWM_pinPTC2\utilities" -I"C:\Users\jmtri\OneDrive\Desktop\MCO 556\Lab 6 - Pulse Width Modulation (PWM)\Lab6_PWM_pinPTC2\drivers" -I"C:\Users\jmtri\OneDrive\Desktop\MCO 556\Lab 6 - Pulse Width Modulation (PWM)\Lab6_PWM_pinPTC2\device" -I"C:\Users\jmtri\OneDrive\Desktop\MCO 556\Lab 6 - Pulse Width Modulation (PWM)\Lab6_PWM_pinPTC2\component\serial_manager" -I"C:\Users\jmtri\OneDrive\Desktop\MCO 556\Lab 6 - Pulse Width Modulation (PWM)\Lab6_PWM_pinPTC2\component\lists" -I"C:\Users\jmtri\OneDrive\Desktop\MCO 556\Lab 6 - Pulse Width Modulation (PWM)\Lab6_PWM_pinPTC2\CMSIS" -I"C:\Users\jmtri\OneDrive\Desktop\MCO 556\Lab 6 - Pulse Width Modulation (PWM)\Lab6_PWM_pinPTC2\component\uart" -O0 -fno-common -g3 -gdwarf-4 -Wall -c -ffunction-sections -fdata-sections -ffreestanding -fno-builtin -fmerge-constants -fmacro-prefix-map="../utilities/"= -mcpu=cortex-m4 -mfpu=fpv4-sp-d16 -mfloat-abi=hard -mthumb -D__REDLIB__ -fstack-usage -specs=redlib.specs -MMD -MP -MF"utilities/fsl_str.d" -MT"utilities/fsl_str.o" -MT"utilInvoking: MCU C Compiler
ities/fsl_str.d" -o "utilities/fsl_str.o" "../utilities/fsl_str.c"
Building file: ../source/semihost_hardfault.c
arm-none-eabi-gcc -D__REDLIB__ -DCPU_MK64FN1M0VLL12 -DCPU_MK64FN1M0VLL12_cm4 -DSDK_OS_BAREMETAL -DSERIAL_PORT_TYPE_UART=1 -DSDK_DEBUGCONSOLE=0 -DCR_INTEGER_PRINTF -DPRINTF_FLOAT_ENABLE=0 -D__MCUXPRESSO -D__USE_CMSIS -DDEBUG -I"C:\Users\jmtri\OneDrive\Desktop\MCO 556\Lab 6 - Pulse Width Modulation (PWM)\Lab6_PWM_pinPTC2\board" -I"C:\Users\jmtri\OneDrive\Desktop\MCO 556\Lab 6 - Pulse Width Modulation (PWM)\Lab6_PWM_pinPTC2\source" -I"C:\Users\jmtri\OneDrive\Desktop\MCO 556\Lab 6 - Pulse Width Modulation (PWM)\Lab6_PWM_pinPTC2\utilities" -I"C:\Users\jmtri\OneDrive\Desktop\MCO 556\Lab 6 - Pulse Width Modulation (PWM)\Lab6_PWM_pinPTC2\drivers" -I"C:\Users\jmtri\OneDrive\Desktop\MCO 556\Lab 6 - Pulse Width Modulation (PWM)\Lab6_PWM_pinPTC2\device" -I"C:\Users\jmtri\OneDrive\Desktop\MCO 556\Lab 6 - Pulse Width Modulation (PWM)\Lab6_PWM_pinPTC2\component\serial_manager" -I"C:\Users\jmtri\OneDrive\Desktop\MCO 556\Lab 6 - Pulse Width Modulation (PWM)\Lab6_PWM_pinPTC2\component\lists" -I"C:\Users\jmtri\OneDrive\Desktop\MCO 556\Lab 6 - Pulse Width Modulation (PWM)\Lab6_PWM_pinPTC2\CMSIS" -I"C:\Users\jmtri\OneDrive\Desktop\MCO 556\Lab 6 - Pulse Width Modulation (PWM)\Lab6_PWM_pinPTC2\component\uart" -O0 -fno-common -g3 -gdwarf-4 -Wall -c -ffunction-sections -fdata-sections -ffreestanding -fno-builtin -fmerge-constants -fmacro-prefix-map="../startup/"= -mcpu=cortex-m4 -mfpu=fpv4-sp-d16 -mfloat-abi=hard -mthumb -D__REDLIB__ -fstack-usage -specs=redlib.specs -MMD -MP -MF"startup/startup_mk64f12.d" -MT"startup/startup_mk64f12.o" -MT"startup/startup_mk64f12.d" -o "startup/startup_mk64f12.o" "../startup/startup_mk64f12.c"
arm-none-eabi-gcc -D__REDLIB__ -DCPU_MK64FN1M0VLL12 -DCPU_MK64FN1M0VLL12_cm4 -DSDK_OS_BAREMETAL -DSERIAL_PORT_TYPE_UART=1 -DSDK_DEBUGCONSOLE=0 -DCR_INTEGER_PRINTF -DPRINTF_FLOAT_ENABLE=0 -D__MCUXPRESSO -D__USE_CMSIS -DDEBUG -I"C:\Users\jmtri\OneDrive\Desktop\MCO 556\Lab 6 - Pulse Width Modulation (PWM)\Lab6_PWM_pinPTC2\board" -I"C:\Users\jmtri\OneDrive\Desktop\MCO 556\Lab 6 - Pulse Width Modulation (PWM)\Lab6_PWM_pinPTC2\source" -I"C:\Users\jmtri\OneDrive\Desktop\MCO 556\Lab 6 - Pulse Width Modulation (PWM)\Lab6_PWM_pinPTC2\utilities" -I"C:\Users\jmtri\OneDrive\Desktop\MCO 556\Lab 6 - Pulse Width Modulation (PWM)\Lab6_PWM_pinPTC2\drivers" -I"C:\Users\jmtri\OneDrive\Desktop\MCO 556\Lab 6 - Pulse Width Modulation (PWM)\Lab6_PWM_pinPTC2\device" -I"C:\Users\jmtri\OneDrive\Desktop\MCO 556\Lab 6 - Pulse Width Modulation (PWM)\Lab6_PWM_pinPTC2\component\serial_manager" -I"C:\Users\jmtri\OneDrive\Desktop\MCO 556\Lab 6 - Pulse Width Modulation (PWM)\Lab6_PWM_pinPTC2\component\lists" -I"C:\Users\jmtri\OneDrive\Desktop\MCO 556\Lab 6 - Pulse Width Modulation (PWM)\Lab6_PWM_pinPTC2\CMSIS" -I"C:\Users\jmtri\OneDrive\Desktop\MCO 556\Lab 6 - Pulse Width Modulation (PWM)\Lab6_PWM_pinPTC2\component\uart" -O0 -fno-common -g3 -gdwarf-4 -Wall -c -ffunction-sections -fdata-sections -ffreestanding -fno-builtin -fmerge-constants -fmacro-prefix-map="../source/"= -mcpu=cortex-m4 -mfpu=fpv4-sp-d16 -mfloat-abi=hard -mthumb -D__REDLIB__ -fstack-usage -specs=redlib.specs -MMD -MP -MF"source/Lab6_PWM_pinPTC2.d" -MT"source/Lab6_PWM_pinPTC2.o" -MT"source/Lab6_PWM_pinPTC2.d" -o "source/Lab6_PWM_pinPTC2.o" "../source/Lab6_PWM_pinPTC2.c"
Invoking: MCU C Compiler
arm-none-eabi-gcc -D__REDLIB__ -DCPU_MK64FN1M0VLL12 -DCPU_MK64FN1M0VLL12_cm4 -DSDK_OS_BAREMETAL -DSERIAL_PORT_TYPE_UART=1 -DSDK_DEBUGCONSOLE=0 -DCR_INTEGER_PRINTF -DPRINTF_FLOAT_ENABLE=0 -D__MCUXPRESSO -D__USE_CMSIS -DDEBUG -I"C:\Users\jmtri\OneDrive\Desktop\MCO 556\Lab 6 - Pulse Width Modulation (PWM)\Lab6_PWM_pinPTC2\board" -I"C:\Users\jmtri\OneDrive\Desktop\MCO 556\Lab 6 - Pulse Width Modulation (PWM)\Lab6_PWM_pinPTC2\source" -I"C:\Users\jmtri\OneDrive\Desktop\MCO 556\Lab 6 - Pulse Width Modulation (PWM)\Lab6_PWM_pinPTC2\utilities" -I"C:\Users\jmtri\OneDrive\Desktop\MCO 556\Lab 6 - Pulse Width Modulation (PWM)\Lab6_PWM_pinPTC2\drivers" -I"C:\Users\jmtri\OneDrive\Desktop\MCO 556\Lab 6 - Pulse Width Modulation (PWM)\Lab6_PWM_pinPTC2\device" -I"C:\Users\jmtri\OneDrive\Desktop\MCO 556\Lab 6 - Pulse Width Modulation (PWM)\Lab6_PWM_pinPTC2\component\serial_manager" -I"C:\Users\jmtri\OneDrive\Desktop\MCO 556\Lab 6 - Pulse Width Modulation (PWM)\Lab6_PWM_pinPTC2\component\lists" -I"C:\Users\jmtri\OneDrive\Desktop\MCO 556\Lab 6 - Pulse Width Modulation (PWM)\Lab6_PWM_pinPTC2\CMSIS" -I"C:\Users\jmtri\OneDrive\Desktop\MCO 556\Lab 6 - Pulse Width Modulation (PWM)\Lab6_PWM_pinPTC2\component\uart" -O0 -fno-common -g3 -gdwarf-4 -Wall -c -ffunction-sections -fdata-sections -ffreestanding -fno-builtin -fmerge-constants -fmacro-prefix-map="../source/"= -mcpu=cortex-m4 -mfpu=fpv4-sp-d16 -mfloat-abi=hard -mthumb -D__REDLIB__ -fstack-usage -specs=redlib.specs -MMD -MP -MF"source/semihost_hardfault.d" -MT"source/semihost_hardfault.o" -MT"source/semihost_hardfault.d" -o "source/semihost_hardfault.o" "../source/semihost_hardfault.c"
Building file: ../drivers/fsl_clock.c
Building file: ../drivers/fsl_adc16.c
Building file: ../drivers/fsl_common.c
Invoking: MCU C Compiler
arm-none-eabi-gcc -D__REDLIB__ -DCPU_MK64FN1M0VLL12 -DCPU_MK64FN1M0VLL12_cm4 -DSDK_OS_BAREMETAL -DSERIAL_PORT_TYPE_UART=1 -DSDK_DEBUGCONSOLE=0 -DCR_INTEGER_PRINTF -DPRINTF_FLOAT_ENABLE=0 -D__MCUXPRESSO -D__USE_CMSIS -DDEBUG -I"C:\Users\jmtri\OneDrive\Desktop\MCO 556\Lab 6 - Pulse Width Modulation (PWM)\Lab6_PWM_pinPTC2\board" -I"C:\Users\jmtri\OneDrive\Desktop\MCO 556\Lab 6 - Pulse Width Modulation (PWM)\Lab6_PWM_pinPTC2\source" -I"C:\Users\jmtri\OneDrive\Desktop\MCO 556\Lab 6 - Pulse Width Modulation (PWM)\Lab6_PWM_pinPTC2\utilities" -I"C:\Users\jmtri\OneDrive\Desktop\MCO 556\Lab 6 - Pulse Width Modulation (PWM)\Lab6_PWM_pinPTC2\drivers" -I"C:\Users\jmtri\OneDrive\Desktop\MCO 556\Lab 6 - Pulse Width Modulation (PWM)\Lab6_PWM_pinPTC2\device" -I"C:\Users\jmtri\OneDrive\Desktop\MCO 556\Lab 6 - Pulse Width Modulation (PWM)\Lab6_PWM_pinPTC2\component\serial_manager" -I"C:\Users\jmtri\OneDrive\Desktop\MCO 556\Lab 6 - Pulse Width Modulation (PWM)\Lab6_PWM_pinPTC2\component\lists" -I"C:\Users\jmtri\OneDrive\Desktop\MCO 556\Lab 6 - Pulse Width Modulation (PWM)\Lab6_PWM_pinPTC2\CMSIS" -I"C:\Users\jmtri\OneDrive\Desktop\MCO 556\Lab 6 - Pulse Width Modulation (PWM)\Lab6_PWM_pinPTC2\component\uart" -O0 -fno-common -g3 -gdwarf-4 -Wall -c -ffunction-sections -fdata-sections -ffreestanding -fno-builtin -fmerge-constants -fmacro-prefix-map="../drivers/"= -mcpu=cortex-m4 -mfpu=fpv4-sp-d16 -mfloat-abi=hard -mthumb -D__REDLIB__ -fstack-usage -specs=redlib.specs -MMD -MP -MF"drivers/fsl_clock.d" -MT"drivers/fsl_clock.o" -MT"drivers/fsl_clock.d" -o "drivers/fsl_clock.o" "../drivers/fsl_clock.c"
Invoking: MCU C Compiler
arm-none-eabi-gcc -D__REDLIB__ -DCPU_MK64FN1M0VLL12 -DCPU_MK64FN1M0VLL12_cm4 -DSDK_OS_BAREMETAL -DSERIAL_PORT_TYPE_UART=1 -DSDK_DEBUGCONSOLE=0 -DCR_INTEGER_PRINTF -DPRINTF_FLOAT_ENABLE=0 -D__MCUXPRESSO -D__USE_CMSIS -DDEBUG -I"C:\Users\jmtri\OneDrive\Desktop\MCO 556\Lab 6 - Pulse Width Modulation (PWM)\Lab6_PWM_pinPTC2\board" -I"C:\Users\jmtri\OneDrive\Desktop\MCO 556\Lab 6 - Pulse Width Modulation (PWM)\Lab6_PWM_pinPTC2\source" -I"C:\Users\jmtri\OneDrive\Desktop\MCO 556\Lab 6 - Pulse Width Modulation (PWM)\Lab6_PWM_pinPTC2\utilities" -I"C:\Users\jmtri\OneDrive\Desktop\MCO 556\Lab 6 - Pulse Width Modulation (PWM)\Lab6_PWM_pinPTC2\drivers" -I"C:\Users\jmtri\OneDrive\Desktop\MCO 556\Lab 6 - Pulse Width Modulation (PWM)\Lab6_PWM_pinPTC2\device" -I"C:\Users\jmtri\OneDrive\Desktop\MCO 556\Lab 6 - Pulse Width Modulation (PWM)\Lab6_PWM_pinPTC2\component\serial_manager" -I"C:\Users\jmtri\OneDrive\Desktop\MCO 556\Lab 6 - Pulse Width Modulation (PWM)\Lab6_PWM_pinPTC2\component\lists" -I"C:\Users\jmtri\OneDrive\Desktop\MCO 556\Lab 6 - Pulse Width Modulation (PWM)\Lab6_PWM_pinPTC2\CMSIS" -I"C:\Users\jmtri\OneDrive\Desktop\MCO 556\Lab 6 - Pulse Width Modulation (PWM)\Lab6_PWM_pinPTC2\component\uart" -O0 -fno-common -g3 -gdwarf-4 -Wall -c -ffunction-sections -fdata-sections -ffreestanding -fno-builtin -fmerge-constants -fmacro-prefix-map="../drivers/"= -mcpu=cortex-m4 -mfpu=fpv4-sp-d16 -mfloat-abi=hard -mthumb -D__REDLIB__ -fstack-usage -specs=redlib.specs -MMD -MP -MF"drivers/fsl_adc16.d" -MT"drivers/fsl_adc16.o" -MT"drivers/fsl_adc16.d" -o "drivers/fsl_adc16.o" "../drivers/fsl_adc16.c"
Invoking: MCU C Compiler
arm-none-eabi-gcc -D__REDLIB__ -DCPU_MK64FN1M0VLL12 -DCPU_MK64FN1M0VLL12_cm4 -DSDK_OS_BAREMETAL -DSERIAL_PORT_TYPE_UART=1 -DSDK_DEBUGCONSOLE=0 -DCR_INTEGER_PRINTF -DPRINTF_FLOAT_ENABLE=0 -D__MCUXPRESSO -D__USE_CMSIS -DDEBUG -I"C:\Users\jmtri\OneDrive\Desktop\MCO 556\Lab 6 - Pulse Width Modulation (PWM)\Lab6_PWM_pinPTC2\board" -I"C:\Users\jmtri\OneDrive\Desktop\MCO 556\Lab 6 - Pulse Width Modulation (PWM)\Lab6_PWM_pinPTC2\source" -I"C:\Users\jmtri\OneDrive\Desktop\MCO 556\Lab 6 - Pulse Width Modulation (PWM)\Lab6_PWM_pinPTC2\utilities" -I"C:\Users\jmtri\OneDrive\Desktop\MCO 556\Lab 6 - Pulse Width Modulation (PWM)\Lab6_PWM_pinPTC2\drivers" -I"C:\Users\jmtri\OneDrive\Desktop\MCO 556\Lab 6 - Pulse Width Modulation (PWM)\Lab6_PWM_pinPTC2\device" -I"C:\Users\jmtri\OneDrive\Desktop\MCO 556\Lab 6 - Pulse Width Modulation (PWM)\Lab6_PWM_pinPTC2\component\serial_manager" -I"C:\Users\jmtri\OneDrive\Desktop\MCO 556\Lab 6 - Pulse Width Modulation (PWM)\Lab6_PWM_pinPTC2\component\lists" -I"C:\Users\jmtri\OneDrive\Desktop\MCO 556\Lab 6 - Pulse Width Modulation (PWM)\Lab6_PWM_pinPTC2\CMSIS" -I"C:\Users\jmtri\OneDrive\Desktop\MCO 556\Lab 6 - Pulse Width Modulation (PWM)\Lab6_PWM_pinPTC2\component\uart" -O0 -fno-common -g3 -gdwarf-4 -Wall -c -ffunction-sections -fdata-sections -ffreestanding -fno-builtin -fmerge-constants -fmacro-prefix-map="../drivers/"= -mcpu=cortex-m4 -mfpu=fpv4-sp-d16 -mfloat-abi=hard -mthumb -D__REDLIB__ -fstack-usage -specs=redlib.specs -MMD -MP -MF"drivers/fsl_common.d" -MT"drivers/fsl_common.o" -MT"drivers/fsl_common.d" -o "drivers/fsl_common.o" "../drivers/fsl_common.c"
Finished building: ../startup/startup_mk64f12.c
 
Building file: ../drivers/fsl_common_arm.c
Invoking: MCU C Compiler
arm-none-eabi-gcc -D__REDLIB__ -DCPU_MK64FN1M0VLL12 -DCPU_MK64FN1M0VLL12_cm4 -DSDK_OS_BAREMETAL -DSERIAL_PORT_TYPE_UART=1 -DSDK_DEBUGCONSOLE=0 -DCR_INTEGER_PRINTF -DPRINTF_FLOAT_ENABLE=0 -D__MCUXPRESSO -D__USE_CMSIS -DDEBUG -I"C:\Users\jmtri\OneDrive\Desktop\MCO 556\Lab 6 - Pulse Width Modulation (PWM)\Lab6_PWM_pinPTC2\board" -I"C:\Users\jmtri\OneDrive\Desktop\MCO 556\Lab 6 - Pulse Width Modulation (PWM)\Lab6_PWM_pinPTC2\source" -I"C:\Users\jmtri\OneDrive\Desktop\MCO 556\Lab 6 - Pulse Width Modulation (PWM)\Lab6_PWM_pinPTC2\utilities" -I"C:\Users\jmtri\OneDrive\Desktop\MCO 556\Lab 6 - Pulse Width Modulation (PWM)\Lab6_PWM_pinPTC2\drivers" -I"C:\Users\jmtri\OneDrive\Desktop\MCO 556\Lab 6 - Pulse Width Modulation (PWM)\Lab6_PWM_pinPTC2\device" -I"C:\Users\jmtri\OneDrive\Desktop\MCO 556\Lab 6 - Pulse Width Modulation (PWM)\Lab6_PWM_pinPTC2\component\serial_manager" -I"C:\Users\jmtri\OneDrive\Desktop\MCO 556\Lab 6 - Pulse Width Modulation (PWM)\Lab6_PWM_pinPTC2\component\lists" -I"C:\Users\jmtri\OneDrive\Desktop\MCO 556\Lab 6 - Pulse Width Modulation (PWM)\Lab6_PWM_pinPTC2\CMSIS" -I"C:\Users\jmtri\OneDrive\Desktop\MCO 556\Lab 6 - Pulse Width Modulation (PWM)\Lab6_PWM_pinPTC2\component\uart" -O0 -fno-common -g3 -gdwarf-4 -Wall -c -ffunction-sections -fdata-sections -ffreestanding -fno-builtin -fmerge-constants -fmacro-prefix-map="../drivers/"= -mcpu=cortex-m4 -mfpu=fpv4-sp-d16 -mfloat-abi=hard -mthumb -D__REDLIB__ -fstack-usage -specs=redlib.specs -MMD -MP -MF"drivers/fsl_common_arm.d" -MT"drivers/fsl_common_arm.o" -MT"drivers/fsl_common_arm.d" -o "drivers/fsl_common_arm.o" "../drivers/fsl_common_arm.c"
Finished building: ../source/Lab6_PWM_pinPTC2.c
Finished building: ../drivers/fsl_common.c
 
 
Finished building: ../drivers/fsl_adc16.c
Finished building: ../utilities/fsl_str.c
Building file: ../drivers/fsl_ftm.c
Finished building: ../drivers/fsl_clock.c
 
Invoking: MCU C Compiler
arm-none-eabi-gcc -D__REDLIB__ -DCPU_MK64FN1M0VLL12 -DCPU_MK64FN1M0VLL12_cm4 -DSDK_OS_BAREMETAL -DSERIAL_PORT_TYPE_UART=1 -DSDK_DEBUGCONSOLE=0 -DCR_INTEGER_PRINTF -DPRINTF_FLOAT_ENABLE=0 -D__MCUXPRESSO -D__USE_CMSIS -DDEBUG -I"C:\Users\jmtri\OneDrive\Desktop\MCO 556\Lab 6 - Pulse Width Modulation (PWM)\Lab6_PWM_pinPTC2\board" -I"C:\Users\jmtri\OneDrive\Desktop\MCO 556\Lab 6 - Pulse Width Modulation (PWM)\Lab6_PWM_pinPTC2\source" -I"C:\Users\jmtri\OneDrive\Desktop\MCO 556\Lab 6 - Pulse Width Modulation (PWM)\Lab6_PWM_pinPTC2\utilities" -I"C:\Users\jmtri\OneDrive\Desktop\MCO 556\Lab 6 - Pulse Width Modulation (PWM)\Lab6_PWM_pinPTC2\drivers" -I"C:\Users\jmtri\OneDrive\Desktop\MCO 556\Lab 6 - Pulse Width Modulation (PWM)\Lab6_PWM_pinPTC2\device" -I"C:\Users\jmtri\OneDrive\Desktop\MCO 556\Lab 6 - Pulse Width Modulation (PWM)\Lab6_PWM_pinPTC2\component\serial_manager" -I"C:\Users\jmtri\OneDrive\Desktop\MCO 556\Lab 6 - Pulse Width Modulation (PWM)\Lab6_PWM_pinPTC2\component\lists" -I"C:\Users\jmtri\OneDrive\Desktop\MCO 556\Lab 6 - Pulse Width Modulation (PWM)\Lab6_PWM_pinPTC2\CMSIS" -I"C:\Users\jmtri\OneDrive\Desktop\MCO 556\Lab 6 - Pulse Width Modulation (PWM)\Lab6_PWM_pinPTC2\component\uart" -O0 -fno-common -g3 -gdwarf-4 -Wall -c -ffunction-sections -fdata-sections -ffreestanding -fno-builtin -fmerge-constants -fmacro-prefix-map="../drivers/"= -mcpu=cortex-m4 -mfpu=fpv4-sp-d16 -mfloat-abi=hard -mthumb -D__REDLIB__ -fstack-usage -specs=redlib.specs -MMD -MP -MF"drivers/fsl_ftm.d" -MT"drivers/fsl_ftm.o" -MT"drivers/fsl_ftm.d" -o "drivers/fsl_ftm.o" "../drivers/fsl_ftm.c"
Building file: ../drivers/fsl_gpio.c
 
 
Invoking: MCU C Compiler
arm-none-eabi-gcc -D__REDLIB__ -DCPU_MK64FN1M0VLL12 -DCPU_MK64FN1M0VLL12_cm4 -DSDK_OS_BAREMETAL -DSERIAL_PORT_TYPE_UART=1 -DSDK_DEBUGCONSOLE=0 -DCR_INTEGER_PRINTF -DPRINTF_FLOAT_ENABLE=0 -D__MCUXPRESSO -D__USE_CMSIS -DDEBUG -I"C:\Users\jmtri\OneDrive\Desktop\MCO 556\Lab 6 - Pulse Width Modulation (PWM)\Lab6_PWM_pinPTC2\board" -I"C:\Users\jmtri\OneDrive\Desktop\MCO 556\Lab 6 - Pulse Width Modulation (PWM)\Lab6_PWM_pinPTC2\source" -I"C:\Users\jmtri\OneDrive\Desktop\MCO 556\Lab 6 - Pulse Width Modulation (PWM)\Lab6_PWM_pinPTC2\utilities" -I"C:\Users\jmtri\OneDrive\Desktop\MCO 556\Lab 6 - Pulse Width Modulation (PWM)\Lab6_PWM_pinPTC2\drivers" -I"C:\Users\jmtri\OneDrive\Desktop\MCO 556\Lab 6 - Pulse Width Modulation (PWM)\Lab6_PWM_pinPTC2\device" -I"C:\Users\jmtri\OneDrive\Desktop\MCO 556\Lab 6 - Pulse Width Modulation (PWM)\Lab6_PWM_pinPTC2\component\serial_manager" -I"C:\Users\jmtri\OneDrive\Desktop\MCO 556\Lab 6 - Pulse Width Modulation (PWM)\Lab6_PWM_pinPTC2\component\lists" -I"C:\Users\jmtri\OneDrive\Desktop\MCO 556\Lab 6 - Pulse Width Modulation (PWM)\Lab6_PWM_pinPTC2\CMSIS" -I"C:\Users\jmtri\OneDrive\Desktop\MCO 556\Lab 6 - Pulse Width Modulation (PWM)\Lab6_PWM_pinPTC2\component\uart" -O0 -fno-common -g3 -gdwarf-4 -Wall -c -ffunction-sections -fdata-sections -ffreestanding -fno-builtin -fmerge-constants -fmacro-prefix-map="../drivers/"= -mcpu=cortex-m4 -mfpu=fpv4-sp-d16 -mfloat-abi=hard -mthumb -D__REDLIB__ -fstack-usage -specs=redlib.specs -MMD -MP -MF"drivers/fsl_gpio.d" -MT"drivers/fsl_gpio.o" -MT"drivers/fsl_gpio.d" -o "drivers/fsl_gpio.o" "../drivers/fsl_gpio.c"
Building file: ../drivers/fsl_i2c.c
Building file: ../drivers/fsl_smc.c
Building file: ../drivers/fsl_uart.c
Invoking: MCU C Compiler
arm-none-eabi-gcc -D__REDLIB__ -DCPU_MK64FN1M0VLL12 -DCPU_MK64FN1M0VLL12_cm4 -DSDK_OS_BAREMETAL -DSERIAL_PORT_TYPE_UART=1 -DSDK_DEBUGCONSOLE=0 -DCR_INTEGER_PRINTF -DPRINTF_FLOAT_ENABLE=0 -D__MCUXPRESSO -D__USE_CMSIS -DDEBUG -I"C:\Users\jmtri\OneDrive\Desktop\MCO 556\Lab 6 - Pulse Width Modulation (PWM)\Lab6_PWM_pinPTC2\board" -I"C:\Users\jmtri\OneDrive\Desktop\MCO 556\Lab 6 - Pulse Width Modulation (PWM)\Lab6_PWM_pinPTC2\source" -I"C:\Users\jmtri\OneDrive\Desktop\MCO 556\Lab 6 - Pulse Width Modulation (PWM)\Lab6_PWM_pinPTC2\utilities" -I"C:\Users\jmtri\OneDrive\Desktop\MCO 556\Lab 6 - Pulse Width Modulation (PWM)\Lab6_PWM_pinPTC2\drivers" -I"C:\Users\jmtri\OneDrive\Desktop\MCO 556\Lab 6 - Pulse Width Modulation (PWM)\Lab6_PWM_pinPTC2\device" -I"C:\Users\jmtri\OneDrive\Desktop\MCO 556\Lab 6 - Pulse Width Modulation (PWM)\Lab6_PWM_pinPTC2\component\serial_manager" -I"C:\Users\jmtri\OneDrive\Desktop\MCO 556\Lab 6 - Pulse Width Modulation (PWM)\Lab6_PWM_pinPTC2\component\lists" -I"C:\Users\jmtri\OneDrive\Desktop\MCO 556\Lab 6 - Pulse Width Modulation (PWM)\Lab6_PWM_pinPTC2\CMSIS" -I"C:\Users\jmtri\OneDrive\Desktop\MCO 556\Lab 6 - Pulse Width Modulation (PWM)\Lab6_PWM_pinPTC2\component\uart" -O0 -fno-common -g3 -gdwarf-4 -Wall -c -ffunction-sections -fdata-sections -ffreestanding -fno-builtin -fmerge-constants -fmacro-prefix-map="../drivers/"= -mcpu=cortex-m4 -mfpu=fpv4-sp-d16 -mfloat-abi=hard -mthumb -D__REDLIB__ -fstack-usage -specs=redlib.specs -MMD -MP -MF"drivers/fsl_i2c.d" -MT"drivers/fsl_i2c.o" -MT"drivers/fsl_i2c.d" -o "drivers/fsl_i2c.o" "../drivers/fsl_i2c.c"
Invoking: MCU C Compiler
Invoking: MCU C Compiler
arm-none-eabi-gcc -D__REDLIB__ -DCPU_MK64FN1M0VLL12 -DCPU_MK64FN1M0VLL12_cm4 -DSDK_OS_BAREMETAL -DSERIAL_PORT_TYPE_UART=1 -DSDK_DEBUGCONSOLE=0 -DCR_INTEGER_PRINTF -DPRINTF_FLOAT_ENABLE=0 -D__MCUXPRESSO -D__USE_CMSIS -DDEBUG -I"C:\Users\jmtri\OneDrive\Desktop\MCO 556\Lab 6 - Pulse Width Modulation (PWM)\Lab6_PWM_pinPTC2\board" -I"C:\Users\jmtri\OneDrive\Desktop\MCO 556\Lab 6 - Pulse Width Modulation (PWM)\Lab6_PWM_pinPTC2\source" -I"C:\Users\jmtri\OneDrive\Desktop\MCO 556\Lab 6 - Pulse Width Modulation (PWM)\Lab6_PWM_pinPTC2\utilities" -I"C:\Users\jmtri\OneDrive\Desktop\MCO 556\Lab 6 - Pulse Width Modulation (PWM)\Lab6_PWM_pinPTC2\drivers" -I"C:\Users\jmtri\OneDrive\Desktop\MCO 556\Lab 6 - Pulse Width Modulation (PWM)\Lab6_PWM_pinPTC2\device" -I"C:\Users\jmtri\OneDrive\Desktop\MCO 556\Lab 6 - Pulse Width Modulation (PWM)\Lab6_PWM_pinPTC2\component\serial_manager" -I"C:\Users\jmtri\OneDrive\Desktop\MCO 556\Lab 6 - Pulse Width Modulation (PWM)\Lab6_PWM_pinPTC2\component\lists" -I"C:\Users\jmtri\OneDrive\Desktop\MCO 556\Lab 6 - Pulse Width Modulation (PWM)\Lab6_PWM_pinPTC2\CMSIS" -I"C:\Users\jmtri\OneDrive\Desktop\MCO 556\Lab 6 - Pulse Width Modulation (PWM)\Lab6_PWM_pinPTC2\component\uart" -O0 -fno-common -g3 -gdwarf-4 -Wall -c -ffunction-sections -fdata-sections -ffreestanding -fno-builtin -fmerge-constants -fmacro-prefix-map="../drivers/"= -mcpu=cortex-m4 -mfpu=fpv4-sp-d16 -mfloat-abi=hard -mthumb -D__REDLIB__ -fstack-usage -specs=redlib.specs -MMD -MP -MF"drivers/fsl_smc.d" -MT"drivers/fsl_smc.o" -MT"drivers/fsl_smc.d" -o "drivers/fsl_smc.o" "../drivers/fsl_smc.c"
arm-none-eabi-gcc -D__REDLIB__ -DCPU_MK64FN1M0VLL12 -DCPU_MK64FN1M0VLL12_cm4 -DSDK_OS_BAREMETAL -DSERIAL_PORT_TYPE_UART=1 -DSDK_DEBUGCONSOLE=0 -DCR_INTEGER_PRINTF -DPRINTF_FLOAT_ENABLE=0 -D__MCUXPRESSO -D__USE_CMSIS -DDEBUG -I"C:\Users\jmtri\OneDrive\Desktop\MCO 556\Lab 6 - Pulse Width Modulation (PWM)\Lab6_PWM_pinPTC2\board" -I"C:\Users\jmtri\OneDrive\Desktop\MCO 556\Lab 6 - Pulse Width Modulation (PWM)\Lab6_PWM_pinPTC2\source" -I"C:\Users\jmtri\OneDrive\Desktop\MCO 556\Lab 6 - Pulse Width Modulation (PWM)\Lab6_PWM_pinPTC2\utilities" -I"C:\Users\jmtri\OneDrive\Desktop\MCO 556\Lab 6 - Pulse Width Modulation (PWM)\Lab6_PWM_pinPTC2\drivers" -I"C:\Users\jmtri\OneDrive\Desktop\MCO 556\Lab 6 - Pulse Width Modulation (PWM)\Lab6_PWM_pinPTC2\device" -I"C:\Users\jmtri\OneDrive\Desktop\MCO 556\Lab 6 - Pulse Width Modulation (PWM)\Lab6_PWM_pinPTC2\component\serial_manager" -I"C:\Users\jmtri\OneDrive\Desktop\MCO 556\Lab 6 - Pulse Width Modulation (PWM)\Lab6_PWM_pinPTC2\component\lists" -I"C:\Users\jmtri\OneDrive\Desktop\MCO 556\Lab 6 - Pulse Width Modulation (PWM)\Lab6_PWM_pinPTC2\CMSIS" -I"C:\Users\jmtri\OneDrive\Desktop\MCO 556\Lab 6 - Pulse Width Modulation (PWM)\Lab6_PWM_pinPTC2\component\uart" -O0 -fno-common -g3 -gdwarf-4 -Wall -c -ffunction-sections -fdata-sections -ffreestanding -fno-builtin -fmerge-constants -fmacro-prefix-map="../drivers/"= -mcpu=cortex-m4 -mfpu=fpv4-sp-d16 -mfloat-abi=hard -mthumb -D__REDLIB__ -fstack-usage -specs=redlib.specs -MMD -MP -MF"drivers/fsl_uart.d" -MT"drivers/fsl_uart.o" -MT"drivers/fsl_uart.d" -o "drivers/fsl_uart.o" "../drivers/fsl_uart.c"
Finished building: ../drivers/fsl_common_arm.c
 
Building file: ../device/system_MK64F12.c
Invoking: MCU C Compiler
arm-none-eabi-gcc -D__REDLIB__ -DCPU_MK64FN1M0VLL12 -DCPU_MK64FN1M0VLL12_cm4 -DSDK_OS_BAREMETAL -DSERIAL_PORT_TYPE_UART=1 -DSDK_DEBUGCONSOLE=0 -DCR_INTEGER_PRINTF -DPRINTF_FLOAT_ENABLE=0 -D__MCUXPRESSO -D__USE_CMSIS -DDEBUG -I"C:\Users\jmtri\OneDrive\Desktop\MCO 556\Lab 6 - Pulse Width Modulation (PWM)\Lab6_PWM_pinPTC2\board" -I"C:\Users\jmtri\OneDrive\Desktop\MCO 556\Lab 6 - Pulse Width Modulation (PWM)\Lab6_PWM_pinPTC2\source" -I"C:\Users\jmtri\OneDrive\Desktop\MCO 556\Lab 6 - Pulse Width Modulation (PWM)\Lab6_PWM_pinPTC2\utilities" -I"C:\Users\jmtri\OneDrive\Desktop\MCO 556\Lab 6 - Pulse Width Modulation (PWM)\Lab6_PWM_pinPTC2\drivers" -I"C:\Users\jmtri\OneDrive\Desktop\MCO 556\Lab 6 - Pulse Width Modulation (PWM)\Lab6_PWM_pinPTC2\device" -I"C:\Users\jmtri\OneDrive\Desktop\MCO 556\Lab 6 - Pulse Width Modulation (PWM)\Lab6_PWM_pinPTC2\component\serial_manager" -I"C:\Users\jmtri\OneDrive\Desktop\MCO 556\Lab 6 - Pulse Width Modulation (PWM)\Lab6_PWM_pinPTC2\component\lists" -I"C:\Users\jmtri\OneDrive\Desktop\MCO 556\Lab 6 - Pulse Width Modulation (PWM)\Lab6_PWM_pinPTC2\CMSIS" -I"C:\Users\jmtri\OneDrive\Desktop\MCO 556\Lab 6 - Pulse Width Modulation (PWM)\Lab6_PWM_pinPTC2\component\uart" -O0 -fno-common -g3 -gdwarf-4 -Wall -c -ffunction-sections -fdata-sections -ffreestanding -fno-builtin -fmerge-constants -fmacro-prefix-map="../device/"= -mcpu=cortex-m4 -mfpu=fpv4-sp-d16 -mfloat-abi=hard -mthumb -D__REDLIB__ -fstack-usage -specs=redlib.specs -MMD -MP -MF"device/system_MK64F12.d" -MT"device/system_MK64F12.o" -MT"device/system_MK64F12.d" -o "device/system_MK64F12.o" "../device/system_MK64F12.c"
Finished building: ../drivers/fsl_gpio.c
 
Building file: ../component/uart/fsl_adapter_uart.c
Finished building: ../drivers/fsl_ftm.c
Invoking: MCU C Compiler
 
arm-none-eabi-gcc -D__REDLIB__ -DCPU_MK64FN1M0VLL12 -DCPU_MK64FN1M0VLL12_cm4 -DSDK_OS_BAREMETAL -DSERIAL_PORT_TYPE_UART=1 -DSDK_DEBUGCONSOLE=0 -DCR_INTEGER_PRINTF -DPRINTF_FLOAT_ENABLE=0 -D__MCUXPRESSO -D__USE_CMSIS -DDEBUG -I"C:\Users\jmtri\OneDrive\Desktop\MCO 556\Lab 6 - Pulse Width Modulation (PWM)\Lab6_PWM_pinPTC2\board" -I"C:\Users\jmtri\OneDrive\Desktop\MCO 556\Lab 6 - Pulse Width Modulation (PWM)\Lab6_PWM_pinPTC2\source" -I"C:\Users\jmtri\OneDrive\Desktop\MCO 556\Lab 6 - Pulse Width Modulation (PWM)\Lab6_PWM_pinPTC2\utilities" -I"C:\Users\jmtri\OneDrive\Desktop\MCO 556\Lab 6 - Pulse Width Modulation (PWM)\Lab6_PWM_pinPTC2\drivers" -I"C:\Users\jmtri\OneDrive\Desktop\MCO 556\Lab 6 - Pulse Width Modulation (PWM)\Lab6_PWM_pinPTC2\device" -I"C:\Users\jmtri\OneDrive\Desktop\MCO 556\Lab 6 - Pulse Width Modulation (PWM)\Lab6_PWM_pinPTC2\component\serial_manager" -I"C:\Users\jmtri\OneDrive\Desktop\MCO 556\Lab 6 - Pulse Width Modulation (PWM)\Lab6_PWM_pinPTC2\component\lists" -I"C:\Users\jmtri\OneDrive\Desktop\MCO 556\Lab 6 - Pulse Width Modulation (PWM)\Lab6_PWM_pinPTC2\CMSIS" -I"C:\Users\jmtri\OneDrive\Desktop\MCO 556\Lab 6 - Pulse Width Modulation (PWM)\Lab6_PWM_pinPTC2\component\uart" -O0 -fno-common -g3 -gdwarf-4 -Wall -c -ffunction-sections -fdata-sections -ffreestanding -fno-builtin -fmerge-constants -fmacro-prefix-map="../component/uart/"= -mcpu=cortex-m4 -mfpu=fpv4-sp-d16 -mfloat-abi=hard -mthumb -D__REDLIB__ -fstack-usage -specs=redlib.specs -MMD -MP -MF"component/uart/fsl_adapter_uart.d" -MT"component/uart/fsl_adapter_uart.o" -MT"component/uart/fsl_adapter_uart.d" -o "component/uart/fsl_adapter_uart.o" "../component/uart/fsl_adapter_uart.c"
Finished building: ../drivers/fsl_smc.c
Building file: ../component/serial_manager/fsl_component_serial_manager.c
 
Invoking: MCU C Compiler
arm-none-eabi-gcc -D__REDLIB__ -DCPU_MK64FN1M0VLL12 -DCPU_MK64FN1M0VLL12_cm4 -DSDK_OS_BAREMETAL -DSERIAL_PORT_TYPE_UART=1 -DSDK_DEBUGCONSOLE=0 -DCR_INTEGER_PRINTF -DPRINTF_FLOAT_ENABLE=0 -D__MCUXPRESSO -D__USE_CMSIS -DDEBUG -I"C:\Users\jmtri\OneDrive\Desktop\MCO 556\Lab 6 - Pulse Width Modulation (PWM)\Lab6_PWM_pinPTC2\board" -I"C:\Users\jmtri\OneDrive\Desktop\MCO 556\Lab 6 - Pulse Width Modulation (PWM)\Lab6_PWM_pinPTC2\source" -I"C:\Users\jmtri\OneDrive\Desktop\MCO 556\Lab 6 - Pulse Width Modulation (PWM)\Lab6_PWM_pinPTC2\utilities" -I"C:\Users\jmtri\OneDrive\Desktop\MCO 556\Lab 6 - Pulse Width Modulation (PWM)\Lab6_PWM_pinPTC2\drivers" -I"C:\Users\jmtri\OneDrive\Desktop\MCO 556\Lab 6 - Pulse Width Modulation (PWM)\Lab6_PWM_pinPTC2\device" -I"C:\Users\jmtri\OneDrive\Desktop\MCO 556\Lab 6 - Pulse Width Modulation (PWM)\Lab6_PWM_pinPTC2\component\serial_manager" -I"C:\Users\jmtri\OneDrive\Desktop\MCO 556\Lab 6 - Pulse Width Modulation (PWM)\Lab6_PWM_pinPTC2\component\lists" -I"C:\Users\jmtri\OneDrive\Desktop\MCO 556\Lab 6 - Pulse Width Modulation (PWM)\Lab6_PWM_pinPTC2\CMSIS" -I"C:\Users\jmtri\OneDrive\Desktop\MCO 556\Lab 6 - Pulse Width Modulation (PWM)\Lab6_PWM_pinPTC2\component\uart" -O0 -fno-common -g3 -gdwarf-4 -Wall -c -ffunction-sections -fdata-sections -ffreestanding -fno-builtin -fmerge-constants -fmacro-prefix-map="../component/serial_manager/"= -mcpu=cortex-m4 -mfpu=fpv4-sp-d16 -mfloat-abi=hard -mthumb -D__REDLIB__ -fstack-usage -specs=redlib.specs -MMD -MP -MF"component/serial_manager/fsl_component_serial_manager.d" -MT"component/serial_manager/fsl_component_serial_manager.o" -MT"component/serial_manager/fsl_component_serial_manager.d" -o "component/serial_manager/fsl_component_serial_manager.o" "../component/serial_manager/fsl_component_serial_manager.c"
Building file: ../component/serial_manager/fsl_component_serial_port_uart.c
Finished building: ../drivers/fsl_i2c.c
Invoking: MCU C Compiler
 
arm-none-eabi-gcc -D__REDLIB__ -DCPU_MK64FN1M0VLL12 -DCPU_MK64FN1M0VLL12_cm4 -DSDK_OS_BAREMETAL -DSERIAL_PORT_TYPE_UART=1 -DSDK_DEBUGCONSOLE=0 -DCR_INTEGER_PRINTF -DPRINTF_FLOAT_ENABLE=0 -D__MCUXPRESSO -D__USE_CMSIS -DDEBUG -I"C:\Users\jmtri\OneDrive\Desktop\MCO 556\Lab 6 - Pulse Width Modulation (PWM)\Lab6_PWM_pinPTC2\board" -I"C:\Users\jmtri\OneDrive\Desktop\MCO 556\Lab 6 - Pulse Width Modulation (PWM)\Lab6_PWM_pinPTC2\source" -I"C:\Users\jmtri\OneDrive\Desktop\MCO 556\Lab 6 - Pulse Width Modulation (PWM)\Lab6_PWM_pinPTC2\utilities" -I"C:\Users\jmtri\OneDrive\Desktop\MCO 556\Lab 6 - Pulse Width Modulation (PWM)\Lab6_PWM_pinPTC2\drivers" -I"C:\Users\jmtri\OneDrive\Desktop\MCO 556\Lab 6 - Pulse Width Modulation (PWM)\Lab6_PWM_pinPTC2\device" -I"C:\Users\jmtri\OneDrive\Desktop\MCO 556\Lab 6 - Pulse Width Modulation (PWM)\Lab6_PWM_pinPTC2\component\serial_manager" -I"C:\Users\jmtri\OneDrive\Desktop\MCO 556\Lab 6 - Pulse Width Modulation (PWM)\Lab6_PWM_pinPTC2\component\lists" -I"C:\Users\jmtri\OneDrive\Desktop\MCO 556\Lab 6 - Pulse Width Modulation (PWM)\Lab6_PWM_pinPTC2\CMSIS" -I"C:\Users\jmtri\OneDrive\Desktop\MCO 556\Lab 6 - Pulse Width Modulation (PWM)\Lab6_PWM_pinPTC2\component\uart" -O0 -fno-common -g3 -gdwarf-4 -Wall -c -ffunction-sections -fdata-sections -ffreestanding -fno-builtin -fmerge-constants -fmacro-prefix-map="../component/serial_manager/"= -mcpu=cortex-m4 -mfpu=fpv4-sp-d16 -mfloat-abi=hard -mthumb -D__REDLIB__ -fstack-usage -specs=redlib.specs -MMD -MP -MF"component/serial_manager/fsl_component_serial_port_uart.d" -MT"component/serial_manager/fsl_component_serial_port_uart.o" -MT"component/serial_manager/fsl_component_serial_port_uart.d" -o "component/serial_manager/fsl_component_serial_port_uart.o" "../component/serial_manager/fsl_component_serial_port_uart.c"
Finished building: ../drivers/fsl_uart.c
Building file: ../component/lists/fsl_component_generic_list.c
 
Invoking: MCU C Compiler
arm-none-eabi-gcc -D__REDLIB__ -DCPU_MK64FN1M0VLL12 -DCPU_MK64FN1M0VLL12_cm4 -DSDK_OS_BAREMETAL -DSERIAL_PORT_TYPE_UART=1 -DSDK_DEBUGCONSOLE=0 -DCR_INTEGER_PRINTF -DPRINTF_FLOAT_ENABLE=0 -D__MCUXPRESSO -D__USE_CMSIS -DDEBUG -I"C:\Users\jmtri\OneDrive\Desktop\MCO 556\Lab 6 - Pulse Width Modulation (PWM)\Lab6_PWM_pinPTC2\board" -I"C:\Users\jmtri\OneDrive\Desktop\MCO 556\Lab 6 - Pulse Width Modulation (PWM)\Lab6_PWM_pinPTC2\source" -I"C:\Users\jmtri\OneDrive\Desktop\MCO 556\Lab 6 - Pulse Width Modulation (PWM)\Lab6_PWM_pinPTC2\utilities" -I"C:\Users\jmtri\OneDrive\Desktop\MCO 556\Lab 6 - Pulse Width Modulation (PWM)\Lab6_PWM_pinPTC2\drivers" -I"C:\Users\jmtri\OneDrive\Desktop\MCO 556\Lab 6 - Pulse Width Modulation (PWM)\Lab6_PWM_pinPTC2\device" -I"C:\Users\jmtri\OneDrive\Desktop\MCO 556\Lab 6 - Pulse Width Modulation (PWM)\Lab6_PWM_pinPTC2\component\serial_manager" -I"C:\Users\jmtri\OneDrive\Desktop\MCO 556\Lab 6 - Pulse Width Modulation (PWM)\Lab6_PWM_pinPTC2\component\lists" -I"C:\Users\jmtri\OneDrive\Desktop\MCO 556\Lab 6 - Pulse Width Modulation (PWM)\Lab6_PWM_pinPTC2\CMSIS" -I"C:\Users\jmtri\OneDrive\Desktop\MCO 556\Lab 6 - Pulse Width Modulation (PWM)\Lab6_PWM_pinPTC2\component\uart" -O0 -fno-common -g3 -gdwarf-4 -Wall -c -ffunction-sections -fdata-sections -ffreestanding -fno-builtin -fmerge-constants -fmacro-prefix-map="../component/lists/"= -mcpu=cortex-m4 -mfpu=fpv4-sp-d16 -mfloat-abi=hard -mthumb -D__REDLIB__ -fstack-usage -specs=redlib.specs -MMD -MP -MF"component/lists/fsl_component_generic_list.d" -MT"component/lists/fsl_component_generic_list.o" -MT"component/lists/fsl_component_generic_list.d" -o "component/lists/fsl_component_generic_list.o" "../component/lists/fsl_component_generic_list.c"
Building file: ../board/board.c
Invoking: MCU C Compiler
arm-none-eabi-gcc -D__REDLIB__ -DCPU_MK64FN1M0VLL12 -DCPU_MK64FN1M0VLL12_cm4 -DSDK_OS_BAREMETAL -DSERIAL_PORT_TYPE_UART=1 -DSDK_DEBUGCONSOLE=0 -DCR_INTEGER_PRINTF -DPRINTF_FLOAT_ENABLE=0 -D__MCUXPRESSO -D__USE_CMSIS -DDEBUG -I"C:\Users\jmtri\OneDrive\Desktop\MCO 556\Lab 6 - Pulse Width Modulation (PWM)\Lab6_PWM_pinPTC2\board" -I"C:\Users\jmtri\OneDrive\Desktop\MCO 556\Lab 6 - Pulse Width Modulation (PWM)\Lab6_PWM_pinPTC2\source" -I"C:\Users\jmtri\OneDrive\Desktop\MCO 556\Lab 6 - Pulse Width Modulation (PWM)\Lab6_PWM_pinPTC2\utilities" -I"C:\Users\jmtri\OneDrive\Desktop\MCO 556\Lab 6 - Pulse Width Modulation (PWM)\Lab6_PWM_pinPTC2\drivers" -I"C:\Users\jmtri\OneDrive\Desktop\MCO 556\Lab 6 - Pulse Width Modulation (PWM)\Lab6_PWM_pinPTC2\device" -I"C:\Users\jmtri\OneDrive\Desktop\MCO 556\Lab 6 - Pulse Width Modulation (PWM)\Lab6_PWM_pinPTC2\component\serial_manager" -I"C:\Users\jmtri\OneDrive\Desktop\MCO 556\Lab 6 - Pulse Width Modulation (PWM)\Lab6_PWM_pinPTC2\component\lists" -I"C:\Users\jmtri\OneDrive\Desktop\MCO 556\Lab 6 - Pulse Width Modulation (PWM)\Lab6_PWM_pinPTC2\CMSIS" -I"C:\Users\jmtri\OneDrive\Desktop\MCO 556\Lab 6 - Pulse Width Modulation (PWM)\Lab6_PWM_pinPTC2\component\uart" -O0 -fno-common -g3 -gdwarf-4 -Wall -c -ffunction-sections -fdata-sections -ffreestanding -fno-builtin -fmerge-constants -fmacro-prefix-map="../board/"= -mcpu=cortex-m4 -mfpu=fpv4-sp-d16 -mfloat-abi=hard -mthumb -D__REDLIB__ -fstack-usage -specs=redlib.specs -MMD -MP -MF"board/board.d" -MT"board/board.o" -MT"board/board.d" -o "board/board.o" "../board/board.c"
Finished building: ../device/system_MK64F12.c
 
Building file: ../board/clock_config.c
Invoking: MCU C Compiler
arm-none-eabi-gcc -D__REDLIB__ -DCPU_MK64FN1M0VLL12 -DCPU_MK64FN1M0VLL12_cm4 -DSDK_OS_BAREMETAL -DSERIAL_PORT_TYPE_UART=1 -DSDK_DEBUGCONSOLE=0 -DCR_INTEGER_PRINTF -DPRINTF_FLOAT_ENABLE=0 -D__MCUXPRESSO -D__USE_CMSIS -DDEBUG -I"C:\Users\jmtri\OneDrive\Desktop\MCO 556\Lab 6 - Pulse Width Modulation (PWM)\Lab6_PWM_pinPTC2\board" -I"C:\Users\jmtri\OneDrive\Desktop\MCO 556\Lab 6 - Pulse Width Modulation (PWM)\Lab6_PWM_pinPTC2\source" -I"C:\Users\jmtri\OneDrive\Desktop\MCO 556\Lab 6 - Pulse Width Modulation (PWM)\Lab6_PWM_pinPTC2\utilities" -I"C:\Users\jmtri\OneDrive\Desktop\MCO 556\Lab 6 - Pulse Width Modulation (PWM)\Lab6_PWM_pinPTC2\drivers" -I"C:\Users\jmtri\OneDrive\Desktop\MCO 556\Lab 6 - Pulse Width Modulation (PWM)\Lab6_PWM_pinPTC2\device" -I"C:\Users\jmtri\OneDrive\Desktop\MCO 556\Lab 6 - Pulse Width Modulation (PWM)\Lab6_PWM_pinPTC2\component\serial_manager" -I"C:\Users\jmtri\OneDrive\Desktop\MCO 556\Lab 6 - Pulse Width Modulation (PWM)\Lab6_PWM_pinPTC2\component\lists" -I"C:\Users\jmtri\OneDrive\Desktop\MCO 556\Lab 6 - Pulse Width Modulation (PWM)\Lab6_PWM_pinPTC2\CMSIS" -I"C:\Users\jmtri\OneDrive\Desktop\MCO 556\Lab 6 - Pulse Width Modulation (PWM)\Lab6_PWM_pinPTC2\component\uart" -O0 -fno-common -g3 -gdwarf-4 -Wall -c -ffunction-sections -fdata-sections -ffreestanding -fno-builtin -fmerge-constants -fmacro-prefix-map="../board/"= -mcpu=cortex-m4 -mfpu=fpv4-sp-d16 -mfloat-abi=hard -mthumb -D__REDLIB__ -fstack-usage -specs=redlib.specs -MMD -MP -MF"board/clock_config.d" -MT"board/clock_config.o" -MT"board/clock_config.d" -o "board/clock_config.o" "../board/clock_config.c"
Finished building: ../component/uart/fsl_adapter_uart.c
 
Building file: ../board/peripherals.c
Invoking: MCU C Compiler
arm-none-eabi-gcc -D__REDLIB__ -DCPU_MK64FN1M0VLL12 -DCPU_MK64FN1M0VLL12_cm4 -DSDK_OS_BAREMETAL -DSERIAL_PORT_TYPE_UART=1 -DSDK_DEBUGCONSOLE=0 -DCR_INTEGER_PRINTF -DPRINTF_FLOAT_ENABLE=0 -D__MCUXPRESSO -D__USE_CMSIS -DDEBUG -I"C:\Users\jmtri\OneDrive\Desktop\MCO 556\Lab 6 - Pulse Width Modulation (PWM)\Lab6_PWM_pinPTC2\board" -I"C:\Users\jmtri\OneDrive\Desktop\MCO 556\Lab 6 - Pulse Width Modulation (PWM)\Lab6_PWM_pinPTC2\source" -I"C:\Users\jmtri\OneDrive\Desktop\MCO 556\Lab 6 - Pulse Width Modulation (PWM)\Lab6_PWM_pinPTC2\utilities" -I"C:\Users\jmtri\OneDrive\Desktop\MCO 556\Lab 6 - Pulse Width Modulation (PWM)\Lab6_PWM_pinPTC2\drivers" -I"C:\Users\jmtri\OneDrive\Desktop\MCO 556\Lab 6 - Pulse Width Modulation (PWM)\Lab6_PWM_pinPTC2\device" -I"C:\Users\jmtri\OneDrive\Desktop\MCO 556\Lab 6 - Pulse Width Modulation (PWM)\Lab6_PWM_pinPTC2\component\serial_manager" -I"C:\Users\jmtri\OneDrive\Desktop\MCO 556\Lab 6 - Pulse Width Modulation (PWM)\Lab6_PWM_pinPTC2\component\lists" -I"C:\Users\jmtri\OneDrive\Desktop\MCO 556\Lab 6 - Pulse Width Modulation (PWM)\Lab6_PWM_pinPTC2\CMSIS" -I"C:\Users\jmtri\OneDrive\Desktop\MCO 556\Lab 6 - Pulse Width Modulation (PWM)\Lab6_PWM_pinPTC2\component\uart" -O0 -fno-common -g3 -gdwarf-4 -Wall -c -ffunction-sections -fdata-sections -ffreestanding -fno-builtin -fmerge-constants -fmacro-prefix-map="../board/"= -mcpu=cortex-m4 -mfpu=fpv4-sp-d16 -mfloat-abi=hard -mthumb -D__REDLIB__ -fstack-usage -specs=redlib.specs -MMD -MP -MF"board/peripherals.d" -MT"board/peripherals.o" -MT"board/peripherals.d" -o "board/peripherals.o" "../board/peripherals.c"
Finished building: ../component/serial_manager/fsl_component_serial_manager.c
Finished building: ../utilities/fsl_debug_console.c
 
Building file: ../board/pin_mux.c
Finished building: ../component/serial_manager/fsl_component_serial_port_uart.c
 
 
Invoking: MCU C Compiler
arm-none-eabi-gcc -D__REDLIB__ -DCPU_MK64FN1M0VLL12 -DCPU_MK64FN1M0VLL12_cm4 -DSDK_OS_BAREMETAL -DSERIAL_PORT_TYPE_UART=1 -DSDK_DEBUGCONSOLE=0 -DCR_INTEGER_PRINTF -DPRINTF_FLOAT_ENABLE=0 -D__MCUXPRESSO -D__USE_CMSIS -DDEBUG -I"C:\Users\jmtri\OneDrive\Desktop\MCO 556\Lab 6 - Pulse Width Modulation (PWM)\Lab6_PWM_pinPTC2\board" -I"C:\Users\jmtri\OneDrive\Desktop\MCO 556\Lab 6 - Pulse Width Modulation (PWM)\Lab6_PWM_pinPTC2\source" -I"C:\Users\jmtri\OneDrive\Desktop\MCO 556\Lab 6 - Pulse Width Modulation (PWM)\Lab6_PWM_pinPTC2\utilities" -I"C:\Users\jmtri\OneDrive\Desktop\MCO 556\Lab 6 - Pulse Width Modulation (PWM)\Lab6_PWM_pinPTC2\drivers" -I"C:\Users\jmtri\OneDrive\Desktop\MCO 556\Lab 6 - Pulse Width Modulation (PWM)\Lab6_PWM_pinPTC2\device" -I"C:\Users\jmtri\OneDrive\Desktop\MCO 556\Lab 6 - Pulse Width Modulation (PWM)\Lab6_PWM_pinPTC2\component\serial_manager" -I"C:\Users\jmtri\OneDrive\Desktop\MCO 556\Lab 6 - Pulse Width Modulation (PWM)\Lab6_PWM_pinPTC2\component\lists" -I"C:\Users\jmtri\OneDrive\Desktop\MCO 556\Lab 6 - Pulse Width Modulation (PWM)\Lab6_PWM_pinPTC2\CMSIS" -I"C:\Users\jmtri\OneDrive\Desktop\MCO 556\Lab 6 - Pulse Width Modulation (PWM)\Lab6_PWM_pinPTC2\component\uart" -O0 -fno-common -g3 -gdwarf-4 -Wall -c -ffunction-sections -fdata-sections -ffreestanding -fno-builtin -fmerge-constants -fmacro-prefix-map="../board/"= -mcpu=cortex-m4 -mfpu=fpv4-sp-d16 -mfloat-abi=hard -mthumb -D__REDLIB__ -fstack-usage -specs=redlib.specs -MMD -MP -MF"board/pin_mux.d" -MT"board/pin_mux.o" -MT"board/pin_mux.d" -o "board/pin_mux.o" "../board/pin_mux.c"
Finished building: ../component/lists/fsl_component_generic_list.c
Finished building: ../board/board.c
 
 
Finished building: ../source/semihost_hardfault.c
 
Finished building: ../board/clock_config.c
 
Finished building: ../board/peripherals.c
 
Finished building: ../board/pin_mux.c
 
Building target: Lab6_PWM_pinPTC2.axf
Invoking: MCU Linker
arm-none-eabi-gcc -nostdlib -Xlinker -Map="Lab6_PWM_pinPTC2.map" -Xlinker --gc-sections -Xlinker -print-memory-usage -Xlinker --sort-section=alignment -Xlinker --cref -mcpu=cortex-m4 -mfpu=fpv4-sp-d16 -mfloat-abi=hard -mthumb -T Lab6_PWM_pinPTC2_Debug.ld -o "Lab6_PWM_pinPTC2.axf" ./utilities/fsl_debug_console.o ./utilities/fsl_str.o  ./startup/startup_mk64f12.o  ./source/Lab6_PWM_pinPTC2.o ./source/semihost_hardfault.o  ./drivers/fsl_adc16.o ./drivers/fsl_clock.o ./drivers/fsl_common.o ./drivers/fsl_common_arm.o ./drivers/fsl_ftm.o ./drivers/fsl_gpio.o ./drivers/fsl_i2c.o ./drivers/fsl_smc.o ./drivers/fsl_uart.o  ./device/system_MK64F12.o  ./component/uart/fsl_adapter_uart.o  ./component/serial_manager/fsl_component_serial_manager.o ./component/serial_manager/fsl_component_serial_port_uart.o  ./component/lists/fsl_component_generic_list.o  ./board/board.o ./board/clock_config.o ./board/peripherals.o ./board/pin_mux.o   
Memory region         Used Size  Region Size  %age Used
   PROGRAM_FLASH:       14864 B         1 MB      1.42%
      SRAM_UPPER:        8456 B       192 KB      4.30%
      SRAM_LOWER:          0 GB        64 KB      0.00%
        FLEX_RAM:          0 GB         4 KB      0.00%
Finished building target: Lab6_PWM_pinPTC2.axf
 
Performing post-build steps
arm-none-eabi-size "Lab6_PWM_pinPTC2.axf"; # arm-none-eabi-objcopy -v -O binary "Lab6_PWM_pinPTC2.axf" "Lab6_PWM_pinPTC2.bin" ; # checksum -p MK64FN1M0xxx12 -d "Lab6_PWM_pinPTC2.bin";
   text	   data	    bss	    dec	    hex	filename
  14848	     16	   8440	  23304	   5b08	Lab6_PWM_pinPTC2.axf
 
14:04:36 **** Incremental Build of configuration Debug for project Lab6_PWM_pinPTC2 ****
make -r -j8 all 
make[1]: Nothing to be done for 'main-build'.
Performing post-build steps
arm-none-eabi-size "Lab6_PWM_pinPTC2.axf"; # arm-none-eabi-objcopy -v -O binary "Lab6_PWM_pinPTC2.axf" "Lab6_PWM_pinPTC2.bin" ; # checksum -p MK64FN1M0xxx12 -d "Lab6_PWM_pinPTC2.bin";
   text	   data	    bss	    dec	    hex	filename
  14848	     16	   8440	  23304	   5b08	Lab6_PWM_pinPTC2.axf
 
14:07:22 **** Incremental Build of configuration Debug for project Lab6_PWM_pinPTC2 ****
make -r -j8 all 
Building file: ../source/Lab6_PWM_pinPTC2.c
Invoking: MCU C Compiler
arm-none-eabi-gcc -D__REDLIB__ -DCPU_MK64FN1M0VLL12 -DCPU_MK64FN1M0VLL12_cm4 -DSDK_OS_BAREMETAL -DSERIAL_PORT_TYPE_UART=1 -DSDK_DEBUGCONSOLE=0 -DCR_INTEGER_PRINTF -DPRINTF_FLOAT_ENABLE=0 -D__MCUXPRESSO -D__USE_CMSIS -DDEBUG -I"C:\Users\jmtri\OneDrive\Desktop\MCO 556\Lab 6 - Pulse Width Modulation (PWM)\Lab6_PWM_pinPTC2\board" -I"C:\Users\jmtri\OneDrive\Desktop\MCO 556\Lab 6 - Pulse Width Modulation (PWM)\Lab6_PWM_pinPTC2\source" -I"C:\Users\jmtri\OneDrive\Desktop\MCO 556\Lab 6 - Pulse Width Modulation (PWM)\Lab6_PWM_pinPTC2\utilities" -I"C:\Users\jmtri\OneDrive\Desktop\MCO 556\Lab 6 - Pulse Width Modulation (PWM)\Lab6_PWM_pinPTC2\drivers" -I"C:\Users\jmtri\OneDrive\Desktop\MCO 556\Lab 6 - Pulse Width Modulation (PWM)\Lab6_PWM_pinPTC2\device" -I"C:\Users\jmtri\OneDrive\Desktop\MCO 556\Lab 6 - Pulse Width Modulation (PWM)\Lab6_PWM_pinPTC2\component\serial_manager" -I"C:\Users\jmtri\OneDrive\Desktop\MCO 556\Lab 6 - Pulse Width Modulation (PWM)\Lab6_PWM_pinPTC2\component\lists" -I"C:\Users\jmtri\OneDrive\Desktop\MCO 556\Lab 6 - Pulse Width Modulation (PWM)\Lab6_PWM_pinPTC2\CMSIS" -I"C:\Users\jmtri\OneDrive\Desktop\MCO 556\Lab 6 - Pulse Width Modulation (PWM)\Lab6_PWM_pinPTC2\component\uart" -O0 -fno-common -g3 -gdwarf-4 -Wall -c -ffunction-sections -fdata-sections -ffreestanding -fno-builtin -fmerge-constants -fmacro-prefix-map="../source/"= -mcpu=cortex-m4 -mfpu=fpv4-sp-d16 -mfloat-abi=hard -mthumb -D__REDLIB__ -fstack-usage -specs=redlib.specs -MMD -MP -MF"source/Lab6_PWM_pinPTC2.d" -MT"source/Lab6_PWM_pinPTC2.o" -MT"source/Lab6_PWM_pinPTC2.d" -o "source/Lab6_PWM_pinPTC2.o" "../source/Lab6_PWM_pinPTC2.c"
Finished building: ../source/Lab6_PWM_pinPTC2.c
 
Building target: Lab6_PWM_pinPTC2.axf
Invoking: MCU Linker
arm-none-eabi-gcc -nostdlib -Xlinker -Map="Lab6_PWM_pinPTC2.map" -Xlinker --gc-sections -Xlinker -print-memory-usage -Xlinker --sort-section=alignment -Xlinker --cref -mcpu=cortex-m4 -mfpu=fpv4-sp-d16 -mfloat-abi=hard -mthumb -T Lab6_PWM_pinPTC2_Debug.ld -o "Lab6_PWM_pinPTC2.axf" ./utilities/fsl_debug_console.o ./utilities/fsl_str.o  ./startup/startup_mk64f12.o  ./source/Lab6_PWM_pinPTC2.o ./source/semihost_hardfault.o  ./drivers/fsl_adc16.o ./drivers/fsl_clock.o ./drivers/fsl_common.o ./drivers/fsl_common_arm.o ./drivers/fsl_ftm.o ./drivers/fsl_gpio.o ./drivers/fsl_i2c.o ./drivers/fsl_smc.o ./drivers/fsl_uart.o  ./device/system_MK64F12.o  ./component/uart/fsl_adapter_uart.o  ./component/serial_manager/fsl_component_serial_manager.o ./component/serial_manager/fsl_component_serial_port_uart.o  ./component/lists/fsl_component_generic_list.o  ./board/board.o ./board/clock_config.o ./board/peripherals.o ./board/pin_mux.o   
Memory region         Used Size  Region Size  %age Used
   PROGRAM_FLASH:       14864 B         1 MB      1.42%
      SRAM_UPPER:        8456 B       192 KB      4.30%
      SRAM_LOWER:          0 GB        64 KB      0.00%
        FLEX_RAM:          0 GB         4 KB      0.00%
Finished building target: Lab6_PWM_pinPTC2.axf
 
Performing post-build steps
arm-none-eabi-size "Lab6_PWM_pinPTC2.axf"; # arm-none-eabi-objcopy -v -O binary "Lab6_PWM_pinPTC2.axf" "Lab6_PWM_pinPTC2.bin" ; # checksum -p MK64FN1M0xxx12 -d "Lab6_PWM_pinPTC2.bin";
   text	   data	    bss	    dec	    hex	filename
  14848	     16	   8440	  23304	   5b08	Lab6_PWM_pinPTC2.axf
 
14:17:10 **** Incremental Build of configuration Debug for project Lab6_PWM_pinPTC2 ****
make -r -j8 all 
Building file: ../source/Lab6_PWM_pinPTC2.c
Invoking: MCU C Compiler
arm-none-eabi-gcc -D__REDLIB__ -DCPU_MK64FN1M0VLL12 -DCPU_MK64FN1M0VLL12_cm4 -DSDK_OS_BAREMETAL -DSERIAL_PORT_TYPE_UART=1 -DSDK_DEBUGCONSOLE=0 -DCR_INTEGER_PRINTF -DPRINTF_FLOAT_ENABLE=0 -D__MCUXPRESSO -D__USE_CMSIS -DDEBUG -I"C:\Users\jmtri\OneDrive\Desktop\MCO 556\Lab 6 - Pulse Width Modulation (PWM)\Lab6_PWM_pinPTC2\board" -I"C:\Users\jmtri\OneDrive\Desktop\MCO 556\Lab 6 - Pulse Width Modulation (PWM)\Lab6_PWM_pinPTC2\source" -I"C:\Users\jmtri\OneDrive\Desktop\MCO 556\Lab 6 - Pulse Width Modulation (PWM)\Lab6_PWM_pinPTC2\utilities" -I"C:\Users\jmtri\OneDrive\Desktop\MCO 556\Lab 6 - Pulse Width Modulation (PWM)\Lab6_PWM_pinPTC2\drivers" -I"C:\Users\jmtri\OneDrive\Desktop\MCO 556\Lab 6 - Pulse Width Modulation (PWM)\Lab6_PWM_pinPTC2\device" -I"C:\Users\jmtri\OneDrive\Desktop\MCO 556\Lab 6 - Pulse Width Modulation (PWM)\Lab6_PWM_pinPTC2\component\serial_manager" -I"C:\Users\jmtri\OneDrive\Desktop\MCO 556\Lab 6 - Pulse Width Modulation (PWM)\Lab6_PWM_pinPTC2\component\lists" -I"C:\Users\jmtri\OneDrive\Desktop\MCO 556\Lab 6 - Pulse Width Modulation (PWM)\Lab6_PWM_pinPTC2\CMSIS" -I"C:\Users\jmtri\OneDrive\Desktop\MCO 556\Lab 6 - Pulse Width Modulation (PWM)\Lab6_PWM_pinPTC2\component\uart" -O0 -fno-common -g3 -gdwarf-4 -Wall -c -ffunction-sections -fdata-sections -ffreestanding -fno-builtin -fmerge-constants -fmacro-prefix-map="../source/"= -mcpu=cortex-m4 -mfpu=fpv4-sp-d16 -mfloat-abi=hard -mthumb -D__REDLIB__ -fstack-usage -specs=redlib.specs -MMD -MP -MF"source/Lab6_PWM_pinPTC2.d" -MT"source/Lab6_PWM_pinPTC2.o" -MT"source/Lab6_PWM_pinPTC2.d" -o "source/Lab6_PWM_pinPTC2.o" "../source/Lab6_PWM_pinPTC2.c"
Finished building: ../source/Lab6_PWM_pinPTC2.c
 
Building target: Lab6_PWM_pinPTC2.axf
Invoking: MCU Linker
arm-none-eabi-gcc -nostdlib -Xlinker -Map="Lab6_PWM_pinPTC2.map" -Xlinker --gc-sections -Xlinker -print-memory-usage -Xlinker --sort-section=alignment -Xlinker --cref -mcpu=cortex-m4 -mfpu=fpv4-sp-d16 -mfloat-abi=hard -mthumb -T Lab6_PWM_pinPTC2_Debug.ld -o "Lab6_PWM_pinPTC2.axf" ./utilities/fsl_debug_console.o ./utilities/fsl_str.o  ./startup/startup_mk64f12.o  ./source/Lab6_PWM_pinPTC2.o ./source/semihost_hardfault.o  ./drivers/fsl_adc16.o ./drivers/fsl_clock.o ./drivers/fsl_common.o ./drivers/fsl_common_arm.o ./drivers/fsl_ftm.o ./drivers/fsl_gpio.o ./drivers/fsl_i2c.o ./drivers/fsl_smc.o ./drivers/fsl_uart.o  ./device/system_MK64F12.o  ./component/uart/fsl_adapter_uart.o  ./component/serial_manager/fsl_component_serial_manager.o ./component/serial_manager/fsl_component_serial_port_uart.o  ./component/lists/fsl_component_generic_list.o  ./board/board.o ./board/clock_config.o ./board/peripherals.o ./board/pin_mux.o   
Memory region         Used Size  Region Size  %age Used
   PROGRAM_FLASH:       14936 B         1 MB      1.42%
      SRAM_UPPER:        8456 B       192 KB      4.30%
      SRAM_LOWER:          0 GB        64 KB      0.00%
        FLEX_RAM:          0 GB         4 KB      0.00%
Finished building target: Lab6_PWM_pinPTC2.axf
 
Performing post-build steps
arm-none-eabi-size "Lab6_PWM_pinPTC2.axf"; # arm-none-eabi-objcopy -v -O binary "Lab6_PWM_pinPTC2.axf" "Lab6_PWM_pinPTC2.bin" ; # checksum -p MK64FN1M0xxx12 -d "Lab6_PWM_pinPTC2.bin";
   text	   data	    bss	    dec	    hex	filename
  14920	     16	   8440	  23376	   5b50	Lab6_PWM_pinPTC2.axf
 
14:17:22 **** Incremental Build of configuration Debug for project Lab6_PWM_pinPTC2 ****
make -r -j8 all 
make[1]: Nothing to be done for 'main-build'.
Performing post-build steps
arm-none-eabi-size "Lab6_PWM_pinPTC2.axf"; # arm-none-eabi-objcopy -v -O binary "Lab6_PWM_pinPTC2.axf" "Lab6_PWM_pinPTC2.bin" ; # checksum -p MK64FN1M0xxx12 -d "Lab6_PWM_pinPTC2.bin";
   text	   data	    bss	    dec	    hex	filename
  14920	     16	   8440	  23376	   5b50	Lab6_PWM_pinPTC2.axf
 
14:30:40 **** Clean-only build of configuration Debug for project Lab6_PWM_pinPTC2_1btn ****
make -r -j8 clean 
rm -rf ./utilities/fsl_debug_console.d ./utilities/fsl_debug_console.o ./utilities/fsl_str.d ./utilities/fsl_str.o
rm -rf ./startup/startup_mk64f12.d ./startup/startup_mk64f12.o
rm -rf ./source/Lab6_PWM_pinPTC2.d ./source/Lab6_PWM_pinPTC2.o ./source/semihost_hardfault.d ./source/semihost_hardfault.o
rm -rf ./drivers/fsl_adc16.d ./drivers/fsl_adc16.o ./drivers/fsl_clock.d ./drivers/fsl_clock.o ./drivers/fsl_common.d ./drivers/fsl_common.o ./drivers/fsl_common_arm.d ./drivers/fsl_common_arm.o ./drivers/fsl_ftm.d ./drivers/fsl_ftm.o ./drivers/fsl_gpio.d ./drivers/fsl_gpio.o ./drivers/fsl_i2c.d ./drivers/fsl_i2c.o ./drivers/fsl_smc.d ./drivers/fsl_smc.o ./drivers/fsl_uart.d ./drivers/fsl_uart.o
rm -rf ./device/system_MK64F12.d ./device/system_MK64F12.o
rm -rf ./component/uart/fsl_adapter_uart.d ./component/uart/fsl_adapter_uart.o
rm -rf ./component/serial_manager/fsl_component_serial_manager.d ./component/serial_manager/fsl_component_serial_manager.o ./component/serial_manager/fsl_component_serial_port_uart.d ./component/serial_manager/fsl_component_serial_port_uart.o
rm -rf ./component/lists/fsl_component_generic_list.d ./component/lists/fsl_component_generic_list.o
rm -rf ./board/board.d ./board/board.o ./board/clock_config.d ./board/clock_config.o ./board/peripherals.d ./board/peripherals.o ./board/pin_mux.d ./board/pin_mux.o
rm -rf Lab6_PWM_pinPTC2.axf
 
14:30:40 **** Build of configuration Debug for project Lab6_PWM_pinPTC2_1btn ****
make -r -j8 all 
Building file: ../utilities/fsl_debug_console.c
Building file: ../utilities/fsl_str.c
Building file: ../startup/startup_mk64f12.c
Building file: ../source/Lab6_PWM_pinPTC2.c
Invoking: MCU C Compiler
Invoking: MCU C Compiler
Invoking: MCU C Compiler
arm-none-eabi-gcc -D__REDLIB__ -DCPU_MK64FN1M0VLL12 -DCPU_MK64FN1M0VLL12_cm4 -DSDK_OS_BAREMETAL -DSERIAL_PORT_TYPE_UART=1 -DSDK_DEBUGCONSOLE=0 -DCR_INTEGER_PRINTF -DPRINTF_FLOAT_ENABLE=0 -D__MCUXPRESSO -D__USE_CMSIS -DDEBUG -I"C:\Users\jmtri\OneDrive\Desktop\MCO 556\Lab 6 - Pulse Width Modulation (PWM)\Lab6_PWM_pinPTC2_1btn\board" -I"C:\Users\jmtri\OneDrive\Desktop\MCO 556\Lab 6 - Pulse Width Modulation (PWM)\Lab6_PWM_pinPTC2_1btn\source" -I"C:\Users\jmtri\OneDrive\Desktop\MCO 556\Lab 6 - Pulse Width Modulation (PWM)\Lab6_PWM_pinPTC2_1btn\utilities" -I"C:\Users\jmtri\OneDrive\Desktop\MCO 556\Lab 6 - Pulse Width Modulation (PWM)\Lab6_PWM_pinPTC2_1btn\drivers" -I"C:\Users\jmtri\OneDrive\Desktop\MCO 556\Lab 6 - Pulse Width Modulation (PWM)\Lab6_PWM_pinPTC2_1btn\device" -I"C:\Users\jmtri\OneDrive\Desktop\MCO 556\Lab 6 - Pulse Width Modulation (PWM)\Lab6_PWM_pinPTC2_1btn\component\serial_manager" -I"C:\Users\jmtri\OneDrive\Desktop\MCO 556\Lab 6 - Pulse Width Modulation (PWM)\Lab6_PWM_pinPTC2_1btn\component\lists" -I"C:\Users\jmtri\OneDrive\Desktop\MCO 556\Lab 6 - Pulse Width Modulation (PWM)\Lab6_PWM_pinPTC2_1btn\CMSIS" -I"C:\Users\jmtri\OneDrive\Desktop\MCO 556\Lab 6 - Pulse Width Modulation (PWM)\Lab6_PWM_pinPTC2_1btn\component\uart" -O0 -fno-common -g3 -gdwarf-4 -Wall -c -ffunction-sections -fdata-sections -ffreestanding -fno-builtin -fmerge-constants -fmacro-prefix-map="../utilities/"= -mcpu=cortex-m4 -mfpu=fpv4-sp-d16 -mfloat-abi=hard -mthumb -D__REDLIB__ -fstack-usage -specs=redlib.specs -MMD -MP -MF"utilities/fsl_debug_console.d" -MT"utilities/fsl_debug_console.o" -MT"utilities/fsl_debug_console.d" -o "utilities/fsl_debug_console.o" "../utilities/fsl_debug_console.c"
Invoking: MCU C Compiler
arm-none-eabi-gcc -D__REDLIB__ -DCPU_MK64FN1M0VLL12 -DCPU_MK64FN1M0VLL12_cm4 -DSDK_OS_BAREMETAL -DSERIAL_PORT_TYPE_UART=1 -DSDK_DEBUGCONSOLE=0 -DCR_INTEGER_PRINTF -DPRINTF_FLOAT_ENABLE=0 -D__MCUXPRESSO -D__USE_CMSIS -DDEBUG -I"C:\Users\jmtri\OneDrive\Desktop\MCO 556\Lab 6 - Pulse Width Modulation (PWM)\Lab6_PWM_pinPTC2_1btn\board" -I"C:\Users\jmtri\OneDrive\Desktop\MCO 556\Lab 6 - Pulse Width Modulation (PWM)\Lab6_PWM_pinPTC2_1btn\source" -I"C:\Users\jmtri\OneDrive\Desktop\MCO 556\Lab 6 - Pulse Width Modulation (PWM)\Lab6_PWM_pinPTC2_1btn\utilities" -I"C:\Users\jmtri\OneDrive\Desktop\MCO 556\Lab 6 - Pulse Width Modulation (PWM)\Lab6_PWM_pinPTC2_1btn\drivers" -I"C:\Users\jmtri\OneDrive\Desktop\MCO 556\Lab 6 - Pulse Width Modulation (PWM)\Lab6_PWM_pinPTC2_1btn\device" -I"C:\Users\jmtri\OneDrive\Desktop\MCO 556\Lab 6 - Pulse Width Modulation (PWM)\Lab6_PWM_pinPTC2_1btn\component\serial_manager" -I"C:\Users\jmtri\OneDrive\Desktop\MCO 556\Lab 6 - Pulse Width Modulation (PWM)\Lab6_PWM_pinPTC2_1btn\component\lists" -I"C:\Users\jmtri\OneDrive\Desktop\MCO 556\Lab 6 - Pulse Width Modulation (PWM)\Lab6_PWM_pinPTC2_1btn\CMSIS" -I"C:\Users\jmtri\OneDrive\Desktop\MCO 556\Lab 6 - Pulse Width Modulation (PWM)\Lab6_PWM_pinPTC2_1btn\component\uart" -O0 -fno-common -g3 -gdwarf-4 -Wall -c -ffunction-sections -fdata-sections -ffreestanding -fno-builtin -fmerge-constants -fmacro-prefix-map="../utilities/"= -mcpu=cortex-m4 -mfpu=fpv4-sp-d16 -mfloat-abi=hard -mthumb -D__REDLIB__ -fstack-usage -specs=redlib.specs -MMD -MP -MF"utilities/fsl_str.d" -MT"utilities/fsl_str.o" -MT"utilities/fsl_str.d" -o "utilities/fsl_str.o" "../utilities/fsl_str.c"
Building file: ../source/semihost_hardfault.c
arm-none-eabi-gcc -D__REDLIB__ -DCPU_MK64FN1M0VLL12 -DCPU_MK64FN1M0VLL12_cm4 -DSDK_OS_BAREMETAL -DSERIAL_PORT_TYPE_UART=1 -DSDK_DEBUGCONSOLE=0 -DCR_INTEGER_PRINTF -DPRINTF_FLOAT_ENABLE=0 -D__MCUXPRESSO -D__USE_CMSIS -DDEBUG -I"C:\Users\jmtri\OneDrive\Desktop\MCO 556\Lab 6 - Pulse Width Modulation (PWM)\Lab6_PWM_pinPTC2_1btn\board" -I"C:\Users\jmtri\OneDrive\Desktop\MCO 556\Lab 6 - Pulse Width Modulation (PWM)\Lab6_PWM_pinPTC2_1btn\source" -I"C:\Users\jmtri\OneDrive\Desktop\MCO 556\Lab 6 - Pulse Width Modulation (PWM)\Lab6_PWM_pinPTC2_1btn\utilities" -I"C:\Users\jmtri\OneDrive\Desktop\MCO 556\Lab 6 - Pulse Width Modulation (PWM)\Lab6_PWM_pinPTC2_1btn\drivers" -I"C:\Users\jmtri\OneDrive\Desktop\MCO 556\Lab 6 - Pulse Width Modulation (PWM)\Lab6_PWM_pinPTC2_1btn\device" -I"C:\Users\jmtri\OneDrive\Desktop\MCO 556\Lab 6 - Pulse Width Modulation (PWM)\Lab6_PWM_pinPTC2_1btn\component\serial_manager" -I"C:\Users\jmtri\OneDrive\Desktop\MCO 556\Lab 6 - Pulse Width Modulation (PWM)\Lab6_PWM_pinPTC2_1btn\component\lists" -I"C:\Users\jmtri\OneDrive\Desktop\MCO 556\Lab 6 - Pulse Width Modulation (PWM)\Lab6_PWM_pinPTC2_1btn\CMSIS" -I"C:\Users\jmtri\OneDrive\Desktop\MCO 556\Lab 6 - Pulse Width Modulation (PWM)\Lab6_PWM_pinPTC2_1btn\component\uart" -O0 -fno-common -g3 -gdwarf-4 -Wall -c -ffunction-sections -fdata-sections -ffreestanding -fno-builtin -fmerge-constants -fmacro-prefix-map="../startup/"= -mcpu=cortex-m4 -mfpu=fpv4-sp-d16 -mfloat-abi=hard -mthumb -D__REDLIB__ -fstack-usage -specs=redlib.specs -MMD -MP -MF"startup/startup_mk64f12.d" -MT"startup/startup_mk64f12.o" -MT"startup/startup_mk64f12.d" -o "startup/startup_mk64f12.o" "../startup/startup_mk64f12.c"
arm-none-eabi-gcc -D__REDLIB__ -DCPU_MK64FN1M0VLL12 -DCPU_MK64FN1M0VLL12_cm4 -DSDK_OS_BAREMETAL -DSERIAL_PORT_TYPE_UART=1 -DSDK_DEBUGCONSOLE=0 -DCR_INTEGER_PRINTF -DPRINTF_FLOAT_ENABLE=0 -D__MCUXPRESSO -D__USE_CMSIS -DDEBUG -I"C:\Users\jmtri\OneDrive\Desktop\MCO 556\Lab 6 - Pulse Width Modulation (PWM)\Lab6_PWM_pinPTC2_1btn\board" -I"C:\Users\jmtri\OneDrive\Desktop\MCO 556\Lab 6 - Pulse Width Modulation (PWM)\Lab6_PWM_pinPTC2_1btn\source" -I"C:\Users\jmtri\OneDrive\Desktop\MCO 556\Lab 6 - Pulse Width Modulation (PWM)\Lab6_PWM_pinPTC2_1btn\utilities" -I"C:\Users\jmtri\OneDrive\Desktop\MCO 556\Lab 6 - Pulse Width Modulation (PWM)\Lab6_PWM_pinPTC2_1btn\drivers" -I"C:\Users\jmtri\OneDrive\Desktop\MCO 556\Lab 6 - Pulse Width Modulation (PWM)\Lab6_PWM_pinPTC2_1btn\device" -I"C:\Users\jmtri\OneDrive\Desktop\MCO 556\Lab 6 - Pulse Width Modulation (PWM)\Lab6_PWM_pinPTC2_1btn\component\serial_manager" -I"C:\Users\jmtri\OneDrive\Desktop\MCO 556\Lab 6 - Pulse Width Modulation (PWM)\Lab6_PWM_pinPTC2_1btn\component\lists" -I"C:\Users\jmtri\OneDrive\Desktop\MCO 556\Lab 6 - Pulse Width Modulation (PWM)\Lab6_PWM_pinPTC2_1btn\CMSIS" -I"C:\Users\jmtri\OneDrive\Desktop\MCO 556\Lab 6 - Pulse Width Modulation (PWM)\Lab6_PWM_pinPTC2_1btn\component\uart" -O0 -fno-common -g3 -gdwarf-4 -Wall -c -ffunction-sections -fdata-sections -ffreestanding -fno-builtin -fmerge-constants -fmacro-prefix-map="../source/"= -mcpu=cortex-m4 -mfpu=fpv4-sp-d16 -mfloat-abi=hard -mthumb -D__REDLIB__ -fstack-usage -specs=redlib.specs -MMD -MP -MF"source/Lab6_PWM_pinPTC2.d" -MT"source/Lab6_PWM_pinPTC2.o" -MT"source/Lab6_PWM_pinPTC2.d" -o "source/Lab6_PWM_pinPTC2.o" "../source/Lab6_PWM_pinPTC2.c"
Building file: ../drivers/fsl_adc16.c
Building file: ../drivers/fsl_clock.c
Invoking: MCU C Compiler
Building file: ../drivers/fsl_common.c
arm-none-eabi-gcc -D__REDLIB__ -DCPU_MK64FN1M0VLL12 -DCPU_MK64FN1M0VLL12_cm4 -DSDK_OS_BAREMETAL -DSERIAL_PORT_TYPE_UART=1 -DSDK_DEBUGCONSOLE=0 -DCR_INTEGER_PRINTF -DPRINTF_FLOAT_ENABLE=0 -D__MCUXPRESSO -D__USE_CMSIS -DDEBUG -I"C:\Users\jmtri\OneDrive\Desktop\MCO 556\Lab 6 - Pulse Width Modulation (PWM)\Lab6_PWM_pinPTC2_1btn\board" -I"C:\Users\jmtri\OneDrive\Desktop\MCO 556\Lab 6 - Pulse Width Modulation (PWM)\Lab6_PWM_pinPTC2_1btn\source" -I"C:\Users\jmtri\OneDrive\Desktop\MCO 556\Lab 6 - Pulse Width Modulation (PWM)\Lab6_PWM_pinPTC2_1btn\utilities" -I"C:\Users\jmtri\OneDrive\Desktop\MCO 556\Lab 6 - Pulse Width Modulation (PWM)\Lab6_PWM_pinPTC2_1btn\drivers" -I"C:\Users\jmtri\OneDrive\Desktop\MCO 556\Lab 6 - Pulse Width Modulation (PWM)\Lab6_PWM_pinPTC2_1btn\device" -I"C:\Users\jmtri\OneDrive\Desktop\MCO 556\Lab 6 - Pulse Width Modulation (PWM)\Lab6_PWM_pinPTC2_1btn\component\serial_manager" -I"C:\Users\jmtri\OneDrive\Desktop\MCO 556\Lab 6 - Pulse Width Modulation (PWM)\Lab6_PWM_pinPTC2_1btn\component\lists" -I"C:\Users\jmtri\OneDrive\Desktop\MCO 556\Lab 6 - Pulse Width Modulation (PWM)\Lab6_PWM_pinPTC2_1btn\CMSIS" -I"C:\Users\jmtri\OneDrive\Desktop\MCO 556\Lab 6 - Pulse Width Modulation (PWM)\Lab6_PWM_pinPTC2_1btn\component\uart" -O0 -fno-common -g3 -gdwarf-4 -Wall -c -ffunction-sections -fdata-sections -ffreestanding -fno-builtin -fmerge-constants -fmacro-prefix-map="../source/"= -mcpu=cortex-m4 -mfpu=fpv4-sp-d16 -mfloat-abi=hard -mthumb -D__REDLIB__ -fstack-usage -specs=redlib.specs -MMD -MP -MF"source/semihost_hardfault.d" -MT"source/semihost_hardfault.o" -MT"source/semihost_hardfault.d" -o "source/semihost_hardfault.o" "../source/semihost_hardfault.c"
Invoking: MCU C Compiler
arm-none-eabi-gcc -D__REDLIB__ -DCPU_MK64FN1M0VLL12 -DCPU_MK64FN1M0VLL12_cm4 -DSDK_OS_BAREMETAL -DSERIAL_PORT_TYPE_UART=1 -DSDK_DEBUGCONSOLE=0 -DCR_INTEGER_PRINTF -DPRINTF_FLOAT_ENABLE=0 -D__MCUXPRESSO -D__USE_CMSIS -DDEBUG -I"C:\Users\jmtri\OneDrive\Desktop\MCO 556\Lab 6 - Pulse Width Modulation (PWM)\Lab6_PWM_pinPTC2_1btn\board" -I"C:\Users\jmtri\OneDrive\Desktop\MCO 556\Lab 6 - Pulse Width Modulation (PWM)\Lab6_PWM_pinPTC2_1btn\source" -I"C:\Users\jmtri\OneDrive\Desktop\MCO 556\Lab 6 - Pulse Width Modulation (PWM)\Lab6_PWM_pinPTC2_1btn\utilities" -I"C:\Users\jmtri\OneDrive\Desktop\MCO 556\Lab 6 - Pulse Width Modulation (PWM)\Lab6_PWM_pinPTC2_1btn\drivers" -I"C:\Users\jmtri\OneDrive\Desktop\MCO 556\Lab 6 - Pulse Width Modulation (PWM)\Lab6_PWM_pinPTC2_1btn\device" -I"C:\Users\jmtri\OneDrive\Desktop\MCO 556\Lab 6 - Pulse Width Modulation (PWM)\Lab6_PWM_pinPTC2_1btn\component\serial_manager" -I"C:\Users\jmtri\OneDrive\Desktop\MCO 556\Lab 6 - Pulse Width Modulation (PWM)\Lab6_PWM_pinPTC2_1btn\component\lists" -I"C:\Users\jmtri\OneDrive\Desktop\MCO 556\Lab 6 - Pulse Width Modulation (PWM)\Lab6_PWM_pinPTC2_1btn\CMSIS" -I"C:\Users\jmtri\OneDrive\Desktop\MCO 556\Lab 6 - Pulse Width Modulation (PWM)\Lab6_PWM_pinPTC2_1btn\component\uart" -O0 -fno-common -g3 -gdwarf-4 -Wall -c -ffunction-sections -fdata-sections -ffreestanding -fno-builtin -fmerge-constants -fmacro-prefix-map="../drivers/"= -mcpu=cortex-m4 -mfpu=fpv4-sp-d16 -mfloat-abi=hard -mthumb -D__REDLIB__ -fstack-usage -specs=redlib.specs -MMD -MP -MF"drivers/fsl_clock.d" -MT"drivers/fsl_clock.o" -MT"drivers/fsl_clock.d" -o "drivers/fsl_clock.o" "../drivers/fsl_clock.c"
Invoking: MCU C Compiler
Invoking: MCU C Compiler
arm-none-eabi-gcc -D__REDLIB__ -DCPU_MK64FN1M0VLL12 -DCPU_MK64FN1M0VLL12_cm4 -DSDK_OS_BAREMETAL -DSERIAL_PORT_TYPE_UART=1 -DSDK_DEBUGCONSOLE=0 -DCR_INTEGER_PRINTF -DPRINTF_FLOAT_ENABLE=0 -D__MCUXPRESSO -D__USE_CMSIS -DDEBUG -I"C:\Users\jmtri\OneDrive\Desktop\MCO 556\Lab 6 - Pulse Width Modulation (PWM)\Lab6_PWM_pinPTC2_1btn\board" -I"C:\Users\jmtri\OneDrive\Desktop\MCO 556\Lab 6 - Pulse Width Modulation (PWM)\Lab6_PWM_pinPTC2_1btn\source" -I"C:\Users\jmtri\OneDrive\Desktop\MCO 556\Lab 6 - Pulse Width Modulation (PWM)\Lab6_PWM_pinPTC2_1btn\utilities" -I"C:\Users\jmtri\OneDrive\Desktop\MCO 556\Lab 6 - Pulse Width Modulation (PWM)\Lab6_PWM_pinPTC2_1btn\drivers" -I"C:\Users\jmtri\OneDrive\Desktop\MCO 556\Lab 6 - Pulse Width Modulation (PWM)\Lab6_PWM_pinPTC2_1btn\device" -I"C:\Users\jmtri\OneDrive\Desktop\MCO 556\Lab 6 - Pulse Width Modulation (PWM)\Lab6_PWM_pinPTC2_1btn\component\serial_manager" -I"C:\Users\jmtri\OneDrive\Desktop\MCO 556\Lab 6 - Pulse Width Modulation (PWM)\Lab6_PWM_pinPTC2_1btn\component\lists" -I"C:\Users\jmtri\OneDrive\Desktop\MCO 556\Lab 6 - Pulse Width Modulation (PWM)\Lab6_PWM_pinPTC2_1btn\CMSIS" -I"C:\Users\jmtri\OneDrive\Desktop\MCO 556\Lab 6 - Pulse Width Modulation (PWM)\Lab6_PWM_pinPTC2_1btn\component\uart" -O0 -fno-common -g3 -gdwarf-4 -Wall -c -ffunction-sections -fdata-sections -ffreestanding -fno-builtin -fmerge-constants -fmacro-prefix-map="../drivers/"= -mcpu=cortex-m4 -mfpu=fpv4-sp-d16 -mfloat-abi=hard -mthumb -D__REDLIB__ -fstack-usage -specs=redlib.specs -MMD -MP -MF"drivers/fsl_common.d" -MT"drivers/fsl_common.o" -MT"drivers/fsl_common.d" -o "drivers/fsl_common.o" "../drivers/fsl_common.c"
arm-none-eabi-gcc -D__REDLIB__ -DCPU_MK64FN1M0VLL12 -DCPU_MK64FN1M0VLL12_cm4 -DSDK_OS_BAREMETAL -DSERIAL_PORT_TYPE_UART=1 -DSDK_DEBUGCONSOLE=0 -DCR_INTEGER_PRINTF -DPRINTF_FLOAT_ENABLE=0 -D__MCUXPRESSO -D__USE_CMSIS -DDEBUG -I"C:\Users\jmtri\OneDrive\Desktop\MCO 556\Lab 6 - Pulse Width Modulation (PWM)\Lab6_PWM_pinPTC2_1btn\board" -I"C:\Users\jmtri\OneDrive\Desktop\MCO 556\Lab 6 - Pulse Width Modulation (PWM)\Lab6_PWM_pinPTC2_1btn\source" -I"C:\Users\jmtri\OneDrive\Desktop\MCO 556\Lab 6 - Pulse Width Modulation (PWM)\Lab6_PWM_pinPTC2_1btn\utilities" -I"C:\Users\jmtri\OneDrive\Desktop\MCO 556\Lab 6 - Pulse Width Modulation (PWM)\Lab6_PWM_pinPTC2_1btn\drivers" -I"C:\Users\jmtri\OneDrive\Desktop\MCO 556\Lab 6 - Pulse Width Modulation (PWM)\Lab6_PWM_pinPTC2_1btn\device" -I"C:\Users\jmtri\OneDrive\Desktop\MCO 556\Lab 6 - Pulse Width Modulation (PWM)\Lab6_PWM_pinPTC2_1btn\component\serial_manager" -I"C:\Users\jmtri\OneDrive\Desktop\MCO 556\Lab 6 - Pulse Width Modulation (PWM)\Lab6_PWM_pinPTC2_1btn\component\lists" -I"C:\Users\jmtri\OneDrive\Desktop\MCO 556\Lab 6 - Pulse Width Modulation (PWM)\Lab6_PWM_pinPTC2_1btn\CMSIS" -I"C:\Users\jmtri\OneDrive\Desktop\MCO 556\Lab 6 - Pulse Width Modulation (PWM)\Lab6_PWM_pinPTC2_1btn\component\uart" -O0 -fno-common -g3 -gdwarf-4 -Wall -c -ffunction-sections -fdata-sections -ffreestanding -fno-builtin -fmerge-constants -fmacro-prefix-map="../drivers/"= -mcpu=cortex-m4 -mfpu=fpv4-sp-d16 -mfloat-abi=hard -mthumb -D__REDLIB__ -fstack-usage -specs=redlib.specs -MMD -MP -MF"drivers/fsl_adc16.d" -MT"drivers/fsl_adc16.o" -MT"drivers/fsl_adc16.d" -o "drivers/fsl_adc16.o" "../drivers/fsl_adc16.c"
../source/Lab6_PWM_pinPTC2.c: In function 'PORTC_IRQHandler':
../source/Lab6_PWM_pinPTC2.c:17:5: warning: implicit declaration of function 'delay' [-Wimplicit-function-declaration]
   17 |     delay();
      |     ^~~~~
../source/Lab6_PWM_pinPTC2.c: At top level:
../source/Lab6_PWM_pinPTC2.c:20:6: warning: conflicting types for 'delay'; have 'void(void)'
   20 | void delay(void)
      |      ^~~~~
../source/Lab6_PWM_pinPTC2.c:17:5: note: previous implicit declaration of 'delay' with type 'void(void)'
   17 |     delay();
      |     ^~~~~
../source/Lab6_PWM_pinPTC2.c: In function 'main':
../source/Lab6_PWM_pinPTC2.c:40:79: error: expected ';' before '_printf'
   40 |     PRINTF("\nPWM signal of 10KHz is generated on pin PTC2 by FTM0 channel 1")
      |                                                                               ^
      |                                                                               ;
../source/Lab6_PWM_pinPTC2.c:44:1: warning: control reaches end of non-void function [-Wreturn-type]
   44 | }
      | ^
make[1]: *** [source/subdir.mk:23: source/Lab6_PWM_pinPTC2.o] Error 1
make[1]: *** Waiting for unfinished jobs....
Finished building: ../source/semihost_hardfault.c
Finished building: ../utilities/fsl_debug_console.c
 
Finished building: ../drivers/fsl_adc16.c
 
Finished building: ../utilities/fsl_str.c
 
Finished building: ../startup/startup_mk64f12.c
 
 
Finished building: ../drivers/fsl_clock.c
 
Finished building: ../drivers/fsl_common.c
 
make: *** [makefile:43: all] Error 2
"make -r -j8 all" terminated with exit code 2. Build might be incomplete.
14:31:08 **** Incremental Build of configuration Debug for project Lab6_PWM_pinPTC2_1btn ****
make -r -j8 all 
Building file: ../source/Lab6_PWM_pinPTC2.c
Building file: ../drivers/fsl_common_arm.c
Building file: ../drivers/fsl_ftm.c
Building file: ../drivers/fsl_gpio.c
Invoking: MCU C Compiler
Invoking: MCU C Compiler
Invoking: MCU C Compiler
arm-none-eabi-gcc -D__REDLIB__ -DCPU_MK64FN1M0VLL12 -DCPU_MK64FN1M0VLL12_cm4 -DSDK_OS_BAREMETAL -DSERIAL_PORT_TYPE_UART=1 -DSDK_DEBUGCONSOLE=0 -DCR_INTEGER_PRINTF -DPRINTF_FLOAT_ENABLE=0 -D__MCUXPRESSO -D__USE_CMSIS -DDEBUG -I"C:\Users\jmtri\OneDrive\Desktop\MCO 556\Lab 6 - Pulse Width Modulation (PWM)\Lab6_PWM_pinPTC2_1btn\board" -I"C:\Users\jmtri\OneDrive\Desktop\MCO 556\Lab 6 - Pulse Width Modulation (PWM)\Lab6_PWM_pinPTC2_1btn\source" -I"C:\Users\jmtri\OneDrive\Desktop\MCO 556\Lab 6 - Pulse Width Modulation (PWM)\Lab6_PWM_pinPTC2_1btn\utilities" -I"C:\Users\jmtri\OneDrive\Desktop\MCO 556\Lab 6 - Pulse Width Modulation (PWM)\Lab6_PWM_pinPTC2_1btn\drivers" -I"C:\Users\jmtri\OneDrive\Desktop\MCO 556\Lab 6 - Pulse Width Modulation (PWM)\Lab6_PWM_pinPTC2_1btn\device" -I"C:\Users\jmtri\OneDrive\Desktop\MCO 556\Lab 6 - Pulse Width Modulation (PWM)\Lab6_PWM_pinPTC2_1btn\component\serial_manager" -I"C:\Users\jmtri\OneDrive\Desktop\MCO 556\Lab 6 - Pulse Width Modulation (PWM)\Lab6_PWM_pinPTC2_1btn\component\lists" -I"C:\Users\jmtri\OneDrive\Desktop\MCO 556\Lab 6 - Pulse Width Modulation (PWM)\Lab6_PWM_pinPTC2_1btn\CMSIS" -I"C:\Users\jmtri\OneDrive\Desktop\MCO 556\Lab 6 - Pulse Width Modulation (PWM)\Lab6_PWM_pinPTC2_1btn\component\uart" -O0 -fno-common -g3 -gdwarf-4 -Wall -c -ffunction-sections -fdata-sections -ffreestanding -fno-builtin -fmerge-constants -fmacro-prefix-map="../source/"= -mcpu=cortex-m4 -mfpu=fpv4-sp-d16 -mfloat-abi=hard -mthumb -D__REDLIB__ -fstack-usage -specs=redlib.specs -MMD -MP -MF"source/Lab6_PWM_pinPTC2.d" -MT"source/Lab6_PWM_pinPTC2.o" -MT"source/Lab6_PWM_pinPTC2.d" -o "source/Lab6_PWM_pinPTC2.o" "../source/Lab6_PWM_pinPTC2.c"
Building file: ../drivers/fsl_i2c.c
arm-none-eabi-gcc -D__REDLIB__ -DCPU_MK64FN1M0VLL12 -DCPU_MK64FN1M0VLL12_cm4 -DSDK_OS_BAREMETAL -DSERIAL_PORT_TYPE_UART=1 -DSDK_DEBUGCONSOLE=0 -DCR_INTEGER_PRINTF -DPRINTF_FLOAT_ENABLE=0 -D__MCUXPRESSO -D__USE_CMSIS -DDEBUG -I"C:\Users\jmtri\OneDrive\Desktop\MCO 556\Lab 6 - Pulse Width Modulation (PWM)\Lab6_PWM_pinPTC2_1btn\board" -I"C:\Users\jmtri\OneDrive\Desktop\MCO 556\Lab 6 - Pulse Width Modulation (PWM)\Lab6_PWM_pinPTC2_1btn\source" -I"C:\Users\jmtri\OneDrive\Desktop\MCO 556\Lab 6 - Pulse Width Modulation (PWM)\Lab6_PWM_pinPTC2_1btn\utilities" -I"C:\Users\jmtri\OneDrive\Desktop\MCO 556\Lab 6 - Pulse Width Modulation (PWM)\Lab6_PWM_pinPTC2_1btn\drivers" -I"C:\Users\jmtri\OneDrive\Desktop\MCO 556\Lab 6 - Pulse Width Modulation (PWM)\Lab6_PWM_pinPTC2_1btn\device" -I"C:\Users\jmtri\OneDrive\Desktop\MCO 556\Lab 6 - Pulse Width Modulation (PWM)\Lab6_PWM_pinPTC2_1btn\component\serial_manager" -I"C:\Users\jmtri\OneDrive\Desktop\MCO 556\Lab 6 - Pulse Width Modulation (PWM)\Lab6_PWM_pinPTC2_1btn\component\lists" -I"C:\Users\jmtri\OneDrive\Desktop\MCO 556\Lab 6 - Pulse Width Modulation (PWM)\Lab6_PWM_pinPTC2_1btn\CMSIS" -I"C:\Users\jmtri\OneDrive\Desktop\MCO 556\Lab 6 - Pulse Width Modulation (PWM)\Lab6_PWM_pinPTC2_1btn\component\uart" -O0 -fno-common -g3 -gdwarf-4 -Wall -c -ffunction-sections -fdata-sections -ffreestanding -fno-builtin -fmerge-constants -fmacro-prefix-map="../drivers/"= -mcpu=cortex-m4 -mfpu=fpv4-sp-d16 -mfloat-abi=hard -mthumb -D__REDLIB__ -fstack-usage -specs=redlib.specs -MMD -MP -MF"drivers/fsl_common_arm.d" -MT"drivers/fsl_common_arm.o" -MT"drivers/fsl_common_arm.d" -o "drivers/fsl_common_arm.o" "../drivers/fsl_common_arm.c"
Invoking: MCU C Compiler
arm-none-eabi-gcc -D__REDLIB__ -DCPU_MK64FN1M0VLL12 -DCPU_MK64FN1M0VLL12_cm4 -DSDK_OS_BAREMETAL -DSERIAL_PORT_TYPE_UART=1 -DSDK_DEBUGCONSOLE=0 -DCR_INTEGER_PRINTF -DPRINTF_FLOAT_ENABLE=0 -D__MCUXPRESSO -D__USE_CMSIS -DDEBUG -I"C:\Users\jmtri\OneDrive\Desktop\MCO 556\Lab 6 - Pulse Width Modulation (PWM)\Lab6_PWM_pinPTC2_1btn\board" -I"C:\Users\jmtri\OneDrive\Desktop\MCO 556\Lab 6 - Pulse Width Modulation (PWM)\Lab6_PWM_pinPTC2_1btn\source" -I"C:\Users\jmtri\OneDrive\Desktop\MCO 556\Lab 6 - Pulse Width Modulation (PWM)\Lab6_PWM_pinPTC2_1btn\utilities" -I"C:\Users\jmtri\OneDrive\Desktop\MCO 556\Lab 6 - Pulse Width Modulation (PWM)\Lab6_PWM_pinPTC2_1btn\drivers" -I"C:\Users\jmtri\OneDrive\Desktop\MCO 556\Lab 6 - Pulse Width Modulation (PWM)\Lab6_PWM_pinPTC2_1btn\device" -I"C:\Users\jmtri\OneDrive\Desktop\MCO 556\Lab 6 - Pulse Width Modulation (PWM)\Lab6_PWM_pinPTC2_1btn\component\serial_manager" -I"C:\Users\jmtri\OneDrive\Desktop\MCO 556\Lab 6 - Pulse Width Modulation (PWM)\Lab6_PWM_pinPTC2_1btn\component\lists" -I"C:\Users\jmtri\OneDrive\Desktop\MCO 556\Lab 6 - Pulse Width Modulation (PWM)\Lab6_PWM_pinPTC2_1btn\CMSIS" -I"C:\Users\jmtri\OneDrive\Desktop\MCO 556\Lab 6 - Pulse Width Modulation (PWM)\Lab6_PWM_pinPTC2_1btn\component\uart" -O0 -fno-common -g3 -gdwarf-4 -Wall -c -ffunction-sections -fdata-sections -ffreestanding -fno-builtin -fmerge-constants -fmacro-prefix-map="../drivers/"= -mcpu=cortex-m4 -mfpu=fpv4-sp-d16 -mfloat-abi=hard -mthumb -D__REDLIB__ -fstack-usage -specs=redlib.specs -MMD -MP -MF"drivers/fsl_ftm.d" -MT"drivers/fsl_ftm.o" -MT"drivers/fsl_ftm.d" -o "drivers/fsl_ftm.o" "../drivers/fsl_ftm.c"
arm-none-eabi-gcc -D__REDLIB__ -DCPU_MK64FN1M0VLL12 -DCPU_MK64FN1M0VLL12_cm4 -DSDK_OS_BAREMETAL -DSERIAL_PORT_TYPE_UART=1 -DSDK_DEBUGCONSOLE=0 -DCR_INTEGER_PRINTF -DPRINTF_FLOAT_ENABLE=0 -D__MCUXPRESSO -D__USE_CMSIS -DDEBUG -I"C:\Users\jmtri\OneDrive\Desktop\MCO 556\Lab 6 - Pulse Width Modulation (PWM)\Lab6_PWM_pinPTC2_1btn\board" -I"C:\Users\jmtri\OneDrive\Desktop\MCO 556\Lab 6 - Pulse Width Modulation (PWM)\Lab6_PWM_pinPTC2_1btn\source" -I"C:\Users\jmtri\OneDrive\Desktop\MCO 556\Lab 6 - Pulse Width Modulation (PWM)\Lab6_PWM_pinPTC2_1btn\utilities" -I"C:\Users\jmtri\OneDrive\Desktop\MCO 556\Lab 6 - Pulse Width Modulation (PWM)\Lab6_PWM_pinPTC2_1btn\drivers" -I"C:\Users\jmtri\OneDrive\Desktop\MCO 556\Lab 6 - Pulse Width Modulation (PWM)\Lab6_PWM_pinPTC2_1btn\device" -I"C:\Users\jmtri\OneDrive\Desktop\MCO 556\Lab 6 - Pulse Width Modulation (PWM)\Lab6_PWM_pinPTC2_1btn\component\serial_manager" -I"C:\Users\jmtri\OneDrive\Desktop\MCO 556\Lab 6 - Pulse Width Modulation (PWM)\Lab6_PWM_pinPTC2_1btn\component\lists" -I"C:\Users\jmtri\OneDrive\Desktop\MCO 556\Lab 6 - Pulse Width Modulation (PWM)\Lab6_PWM_pinPTC2_1btn\CMSIS" -I"C:\Users\jmtri\OneDrive\Desktop\MCO 556\Lab 6 - Pulse Width Modulation (PWM)\Lab6_PWM_pinPTC2_1btn\component\uart" -O0 -fno-common -g3 -gdwarf-4 -Wall -c -ffunction-sections -fdata-sections -ffreestanding -fno-builtin -fmerge-constants -fmacro-prefix-map="../drivers/"= -mcpu=cortex-m4 -mfpu=fpv4-sp-d16 -mfloat-abi=hard -mthumb -D__REDLIB__ -fstack-usage -specs=redlib.specs -MMD -MP -MF"drivers/fsl_gpio.d" -MT"drivers/fsl_gpio.o" -MT"drivers/fsl_gpio.d" -o "drivers/fsl_gpio.o" "../drivers/fsl_gpio.c"
Invoking: MCU C Compiler
arm-none-eabi-gcc -D__REDLIB__ -DCPU_MK64FN1M0VLL12 -DCPU_MK64FN1M0VLL12_cm4 -DSDK_OS_BAREMETAL -DSERIAL_PORT_TYPE_UART=1 -DSDK_DEBUGCONSOLE=0 -DCR_INTEGER_PRINTF -DPRINTF_FLOAT_ENABLE=0 -D__MCUXPRESSO -D__USE_CMSIS -DDEBUG -I"C:\Users\jmtri\OneDrive\Desktop\MCO 556\Lab 6 - Pulse Width Modulation (PWM)\Lab6_PWM_pinPTC2_1btn\board" -I"C:\Users\jmtri\OneDrive\Desktop\MCO 556\Lab 6 - Pulse Width Modulation (PWM)\Lab6_PWM_pinPTC2_1btn\source" -I"C:\Users\jmtri\OneDrive\Desktop\MCO 556\Lab 6 - Pulse Width Modulation (PWM)\Lab6_PWM_pinPTC2_1btn\utilities" -I"C:\Users\jmtri\OneDrive\Desktop\MCO 556\Lab 6 - Pulse Width Modulation (PWM)\Lab6_PWM_pinPTC2_1btn\drivers" -I"C:\Users\jmtri\OneDrive\Desktop\MCO 556\Lab 6 - Pulse Width Modulation (PWM)\Lab6_PWM_pinPTC2_1btn\device" -I"C:\Users\jmtri\OneDrive\Desktop\MCO 556\Lab 6 - Pulse Width Modulation (PWM)\Lab6_PWM_pinPTC2_1btn\component\serial_manager" -I"C:\Users\jmtri\OneDrive\Desktop\MCO 556\Lab 6 - Pulse Width Modulation (PWM)\Lab6_PWM_pinPTC2_1btn\component\lists" -I"C:\Users\jmtri\OneDrive\Desktop\MCO 556\Lab 6 - Pulse Width Modulation (PWM)\Lab6_PWM_pinPTC2_1btn\CMSIS" -I"C:\Users\jmtri\OneDrive\Desktop\MCO 556\Lab 6 - Pulse Width Modulation (PWM)\Lab6_PWM_pinPTC2_1btn\component\uart" -O0 -fno-common -g3 -gdwarf-4 -Wall -c -ffunction-sections -fdata-sections -ffreestanding -fno-builtin -fmerge-constants -fmacro-prefix-map="../drivers/"= -mcpu=cortex-m4 -mfpu=fpv4-sp-d16 -mfloat-abi=hard -mthumb -D__REDLIB__ -fstack-usage -specs=redlib.specs -MMD -MP -MF"drivers/fsl_i2c.d" -MT"drivers/fsl_i2c.o" -MT"drivers/fsl_i2c.d" -o "drivers/fsl_i2c.o" "../drivers/fsl_i2c.c"
Building file: ../drivers/fsl_smc.c
Building file: ../drivers/fsl_uart.c
Invoking: MCU C Compiler
arm-none-eabi-gcc -D__REDLIB__ -DCPU_MK64FN1M0VLL12 -DCPU_MK64FN1M0VLL12_cm4 -DSDK_OS_BAREMETAL -DSERIAL_PORT_TYPE_UART=1 -DSDK_DEBUGCONSOLE=0 -DCR_INTEGER_PRINTF -DPRINTF_FLOAT_ENABLE=0 -D__MCUXPRESSO -D__USE_CMSIS -DDEBUG -I"C:\Users\jmtri\OneDrive\Desktop\MCO 556\Lab 6 - Pulse Width Modulation (PWM)\Lab6_PWM_pinPTC2_1btn\board" -I"C:\Users\jmtri\OneDrive\Desktop\MCO 556\Lab 6 - Pulse Width Modulation (PWM)\Lab6_PWM_pinPTC2_1btn\source" -I"C:\Users\jmtri\OneDrive\Desktop\MCO 556\Lab 6 - Pulse Width Modulation (PWM)\Lab6_PWM_pinPTC2_1btn\utilities" -I"C:\Users\jmtri\OneDrive\Desktop\MCO 556\Lab 6 - Pulse Width Modulation (PWM)\Lab6_PWM_pinPTC2_1btn\drivers" -I"C:\Users\jmtri\OneDrive\Desktop\MCO 556\Lab 6 - Pulse Width Modulation (PWM)\Lab6_PWM_pinPTC2_1btn\device" -I"C:\Users\jmtri\OneDrive\Desktop\MCO 556\Lab 6 - Pulse Width Modulation (PWM)\Lab6_PWM_pinPTC2_1btn\component\serial_manager" -I"C:\Users\jmtri\OneDrive\Desktop\MCO 556\Lab 6 - Pulse Width Modulation (PWM)\Lab6_PWM_pinPTC2_1btn\component\lists" -I"C:\Users\jmtri\OneDrive\Desktop\MCO 556\Lab 6 - Pulse Width Modulation (PWM)\Lab6_PWM_pinPTC2_1btn\CMSIS" -I"C:\Users\jmtri\OneDrive\Desktop\MCO 556\Lab 6 - Pulse Width Modulation (PWM)\Lab6_PWM_pinPTC2_1btn\component\uart" -O0 -fno-common -g3 -gdwarf-4 -Wall -c -ffunction-sections -fdata-sections -ffreestanding -fno-builtin -fmerge-constants -fmacro-prefix-map="../drivers/"= -mcpu=cortex-m4 -mfpu=fpv4-sp-d16 -mfloat-abi=hard -mthumb -D__REDLIB__ -fstack-usage -specs=redlib.specs -MMD -MP -MF"drivers/fsl_smc.d" -MT"drivers/fsl_smc.o" -MT"drivers/fsl_smc.d" -o "drivers/fsl_smc.o" "../drivers/fsl_smc.c"
Building file: ../device/system_MK64F12.c
Invoking: MCU C Compiler
arm-none-eabi-gcc -D__REDLIB__ -DCPU_MK64FN1M0VLL12 -DCPU_MK64FN1M0VLL12_cm4 -DSDK_OS_BAREMETAL -DSERIAL_PORT_TYPE_UART=1 -DSDK_DEBUGCONSOLE=0 -DCR_INTEGER_PRINTF -DPRINTF_FLOAT_ENABLE=0 -D__MCUXPRESSO -D__USE_CMSIS -DDEBUG -I"C:\Users\jmtri\OneDrive\Desktop\MCO 556\Lab 6 - Pulse Width Modulation (PWM)\Lab6_PWM_pinPTC2_1btn\board" -I"C:\Users\jmtri\OneDrive\Desktop\MCO 556\Lab 6 - Pulse Width Modulation (PWM)\Lab6_PWM_pinPTC2_1btn\source" -I"C:\Users\jmtri\OneDrive\Desktop\MCO 556\Lab 6 - Pulse Width Modulation (PWM)\Lab6_PWM_pinPTC2_1btn\utilities" -I"C:\Users\jmtri\OneDrive\Desktop\MCO 556\Lab 6 - Pulse Width Modulation (PWM)\Lab6_PWM_pinPTC2_1btn\drivers" -I"C:\Users\jmtri\OneDrive\Desktop\MCO 556\Lab 6 - Pulse Width Modulation (PWM)\Lab6_PWM_pinPTC2_1btn\device" -I"C:\Users\jmtri\OneDrive\Desktop\MCO 556\Lab 6 - Pulse Width Modulation (PWM)\Lab6_PWM_pinPTC2_1btn\component\serial_manager" -I"C:\Users\jmtri\OneDrive\Desktop\MCO 556\Lab 6 - Pulse Width Modulation (PWM)\Lab6_PWM_pinPTC2_1btn\component\lists" -I"C:\Users\jmtri\OneDrive\Desktop\MCO 556\Lab 6 - Pulse Width Modulation (PWM)\Lab6_PWM_pinPTC2_1btn\CMSIS" -I"C:\Users\jmtri\OneDrive\Desktop\MCO 556\Lab 6 - Pulse Width Modulation (PWM)\Lab6_PWM_pinPTC2_1btn\component\uart" -O0 -fno-common -g3 -gdwarf-4 -Wall -c -ffunction-sections -fdata-sections -ffreestanding -fno-builtin -fmerge-constants -fmacro-prefix-map="../drivers/"= -mcpu=cortex-m4 -mfpu=fpv4-sp-d16 -mfloat-abi=hard -mthumb -D__REDLIB__ -fstack-usage -specs=redlib.specs -MMD -MP -MF"drivers/fsl_uart.d" -MT"drivers/fsl_uart.o" -MT"drivers/fsl_uart.d" -o "drivers/fsl_uart.o" "../drivers/fsl_uart.c"
Invoking: MCU C Compiler
[...]
../source/Lab6_PWM_pinPTC2_2btn.c: In function 'main':
../source/Lab6_PWM_pinPTC2_2btn.c:55:91: error: 'i' undeclared (first use in this function)
   55 |                 FTM_UpdatePwmDutycycle(FTM0_PERIPHERAL, kFTM_Chnl_1, kFTM_EdgeAlignedPwm, i);
      |                                                                                           ^
../source/Lab6_PWM_pinPTC2_2btn.c:55:91: note: each undeclared identifier is reported only once for each function it appears in
make[1]: *** [source/subdir.mk:23: source/Lab6_PWM_pinPTC2_2btn.o] Error 1
make: *** [makefile:43: all] Error 2
"make -r -j8 all" terminated with exit code 2. Build might be incomplete.
09:33:58 **** Incremental Build of configuration Debug for project Lab6_PWM_pinPTC2_2btn ****
make -r -j8 all 
Building file: ../source/Lab6_PWM_pinPTC2_2btn.c
Invoking: MCU C Compiler
arm-none-eabi-gcc -D__REDLIB__ -DCPU_MK64FN1M0VLL12 -DCPU_MK64FN1M0VLL12_cm4 -DSDK_OS_BAREMETAL -DSERIAL_PORT_TYPE_UART=1 -DSDK_DEBUGCONSOLE=0 -DCR_INTEGER_PRINTF -DPRINTF_FLOAT_ENABLE=0 -D__MCUXPRESSO -D__USE_CMSIS -DDEBUG -I"C:\Users\jmtri\Desktop\MCO 556\Lab 6 - Pulse Width Modulation (PWM)\Lab6_PWM_pinPTC2_2btn\board" -I"C:\Users\jmtri\Desktop\MCO 556\Lab 6 - Pulse Width Modulation (PWM)\Lab6_PWM_pinPTC2_2btn\source" -I"C:\Users\jmtri\Desktop\MCO 556\Lab 6 - Pulse Width Modulation (PWM)\Lab6_PWM_pinPTC2_2btn\utilities" -I"C:\Users\jmtri\Desktop\MCO 556\Lab 6 - Pulse Width Modulation (PWM)\Lab6_PWM_pinPTC2_2btn\drivers" -I"C:\Users\jmtri\Desktop\MCO 556\Lab 6 - Pulse Width Modulation (PWM)\Lab6_PWM_pinPTC2_2btn\device" -I"C:\Users\jmtri\Desktop\MCO 556\Lab 6 - Pulse Width Modulation (PWM)\Lab6_PWM_pinPTC2_2btn\component\serial_manager" -I"C:\Users\jmtri\Desktop\MCO 556\Lab 6 - Pulse Width Modulation (PWM)\Lab6_PWM_pinPTC2_2btn\component\lists" -I"C:\Users\jmtri\Desktop\MCO 556\Lab 6 - Pulse Width Modulation (PWM)\Lab6_PWM_pinPTC2_2btn\CMSIS" -I"C:\Users\jmtri\Desktop\MCO 556\Lab 6 - Pulse Width Modulation (PWM)\Lab6_PWM_pinPTC2_2btn\component\uart" -O0 -fno-common -g3 -gdwarf-4 -Wall -c -ffunction-sections -fdata-sections -ffreestanding -fno-builtin -fmerge-constants -fmacro-prefix-map="../source/"= -mcpu=cortex-m4 -mfpu=fpv4-sp-d16 -mfloat-abi=hard -mthumb -D__REDLIB__ -fstack-usage -specs=redlib.specs -MMD -MP -MF"source/Lab6_PWM_pinPTC2_2btn.d" -MT"source/Lab6_PWM_pinPTC2_2btn.o" -MT"source/Lab6_PWM_pinPTC2_2btn.d" -o "source/Lab6_PWM_pinPTC2_2btn.o" "../source/Lab6_PWM_pinPTC2_2btn.c"
Finished building: ../source/Lab6_PWM_pinPTC2_2btn.c
 
Building target: Lab6_PWM_pinPTC2_2btn.axf
Invoking: MCU Linker
arm-none-eabi-gcc -nostdlib -Xlinker -Map="Lab6_PWM_pinPTC2_2btn.map" -Xlinker --gc-sections -Xlinker -print-memory-usage -Xlinker --sort-section=alignment -Xlinker --cref -mcpu=cortex-m4 -mfpu=fpv4-sp-d16 -mfloat-abi=hard -mthumb -T Lab6_PWM_pinPTC2_2btn_Debug.ld -o "Lab6_PWM_pinPTC2_2btn.axf" ./utilities/fsl_debug_console.o ./utilities/fsl_str.o  ./startup/startup_mk64f12.o  ./source/Lab6_PWM_pinPTC2_2btn.o ./source/semihost_hardfault.o  ./drivers/fsl_adc16.o ./drivers/fsl_clock.o ./drivers/fsl_common.o ./drivers/fsl_common_arm.o ./drivers/fsl_ftm.o ./drivers/fsl_gpio.o ./drivers/fsl_i2c.o ./drivers/fsl_smc.o ./drivers/fsl_uart.o  ./device/system_MK64F12.o  ./component/uart/fsl_adapter_uart.o  ./component/serial_manager/fsl_component_serial_manager.o ./component/serial_manager/fsl_component_serial_port_uart.o  ./component/lists/fsl_component_generic_list.o  ./board/board.o ./board/clock_config.o ./board/peripherals.o ./board/pin_mux.o   
Memory region         Used Size  Region Size  %age Used
   PROGRAM_FLASH:       15944 B         1 MB      1.52%
      SRAM_UPPER:        8464 B       192 KB      4.31%
      SRAM_LOWER:          0 GB        64 KB      0.00%
        FLEX_RAM:          0 GB         4 KB      0.00%
Finished building target: Lab6_PWM_pinPTC2_2btn.axf
 
Performing post-build steps
arm-none-eabi-size "Lab6_PWM_pinPTC2_2btn.axf"; # arm-none-eabi-objcopy -v -O binary "Lab6_PWM_pinPTC2_2btn.axf" "Lab6_PWM_pinPTC2_2btn.bin" ; # checksum -p MK64FN1M0xxx12 -d "Lab6_PWM_pinPTC2_2btn.bin";
   text	   data	    bss	    dec	    hex	filename
  15928	     16	   8448	  24392	   5f48	Lab6_PWM_pinPTC2_2btn.axf
 
09:35:06 **** Incremental Build of configuration Debug for project Lab6_PWM_pinPTC2_2btn ****
make -r -j8 all 
Building file: ../source/Lab6_PWM_pinPTC2_2btn.c
Invoking: MCU C Compiler
arm-none-eabi-gcc -D__REDLIB__ -DCPU_MK64FN1M0VLL12 -DCPU_MK64FN1M0VLL12_cm4 -DSDK_OS_BAREMETAL -DSERIAL_PORT_TYPE_UART=1 -DSDK_DEBUGCONSOLE=0 -DCR_INTEGER_PRINTF -DPRINTF_FLOAT_ENABLE=0 -D__MCUXPRESSO -D__USE_CMSIS -DDEBUG -I"C:\Users\jmtri\Desktop\MCO 556\Lab 6 - Pulse Width Modulation (PWM)\Lab6_PWM_pinPTC2_2btn\board" -I"C:\Users\jmtri\Desktop\MCO 556\Lab 6 - Pulse Width Modulation (PWM)\Lab6_PWM_pinPTC2_2btn\source" -I"C:\Users\jmtri\Desktop\MCO 556\Lab 6 - Pulse Width Modulation (PWM)\Lab6_PWM_pinPTC2_2btn\utilities" -I"C:\Users\jmtri\Desktop\MCO 556\Lab 6 - Pulse Width Modulation (PWM)\Lab6_PWM_pinPTC2_2btn\drivers" -I"C:\Users\jmtri\Desktop\MCO 556\Lab 6 - Pulse Width Modulation (PWM)\Lab6_PWM_pinPTC2_2btn\device" -I"C:\Users\jmtri\Desktop\MCO 556\Lab 6 - Pulse Width Modulation (PWM)\Lab6_PWM_pinPTC2_2btn\component\serial_manager" -I"C:\Users\jmtri\Desktop\MCO 556\Lab 6 - Pulse Width Modulation (PWM)\Lab6_PWM_pinPTC2_2btn\component\lists" -I"C:\Users\jmtri\Desktop\MCO 556\Lab 6 - Pulse Width Modulation (PWM)\Lab6_PWM_pinPTC2_2btn\CMSIS" -I"C:\Users\jmtri\Desktop\MCO 556\Lab 6 - Pulse Width Modulation (PWM)\Lab6_PWM_pinPTC2_2btn\component\uart" -O0 -fno-common -g3 -gdwarf-4 -Wall -c -ffunction-sections -fdata-sections -ffreestanding -fno-builtin -fmerge-constants -fmacro-prefix-map="../source/"= -mcpu=cortex-m4 -mfpu=fpv4-sp-d16 -mfloat-abi=hard -mthumb -D__REDLIB__ -fstack-usage -specs=redlib.specs -MMD -MP -MF"source/Lab6_PWM_pinPTC2_2btn.d" -MT"source/Lab6_PWM_pinPTC2_2btn.o" -MT"source/Lab6_PWM_pinPTC2_2btn.d" -o "source/Lab6_PWM_pinPTC2_2btn.o" "../source/Lab6_PWM_pinPTC2_2btn.c"
Finished building: ../source/Lab6_PWM_pinPTC2_2btn.c
 
Building target: Lab6_PWM_pinPTC2_2btn.axf
Invoking: MCU Linker
arm-none-eabi-gcc -nostdlib -Xlinker -Map="Lab6_PWM_pinPTC2_2btn.map" -Xlinker --gc-sections -Xlinker -print-memory-usage -Xlinker --sort-section=alignment -Xlinker --cref -mcpu=cortex-m4 -mfpu=fpv4-sp-d16 -mfloat-abi=hard -mthumb -T Lab6_PWM_pinPTC2_2btn_Debug.ld -o "Lab6_PWM_pinPTC2_2btn.axf" ./utilities/fsl_debug_console.o ./utilities/fsl_str.o  ./startup/startup_mk64f12.o  ./source/Lab6_PWM_pinPTC2_2btn.o ./source/semihost_hardfault.o  ./drivers/fsl_adc16.o ./drivers/fsl_clock.o ./drivers/fsl_common.o ./drivers/fsl_common_arm.o ./drivers/fsl_ftm.o ./drivers/fsl_gpio.o ./drivers/fsl_i2c.o ./drivers/fsl_smc.o ./drivers/fsl_uart.o  ./device/system_MK64F12.o  ./component/uart/fsl_adapter_uart.o  ./component/serial_manager/fsl_component_serial_manager.o ./component/serial_manager/fsl_component_serial_port_uart.o  ./component/lists/fsl_component_generic_list.o  ./board/board.o ./board/clock_config.o ./board/peripherals.o ./board/pin_mux.o   
Memory region         Used Size  Region Size  %age Used
   PROGRAM_FLASH:       15992 B         1 MB      1.53%
      SRAM_UPPER:        8464 B       192 KB      4.31%
      SRAM_LOWER:          0 GB        64 KB      0.00%
        FLEX_RAM:          0 GB         4 KB      0.00%
Finished building target: Lab6_PWM_pinPTC2_2btn.axf
 
Performing post-build steps
arm-none-eabi-size "Lab6_PWM_pinPTC2_2btn.axf"; # arm-none-eabi-objcopy -v -O binary "Lab6_PWM_pinPTC2_2btn.axf" "Lab6_PWM_pinPTC2_2btn.bin" ; # checksum -p MK64FN1M0xxx12 -d "Lab6_PWM_pinPTC2_2btn.bin";
   text	   data	    bss	    dec	    hex	filename
  15976	     16	   8448	  24440	   5f78	Lab6_PWM_pinPTC2_2btn.axf
 
09:36:51 **** Incremental Build of configuration Debug for project Lab6_PWM_pinPTC2_2btn ****
make -r -j8 all 
Building file: ../source/Lab6_PWM_pinPTC2_2btn.c
Invoking: MCU C Compiler
arm-none-eabi-gcc -D__REDLIB__ -DCPU_MK64FN1M0VLL12 -DCPU_MK64FN1M0VLL12_cm4 -DSDK_OS_BAREMETAL -DSERIAL_PORT_TYPE_UART=1 -DSDK_DEBUGCONSOLE=0 -DCR_INTEGER_PRINTF -DPRINTF_FLOAT_ENABLE=0 -D__MCUXPRESSO -D__USE_CMSIS -DDEBUG -I"C:\Users\jmtri\Desktop\MCO 556\Lab 6 - Pulse Width Modulation (PWM)\Lab6_PWM_pinPTC2_2btn\board" -I"C:\Users\jmtri\Desktop\MCO 556\Lab 6 - Pulse Width Modulation (PWM)\Lab6_PWM_pinPTC2_2btn\source" -I"C:\Users\jmtri\Desktop\MCO 556\Lab 6 - Pulse Width Modulation (PWM)\Lab6_PWM_pinPTC2_2btn\utilities" -I"C:\Users\jmtri\Desktop\MCO 556\Lab 6 - Pulse Width Modulation (PWM)\Lab6_PWM_pinPTC2_2btn\drivers" -I"C:\Users\jmtri\Desktop\MCO 556\Lab 6 - Pulse Width Modulation (PWM)\Lab6_PWM_pinPTC2_2btn\device" -I"C:\Users\jmtri\Desktop\MCO 556\Lab 6 - Pulse Width Modulation (PWM)\Lab6_PWM_pinPTC2_2btn\component\serial_manager" -I"C:\Users\jmtri\Desktop\MCO 556\Lab 6 - Pulse Width Modulation (PWM)\Lab6_PWM_pinPTC2_2btn\component\lists" -I"C:\Users\jmtri\Desktop\MCO 556\Lab 6 - Pulse Width Modulation (PWM)\Lab6_PWM_pinPTC2_2btn\CMSIS" -I"C:\Users\jmtri\Desktop\MCO 556\Lab 6 - Pulse Width Modulation (PWM)\Lab6_PWM_pinPTC2_2btn\component\uart" -O0 -fno-common -g3 -gdwarf-4 -Wall -c -ffunction-sections -fdata-sections -ffreestanding -fno-builtin -fmerge-constants -fmacro-prefix-map="../source/"= -mcpu=cortex-m4 -mfpu=fpv4-sp-d16 -mfloat-abi=hard -mthumb -D__REDLIB__ -fstack-usage -specs=redlib.specs -MMD -MP -MF"source/Lab6_PWM_pinPTC2_2btn.d" -MT"source/Lab6_PWM_pinPTC2_2btn.o" -MT"source/Lab6_PWM_pinPTC2_2btn.d" -o "source/Lab6_PWM_pinPTC2_2btn.o" "../source/Lab6_PWM_pinPTC2_2btn.c"
Finished building: ../source/Lab6_PWM_pinPTC2_2btn.c
 
Building target: Lab6_PWM_pinPTC2_2btn.axf
Invoking: MCU Linker
arm-none-eabi-gcc -nostdlib -Xlinker -Map="Lab6_PWM_pinPTC2_2btn.map" -Xlinker --gc-sections -Xlinker -print-memory-usage -Xlinker --sort-section=alignment -Xlinker --cref -mcpu=cortex-m4 -mfpu=fpv4-sp-d16 -mfloat-abi=hard -mthumb -T Lab6_PWM_pinPTC2_2btn_Debug.ld -o "Lab6_PWM_pinPTC2_2btn.axf" ./utilities/fsl_debug_console.o ./utilities/fsl_str.o  ./startup/startup_mk64f12.o  ./source/Lab6_PWM_pinPTC2_2btn.o ./source/semihost_hardfault.o  ./drivers/fsl_adc16.o ./drivers/fsl_clock.o ./drivers/fsl_common.o ./drivers/fsl_common_arm.o ./drivers/fsl_ftm.o ./drivers/fsl_gpio.o ./drivers/fsl_i2c.o ./drivers/fsl_smc.o ./drivers/fsl_uart.o  ./device/system_MK64F12.o  ./component/uart/fsl_adapter_uart.o  ./component/serial_manager/fsl_component_serial_manager.o ./component/serial_manager/fsl_component_serial_port_uart.o  ./component/lists/fsl_component_generic_list.o  ./board/board.o ./board/clock_config.o ./board/peripherals.o ./board/pin_mux.o   
Memory region         Used Size  Region Size  %age Used
   PROGRAM_FLASH:       15992 B         1 MB      1.53%
      SRAM_UPPER:        8464 B       192 KB      4.31%
      SRAM_LOWER:          0 GB        64 KB      0.00%
        FLEX_RAM:          0 GB         4 KB      0.00%
Finished building target: Lab6_PWM_pinPTC2_2btn.axf
 
Performing post-build steps
arm-none-eabi-size "Lab6_PWM_pinPTC2_2btn.axf"; # arm-none-eabi-objcopy -v -O binary "Lab6_PWM_pinPTC2_2btn.axf" "Lab6_PWM_pinPTC2_2btn.bin" ; # checksum -p MK64FN1M0xxx12 -d "Lab6_PWM_pinPTC2_2btn.bin";
   text	   data	    bss	    dec	    hex	filename
  15976	     16	   8448	  24440	   5f78	Lab6_PWM_pinPTC2_2btn.axf
 
09:37:52 **** Incremental Build of configuration Debug for project Lab6_PWM_pinPTC2_2btn ****
make -r -j8 all 
Building file: ../source/Lab6_PWM_pinPTC2_2btn.c
Invoking: MCU C Compiler
arm-none-eabi-gcc -D__REDLIB__ -DCPU_MK64FN1M0VLL12 -DCPU_MK64FN1M0VLL12_cm4 -DSDK_OS_BAREMETAL -DSERIAL_PORT_TYPE_UART=1 -DSDK_DEBUGCONSOLE=0 -DCR_INTEGER_PRINTF -DPRINTF_FLOAT_ENABLE=0 -D__MCUXPRESSO -D__USE_CMSIS -DDEBUG -I"C:\Users\jmtri\Desktop\MCO 556\Lab 6 - Pulse Width Modulation (PWM)\Lab6_PWM_pinPTC2_2btn\board" -I"C:\Users\jmtri\Desktop\MCO 556\Lab 6 - Pulse Width Modulation (PWM)\Lab6_PWM_pinPTC2_2btn\source" -I"C:\Users\jmtri\Desktop\MCO 556\Lab 6 - Pulse Width Modulation (PWM)\Lab6_PWM_pinPTC2_2btn\utilities" -I"C:\Users\jmtri\Desktop\MCO 556\Lab 6 - Pulse Width Modulation (PWM)\Lab6_PWM_pinPTC2_2btn\drivers" -I"C:\Users\jmtri\Desktop\MCO 556\Lab 6 - Pulse Width Modulation (PWM)\Lab6_PWM_pinPTC2_2btn\device" -I"C:\Users\jmtri\Desktop\MCO 556\Lab 6 - Pulse Width Modulation (PWM)\Lab6_PWM_pinPTC2_2btn\component\serial_manager" -I"C:\Users\jmtri\Desktop\MCO 556\Lab 6 - Pulse Width Modulation (PWM)\Lab6_PWM_pinPTC2_2btn\component\lists" -I"C:\Users\jmtri\Desktop\MCO 556\Lab 6 - Pulse Width Modulation (PWM)\Lab6_PWM_pinPTC2_2btn\CMSIS" -I"C:\Users\jmtri\Desktop\MCO 556\Lab 6 - Pulse Width Modulation (PWM)\Lab6_PWM_pinPTC2_2btn\component\uart" -O0 -fno-common -g3 -gdwarf-4 -Wall -c -ffunction-sections -fdata-sections -ffreestanding -fno-builtin -fmerge-constants -fmacro-prefix-map="../source/"= -mcpu=cortex-m4 -mfpu=fpv4-sp-d16 -mfloat-abi=hard -mthumb -D__REDLIB__ -fstack-usage -specs=redlib.specs -MMD -MP -MF"source/Lab6_PWM_pinPTC2_2btn.d" -MT"source/Lab6_PWM_pinPTC2_2btn.o" -MT"source/Lab6_PWM_pinPTC2_2btn.d" -o "source/Lab6_PWM_pinPTC2_2btn.o" "../source/Lab6_PWM_pinPTC2_2btn.c"
Finished building: ../source/Lab6_PWM_pinPTC2_2btn.c
 
Building target: Lab6_PWM_pinPTC2_2btn.axf
Invoking: MCU Linker
arm-none-eabi-gcc -nostdlib -Xlinker -Map="Lab6_PWM_pinPTC2_2btn.map" -Xlinker --gc-sections -Xlinker -print-memory-usage -Xlinker --sort-section=alignment -Xlinker --cref -mcpu=cortex-m4 -mfpu=fpv4-sp-d16 -mfloat-abi=hard -mthumb -T Lab6_PWM_pinPTC2_2btn_Debug.ld -o "Lab6_PWM_pinPTC2_2btn.axf" ./utilities/fsl_debug_console.o ./utilities/fsl_str.o  ./startup/startup_mk64f12.o  ./source/Lab6_PWM_pinPTC2_2btn.o ./source/semihost_hardfault.o  ./drivers/fsl_adc16.o ./drivers/fsl_clock.o ./drivers/fsl_common.o ./drivers/fsl_common_arm.o ./drivers/fsl_ftm.o ./drivers/fsl_gpio.o ./drivers/fsl_i2c.o ./drivers/fsl_smc.o ./drivers/fsl_uart.o  ./device/system_MK64F12.o  ./component/uart/fsl_adapter_uart.o  ./component/serial_manager/fsl_component_serial_manager.o ./component/serial_manager/fsl_component_serial_port_uart.o  ./component/lists/fsl_component_generic_list.o  ./board/board.o ./board/clock_config.o ./board/peripherals.o ./board/pin_mux.o   
Memory region         Used Size  Region Size  %age Used
   PROGRAM_FLASH:       15984 B         1 MB      1.52%
      SRAM_UPPER:        8464 B       192 KB      4.31%
      SRAM_LOWER:          0 GB        64 KB      0.00%
        FLEX_RAM:          0 GB         4 KB      0.00%
Finished building target: Lab6_PWM_pinPTC2_2btn.axf
 
Performing post-build steps
arm-none-eabi-size "Lab6_PWM_pinPTC2_2btn.axf"; # arm-none-eabi-objcopy -v -O binary "Lab6_PWM_pinPTC2_2btn.axf" "Lab6_PWM_pinPTC2_2btn.bin" ; # checksum -p MK64FN1M0xxx12 -d "Lab6_PWM_pinPTC2_2btn.bin";
   text	   data	    bss	    dec	    hex	filename
  15968	     16	   8448	  24432	   5f70	Lab6_PWM_pinPTC2_2btn.axf
 
09:38:56 **** Incremental Build of configuration Debug for project Lab6_PWM_pinPTC2_2btn ****
make -r -j8 all 
Building file: ../source/Lab6_PWM_pinPTC2_2btn.c
Invoking: MCU C Compiler
arm-none-eabi-gcc -D__REDLIB__ -DCPU_MK64FN1M0VLL12 -DCPU_MK64FN1M0VLL12_cm4 -DSDK_OS_BAREMETAL -DSERIAL_PORT_TYPE_UART=1 -DSDK_DEBUGCONSOLE=0 -DCR_INTEGER_PRINTF -DPRINTF_FLOAT_ENABLE=0 -D__MCUXPRESSO -D__USE_CMSIS -DDEBUG -I"C:\Users\jmtri\Desktop\MCO 556\Lab 6 - Pulse Width Modulation (PWM)\Lab6_PWM_pinPTC2_2btn\board" -I"C:\Users\jmtri\Desktop\MCO 556\Lab 6 - Pulse Width Modulation (PWM)\Lab6_PWM_pinPTC2_2btn\source" -I"C:\Users\jmtri\Desktop\MCO 556\Lab 6 - Pulse Width Modulation (PWM)\Lab6_PWM_pinPTC2_2btn\utilities" -I"C:\Users\jmtri\Desktop\MCO 556\Lab 6 - Pulse Width Modulation (PWM)\Lab6_PWM_pinPTC2_2btn\drivers" -I"C:\Users\jmtri\Desktop\MCO 556\Lab 6 - Pulse Width Modulation (PWM)\Lab6_PWM_pinPTC2_2btn\device" -I"C:\Users\jmtri\Desktop\MCO 556\Lab 6 - Pulse Width Modulation (PWM)\Lab6_PWM_pinPTC2_2btn\component\serial_manager" -I"C:\Users\jmtri\Desktop\MCO 556\Lab 6 - Pulse Width Modulation (PWM)\Lab6_PWM_pinPTC2_2btn\component\lists" -I"C:\Users\jmtri\Desktop\MCO 556\Lab 6 - Pulse Width Modulation (PWM)\Lab6_PWM_pinPTC2_2btn\CMSIS" -I"C:\Users\jmtri\Desktop\MCO 556\Lab 6 - Pulse Width Modulation (PWM)\Lab6_PWM_pinPTC2_2btn\component\uart" -O0 -fno-common -g3 -gdwarf-4 -Wall -c -ffunction-sections -fdata-sections -ffreestanding -fno-builtin -fmerge-constants -fmacro-prefix-map="../source/"= -mcpu=cortex-m4 -mfpu=fpv4-sp-d16 -mfloat-abi=hard -mthumb -D__REDLIB__ -fstack-usage -specs=redlib.specs -MMD -MP -MF"source/Lab6_PWM_pinPTC2_2btn.d" -MT"source/Lab6_PWM_pinPTC2_2btn.o" -MT"source/Lab6_PWM_pinPTC2_2btn.d" -o "source/Lab6_PWM_pinPTC2_2btn.o" "../source/Lab6_PWM_pinPTC2_2btn.c"
Finished building: ../source/Lab6_PWM_pinPTC2_2btn.c
 
Building target: Lab6_PWM_pinPTC2_2btn.axf
Invoking: MCU Linker
arm-none-eabi-gcc -nostdlib -Xlinker -Map="Lab6_PWM_pinPTC2_2btn.map" -Xlinker --gc-sections -Xlinker -print-memory-usage -Xlinker --sort-section=alignment -Xlinker --cref -mcpu=cortex-m4 -mfpu=fpv4-sp-d16 -mfloat-abi=hard -mthumb -T Lab6_PWM_pinPTC2_2btn_Debug.ld -o "Lab6_PWM_pinPTC2_2btn.axf" ./utilities/fsl_debug_console.o ./utilities/fsl_str.o  ./startup/startup_mk64f12.o  ./source/Lab6_PWM_pinPTC2_2btn.o ./source/semihost_hardfault.o  ./drivers/fsl_adc16.o ./drivers/fsl_clock.o ./drivers/fsl_common.o ./drivers/fsl_common_arm.o ./drivers/fsl_ftm.o ./drivers/fsl_gpio.o ./drivers/fsl_i2c.o ./drivers/fsl_smc.o ./drivers/fsl_uart.o  ./device/system_MK64F12.o  ./component/uart/fsl_adapter_uart.o  ./component/serial_manager/fsl_component_serial_manager.o ./component/serial_manager/fsl_component_serial_port_uart.o  ./component/lists/fsl_component_generic_list.o  ./board/board.o ./board/clock_config.o ./board/peripherals.o ./board/pin_mux.o   
Memory region         Used Size  Region Size  %age Used
   PROGRAM_FLASH:       15984 B         1 MB      1.52%
      SRAM_UPPER:        8464 B       192 KB      4.31%
      SRAM_LOWER:          0 GB        64 KB      0.00%
        FLEX_RAM:          0 GB         4 KB      0.00%
Finished building target: Lab6_PWM_pinPTC2_2btn.axf
 
Performing post-build steps
arm-none-eabi-size "Lab6_PWM_pinPTC2_2btn.axf"; # arm-none-eabi-objcopy -v -O binary "Lab6_PWM_pinPTC2_2btn.axf" "Lab6_PWM_pinPTC2_2btn.bin" ; # checksum -p MK64FN1M0xxx12 -d "Lab6_PWM_pinPTC2_2btn.bin";
   text	   data	    bss	    dec	    hex	filename
  15968	     16	   8448	  24432	   5f70	Lab6_PWM_pinPTC2_2btn.axf
 
