14:17:22 **** Incremental Build of configuration Debug for project Lab6_PWM_pinPTC2 ****
make -r -j8 all 
make[1]: Nothing to be done for 'main-build'.
Performing post-build steps
arm-none-eabi-size "Lab6_PWM_pinPTC2.axf"; # arm-none-eabi-objcopy -v -O binary "Lab6_PWM_pinPTC2.axf" "Lab6_PWM_pinPTC2.bin" ; # checksum -p MK64FN1M0xxx12 -d "Lab6_PWM_pinPTC2.bin";
   text	   data	    bss	    dec	    hex	filename
  14920	     16	   8440	  23376	   5b50	Lab6_PWM_pinPTC2.axf
 

14:17:23 Build Finished. 0 errors, 0 warnings. (took 272ms)

