E:\MCO 556\Lab 2 - Getting Started With MCUXpresso IDE\frdmk64f_led_blinky\CMSIS/core_cm4.h:1809:22:__NVIC_SetPriority	16	static
E:\MCO 556\Lab 2 - Getting Started With MCUXpresso IDE\frdmk64f_led_blinky\CMSIS/core_cm4.h:2017:26:SysTick_Config	16	static
E:\MCO 556\Lab 2 - Getting Started With MCUXpresso IDE\frdmk64f_led_blinky\drivers/fsl_gpio.h:221:20:GPIO_PortToggle	16	static
../source/led_blinky.c:10:6:SysTick_Handler	4	static
../source/led_blinky.c:18:6:SysTick_DelayTicks	16	static
../source/led_blinky.c:29:5:main	8	static
