14:18:30 **** Build of configuration Debug for project MK64F12_Project ****
make -r -j8 all 
Building file: ../utilities/fsl_debug_console.c
Building file: ../utilities/fsl_str.c
Building file: ../startup/startup_mk64f12.c
Building file: ../source/MK64F12_Project.c
Building file: ../source/semihost_hardfault.c
Invoking: MCU C Compiler
arm-none-eabi-gcc -D__REDLIB__ -DCPU_MK64FN1M0VLL12 -DCPU_MK64FN1M0VLL12_cm4 -DSDK_OS_BAREMETAL -DSERIAL_PORT_TYPE_UART=1 -DSDK_DEBUGCONSOLE=0 -DCR_INTEGER_PRINTF -DPRINTF_FLOAT_ENABLE=0 -D__MCUXPRESSO -D__USE_CMSIS -DDEBUG -I"E:\MCO 556\Lab 4 - Using Config Tools\MK64F12_Project\board" -I"E:\MCO 556\Lab 4 - Using Config Tools\MK64F12_Project\source" -I"E:\MCO 556\Lab 4 - Using Config Tools\MK64F12_Project\utilities" -I"E:\MCO 556\Lab 4 - Using Config Tools\MK64F12_Project\drivers" -I"E:\MCO 556\Lab 4 - Using Config Tools\MK64F12_Project\device" -I"E:\MCO 556\Lab 4 - Using Config Tools\MK64F12_Project\component\serial_manager" -I"E:\MCO 556\Lab 4 - Using Config Tools\MK64F12_Project\component\lists" -I"E:\MCO 556\Lab 4 - Using Config Tools\MK64F12_Project\CMSIS" -I"E:\MCO 556\Lab 4 - Using Config Tools\MK64F12_Project\component\uart" -O0 -fno-common -g3 -gdwarf-4 -Wall -c -ffunction-sections -fdata-sections -ffreestanding -fno-builtin -fmerge-constants -fmacro-prefix-map="../utilities/"= -mcpu=cortex-m4 -mfpu=fpv4-sp-d16 -mfloat-abi=hard -mthumb -D__REDLIB__ -fstack-usage -specs=redlib.specs -MMD -MP -MF"utilities/fsl_debug_console.d" -MT"utilities/fsl_debug_console.o" -MT"utilities/fsl_debug_console.d" -o "utilities/fsl_debug_console.o" "../utilities/fsl_debug_console.c"
Invoking: MCU C Compiler
Building file: ../drivers/fsl_clock.c
Building file: ../drivers/fsl_adc16.c
Invoking: MCU C Compiler
Invoking: MCU C Compiler
Invoking: MCU C Compiler
arm-none-eabi-gcc -D__REDLIB__ -DCPU_MK64FN1M0VLL12 -DCPU_MK64FN1M0VLL12_cm4 -DSDK_OS_BAREMETAL -DSERIAL_PORT_TYPE_UART=1 -DSDK_DEBUGCONSOLE=0 -DCR_INTEGER_PRINTF -DPRINTF_FLOAT_ENABLE=0 -D__MCUXPRESSO -D__USE_CMSIS -DDEBUG -I"E:\MCO 556\Lab 4 - Using Config Tools\MK64F12_Project\board" -I"E:\MCO 556\Lab 4 - Using Config Tools\MK64F12_Project\source" -I"E:\MCO 556\Lab 4 - Using Config Tools\MK64F12_Project\utilities" -I"E:\MCO 556\Lab 4 - Using Config Tools\MK64F12_Project\drivers" -I"E:\MCO 556\Lab 4 - Using Config Tools\MK64F12_Project\device" -I"E:\MCO 556\Lab 4 - Using Config Tools\MK64F12_Project\component\serial_manager" -I"E:\MCO 556\Lab 4 - Using Config Tools\MK64F12_Project\component\lists" -I"E:\MCO 556\Lab 4 - Using Config Tools\MK64F12_Project\CMSIS" -I"E:\MCO 556\Lab 4 - Using Config Tools\MK64F12_Project\component\uart" -O0 -fno-common -g3 -gdwarf-4 -Wall -c -ffunction-sections -fdata-sections -ffreestanding -fno-builtin -fmerge-constants -fmacro-prefix-map="../source/"= -mcpu=cortex-m4 -mfpu=fpv4-sp-d16 -mfloat-abi=hard -mthumb -D__REDLIB__ -fstack-usage -specs=redlib.specs -MMD -MP -MF"source/semihost_hardfault.d" -MT"source/semihost_hardfault.o" -MT"source/semihost_hardfault.d" -o "source/semihost_hardfault.o" "../source/semihost_hardfault.c"
Building file: ../drivers/fsl_common.c
arm-none-eabi-gcc -D__REDLIB__ -DCPU_MK64FN1M0VLL12 -DCPU_MK64FN1M0VLL12_cm4 -DSDK_OS_BAREMETAL -DSERIAL_PORT_TYPE_UART=1 -DSDK_DEBUGCONSOLE=0 -DCR_INTEGER_PRINTF -DPRINTF_FLOAT_ENABLE=0 -D__MCUXPRESSO -D__USE_CMSIS -DDEBUG -I"E:\MCO 556\Lab 4 - Using Config Tools\MK64F12_Project\board" -I"E:\MCO 556\Lab 4 - Using Config Tools\MK64F12_Project\source" -I"E:\MCO 556\Lab 4 - Using Config Tools\MK64F12_Project\utilities" -I"E:\MCO 556\Lab 4 - Using Config Tools\MK64F12_Project\drivers" -I"E:\MCO 556\Lab 4 - Using Config Tools\MK64F12_Project\device" -I"E:\MCO 556\Lab 4 - Using Config Tools\MK64F12_Project\component\serial_manager" -I"E:\MCO 556\Lab 4 - Using Config Tools\MK64F12_Project\component\lists" -I"E:\MCO 556\Lab 4 - Using Config Tools\MK64F12_Project\CMSIS" -I"E:\MCO 556\Lab 4 - Using Config Tools\MK64F12_Project\component\uart" -O0 -fno-common -g3 -gdwarf-4 -Wall -c -ffunction-sections -fdata-sections -ffreestanding -fno-builtin -fmerge-constants -fmacro-prefix-map="../utilities/"= -mcpu=cortex-m4 -mfpu=fpv4-sp-d16 -mfloat-abi=hard -mthumb -D__REDLIB__ -fstack-usage -specs=redlib.specs -MMD -MP -MF"utilities/fsl_str.d" -MT"utilities/fsl_str.o" -MT"utilities/fsl_str.d" -o "utilities/fsl_str.o" "../utilities/fsl_str.c"
Invoking: MCU C Compiler
arm-none-eabi-gcc -D__REDLIB__ -DCPU_MK64FN1M0VLL12 -DCPU_MK64FN1M0VLL12_cm4 -DSDK_OS_BAREMETAL -DSERIAL_PORT_TYPE_UART=1 -DSDK_DEBUGCONSOLE=0 -DCR_INTEGER_PRINTF -DPRINTF_FLOAT_ENABLE=0 -D__MCUXPRESSO -D__USE_CMSIS -DDEBUG -I"E:\MCO 556\Lab 4 - Using Config Tools\MK64F12_Project\board" -I"E:\MCO 556\Lab 4 - Using Config Tools\MK64F12_Project\source" -I"E:\MCO 556\Lab 4 - Using Config Tools\MK64F12_Project\utilities" -I"E:\MCO 556\Lab 4 - Using Config Tools\MK64F12_Project\drivers" -I"E:\MCO 556\Lab 4 - Using Config Tools\MK64F12_Project\device" -I"E:\MCO 556\Lab 4 - Using Config Tools\MK64F12_Project\component\serial_manager" -I"E:\MCO 556\Lab 4 - Using Config Tools\MK64F12_Project\component\lists" -I"E:\MCO 556\Lab 4 - Using Config Tools\MK64F12_Project\CMSIS" -I"E:\MCO 556\Lab 4 - Using Config Tools\MK64F12_Project\component\uart" -O0 -fno-common -g3 -gdwarf-4 -Wall -c -ffunction-sections -fdata-sections -ffreestanding -fno-builtin -fmerge-constants -fmacro-prefix-map="../startup/"= -mcpu=cortex-m4 -mfpu=fpv4-sp-d16 -mfloat-abi=hard -mthumb -D__REDLIB__ -fstack-usage -specs=redlib.specs -MMD -MP -MF"startup/startup_mk64f12.d" -MT"startup/startup_mk64f12.o" -MT"startup/startup_mk64f12.d" -o "startup/startup_mk64f12.o" "../startup/startup_mk64f12.c"
arm-none-eabi-gcc -D__REDLIB__ -DCPU_MK64FN1M0VLL12 -DCPU_MK64FN1M0VLL12_cm4 -DSDK_OS_BAREMETAL -DSERIAL_PORT_TYPE_UART=1 -DSDK_DEBUGCONSOLE=0 -DCR_INTEGER_PRINTF -DPRINTF_FLOAT_ENABLE=0 -D__MCUXPRESSO -D__USE_CMSIS -DDEBUG -I"E:\MCO 556\Lab 4 - Using Config Tools\MK64F12_Project\board" -I"E:\MCO 556\Lab 4 - Using Config Tools\MK64F12_Project\source" -I"E:\MCO 556\Lab 4 - Using Config Tools\MK64F12_Project\utilities" -I"E:\MCO 556\Lab 4 - Using Config Tools\MK64F12_Project\drivers" -I"E:\MCO 556\Lab 4 - Using Config Tools\MK64F12_Project\device" -I"E:\MCO 556\Lab 4 - Using Config Tools\MK64F12_Project\component\serial_manager" -I"E:\MCO 556\Lab 4 - Using Config Tools\MK64F12_Project\component\lists" -I"E:\MCO 556\Lab 4 - Using Config Tools\MK64F12_Project\CMSIS" -I"E:\MCO 556\Lab 4 - Using Config Tools\MK64F12_Project\component\uart" -O0 -fno-common -g3 -gdwarf-4 -Wall -c -ffunction-sections -fdata-sections -ffreestanding -fno-builtin -fmerge-constants -fmacro-prefix-map="../source/"= -mcpu=cortex-m4 -mfpu=fpv4-sp-d16 -mfloat-abi=hard -mthumb -D__REDLIB__ -fstack-usage -specs=redlib.specs -MMD -MP -MF"source/MK64F12_Project.d" -MT"source/MK64F12_Project.o" -MT"source/MK64F12_Project.d" -o "source/MK64F12_Project.o" "../source/MK64F12_Project.c"
arm-none-eabi-gcc -D__REDLIB__ -DCPU_MK64FN1M0VLL12 -DCPU_MK64FN1M0VLL12_cm4 -DSDK_OS_BAREMETAL -DSERIAL_PORT_TYPE_UART=1 -DSDK_DEBUGCONSOLE=0 -DCR_INTEGER_PRINTF -DPRINTF_FLOAT_ENABLE=0 -D__MCUXPRESSO -D__USE_CMSIS -DDEBUG -I"E:\MCO 556\Lab 4 - Using Config Tools\MK64F12_Project\board" -I"E:\MCO 556\Lab 4 - Using Config Tools\MK64F12_Project\source" -I"E:\MCO 556\Lab 4 - Using Config Tools\MK64F12_Project\utilities" -I"E:\MCO 556\Lab 4 - Using Config Tools\MK64F12_Project\drivers" -I"E:\MCO 556\Lab 4 - Using Config Tools\MK64F12_Project\device" -I"E:\MCO 556\Lab 4 - Using Config Tools\MK64F12_Project\component\serial_manager" -I"E:\MCO 556\Lab 4 - Using Config Tools\MK64F12_Project\component\lists" -I"E:\MCO 556\Lab 4 - Using Config Tools\MK64F12_Project\CMSIS" -I"E:\MCO 556\Lab 4 - Using Config Tools\MK64F12_Project\component\uart" -O0 -fno-common -g3 -gdwarf-4 -Wall -c -ffunction-sections -fdata-sections -ffreestanding -fno-builtin -fmerge-constants -fmacro-prefix-map="../drivers/"= -mcpu=cortex-m4 -mfpu=fpv4-sp-d16 -mfloat-abi=hard -mthumb -D__REDLIB__ -fstack-usage -specs=redlib.specs -MMD -MP -MF"drivers/fsl_adc16.d" -MT"drivers/fsl_adc16.o" -MT"drivers/fsl_adc16.d" -o "drivers/fsl_adc16.o" "../drivers/fsl_adc16.c"
Invoking: MCU C Compiler
Invoking: MCU C Compiler
arm-none-eabi-gcc -D__REDLIB__ -DCPU_MK64FN1M0VLL12 -DCPU_MK64FN1M0VLL12_cm4 -DSDK_OS_BAREMETAL -DSERIAL_PORT_TYPE_UART=1 -DSDK_DEBUGCONSOLE=0 -DCR_INTEGER_PRINTF -DPRINTF_FLOAT_ENABLE=0 -D__MCUXPRESSO -D__USE_CMSIS -DDEBUG -I"E:\MCO 556\Lab 4 - Using Config Tools\MK64F12_Project\board" -I"E:\MCO 556\Lab 4 - Using Config Tools\MK64F12_Project\source" -I"E:\MCO 556\Lab 4 - Using Config Tools\MK64F12_Project\utilities" -I"E:\MCO 556\Lab 4 - Using Config Tools\MK64F12_Project\drivers" -I"E:\MCO 556\Lab 4 - Using Config Tools\MK64F12_Project\device" -I"E:\MCO 556\Lab 4 - Using Config Tools\MK64F12_Project\component\serial_manager" -I"E:\MCO 556\Lab 4 - Using Config Tools\MK64F12_Project\component\lists" -I"E:\MCO 556\Lab 4 - Using Config Tools\MK64F12_Project\CMSIS" -I"E:\MCO 556\Lab 4 - Using Config Tools\MK64F12_Project\component\uart" -O0 -fno-common -g3 -gdwarf-4 -Wall -c -ffunction-sections -fdata-sections -ffreestanding -fno-builtin -fmerge-constants -fmacro-prefix-map="../drivers/"= -mcpu=cortex-m4 -mfpu=fpv4-sp-d16 -mfloat-abi=hard -mthumb -D__REDLIB__ -fstack-usage -specs=redlib.specs -MMD -MP -MF"drivers/fsl_clock.d" -MT"drivers/fsl_clock.o" -MT"drivers/fsl_clock.d" -o "drivers/fsl_clock.o" "../drivers/fsl_clock.c"
arm-none-eabi-gcc -D__REDLIB__ -DCPU_MK64FN1M0VLL12 -DCPU_MK64FN1M0VLL12_cm4 -DSDK_OS_BAREMETAL -DSERIAL_PORT_TYPE_UART=1 -DSDK_DEBUGCONSOLE=0 -DCR_INTEGER_PRINTF -DPRINTF_FLOAT_ENABLE=0 -D__MCUXPRESSO -D__USE_CMSIS -DDEBUG -I"E:\MCO 556\Lab 4 - Using Config Tools\MK64F12_Project\board" -I"E:\MCO 556\Lab 4 - Using Config Tools\MK64F12_Project\source" -I"E:\MCO 556\Lab 4 - Using Config Tools\MK64F12_Project\utilities" -I"E:\MCO 556\Lab 4 - Using Config Tools\MK64F12_Project\drivers" -I"E:\MCO 556\Lab 4 - Using Config Tools\MK64F12_Project\device" -I"E:\MCO 556\Lab 4 - Using Config Tools\MK64F12_Project\component\serial_manager" -I"E:\MCO 556\Lab 4 - Using Config Tools\MK64F12_Project\component\lists" -I"E:\MCO 556\Lab 4 - Using Config Tools\MK64F12_Project\CMSIS" -I"E:\MCO 556\Lab 4 - Using Config Tools\MK64F12_Project\component\uart" -O0 -fno-common -g3 -gdwarf-4 -Wall -c -ffunction-sections -fdata-sections -ffreestanding -fno-builtin -fmerge-constants -fmacro-prefix-map="../drivers/"= -mcpu=cortex-m4 -mfpu=fpv4-sp-d16 -mfloat-abi=hard -mthumb -D__REDLIB__ -fstack-usage -specs=redlib.specs -MMD -MP -MF"drivers/fsl_common.d" -MT"drivers/fsl_common.o" -MT"drivers/fsl_common.d" -o "drivers/fsl_common.o" "../drivers/fsl_common.c"
Finished building: ../startup/startup_mk64f12.c
 
Finished building: ../drivers/fsl_common.c
Building file: ../drivers/fsl_common_arm.c
 
Finished building: ../drivers/fsl_adc16.c
Finished building: ../utilities/fsl_str.c
Finished building: ../utilities/fsl_debug_console.c
Invoking: MCU C Compiler
 
arm-none-eabi-gcc -D__REDLIB__ -DCPU_MK64FN1M0VLL12 -DCPU_MK64FN1M0VLL12_cm4 -DSDK_OS_BAREMETAL -DSERIAL_PORT_TYPE_UART=1 -DSDK_DEBUGCONSOLE=0 -DCR_INTEGER_PRINTF -DPRINTF_FLOAT_ENABLE=0 -D__MCUXPRESSO -D__USE_CMSIS -DDEBUG -I"E:\MCO 556\Lab 4 - Using Config Tools\MK64F12_Project\board" -I"E:\MCO 556\Lab 4 - Using Config Tools\MK64F12_Project\source" -I"E:\MCO 556\Lab 4 - Using Config Tools\MK64F12_Project\utilities" -I"E:\MCO 556\Lab 4 - Using Config Tools\MK64F12_Project\drivers" -I"E:\MCO 556\Lab 4 - Using Config Tools\MK64F12_Project\device" -I"E:\MCO 556\Lab 4 - Using Config Tools\MK64F12_Project\component\serial_manager" -I"E:\MCO 556\Lab 4 - Using Config Tools\MK64F12_Project\component\lists" -I"E:\MCO 556\Lab 4 - Using Config Tools\MK64F12_Project\CMSIS" -I"E:\MCO 556\Lab 4 - Using Config Tools\MK64F12_Project\component\uart" -O0 -fno-common -g3 -gdwarf-4 -Wall -c -ffunction-sections -fdata-sections -ffreestanding -fno-builtin -fmerge-constants -fmacro-prefix-map="../drivers/"= -mcpu=cortex-m4 -mfpu=fpv4-sp-d16 -mfloat-abi=hard -mthumb -D__REDLIB__ -fstack-usage -specs=redlib.specs -MMD -MP -MF"drivers/fsl_common_arm.d" -MT"drivers/fsl_common_arm.o" -MT"drivers/fsl_common_arm.d" -o "drivers/fsl_common_arm.o" "../drivers/fsl_common_arm.c"
 
Building file: ../drivers/fsl_gpio.c
 
Finished building: ../drivers/fsl_clock.c
Invoking: MCU C Compiler
Building file: ../drivers/fsl_i2c.c
arm-none-eabi-gcc -D__REDLIB__ -DCPU_MK64FN1M0VLL12 -DCPU_MK64FN1M0VLL12_cm4 -DSDK_OS_BAREMETAL -DSERIAL_PORT_TYPE_UART=1 -DSDK_DEBUGCONSOLE=0 -DCR_INTEGER_PRINTF -DPRINTF_FLOAT_ENABLE=0 -D__MCUXPRESSO -D__USE_CMSIS -DDEBUG -I"E:\MCO 556\Lab 4 - Using Config Tools\MK64F12_Project\board" -I"E:\MCO 556\Lab 4 - Using Config Tools\MK64F12_Project\source" -I"E:\MCO 556\Lab 4 - Using Config Tools\MK64F12_Project\utilities" -I"E:\MCO 556\Lab 4 - Using Config Tools\MK64F12_Project\drivers" -I"E:\MCO 556\Lab 4 - Using Config Tools\MK64F12_Project\device" -I"E:\MCO 556\Lab 4 - Using Config Tools\MK64F12_Project\component\serial_manager" -I"E:\MCO 556\Lab 4 - Using Config Tools\MK64F12_Project\component\lists" -I"E:\MCO 556\Lab 4 - Using Config Tools\MK64F12_Project\CMSIS" -I"E:\MCO 556\Lab 4 - Using Config Tools\MK64F12_Project\component\uart" -O0 -fno-common -g3 -gdwarf-4 -Wall -c -ffunction-sections -fdata-sections -ffreestanding -fno-builtin -fmerge-constants -fmacro-prefix-map="../drivers/"= -mcpu=cortex-m4 -mfpu=fpv4-sp-d16 -mfloat-abi=hard -mthumb -D__REDLIB__ -fstack-usage -specs=redlib.specs -MMD -MP -MF"drivers/fsl_gpio.d" -MT"drivers/fsl_gpio.o" -MT"drivers/fsl_gpio.d" -o "drivers/fsl_gpio.o" "../drivers/fsl_gpio.c"
Building file: ../drivers/fsl_smc.c
 
Building file: ../drivers/fsl_uart.c
Invoking: MCU C Compiler
Invoking: MCU C Compiler
Building file: ../device/system_MK64F12.c
arm-none-eabi-gcc -D__REDLIB__ -DCPU_MK64FN1M0VLL12 -DCPU_MK64FN1M0VLL12_cm4 -DSDK_OS_BAREMETAL -DSERIAL_PORT_TYPE_UART=1 -DSDK_DEBUGCONSOLE=0 -DCR_INTEGER_PRINTF -DPRINTF_FLOAT_ENABLE=0 -D__MCUXPRESSO -D__USE_CMSIS -DDEBUG -I"E:\MCO 556\Lab 4 - Using Config Tools\MK64F12_Project\board" -I"E:\MCO 556\Lab 4 - Using Config Tools\MK64F12_Project\source" -I"E:\MCO 556\Lab 4 - Using Config Tools\MK64F12_Project\utilities" -I"E:\MCO 556\Lab 4 - Using Config Tools\MK64F12_Project\drivers" -I"E:\MCO 556\Lab 4 - Using Config Tools\MK64F12_Project\device" -I"E:\MCO 556\Lab 4 - Using Config Tools\MK64F12_Project\component\serial_manager" -I"E:\MCO 556\Lab 4 - Using Config Tools\MK64F12_Project\component\lists" -I"E:\MCO 556\Lab 4 - Using Config Tools\MK64F12_Project\CMSIS" -I"E:\MCO 556\Lab 4 - Using Config Tools\MK64F12_Project\component\uart" -O0 -fno-common -g3 -gdwarf-4 -Wall -c -ffunction-sections -fdata-sections -ffreestanding -fno-builtin -fmerge-constants -fmacro-prefix-map="../drivers/"= -mcpu=cortex-m4 -mfpu=fpv4-sp-d16 -mfloat-abi=hard -mthumb -D__REDLIB__ -fstack-usage -specs=redlib.specs -MMD -MP -MF"drivers/fsl_smc.d" -MT"drivers/fsl_smc.o" -MT"drivers/fsl_smc.d" -o "drivers/fsl_smc.o" "../drivers/fsl_smc.c"
Invoking: MCU C Compiler
arm-none-eabi-gcc -D__REDLIB__ -DCPU_MK64FN1M0VLL12 -DCPU_MK64FN1M0VLL12_cm4 -DSDK_OS_BAREMETAL -DSERIAL_PORT_TYPE_UART=1 -DSDK_DEBUGCONSOLE=0 -DCR_INTEGER_PRINTF -DPRINTF_FLOAT_ENABLE=0 -D__MCUXPRESSO -D__USE_CMSIS -DDEBUG -I"E:\MCO 556\Lab 4 - Using Config Tools\MK64F12_Project\board" -I"E:\MCO 556\Lab 4 - Using Config Tools\MK64F12_Project\source" -I"E:\MCO 556\Lab 4 - Using Config Tools\MK64F12_Project\utilities" -I"E:\MCO 556\Lab 4 - Using Config Tools\MK64F12_Project\drivers" -I"E:\MCO 556\Lab 4 - Using Config Tools\MK64F12_Project\device" -I"E:\MCO 556\Lab 4 - Using Config Tools\MK64F12_Project\component\serial_manager" -I"E:\MCO 556\Lab 4 - Using Config Tools\MK64F12_Project\component\lists" -I"E:\MCO 556\Lab 4 - Using Config Tools\MK64F12_Project\CMSIS" -I"E:\MCO 556\Lab 4 - Using Config Tools\MK64F12_Project\component\uart" -O0 -fno-common -g3 -gdwarf-4 -Wall -c -ffunction-sections -fdata-sections -ffreestanding -fno-builtin -fmerge-constants -fmacro-prefix-map="../drivers/"= -mcpu=cortex-m4 -mfpu=fpv4-sp-d16 -mfloat-abi=hard -mthumb -D__REDLIB__ -fstack-usage -specs=redlib.specs -MMD -MP -MF"drivers/fsl_i2c.d" -MT"drivers/fsl_i2c.o" -MT"drivers/fsl_i2c.d" -o "drivers/fsl_i2c.o" "../drivers/fsl_i2c.c"
arm-none-eabi-gcc -D__REDLIB__ -DCPU_MK64FN1M0VLL12 -DCPU_MK64FN1M0VLL12_cm4 -DSDK_OS_BAREMETAL -DSERIAL_PORT_TYPE_UART=1 -DSDK_DEBUGCONSOLE=0 -DCR_INTEGER_PRINTF -DPRINTF_FLOAT_ENABLE=0 -D__MCUXPRESSO -D__USE_CMSIS -DDEBUG -I"E:\MCO 556\Lab 4 - Using Config Tools\MK64F12_Project\board" -I"E:\MCO 556\Lab 4 - Using Config Tools\MK64F12_Project\source" -I"E:\MCO 556\Lab 4 - Using Config Tools\MK64F12_Project\utilities" -I"E:\MCO 556\Lab 4 - Using Config Tools\MK64F12_Project\drivers" -I"E:\MCO 556\Lab 4 - Using Config Tools\MK64F12_Project\device" -I"E:\MCO 556\Lab 4 - Using Config Tools\MK64F12_Project\component\serial_manager" -I"E:\MCO 556\Lab 4 - Using Config Tools\MK64F12_Project\component\lists" -I"E:\MCO 556\Lab 4 - Using Config Tools\MK64F12_Project\CMSIS" -I"E:\MCO 556\Lab 4 - Using Config Tools\MK64F12_Project\component\uart" -O0 -fno-common -g3 -gdwarf-4 -Wall -c -ffunction-sections -fdata-sections -ffreestanding -fno-builtin -fmerge-constants -fmacro-prefix-map="../drivers/"= -mcpu=cortex-m4 -mfpu=fpv4-sp-d16 -mfloat-abi=hard -mthumb -D__REDLIB__ -fstack-usage -specs=redlib.specs -MMD -MP -MF"drivers/fsl_uart.d" -MT"drivers/fsl_uart.o" -MT"drivers/fsl_uart.d" -o "drivers/fsl_uart.o" "../drivers/fsl_uart.c"
Invoking: MCU C Compiler
arm-none-eabi-gcc -D__REDLIB__ -DCPU_MK64FN1M0VLL12 -DCPU_MK64FN1M0VLL12_cm4 -DSDK_OS_BAREMETAL -DSERIAL_PORT_TYPE_UART=1 -DSDK_DEBUGCONSOLE=0 -DCR_INTEGER_PRINTF -DPRINTF_FLOAT_ENABLE=0 -D__MCUXPRESSO -D__USE_CMSIS -DDEBUG -I"E:\MCO 556\Lab 4 - Using Config Tools\MK64F12_Project\board" -I"E:\MCO 556\Lab 4 - Using Config Tools\MK64F12_Project\source" -I"E:\MCO 556\Lab 4 - Using Config Tools\MK64F12_Project\utilities" -I"E:\MCO 556\Lab 4 - Using Config Tools\MK64F12_Project\drivers" -I"E:\MCO 556\Lab 4 - Using Config Tools\MK64F12_Project\device" -I"E:\MCO 556\Lab 4 - Using Config Tools\MK64F12_Project\component\serial_manager" -I"E:\MCO 556\Lab 4 - Using Config Tools\MK64F12_Project\component\lists" -I"E:\MCO 556\Lab 4 - Using Config Tools\MK64F12_Project\CMSIS" -I"E:\MCO 556\Lab 4 - Using Config Tools\MK64F12_Project\component\uart" -O0 -fno-common -g3 -gdwarf-4 -Wall -c -ffunction-sections -fdata-sections -ffreestanding -fno-builtin -fmerge-constants -fmacro-prefix-map="../device/"= -mcpu=cortex-m4 -mfpu=fpv4-sp-d16 -mfloat-abi=hard -mthumb -D__REDLIB__ -fstack-usage -specs=redlib.specs -MMD -MP -MF"device/system_MK64F12.d" -MT"device/system_MK64F12.o" -MT"device/system_MK64F12.d" -o "device/system_MK64F12.o" "../device/system_MK64F12.c"
Finished building: ../drivers/fsl_common_arm.c
 
Finished building: ../drivers/fsl_gpio.c
Building file: ../component/uart/fsl_adapter_uart.c
 
Invoking: MCU C Compiler
Building file: ../component/serial_manager/fsl_component_serial_manager.c
arm-none-eabi-gcc -D__REDLIB__ -DCPU_MK64FN1M0VLL12 -DCPU_MK64FN1M0VLL12_cm4 -DSDK_OS_BAREMETAL -DSERIAL_PORT_TYPE_UART=1 -DSDK_DEBUGCONSOLE=0 -DCR_INTEGER_PRINTF -DPRINTF_FLOAT_ENABLE=0 -D__MCUXPRESSO -D__USE_CMSIS -DDEBUG -I"E:\MCO 556\Lab 4 - Using Config Tools\MK64F12_Project\board" -I"E:\MCO 556\Lab 4 - Using Config Tools\MK64F12_Project\source" -I"E:\MCO 556\Lab 4 - Using Config Tools\MK64F12_Project\utilities" -I"E:\MCO 556\Lab 4 - Using Config Tools\MK64F12_Project\drivers" -I"E:\MCO 556\Lab 4 - Using Config Tools\MK64F12_Project\device" -I"E:\MCO 556\Lab 4 - Using Config Tools\MK64F12_Project\component\serial_manager" -I"E:\MCO 556\Lab 4 - Using Config Tools\MK64F12_Project\component\lists" -I"E:\MCO 556\Lab 4 - Using Config Tools\MK64F12_Project\CMSIS" -I"E:\MCO 556\Lab 4 - Using Config Tools\MK64F12_Project\component\uart" -O0 -fno-common -g3 -gdwarf-4 -Wall -c -ffunction-sections -fdata-sections -ffreestanding -fno-builtin -fmerge-constants -fmacro-prefix-map="../component/uart/"= -mcpu=cortex-m4 -mfpu=fpv4-sp-d16 -mfloat-abi=hard -mthumb -D__REDLIB__ -fstack-usage -specs=redlib.specs -MMD -MP -MF"component/uart/fsl_adapter_uart.d" -MT"component/uart/fsl_adapter_uart.o" -MT"component/uart/fsl_adapter_uart.d" -o "component/uart/fsl_adapter_uart.o" "../component/uart/fsl_adapter_uart.c"
Finished building: ../drivers/fsl_smc.c
Finished building: ../device/system_MK64F12.c
Invoking: MCU C Compiler
 
arm-none-eabi-gcc -D__REDLIB__ -DCPU_MK64FN1M0VLL12 -DCPU_MK64FN1M0VLL12_cm4 -DSDK_OS_BAREMETAL -DSERIAL_PORT_TYPE_UART=1 -DSDK_DEBUGCONSOLE=0 -DCR_INTEGER_PRINTF -DPRINTF_FLOAT_ENABLE=0 -D__MCUXPRESSO -D__USE_CMSIS -DDEBUG -I"E:\MCO 556\Lab 4 - Using Config Tools\MK64F12_Project\board" -I"E:\MCO 556\Lab 4 - Using Config Tools\MK64F12_Project\source" -I"E:\MCO 556\Lab 4 - Using Config Tools\MK64F12_Project\utilities" -I"E:\MCO 556\Lab 4 - Using Config Tools\MK64F12_Project\drivers" -I"E:\MCO 556\Lab 4 - Using Config Tools\MK64F12_Project\device" -I"E:\MCO 556\Lab 4 - Using Config Tools\MK64F12_Project\component\serial_manager" -I"E:\MCO 556\Lab 4 - Using Config Tools\MK64F12_Project\component\lists" -I"E:\MCO 556\Lab 4 - Using Config Tools\MK64F12_Project\CMSIS" -I"E:\MCO 556\Lab 4 - Using Config Tools\MK64F12_Project\component\uart" -O0 -fno-common -g3 -gdwarf-4 -Wall -c -ffunction-sections -fdata-sections -ffreestanding -fno-builtin -fmerge-constants -fmacro-prefix-map="../component/serial_manager/"= -mcpu=cortex-m4 -mfpu=fpv4-sp-d16 -mfloat-abi=hard -mthumb -D__REDLIB__ -fstack-usage -specs=redlib.specs -MMD -MP -MF"component/serial_manager/fsl_component_serial_manager.d" -MT"component/serial_manager/fsl_component_serial_manager.o" -MT"component/serial_manager/fsl_component_serial_manager.d" -o "component/serial_manager/fsl_component_serial_manager.o" "../component/serial_manager/fsl_component_serial_manager.c"
 
Building file: ../component/serial_manager/fsl_component_serial_port_uart.c
Building file: ../component/lists/fsl_component_generic_list.c
Invoking: MCU C Compiler
arm-none-eabi-gcc -D__REDLIB__ -DCPU_MK64FN1M0VLL12 -DCPU_MK64FN1M0VLL12_cm4 -DSDK_OS_BAREMETAL -DSERIAL_PORT_TYPE_UART=1 -DSDK_DEBUGCONSOLE=0 -DCR_INTEGER_PRINTF -DPRINTF_FLOAT_ENABLE=0 -D__MCUXPRESSO -D__USE_CMSIS -DDEBUG -I"E:\MCO 556\Lab 4 - Using Config Tools\MK64F12_Project\board" -I"E:\MCO 556\Lab 4 - Using Config Tools\MK64F12_Project\source" -I"E:\MCO 556\Lab 4 - Using Config Tools\MK64F12_Project\utilities" -I"E:\MCO 556\Lab 4 - Using Config Tools\MK64F12_Project\drivers" -I"E:\MCO 556\Lab 4 - Using Config Tools\MK64F12_Project\device" -I"E:\MCO 556\Lab 4 - Using Config Tools\MK64F12_Project\component\serial_manager" -I"E:\MCO 556\Lab 4 - Using Config Tools\MK64F12_Project\component\lists" -I"E:\MCO 556\Lab 4 - Using Config Tools\MK64F12_Project\CMSIS" -I"E:\MCO 556\Lab 4 - Using Config Tools\MK64F12_Project\component\uart" -O0 -fno-common -g3 -gdwarf-4 -Wall -c -ffunction-sections -fdata-sections -ffreestanding -fno-builtin -fmerge-constants -fmacro-prefix-map="../component/serial_manager/"= -mcpu=cortex-m4 -mfpu=fpv4-sp-d16 -mfloat-abi=hard -mthumb -D__REDLIB__ -fstack-usage -specs=redlib.specs -MMD -MP -MF"component/serial_manager/fsl_component_serial_port_uart.d" -MT"component/serial_manager/fsl_component_serial_port_uart.o" -MT"component/serial_manager/fsl_component_serial_port_uart.d" -o "component/serial_manager/fsl_component_serial_port_uart.o" "../component/serial_manager/fsl_component_serial_port_uart.c"
Invoking: MCU C Compiler
arm-none-eabi-gcc -D__REDLIB__ -DCPU_MK64FN1M0VLL12 -DCPU_MK64FN1M0VLL12_cm4 -DSDK_OS_BAREMETAL -DSERIAL_PORT_TYPE_UART=1 -DSDK_DEBUGCONSOLE=0 -DCR_INTEGER_PRINTF -DPRINTF_FLOAT_ENABLE=0 -D__MCUXPRESSO -D__USE_CMSIS -DDEBUG -I"E:\MCO 556\Lab 4 - Using Config Tools\MK64F12_Project\board" -I"E:\MCO 556\Lab 4 - Using Config Tools\MK64F12_Project\source" -I"E:\MCO 556\Lab 4 - Using Config Tools\MK64F12_Project\utilities" -I"E:\MCO 556\Lab 4 - Using Config Tools\MK64F12_Project\drivers" -I"E:\MCO 556\Lab 4 - Using Config Tools\MK64F12_Project\device" -I"E:\MCO 556\Lab 4 - Using Config Tools\MK64F12_Project\component\serial_manager" -I"E:\MCO 556\Lab 4 - Using Config Tools\MK64F12_Project\component\lists" -I"E:\MCO 556\Lab 4 - Using Config Tools\MK64F12_Project\CMSIS" -I"E:\MCO 556\Lab 4 - Using Config Tools\MK64F12_Project\component\uart" -O0 -fno-common -g3 -gdwarf-4 -Wall -c -ffunction-sections -fdata-sections -ffreestanding -fno-builtin -fmerge-constants -fmacro-prefix-map="../component/lists/"= -mcpu=cortex-m4 -mfpu=fpv4-sp-d16 -mfloat-abi=hard -mthumb -D__REDLIB__ -fstack-usage -specs=redlib.specs -MMD -MP -MF"component/lists/fsl_component_generic_list.d" -MT"component/lists/fsl_component_generic_list.o" -MT"component/lists/fsl_component_generic_list.d" -o "component/lists/fsl_component_generic_list.o" "../component/lists/fsl_component_generic_list.c"
Finished building: ../drivers/fsl_i2c.c
 
Building file: ../board/board.c
Finished building: ../drivers/fsl_uart.c
Invoking: MCU C Compiler
arm-none-eabi-gcc -D__REDLIB__ -DCPU_MK64FN1M0VLL12 -DCPU_MK64FN1M0VLL12_cm4 -DSDK_OS_BAREMETAL -DSERIAL_PORT_TYPE_UART=1 -DSDK_DEBUGCONSOLE=0 -DCR_INTEGER_PRINTF -DPRINTF_FLOAT_ENABLE=0 -D__MCUXPRESSO -D__USE_CMSIS -DDEBUG -I"E:\MCO 556\Lab 4 - Using Config Tools\MK64F12_Project\board" -I"E:\MCO 556\Lab 4 - Using Config Tools\MK64F12_Project\source" -I"E:\MCO 556\Lab 4 - Using Config Tools\MK64F12_Project\utilities" -I"E:\MCO 556\Lab 4 - Using Config Tools\MK64F12_Project\drivers" -I"E:\MCO 556\Lab 4 - Using Config Tools\MK64F12_Project\device" -I"E:\MCO 556\Lab 4 - Using Config Tools\MK64F12_Project\component\serial_manager" -I"E:\MCO 556\Lab 4 - Using Config Tools\MK64F12_Project\component\lists" -I"E:\MCO 556\Lab 4 - Using Config Tools\MK64F12_Project\CMSIS" -I"E:\MCO 556\Lab 4 - Using Config Tools\MK64F12_Project\component\uart" -O0 -fno-common -g3 -gdwarf-4 -Wall -c -ffunction-sections -fdata-sections -ffreestanding -fno-builtin -fmerge-constants -fmacro-prefix-map="../board/"= -mcpu=cortex-m4 -mfpu=fpv4-sp-d16 -mfloat-abi=hard -mthumb -D__REDLIB__ -fstack-usage -specs=redlib.specs -MMD -MP -MF"board/board.d" -MT"board/board.o" -MT"board/board.d" -o "board/board.o" "../board/board.c"
 
Building file: ../board/clock_config.c
Invoking: MCU C Compiler
arm-none-eabi-gcc -D__REDLIB__ -DCPU_MK64FN1M0VLL12 -DCPU_MK64FN1M0VLL12_cm4 -DSDK_OS_BAREMETAL -DSERIAL_PORT_TYPE_UART=1 -DSDK_DEBUGCONSOLE=0 -DCR_INTEGER_PRINTF -DPRINTF_FLOAT_ENABLE=0 -D__MCUXPRESSO -D__USE_CMSIS -DDEBUG -I"E:\MCO 556\Lab 4 - Using Config Tools\MK64F12_Project\board" -I"E:\MCO 556\Lab 4 - Using Config Tools\MK64F12_Project\source" -I"E:\MCO 556\Lab 4 - Using Config Tools\MK64F12_Project\utilities" -I"E:\MCO 556\Lab 4 - Using Config Tools\MK64F12_Project\drivers" -I"E:\MCO 556\Lab 4 - Using Config Tools\MK64F12_Project\device" -I"E:\MCO 556\Lab 4 - Using Config Tools\MK64F12_Project\component\serial_manager" -I"E:\MCO 556\Lab 4 - Using Config Tools\MK64F12_Project\component\lists" -I"E:\MCO 556\Lab 4 - Using Config Tools\MK64F12_Project\CMSIS" -I"E:\MCO 556\Lab 4 - Using Config Tools\MK64F12_Project\component\uart" -O0 -fno-common -g3 -gdwarf-4 -Wall -c -ffunction-sections -fdata-sections -ffreestanding -fno-builtin -fmerge-constants -fmacro-prefix-map="../board/"= -mcpu=cortex-m4 -mfpu=fpv4-sp-d16 -mfloat-abi=hard -mthumb -D__REDLIB__ -fstack-usage -specs=redlib.specs -MMD -MP -MF"board/clock_config.d" -MT"board/clock_config.o" -MT"board/clock_config.d" -o "board/clock_config.o" "../board/clock_config.c"
Finished building: ../component/uart/fsl_adapter_uart.c
Finished building: ../component/serial_manager/fsl_component_serial_manager.c
 
 
Finished building: ../component/serial_manager/fsl_component_serial_port_uart.c
Building file: ../board/peripherals.c
Building file: ../board/pin_mux.c
 
Invoking: MCU C Compiler
arm-none-eabi-gcc -D__REDLIB__ -DCPU_MK64FN1M0VLL12 -DCPU_MK64FN1M0VLL12_cm4 -DSDK_OS_BAREMETAL -DSERIAL_PORT_TYPE_UART=1 -DSDK_DEBUGCONSOLE=0 -DCR_INTEGER_PRINTF -DPRINTF_FLOAT_ENABLE=0 -D__MCUXPRESSO -D__USE_CMSIS -DDEBUG -I"E:\MCO 556\Lab 4 - Using Config Tools\MK64F12_Project\board" -I"E:\MCO 556\Lab 4 - Using Config Tools\MK64F12_Project\source" -I"E:\MCO 556\Lab 4 - Using Config Tools\MK64F12_Project\utilities" -I"E:\MCO 556\Lab 4 - Using Config Tools\MK64F12_Project\drivers" -I"E:\MCO 556\Lab 4 - Using Config Tools\MK64F12_Project\device" -I"E:\MCO 556\Lab 4 - Using Config Tools\MK64F12_Project\component\serial_manager" -I"E:\MCO 556\Lab 4 - Using Config Tools\MK64F12_Project\component\lists" -I"E:\MCO 556\Lab 4 - Using Config Tools\MK64F12_Project\CMSIS" -I"E:\MCO 556\Lab 4 - Using Config Tools\MK64F12_Project\component\uart" -O0 -fno-common -g3 -gdwarf-4 -Wall -c -ffunction-sections -fdata-sections -ffreestanding -fno-builtin -fmerge-constants -fmacro-prefix-map="../board/"= -mcpu=cortex-m4 -mfpu=fpv4-sp-d16 -mfloat-abi=hard -mthumb -D__REDLIB__ -fstack-usage -specs=redlib.specs -MMD -MP -MF"board/peripherals.d" -MT"board/peripherals.o" -MT"board/peripherals.d" -o "board/peripherals.o" "../board/peripherals.c"
Invoking: MCU C Compiler
arm-none-eabi-gcc -D__REDLIB__ -DCPU_MK64FN1M0VLL12 -DCPU_MK64FN1M0VLL12_cm4 -DSDK_OS_BAREMETAL -DSERIAL_PORT_TYPE_UART=1 -DSDK_DEBUGCONSOLE=0 -DCR_INTEGER_PRINTF -DPRINTF_FLOAT_ENABLE=0 -D__MCUXPRESSO -D__USE_CMSIS -DDEBUG -I"E:\MCO 556\Lab 4 - Using Config Tools\MK64F12_Project\board" -I"E:\MCO 556\Lab 4 - Using Config Tools\MK64F12_Project\source" -I"E:\MCO 556\Lab 4 - Using Config Tools\MK64F12_Project\utilities" -I"E:\MCO 556\Lab 4 - Using Config Tools\MK64F12_Project\drivers" -I"E:\MCO 556\Lab 4 - Using Config Tools\MK64F12_Project\device" -I"E:\MCO 556\Lab 4 - Using Config Tools\MK64F12_Project\component\serial_manager" -I"E:\MCO 556\Lab 4 - Using Config Tools\MK64F12_Project\component\lists" -I"E:\MCO 556\Lab 4 - Using Config Tools\MK64F12_Project\CMSIS" -I"E:\MCO 556\Lab 4 - Using Config Tools\MK64F12_Project\component\uart" -O0 -fno-common -g3 -gdwarf-4 -Wall -c -ffunction-sections -fdata-sections -ffreestanding -fno-builtin -fmerge-constants -fmacro-prefix-map="../board/"= -mcpu=cortex-m4 -mfpu=fpv4-sp-d16 -mfloat-abi=hard -mthumb -D__REDLIB__ -fstack-usage -specs=redlib.specs -MMD -MP -MF"board/pin_mux.d" -MT"board/pin_mux.o" -MT"board/pin_mux.d" -o "board/pin_mux.o" "../board/pin_mux.c"
Finished building: ../component/lists/fsl_component_generic_list.c
 
Finished building: ../board/board.c
 
Finished building: ../source/semihost_hardfault.c
Finished building: ../board/clock_config.c
 
 
Finished building: ../source/MK64F12_Project.c
 
Finished building: ../board/peripherals.c
 
Finished building: ../board/pin_mux.c
 
Building target: MK64F12_Project.axf
Invoking: MCU Linker
arm-none-eabi-gcc -nostdlib -Xlinker -Map="MK64F12_Project.map" -Xlinker --gc-sections -Xlinker -print-memory-usage -Xlinker --sort-section=alignment -Xlinker --cref -mcpu=cortex-m4 -mfpu=fpv4-sp-d16 -mfloat-abi=hard -mthumb -T MK64F12_Project_Debug.ld -o "MK64F12_Project.axf" ./utilities/fsl_debug_console.o ./utilities/fsl_str.o  ./startup/startup_mk64f12.o  ./source/MK64F12_Project.o ./source/semihost_hardfault.o  ./drivers/fsl_adc16.o ./drivers/fsl_clock.o ./drivers/fsl_common.o ./drivers/fsl_common_arm.o ./drivers/fsl_gpio.o ./drivers/fsl_i2c.o ./drivers/fsl_smc.o ./drivers/fsl_uart.o  ./device/system_MK64F12.o  ./component/uart/fsl_adapter_uart.o  ./component/serial_manager/fsl_component_serial_manager.o ./component/serial_manager/fsl_component_serial_port_uart.o  ./component/lists/fsl_component_generic_list.o  ./board/board.o ./board/clock_config.o ./board/peripherals.o ./board/pin_mux.o   
Memory region         Used Size  Region Size  %age Used
   PROGRAM_FLASH:       12112 B         1 MB      1.16%
      SRAM_UPPER:        8456 B       192 KB      4.30%
      SRAM_LOWER:          0 GB        64 KB      0.00%
        FLEX_RAM:          0 GB         4 KB      0.00%
Finished building target: MK64F12_Project.axf
 
Performing post-build steps
arm-none-eabi-size "MK64F12_Project.axf"; # arm-none-eabi-objcopy -v -O binary "MK64F12_Project.axf" "MK64F12_Project.bin" ; # checksum -p MK64FN1M0xxx12 -d "MK64F12_Project.bin";
   text	   data	    bss	    dec	    hex	filename
  12096	     16	   8440	  20552	   5048	MK64F12_Project.axf
 
14:18:40 **** Incremental Build of configuration Debug for project MK64F12_Project ****
make -r -j8 all 
make[1]: Nothing to be done for 'main-build'.
Performing post-build steps
arm-none-eabi-size "MK64F12_Project.axf"; # arm-none-eabi-objcopy -v -O binary "MK64F12_Project.axf" "MK64F12_Project.bin" ; # checksum -p MK64FN1M0xxx12 -d "MK64F12_Project.bin";
   text	   data	    bss	    dec	    hex	filename
  12096	     16	   8440	  20552	   5048	MK64F12_Project.axf
 
14:19:04 **** Incremental Build of configuration Debug for project MK64F12_Project ****
make -r -j8 all 
Building file: ../source/MK64F12_Project.c
Invoking: MCU C Compiler
arm-none-eabi-gcc -D__REDLIB__ -DCPU_MK64FN1M0VLL12 -DCPU_MK64FN1M0VLL12_cm4 -DSDK_OS_BAREMETAL -DSERIAL_PORT_TYPE_UART=1 -DSDK_DEBUGCONSOLE=0 -DCR_INTEGER_PRINTF -DPRINTF_FLOAT_ENABLE=0 -D__MCUXPRESSO -D__USE_CMSIS -DDEBUG -I"E:\MCO 556\Lab 4 - Using Config Tools\MK64F12_Project\board" -I"E:\MCO 556\Lab 4 - Using Config Tools\MK64F12_Project\source" -I"E:\MCO 556\Lab 4 - Using Config Tools\MK64F12_Project\utilities" -I"E:\MCO 556\Lab 4 - Using Config Tools\MK64F12_Project\drivers" -I"E:\MCO 556\Lab 4 - Using Config Tools\MK64F12_Project\device" -I"E:\MCO 556\Lab 4 - Using Config Tools\MK64F12_Project\component\serial_manager" -I"E:\MCO 556\Lab 4 - Using Config Tools\MK64F12_Project\component\lists" -I"E:\MCO 556\Lab 4 - Using Config Tools\MK64F12_Project\CMSIS" -I"E:\MCO 556\Lab 4 - Using Config Tools\MK64F12_Project\component\uart" -O0 -fno-common -g3 -gdwarf-4 -Wall -c -ffunction-sections -fdata-sections -ffreestanding -fno-builtin -fmerge-constants -fmacro-prefix-map="../source/"= -mcpu=cortex-m4 -mfpu=fpv4-sp-d16 -mfloat-abi=hard -mthumb -D__REDLIB__ -fstack-usage -specs=redlib.specs -MMD -MP -MF"source/MK64F12_Project.d" -MT"source/MK64F12_Project.o" -MT"source/MK64F12_Project.d" -o "source/MK64F12_Project.o" "../source/MK64F12_Project.c"
Finished building: ../source/MK64F12_Project.c
 
Building target: MK64F12_Project.axf
Invoking: MCU Linker
arm-none-eabi-gcc -nostdlib -Xlinker -Map="MK64F12_Project.map" -Xlinker --gc-sections -Xlinker -print-memory-usage -Xlinker --sort-section=alignment -Xlinker --cref -mcpu=cortex-m4 -mfpu=fpv4-sp-d16 -mfloat-abi=hard -mthumb -T MK64F12_Project_Debug.ld -o "MK64F12_Project.axf" ./utilities/fsl_debug_console.o ./utilities/fsl_str.o  ./startup/startup_mk64f12.o  ./source/MK64F12_Project.o ./source/semihost_hardfault.o  ./drivers/fsl_adc16.o ./drivers/fsl_clock.o ./drivers/fsl_common.o ./drivers/fsl_common_arm.o ./drivers/fsl_gpio.o ./drivers/fsl_i2c.o ./drivers/fsl_smc.o ./drivers/fsl_uart.o  ./device/system_MK64F12.o  ./component/uart/fsl_adapter_uart.o  ./component/serial_manager/fsl_component_serial_manager.o ./component/serial_manager/fsl_component_serial_port_uart.o  ./component/lists/fsl_component_generic_list.o  ./board/board.o ./board/clock_config.o ./board/peripherals.o ./board/pin_mux.o   
Memory region         Used Size  Region Size  %age Used
   PROGRAM_FLASH:       12112 B         1 MB      1.16%
      SRAM_UPPER:        8456 B       192 KB      4.30%
      SRAM_LOWER:          0 GB        64 KB      0.00%
        FLEX_RAM:          0 GB         4 KB      0.00%
Finished building target: MK64F12_Project.axf
 
Performing post-build steps
arm-none-eabi-size "MK64F12_Project.axf"; # arm-none-eabi-objcopy -v -O binary "MK64F12_Project.axf" "MK64F12_Project.bin" ; # checksum -p MK64FN1M0xxx12 -d "MK64F12_Project.bin";
   text	   data	    bss	    dec	    hex	filename
  12096	     16	   8440	  20552	   5048	MK64F12_Project.axf
 
14:19:08 **** Incremental Build of configuration Debug for project MK64F12_Project ****
make -r -j8 all 
make[1]: Nothing to be done for 'main-build'.
Performing post-build steps
arm-none-eabi-size "MK64F12_Project.axf"; # arm-none-eabi-objcopy -v -O binary "MK64F12_Project.axf" "MK64F12_Project.bin" ; # checksum -p MK64FN1M0xxx12 -d "MK64F12_Project.bin";
   text	   data	    bss	    dec	    hex	filename
  12096	     16	   8440	  20552	   5048	MK64F12_Project.axf
 
14:21:29 **** Incremental Build of configuration Debug for project MK64F12_Project ****
make -r -j8 all 
Building file: ../source/MK64F12_Project.c
Invoking: MCU C Compiler
arm-none-eabi-gcc -D__REDLIB__ -DCPU_MK64FN1M0VLL12 -DCPU_MK64FN1M0VLL12_cm4 -DSDK_OS_BAREMETAL -DSERIAL_PORT_TYPE_UART=1 -DSDK_DEBUGCONSOLE=0 -DCR_INTEGER_PRINTF -DPRINTF_FLOAT_ENABLE=0 -D__MCUXPRESSO -D__USE_CMSIS -DDEBUG -I"E:\MCO 556\Lab 4 - Using Config Tools\MK64F12_Project\board" -I"E:\MCO 556\Lab 4 - Using Config Tools\MK64F12_Project\source" -I"E:\MCO 556\Lab 4 - Using Config Tools\MK64F12_Project\utilities" -I"E:\MCO 556\Lab 4 - Using Config Tools\MK64F12_Project\drivers" -I"E:\MCO 556\Lab 4 - Using Config Tools\MK64F12_Project\device" -I"E:\MCO 556\Lab 4 - Using Config Tools\MK64F12_Project\component\serial_manager" -I"E:\MCO 556\Lab 4 - Using Config Tools\MK64F12_Project\component\lists" -I"E:\MCO 556\Lab 4 - Using Config Tools\MK64F12_Project\CMSIS" -I"E:\MCO 556\Lab 4 - Using Config Tools\MK64F12_Project\component\uart" -O0 -fno-common -g3 -gdwarf-4 -Wall -c -ffunction-sections -fdata-sections -ffreestanding -fno-builtin -fmerge-constants -fmacro-prefix-map="../source/"= -mcpu=cortex-m4 -mfpu=fpv4-sp-d16 -mfloat-abi=hard -mthumb -D__REDLIB__ -fstack-usage -specs=redlib.specs -MMD -MP -MF"source/MK64F12_Project.d" -MT"source/MK64F12_Project.o" -MT"source/MK64F12_Project.d" -o "source/MK64F12_Project.o" "../source/MK64F12_Project.c"
../source/MK64F12_Project.c: In function 'main':
../source/MK64F12_Project.c:35:5: warning: implicit declaration of function 'RED_LED_ON'; did you mean 'LED_RED_ON'? [-Wimplicit-function-declaration]
   35 |     RED_LED_ON();
      |     ^~~~~~~~~~
      |     LED_RED_ON
../source/MK64F12_Project.c:36:5: warning: implicit declaration of function 'RED_LED_OFF'; did you mean 'LED_RED_OFF'? [-Wimplicit-function-declaration]
   36 |     RED_LED_OFF();
      |     ^~~~~~~~~~~
      |     LED_RED_OFF
Finished building: ../source/MK64F12_Project.c
 
Building target: MK64F12_Project.axf
Invoking: MCU Linker
arm-none-eabi-gcc -nostdlib -Xlinker -Map="MK64F12_Project.map" -Xlinker --gc-sections -Xlinker -print-memory-usage -Xlinker --sort-section=alignment -Xlinker --cref -mcpu=cortex-m4 -mfpu=fpv4-sp-d16 -mfloat-abi=hard -mthumb -T MK64F12_Project_Debug.ld -o "MK64F12_Project.axf" ./utilities/fsl_debug_console.o ./utilities/fsl_str.o  ./startup/startup_mk64f12.o  ./source/MK64F12_Project.o ./source/semihost_hardfault.o  ./drivers/fsl_adc16.o ./drivers/fsl_clock.o ./drivers/fsl_common.o ./drivers/fsl_common_arm.o ./drivers/fsl_gpio.o ./drivers/fsl_i2c.o ./drivers/fsl_smc.o ./drivers/fsl_uart.o  ./device/system_MK64F12.o  ./component/uart/fsl_adapter_uart.o  ./component/serial_manager/fsl_component_serial_manager.o ./component/serial_manager/fsl_component_serial_port_uart.o  ./component/lists/fsl_component_generic_list.o  ./board/board.o ./board/clock_config.o ./board/peripherals.o ./board/pin_mux.o   
c:/nxp/mcuxpressoide_11.9.1_2170/ide/plugins/com.nxp.mcuxpresso.tools.win32_11.9.1.202402080819/tools/bin/../lib/gcc/arm-none-eabi/12.3.1/../../../../arm-none-eabi/bin/ld.exe: ./source/MK64F12_Project.o: in function `main':
E:\MCO 556\Lab 4 - Using Config Tools\MK64F12_Project\Debug/../source/MK64F12_Project.c:35: undefined reference to `RED_LED_ON'
c:/nxp/mcuxpressoide_11.9.1_2170/ide/plugins/com.nxp.mcuxpresso.tools.win32_11.9.1.202402080819/tools/bin/../lib/gcc/arm-none-eabi/12.3.1/../../../../arm-none-eabi/bin/ld.exe: E:\MCO 556\Lab 4 - Using Config Tools\MK64F12_Project\Debug/../source/MK64F12_Project.c:36: undefined reference to `RED_LED_OFF'
Memory region         Used Size  Region Size  %age Used
   PROGRAM_FLASH:       12120 B         1 MB      1.16%
      SRAM_UPPER:        8456 B       192 KB      4.30%
      SRAM_LOWER:          0 GB        64 KB      0.00%
        FLEX_RAM:          0 GB         4 KB      0.00%
collect2.exe: error: ld returned 1 exit status
make[1]: *** [makefile:52: MK64F12_Project.axf] Error 1
make: *** [makefile:43: all] Error 2
"make -r -j8 all" terminated with exit code 2. Build might be incomplete.
14:22:36 **** Incremental Build of configuration Debug for project MK64F12_Project ****
make -r -j8 all 
Building file: ../source/MK64F12_Project.c
Invoking: MCU C Compiler
arm-none-eabi-gcc -D__REDLIB__ -DCPU_MK64FN1M0VLL12 -DCPU_MK64FN1M0VLL12_cm4 -DSDK_OS_BAREMETAL -DSERIAL_PORT_TYPE_UART=1 -DSDK_DEBUGCONSOLE=0 -DCR_INTEGER_PRINTF -DPRINTF_FLOAT_ENABLE=0 -D__MCUXPRESSO -D__USE_CMSIS -DDEBUG -I"E:\MCO 556\Lab 4 - Using Config Tools\MK64F12_Project\board" -I"E:\MCO 556\Lab 4 - Using Config Tools\MK64F12_Project\source" -I"E:\MCO 556\Lab 4 - Using Config Tools\MK64F12_Project\utilities" -I"E:\MCO 556\Lab 4 - Using Config Tools\MK64F12_Project\drivers" -I"E:\MCO 556\Lab 4 - Using Config Tools\MK64F12_Project\device" -I"E:\MCO 556\Lab 4 - Using Config Tools\MK64F12_Project\component\serial_manager" -I"E:\MCO 556\Lab 4 - Using Config Tools\MK64F12_Project\component\lists" -I"E:\MCO 556\Lab 4 - Using Config Tools\MK64F12_Project\CMSIS" -I"E:\MCO 556\Lab 4 - Using Config Tools\MK64F12_Project\component\uart" -O0 -fno-common -g3 -gdwarf-4 -Wall -c -ffunction-sections -fdata-sections -ffreestanding -fno-builtin -fmerge-constants -fmacro-prefix-map="../source/"= -mcpu=cortex-m4 -mfpu=fpv4-sp-d16 -mfloat-abi=hard -mthumb -D__REDLIB__ -fstack-usage -specs=redlib.specs -MMD -MP -MF"source/MK64F12_Project.d" -MT"source/MK64F12_Project.o" -MT"source/MK64F12_Project.d" -o "source/MK64F12_Project.o" "../source/MK64F12_Project.c"
../source/MK64F12_Project.c: In function 'main':
../source/MK64F12_Project.c:49:5: warning: implicit declaration of function 'RED_LED_ON'; did you mean 'LED_RED_ON'? [-Wimplicit-function-declaration]
   49 |     RED_LED_ON();
      |     ^~~~~~~~~~
      |     LED_RED_ON
../source/MK64F12_Project.c:50:5: warning: implicit declaration of function 'RED_LED_OFF'; did you mean 'LED_RED_OFF'? [-Wimplicit-function-declaration]
   50 |     RED_LED_OFF();
      |     ^~~~~~~~~~~
      |     LED_RED_OFF
Finished building: ../source/MK64F12_Project.c
 
Building target: MK64F12_Project.axf
Invoking: MCU Linker
arm-none-eabi-gcc -nostdlib -Xlinker -Map="MK64F12_Project.map" -Xlinker --gc-sections -Xlinker -print-memory-usage -Xlinker --sort-section=alignment -Xlinker --cref -mcpu=cortex-m4 -mfpu=fpv4-sp-d16 -mfloat-abi=hard -mthumb -T MK64F12_Project_Debug.ld -o "MK64F12_Project.axf" ./utilities/fsl_debug_console.o ./utilities/fsl_str.o  ./startup/startup_mk64f12.o  ./source/MK64F12_Project.o ./source/semihost_hardfault.o  ./drivers/fsl_adc16.o ./drivers/fsl_clock.o ./drivers/fsl_common.o ./drivers/fsl_common_arm.o ./drivers/fsl_gpio.o ./drivers/fsl_i2c.o ./drivers/fsl_smc.o ./drivers/fsl_uart.o  ./device/system_MK64F12.o  ./component/uart/fsl_adapter_uart.o  ./component/serial_manager/fsl_component_serial_manager.o ./component/serial_manager/fsl_component_serial_port_uart.o  ./component/lists/fsl_component_generic_list.o  ./board/board.o ./board/clock_config.o ./board/peripherals.o ./board/pin_mux.o   
c:/nxp/mcuxpressoide_11.9.1_2170/ide/plugins/com.nxp.mcuxpresso.tools.win32_11.9.1.202402080819/tools/bin/../lib/gcc/arm-none-eabi/12.3.1/../../../../arm-none-eabi/bin/ld.exe: ./source/MK64F12_Project.o: in function `main':
E:\MCO 556\Lab 4 - Using Config Tools\MK64F12_Project\Debug/../source/MK64F12_Project.c:49: undefined reference to `RED_LED_ON'
c:/nxp/mcuxpressoide_11.9.1_2170/ide/plugins/com.nxp.mcuxpresso.tools.win32_11.9.1.202402080819/tools/bin/../lib/gcc/arm-none-eabi/12.3.1/../../../../arm-none-eabi/bin/ld.exe: E:\MCO 556\Lab 4 - Using Config Tools\MK64F12_Project\Debug/../source/MK64F12_Project.c:50: undefined reference to `RED_LED_OFF'
Memory region         Used Size  Region Size  %age Used
   PROGRAM_FLASH:       12120 B         1 MB      1.16%
      SRAM_UPPER:        8456 B       192 KB      4.30%
      SRAM_LOWER:          0 GB        64 KB      0.00%
        FLEX_RAM:          0 GB         4 KB      0.00%
collect2.exe: error: ld returned 1 exit status
make[1]: *** [makefile:52: MK64F12_Project.axf] Error 1
make: *** [makefile:43: all] Error 2
"make -r -j8 all" terminated with exit code 2. Build might be incomplete.
14:22:48 **** Incremental Build of configuration Debug for project MK64F12_Project ****
make -r -j8 all 
make[1]: Nothing to be done for 'main-build'.
Performing post-build steps
arm-none-eabi-size "MK64F12_Project.axf"; # arm-none-eabi-objcopy -v -O binary "MK64F12_Project.axf" "MK64F12_Project.bin" ; # checksum -p MK64FN1M0xxx12 -d "MK64F12_Project.bin";
arm-none-eabi-size: MK64F12_Project.axf: file format not recognized
make[1]: [makefile:63: post-build] Error 3 (ignored)
 
14:23:00 **** Incremental Build of configuration Debug for project MK64F12_Project ****
make -r -j8 all 
make[1]: Nothing to be done for 'main-build'.
Performing post-build steps
arm-none-eabi-size "MK64F12_Project.axf"; # arm-none-eabi-objcopy -v -O binary "MK64F12_Project.axf" "MK64F12_Project.bin" ; # checksum -p MK64FN1M0xxx12 -d "MK64F12_Project.bin";
arm-none-eabi-size: MK64F12_Project.axf: file format not recognized
make[1]: [makefile:63: post-build] Error 3 (ignored)
 
14:23:05 **** Incremental Build of configuration Debug for project MK64F12_Project ****
make -r -j8 all 
make[1]: Nothing to be done for 'main-build'.
Performing post-build steps
arm-none-eabi-size "MK64F12_Project.axf"; # arm-none-eabi-objcopy -v -O binary "MK64F12_Project.axf" "MK64F12_Project.bin" ; # checksum -p MK64FN1M0xxx12 -d "MK64F12_Project.bin";
arm-none-eabi-size: MK64F12_Project.axf: file format not recognized
make[1]: [makefile:63: post-build] Error 3 (ignored)
 
14:23:17 **** Incremental Build of configuration Debug for project MK64F12_Project ****
make -r -j8 all 
make[1]: Nothing to be done for 'main-build'.
Performing post-build steps
arm-none-eabi-size "MK64F12_Project.axf"; # arm-none-eabi-objcopy -v -O binary "MK64F12_Project.axf" "MK64F12_Project.bin" ; # checksum -p MK64FN1M0xxx12 -d "MK64F12_Project.bin";
arm-none-eabi-size: MK64F12_Project.axf: file format not recognized
make[1]: [makefile:63: post-build] Error 3 (ignored)
 
14:23:22 **** Incremental Build of configuration Debug for project MK64F12_Project ****
make -r -j8 all 
make[1]: Nothing to be done for 'main-build'.
Performing post-build steps
arm-none-eabi-size "MK64F12_Project.axf"; # arm-none-eabi-objcopy -v -O binary "MK64F12_Project.axf" "MK64F12_Project.bin" ; # checksum -p MK64FN1M0xxx12 -d "MK64F12_Project.bin";
arm-none-eabi-size: MK64F12_Project.axf: file format not recognized
make[1]: [makefile:63: post-build] Error 3 (ignored)
 
14:24:54 **** Incremental Build of configuration Debug for project MK64F12_Project ****
make -r -j8 all 
make[1]: Nothing to be done for 'main-build'.
Performing post-build steps
arm-none-eabi-size "MK64F12_Project.axf"; # arm-none-eabi-objcopy -v -O binary "MK64F12_Project.axf" "MK64F12_Project.bin" ; # checksum -p MK64FN1M0xxx12 -d "MK64F12_Project.bin";
arm-none-eabi-size: MK64F12_Project.axf: file format not recognized
make[1]: [makefile:63: post-build] Error 3 (ignored)
 
14:25:35 **** Clean-only build of configuration Debug for project MK64F12_Project ****
make -r -j8 clean 
rm -rf ./utilities/fsl_debug_console.d ./utilities/fsl_debug_console.o ./utilities/fsl_str.d ./utilities/fsl_str.o
rm -rf ./startup/startup_mk64f12.d ./startup/startup_mk64f12.o
rm -rf ./source/MK64F12_Project.d ./source/MK64F12_Project.o ./source/semihost_hardfault.d ./source/semihost_hardfault.o
rm -rf ./drivers/fsl_adc16.d ./drivers/fsl_adc16.o ./drivers/fsl_clock.d ./drivers/fsl_clock.o ./drivers/fsl_common.d ./drivers/fsl_common.o ./drivers/fsl_common_arm.d ./drivers/fsl_common_arm.o ./drivers/fsl_gpio.d ./drivers/fsl_gpio.o ./drivers/fsl_i2c.d ./drivers/fsl_i2c.o ./drivers/fsl_smc.d ./drivers/fsl_smc.o ./drivers/fsl_uart.d ./drivers/fsl_uart.o
rm -rf ./device/system_MK64F12.d ./device/system_MK64F12.o
rm -rf ./component/uart/fsl_adapter_uart.d ./component/uart/fsl_adapter_uart.o
rm -rf ./component/serial_manager/fsl_component_serial_manager.d ./component/serial_manager/fsl_component_serial_manager.o ./component/serial_manager/fsl_component_serial_port_uart.d ./component/serial_manager/fsl_component_serial_port_uart.o
rm -rf ./component/lists/fsl_component_generic_list.d ./component/lists/fsl_component_generic_list.o
rm -rf ./board/board.d ./board/board.o ./board/clock_config.d ./board/clock_config.o ./board/peripherals.d ./board/peripherals.o ./board/pin_mux.d ./board/pin_mux.o
rm -rf MK64F12_Project.axf
 
14:25:35 **** Incremental Build of configuration Debug for project MK64F12_Project ****
make -r -j8 all 
Building file: ../utilities/fsl_debug_console.c
Building file: ../utilities/fsl_str.c
Building file: ../startup/startup_mk64f12.c
Building file: ../source/MK64F12_Project.c
Invoking: MCU C Compiler
Invoking: MCU C Compiler
Invoking: MCU C Compiler
arm-none-eabi-gcc -D__REDLIB__ -DCPU_MK64FN1M0VLL12 -DCPU_MK64FN1M0VLL12_cm4 -DSDK_OS_BAREMETAL -DSERIAL_PORT_TYPE_UART=1 -DSDK_DEBUGCONSOLE=0 -DCR_INTEGER_PRINTF -DPRINTF_FLOAT_ENABLE=0 -D__MCUXPRESSO -D__USE_CMSIS -DDEBUG -I"E:\MCO 556\Lab 4 - Using Config Tools\MK64F12_Project\board" -I"E:\MCO 556\Lab 4 - Using Config Tools\MK64F12_Project\source" -I"E:\MCO 556\Lab 4 - Using Config Tools\MK64F12_Project\utilities" -I"E:\MCO 556\Lab 4 - Using Config Tools\MK64F12_Project\drivers" -I"E:\MCO 556\Lab 4 - Using Config Tools\MK64F12_Project\device" -I"E:\MCO 556\Lab 4 - Using Config Tools\MK64F12_Project\component\serial_manager" -I"E:\MCO 556\Lab 4 - Using Config Tools\MK64F12_Project\component\lists" -I"E:\MCO 556\Lab 4 - Using Config Tools\MK64F12_Project\CMSIS" -I"E:\MCO 556\Lab 4 - Using Config Tools\MK64F12_Project\component\uart" -O0 -fno-common -g3 -gdwarf-4 -Wall -c -ffunction-sections -fdata-sections -ffreestanding -fno-builtin -fmerge-constants -fmacro-prefix-map="../utilities/"= -mcpu=cortex-m4 -mfpu=fpv4-sp-d16 -mfloat-abi=hard -mthumb -D__REDLIB__ -fstack-usage -specs=redlib.specs -MMD -MP -MF"utilities/fsl_debug_console.d" -MT"utilities/fsl_debug_console.o" -MT"utilities/fsl_debug_console.d" -o "utilities/fsl_debug_console.o" "../utilities/fsl_debug_console.c"
Invoking: MCU C Compiler
arm-none-eabi-gcc -D__REDLIB__ -DCPU_MK64FN1M0VLL12 -DCPU_MK64FN1M0VLL12_cm4 -DSDK_OS_BAREMETAL -DSERIAL_PORT_TYPE_UART=1 -DSDK_DEBUGCONSOLE=0 -DCR_INTEGER_PRINTF -DPRINTF_FLOAT_ENABLE=0 -D__MCUXPRESSO -D__USE_CMSIS -DDEBUG -I"E:\MCO 556\Lab 4 - Using Config Tools\MK64F12_Project\board" -I"E:\MCO 556\Lab 4 - Using Config Tools\MK64F12_Project\source" -I"E:\MCO 556\Lab 4 - Using Config Tools\MK64F12_Project\utilities" -I"E:\MCO 556\Lab 4 - Using Config Tools\MK64F12_Project\drivers" -I"E:\MCO 556\Lab 4 - Using Config Tools\MK64F12_Project\device" -I"E:\MCO 556\Lab 4 - Using Config Tools\MK64F12_Project\component\serial_manager" -I"E:\MCO 556\Lab 4 - Using Config Tools\MK64F12_Project\component\lists" -I"E:\MCO 556\Lab 4 - Using Config Tools\MK64F12_Project\CMSIS" -I"E:\MCO 556\Lab 4 - Using Config Tools\MK64F12_Project\component\uart" -O0 -fno-common -g3 -gdwarf-4 -Wall -c -ffunction-sections -fdata-sections -ffreestanding -fno-builtin -fmerge-constants -fmacro-prefix-map="../utilities/"= -mcpu=cortex-m4 -mfpu=fpv4-sp-d16 -mfloat-abi=hard -mthumb -D__REDLIB__ -fstack-usage -specs=redlib.specs -MMD -MP -MF"utilities/fsl_str.d" -MT"utilities/fsl_str.o" -MT"utilities/fsl_str.d" -o "utilities/fsl_str.o" "../utilities/fsl_str.c"
Building file: ../source/semihost_hardfault.c
arm-none-eabi-gcc -D__REDLIB__ -DCPU_MK64FN1M0VLL12 -DCPU_MK64FN1M0VLL12_cm4 -DSDK_OS_BAREMETAL -DSERIAL_PORT_TYPE_UART=1 -DSDK_DEBUGCONSOLE=0 -DCR_INTEGER_PRINTF -DPRINTF_FLOAT_ENABLE=0 -D__MCUXPRESSO -D__USE_CMSIS -DDEBUG -I"E:\MCO 556\Lab 4 - Using Config Tools\MK64F12_Project\board" -I"E:\MCO 556\Lab 4 - Using Config Tools\MK64F12_Project\source" -I"E:\MCO 556\Lab 4 - Using Config Tools\MK64F12_Project\utilities" -I"E:\MCO 556\Lab 4 - Using Config Tools\MK64F12_Project\drivers" -I"E:\MCO 556\Lab 4 - Using Config Tools\MK64F12_Project\device" -I"E:\MCO 556\Lab 4 - Using Config Tools\MK64F12_Project\component\serial_manager" -I"E:\MCO 556\Lab 4 - Using Config Tools\MK64F12_Project\component\lists" -I"E:\MCO 556\Lab 4 - Using Config Tools\MK64F12_Project\CMSIS" -I"E:\MCO 556\Lab 4 - Using Config Tools\MK64F12_Project\component\uart" -O0 -fno-common -g3 -gdwarf-4 -Wall -c -ffunction-sections -fdata-sections -ffreestanding -fno-builtin -fmerge-constants -fmacro-prefix-map="../startup/"= -mcpu=cortex-m4 -mfpu=fpv4-sp-d16 -mfloat-abi=hard -mthumb -D__REDLIB__ -fstack-usage -specs=redlib.specs -MMD -MP -MF"startup/startup_mk64f12.d" -MT"startup/startup_mk64f12.o" -MT"startup/startup_mk64f12.d" -o "startup/startup_mk64f12.o" "../startup/startup_mk64f12.c"
arm-none-eabi-gcc -D__REDLIB__ -DCPU_MK64FN1M0VLL12 -DCPU_MK64FN1M0VLL12_cm4 -DSDK_OS_BAREMETAL -DSERIAL_PORT_TYPE_UART=1 -DSDK_DEBUGCONSOLE=0 -DCR_INTEGER_PRINTF -DPRINTF_FLOAT_ENABLE=0 -D__MCUXPRESSO -D__USE_CMSIS -DDEBUG -I"E:\MCO 556\Lab 4 - Using Config Tools\MK64F12_Project\board" -I"E:\MCO 556\Lab 4 - Using Config Tools\MK64F12_Project\source" -I"E:\MCO 556\Lab 4 - Using Config Tools\MK64F12_Project\utilities" -I"E:\MCO 556\Lab 4 - Using Config Tools\MK64F12_Project\drivers" -I"E:\MCO 556\Lab 4 - Using Config Tools\MK64F12_Project\device" -I"E:\MCO 556\Lab 4 - Using Config Tools\MK64F12_Project\component\serial_manager" -I"E:\MCO 556\Lab 4 - Using Config Tools\MK64F12_Project\component\lists" -I"E:\MCO 556\Lab 4 - Using Config Tools\MK64F12_Project\CMSIS" -I"E:\MCO 556\Lab 4 - Using Config Tools\MK64F12_Project\component\uart" -O0 -fno-common -g3 -gdwarf-4 -Wall -c -ffunction-sections -fdata-sections -ffreestanding -fno-builtin -fmerge-constants -fmacro-prefix-map="../source/"= -mcpu=cortex-m4 -mfpu=fpv4-sp-d16 -mfloat-abi=hard -mthumb -D__REDLIB__ -fstack-usage -specs=redlib.specs -MMD -MP -MF"source/MK64F12_Project.d" -MT"source/MK64F12_Project.o" -MT"source/MK64F12_Project.d" -o "source/MK64F12_Project.o" "../source/MK64F12_Project.c"
Invoking: MCU C Compiler
arm-none-eabi-gcc -D__REDLIB__ -DCPU_MK64FN1M0VLL12 -DCPU_MK64FN1M0VLL12_cm4 -DSDK_OS_BAREMETAL -DSERIAL_PORT_TYPE_UART=1 -DSDK_DEBUGCONSOLE=0 -DCR_INTEGER_PRINTF -DPRINTF_FLOAT_ENABLE=0 -D__MCUXPRESSO -D__USE_CMSIS -DDEBUG -I"E:\MCO 556\Lab 4 - Using Config Tools\MK64F12_Project\board" -I"E:\MCO 556\Lab 4 - Using Config Tools\MK64F12_Project\source" -I"E:\MCO 556\Lab 4 - Using Config Tools\MK64F12_Project\utilities" -I"E:\MCO 556\Lab 4 - Using Config Tools\MK64F12_Project\drivers" -I"E:\MCO 556\Lab 4 - Using Config Tools\MK64F12_Project\device" -I"E:\MCO 556\Lab 4 - Using Config Tools\MK64F12_Project\component\serial_manager" -I"E:\MCO 556\Lab 4 - Using Config Tools\MK64F12_Project\component\lists" -I"E:\MCO 556\Lab 4 - Using Config Tools\MK64F12_Project\CMSIS" -I"E:\MCO 556\Lab 4 - Using Config Tools\MK64F12_Project\component\uart" -O0 -fno-common -g3 -gdwarf-4 -Wall -c -ffunction-sections -fdata-sections -ffreestanding -fno-builtin -fmerge-constants -fmacro-prefix-map="../source/"= -mcpu=cortex-m4 -mfpu=fpv4-sp-d16 -mfloat-abi=hard -mthumb -D__REDLIB__ -fstack-usage -specs=redlib.specs -MMD -MP -MF"source/semihost_hardfault.d" -MT"source/semihost_hardfault.o" -MT"source/semihost_hardfault.d" -o "source/semihost_hardfault.o" "../source/semihost_hardfault.c"
Building file: ../drivers/fsl_adc16.c
Building file: ../drivers/fsl_clock.c
Building file: ../drivers/fsl_common.c
Invoking: MCU C Compiler
Invoking: MCU C Compiler
Invoking: MCU C Compiler
arm-none-eabi-gcc -D__REDLIB__ -DCPU_MK64FN1M0VLL12 -DCPU_MK64FN1M0VLL12_cm4 -DSDK_OS_BAREMETAL -DSERIAL_PORT_TYPE_UART=1 -DSDK_DEBUGCONSOLE=0 -DCR_INTEGER_PRINTF -DPRINTF_FLOAT_ENABLE=0 -D__MCUXPRESSO -D__USE_CMSIS -DDEBUG -I"E:\MCO 556\Lab 4 - Using Config Tools\MK64F12_Project\board" -I"E:\MCO 556\Lab 4 - Using Config Tools\MK64F12_Project\source" -I"E:\MCO 556\Lab 4 - Using Config Tools\MK64F12_Project\utilities" -I"E:\MCO 556\Lab 4 - Using Config Tools\MK64F12_Project\drivers" -I"E:\MCO 556\Lab 4 - Using Config Tools\MK64F12_Project\device" -I"E:\MCO 556\Lab 4 - Using Config Tools\MK64F12_Project\component\serial_manager" -I"E:\MCO 556\Lab 4 - Using Config Tools\MK64F12_Project\component\lists" -I"E:\MCO 556\Lab 4 - Using Config Tools\MK64F12_Project\CMSIS" -I"E:\MCO 556\Lab 4 - Using Config Tools\MK64F12_Project\component\uart" -O0 -fno-common -g3 -gdwarf-4 -Wall -c -ffunction-sections -fdata-sections -ffreestanding -fno-builtin -fmerge-constants -fmacro-prefix-map="../drivers/"= -mcpu=cortex-m4 -mfpu=fpv4-sp-d16 -mfloat-abi=hard -mthumb -D__REDLIB__ -fstack-usage -specs=redlib.specs -MMD -MP -MF"drivers/fsl_adc16.d" -MT"drivers/fsl_adc16.o" -MT"drivers/fsl_adc16.d" -o "drivers/fsl_adc16.o" "../drivers/fsl_adc16.c"
arm-none-eabi-gcc -D__REDLIB__ -DCPU_MK64FN1M0VLL12 -DCPU_MK64FN1M0VLL12_cm4 -DSDK_OS_BAREMETAL -DSERIAL_PORT_TYPE_UART=1 -DSDK_DEBUGCONSOLE=0 -DCR_INTEGER_PRINTF -DPRINTF_FLOAT_ENABLE=0 -D__MCUXPRESSO -D__USE_CMSIS -DDEBUG -I"E:\MCO 556\Lab 4 - Using Config Tools\MK64F12_Project\board" -I"E:\MCO 556\Lab 4 - Using Config Tools\MK64F12_Project\source" -I"E:\MCO 556\Lab 4 - Using Config Tools\MK64F12_Project\utilities" -I"E:\MCO 556\Lab 4 - Using Config Tools\MK64F12_Project\drivers" -I"E:\MCO 556\Lab 4 - Using Config Tools\MK64F12_Project\device" -I"E:\MCO 556\Lab 4 - Using Config Tools\MK64F12_Project\component\serial_manager" -I"E:\MCO 556\Lab 4 - Using Config Tools\MK64F12_Project\component\lists" -I"E:\MCO 556\Lab 4 - Using Config Tools\MK64F12_Project\CMSIS" -I"E:\MCO 556\Lab 4 - Using Config Tools\MK64F12_Project\component\uart" -O0 -fno-common -g3 -gdwarf-4 -Wall -c -ffunction-sections -fdata-sections -ffreestanding -fno-builtin -fmerge-constants -fmacro-prefix-map="../drivers/"= -mcpu=cortex-m4 -mfpu=fpv4-sp-d16 -mfloat-abi=hard -mthumb -D__REDLIB__ -fstack-usage -specs=redlib.specs -MMD -MP -MF"drivers/fsl_common.d" -MT"drivers/fsl_common.o" -MT"drivers/fsl_common.d" -o "drivers/fsl_common.o" "../drivers/fsl_common.c"
arm-none-eabi-gcc -D__REDLIB__ -DCPU_MK64FN1M0VLL12 -DCPU_MK64FN1M0VLL12_cm4 -DSDK_OS_BAREMETAL -DSERIAL_PORT_TYPE_UART=1 -DSDK_DEBUGCONSOLE=0 -DCR_INTEGER_PRINTF -DPRINTF_FLOAT_ENABLE=0 -D__MCUXPRESSO -D__USE_CMSIS -DDEBUG -I"E:\MCO 556\Lab 4 - Using Config Tools\MK64F12_Project\board" -I"E:\MCO 556\Lab 4 - Using Config Tools\MK64F12_Project\source" -I"E:\MCO 556\Lab 4 - Using Config Tools\MK64F12_Project\utilities" -I"E:\MCO 556\Lab 4 - Using Config Tools\MK64F12_Project\drivers" -I"E:\MCO 556\Lab 4 - Using Config Tools\MK64F12_Project\device" -I"E:\MCO 556\Lab 4 - Using Config Tools\MK64F12_Project\component\serial_manager" -I"E:\MCO 556\Lab 4 - Using Config Tools\MK64F12_Project\component\lists" -I"E:\MCO 556\Lab 4 - Using Config Tools\MK64F12_Project\CMSIS" -I"E:\MCO 556\Lab 4 - Using Config Tools\MK64F12_Project\component\uart" -O0 -fno-common -g3 -gdwarf-4 -Wall -c -ffunction-sections -fdata-sections -ffreestanding -fno-builtin -fmerge-constants -fmacro-prefix-map="../drivers/"= -mcpu=cortex-m4 -mfpu=fpv4-sp-d16 -mfloat-abi=hard -mthumb -D__REDLIB__ -fstack-usage -specs=redlib.specs -MMD -MP -MF"drivers/fsl_clock.d" -MT"drivers/fsl_clock.o" -MT"drivers/fsl_clock.d" -o "drivers/fsl_clock.o" "../drivers/fsl_clock.c"
../source/MK64F12_Project.c: In function 'main':
../source/MK64F12_Project.c:49:5: warning: implicit declaration of function 'RED_LED_ON'; did you mean 'LED_RED_ON'? [-Wimplicit-function-declaration]
   49 |     RED_LED_ON();
      |     ^~~~~~~~~~
      |     LED_RED_ON
../source/MK64F12_Project.c:50:5: warning: implicit declaration of function 'RED_LED_OFF'; did you mean 'LED_RED_OFF'? [-Wimplicit-function-declaration]
   50 |     RED_LED_OFF();
      |     ^~~~~~~~~~~
      |     LED_RED_OFF
Finished building: ../startup/startup_mk64f12.c
 
Building file: ../drivers/fsl_common_arm.c
Invoking: MCU C Compiler
arm-none-eabi-gcc -D__REDLIB__ -DCPU_MK64FN1M0VLL12 -DCPU_MK64FN1M0VLL12_cm4 -DSDK_OS_BAREMETAL -DSERIAL_PORT_TYPE_UART=1 -DSDK_DEBUGCONSOLE=0 -DCR_INTEGER_PRINTF -DPRINTF_FLOAT_ENABLE=0 -D__MCUXPRESSO -D__USE_CMSIS -DDEBUG -I"E:\MCO 556\Lab 4 - Using Config Tools\MK64F12_Project\board" -I"E:\MCO 556\Lab 4 - Using Config Tools\MK64F12_Project\source" -I"E:\MCO 556\Lab 4 - Using Config Tools\MK64F12_Project\utilities" -I"E:\MCO 556\Lab 4 - Using Config Tools\MK64F12_Project\drivers" -I"E:\MCO 556\Lab 4 - Using Config Tools\MK64F12_Project\device" -I"E:\MCO 556\Lab 4 - Using Config Tools\MK64F12_Project\component\serial_manager" -I"E:\MCO 556\Lab 4 - Using Config Tools\MK64F12_Project\component\lists" -I"E:\MCO 556\Lab 4 - Using Config Tools\MK64F12_Project\CMSIS" -I"E:\MCO 556\Lab 4 - Using Config Tools\MK64F12_Project\component\uart" -O0 -fno-common -g3 -gdwarf-4 -Wall -c -ffunction-sections -fdata-sections -ffreestanding -fno-builtin -fmerge-constants -fmacro-prefix-map="../drivers/"= -mcpu=cortex-m4 -mfpu=fpv4-sp-d16 -mfloat-abi=hard -mthumb -D__REDLIB__ -fstack-usage -specs=redlib.specs -MMD -MP -MF"drivers/fsl_common_arm.d" -MT"drivers/fsl_common_arm.o" -MT"drivers/fsl_common_arm.d" -o "drivers/fsl_common_arm.o" "../drivers/fsl_common_arm.c"
Finished building: ../utilities/fsl_debug_console.c
Finished building: ../utilities/fsl_str.c
 
 
Finished building: ../source/MK64F12_Project.c
Finished building: ../source/semihost_hardfault.c
Building file: ../drivers/fsl_gpio.c
 
 
Building file: ../drivers/fsl_i2c.c
Invoking: MCU C Compiler
Building file: ../drivers/fsl_smc.c
Building file: ../drivers/fsl_uart.c
arm-none-eabi-gcc -D__REDLIB__ -DCPU_MK64FN1M0VLL12 -DCPU_MK64FN1M0VLL12_cm4 -DSDK_OS_BAREMETAL -DSERIAL_PORT_TYPE_UART=1 -DSDK_DEBUGCONSOLE=0 -DCR_INTEGER_PRINTF -DPRINTF_FLOAT_ENABLE=0 -D__MCUXPRESSO -D__USE_CMSIS -DDEBUG -I"E:\MCO 556\Lab 4 - Using Config Tools\MK64F12_Project\board" -I"E:\MCO 556\Lab 4 - Using Config Tools\MK64F12_Project\source" -I"E:\MCO 556\Lab 4 - Using Config Tools\MK64F12_Project\utilities" -I"E:\MCO 556\Lab 4 - Using Config Tools\MK64F12_Project\drivers" -I"E:\MCO 556\Lab 4 - Using Config Tools\MK64F12_Project\device" -I"E:\MCO 556\Lab 4 - Using Config Tools\MK64F12_Project\component\serial_manager" -I"E:\MCO 556\Lab 4 - Using Config Tools\MK64F12_Project\component\lists" -I"E:\MCO 556\Lab 4 - Using Config Tools\MK64F12_Project\CMSIS" -I"E:\MCO 556\Lab 4 - Using Config Tools\MK64F12_Project\component\uart" -O0 -fno-common -g3 -gdwarf-4 -Wall -c -ffunction-sections -fdata-sections -ffreestanding -fno-builtin -fmerge-constants -fmacro-prefix-map="../drivers/"= -mcpu=cortex-m4 -mfpu=fpv4-sp-d16 -mfloat-abi=hard -mthumb -D__REDLIB__ -fstack-usage -specs=redlib.specs -MMD -MP -MF"drivers/fsl_gpio.d" -MT"drivers/fsl_gpio.o" -MT"drivers/fsl_gpio.d" -o "drivers/fsl_gpio.o" "../drivers/fsl_gpio.c"
Finished building: ../drivers/fsl_adc16.c
Invoking: MCU C Compiler
arm-none-eabi-gcc -D__REDLIB__ -DCPU_MK64FN1M0VLL12 -DCPU_MK64FN1M0VLL12_cm4 -DSDK_OS_BAREMETAL -DSERIAL_PORT_TYPE_UART=1 -DSDK_DEBUGCONSOLE=0 -DCR_INTEGER_PRINTF -DPRINTF_FLOAT_ENABLE=0 -D__MCUXPRESSO -D__USE_CMSIS -DDEBUG -I"E:\MCO 556\Lab 4 - Using Config Tools\MK64F12_Project\board" -I"E:\MCO 556\Lab 4 - Using Config Tools\MK64F12_Project\source" -I"E:\MCO 556\Lab 4 - Using Config Tools\MK64F12_Project\utilities" -I"E:\MCO 556\Lab 4 - Using Config Tools\MK64F12_Project\drivers" -I"E:\MCO 556\Lab 4 - Using Config Tools\MK64F12_Project\device" -I"E:\MCO 556\Lab 4 - Using Config Tools\MK64F12_Project\component\serial_manager" -I"E:\MCO 556\Lab 4 - Using Config Tools\MK64F12_Project\component\lists" -I"E:\MCO 556\Lab 4 - Using Config Tools\MK64F12_Project\CMSIS" -I"E:\MCO 556\Lab 4 - Using Config Tools\MK64F12_Project\component\uart" -O0 -fno-common -g3 -gdwarf-4 -Wall -c -ffunction-sections -fdata-sections -ffreestanding -fno-builtin -fmerge-constants -fmacro-prefix-map="../drivers/"= -mcpu=cortex-m4 -mfpu=fpv4-sp-d16 -mfloat-abi=hard -mthumb -D__REDLIB__ -fstack-usage -specs=redlib.specs -MMD -MP -MF"drivers/fsl_i2c.d" -MT"drivers/fsl_i2c.o" -MT"drivers/fsl_i2c.d" -o "drivers/fsl_i2c.o" "../drivers/fsl_i2c.c"
Invoking: MCU C Compiler
arm-none-eabi-gcc -D__REDLIB__ -DCPU_MK64FN1M0VLL12 -DCPU_MK64FN1M0VLL12_cm4 -DSDK_OS_BAREMETAL -DSERIAL_PORT_TYPE_UART=1 -DSDK_DEBUGCONSOLE=0 -DCR_INTEGER_PRINTF -DPRINTF_FLOAT_ENABLE=0 -D__MCUXPRESSO -D__USE_CMSIS -DDEBUG -I"E:\MCO 556\Lab 4 - Using Config Tools\MK64F12_Project\board" -I"E:\MCO 556\Lab 4 - Using Config Tools\MK64F12_Project\source" -I"E:\MCO 556\Lab 4 - Using Config Tools\MK64F12_Project\utilities" -I"E:\MCO 556\Lab 4 - Using Config Tools\MK64F12_Project\drivers" -I"E:\MCO 556\Lab 4 - Using Config Tools\MK64F12_Project\device" -I"E:\MCO 556\Lab 4 - Using Config Tools\MK64F12_Project\component\serial_manager" -I"E:\MCO 556\Lab 4 - Using Config Tools\MK64F12_Project\component\lists" -I"E:\MCO 556\Lab 4 - Using Config Tools\MK64F12_Project\CMSIS" -I"E:\MCO 556\Lab 4 - Using Config Tools\MK64F12_Project\component\uart" -O0 -fno-common -g3 -gdwarf-4 -Wall -c -ffunction-sections -fdata-sections -ffreestanding -fno-builtin -fmerge-constants -fmacro-prefix-map="../drivers/"= -mcpu=cortex-m4 -mfpu=fpv4-sp-d16 -mfloat-abi=hard -mthumb -D__REDLIB__ -fstack-usage -specs=redlib.specs -MMD -MP -MF"drivers/fsl_smc.d" -MT"drivers/fsl_smc.o" -MT"drivers/fsl_smc.d" -o "drivers/fsl_smc.o" "../drivers/fsl_smc.c"
 
Invoking: MCU C Compiler
arm-none-eabi-gcc -D__REDLIB__ -DCPU_MK64FN1M0VLL12 -DCPU_MK64FN1M0VLL12_cm4 -DSDK_OS_BAREMETAL -DSERIAL_PORT_TYPE_UART=1 -DSDK_DEBUGCONSOLE=0 -DCR_INTEGER_PRINTF -DPRINTF_FLOAT_ENABLE=0 -D__MCUXPRESSO -D__USE_CMSIS -DDEBUG -I"E:\MCO 556\Lab 4 - Using Config Tools\MK64F12_Project\board" -I"E:\MCO 556\Lab 4 - Using Config Tools\MK64F12_Project\source" -I"E:\MCO 556\Lab 4 - Using Config Tools\MK64F12_Project\utilities" -I"E:\MCO 556\Lab 4 - Using Config Tools\MK64F12_Project\drivers" -I"E:\MCO 556\Lab 4 - Using Config Tools\MK64F12_Project\device" -I"E:\MCO 556\Lab 4 - Using Config Tools\MK64F12_Project\component\serial_manager" -I"E:\MCO 556\Lab 4 - Using Config Tools\MK64F12_Project\component\lists" -I"E:\MCO 556\Lab 4 - Using Config Tools\MK64F12_Project\CMSIS" -I"E:\MCO 556\Lab 4 - Using Config Tools\MK64F12_Project\component\uart" -O0 -fno-common -g3 -gdwarf-4 -Wall -c -ffunction-sections -fdata-sections -ffreestanding -fno-builtin -fmerge-constants -fmacro-prefix-map="../drivers/"= -mcpu=cortex-m4 -mfpu=fpv4-sp-d16 -mfloat-abi=hard -mthumb -D__REDLIB__ -fstack-usage -specs=redlib.specs -MMD -MP -MF"drivers/fsl_uart.d" -MT"drivers/fsl_uart.o" -MT"drivers/fsl_uart.d" -o "drivers/fsl_uart.o" "../drivers/fsl_uart.c"
Building file: ../device/system_MK64F12.c
Invoking: MCU C Compiler
arm-none-eabi-gcc -D__REDLIB__ -DCPU_MK64FN1M0VLL12 -DCPU_MK64FN1M0VLL12_cm4 -DSDK_OS_BAREMETAL -DSERIAL_PORT_TYPE_UART=1 -DSDK_DEBUGCONSOLE=0 -DCR_INTEGER_PRINTF -DPRINTF_FLOAT_ENABLE=0 -D__MCUXPRESSO -D__USE_CMSIS -DDEBUG -I"E:\MCO 556\Lab 4 - Using Config Tools\MK64F12_Project\board" -I"E:\MCO 556\Lab 4 - Using Config Tools\MK64F12_Project\source" -I"E:\MCO 556\Lab 4 - Using Config Tools\MK64F12_Project\utilities" -I"E:\MCO 556\Lab 4 - Using Config Tools\MK64F12_Project\drivers" -I"E:\MCO 556\Lab 4 - Using Config Tools\MK64F12_Project\device" -I"E:\MCO 556\Lab 4 - Using Config Tools\MK64F12_Project\component\serial_manager" -I"E:\MCO 556\Lab 4 - Using Config Tools\MK64F12_Project\component\lists" -I"E:\MCO 556\Lab 4 - Using Config Tools\MK64F12_Project\CMSIS" -I"E:\MCO 556\Lab 4 - Using Config Tools\MK64F12_Project\component\uart" -O0 -fno-common -g3 -gdwarf-4 -Wall -c -ffunction-sections -fdata-sections -ffreestanding -fno-builtin -fmerge-constants -fmacro-prefix-map="../device/"= -mcpu=cortex-m4 -mfpu=fpv4-sp-d16 -mfloat-abi=hard -mthumb -D__REDLIB__ -fstack-usage -specs=redlib.specs -MMD -MP -MF"device/system_MK64F12.d" -MT"device/system_MK64F12.o" -MT"device/system_MK64F12.d" -o "device/system_MK64F12.o" "../device/system_MK64F12.c"
Finished building: ../drivers/fsl_clock.c
 
Finished building: ../drivers/fsl_common.c
Building file: ../component/uart/fsl_adapter_uart.c
 
Invoking: MCU C Compiler
arm-none-eabi-gcc -D__REDLIB__ -DCPU_MK64FN1M0VLL12 -DCPU_MK64FN1M0VLL12_cm4 -DSDK_OS_BAREMETAL -DSERIAL_PORT_TYPE_UART=1 -DSDK_DEBUGCONSOLE=0 -DCR_INTEGER_PRINTF -DPRINTF_FLOAT_ENABLE=0 -D__MCUXPRESSO -D__USE_CMSIS -DDEBUG -I"E:\MCO 556\Lab 4 - Using Config Tools\MK64F12_Project\board" -I"E:\MCO 556\Lab 4 - Using Config Tools\MK64F12_Project\source" -I"E:\MCO 556\Lab 4 - Using Config Tools\MK64F12_Project\utilities" -I"E:\MCO 556\Lab 4 - Using Config Tools\MK64F12_Project\drivers" -I"E:\MCO 556\Lab 4 - Using Config Tools\MK64F12_Project\device" -I"E:\MCO 556\Lab 4 - Using Config Tools\MK64F12_Project\component\serial_manager" -I"E:\MCO 556\Lab 4 - Using Config Tools\MK64F12_Project\component\lists" -I"E:\MCO 556\Lab 4 - Using Config Tools\MK64F12_Project\CMSIS" -I"E:\MCO 556\Lab 4 - Using Config Tools\MK64F12_Project\component\uart" -O0 -fno-common -g3 -gdwarf-4 -Wall -c -ffunction-sections -fdata-sections -ffreestanding -fno-builtin -fmerge-constants -fmacro-prefix-map="../component/uart/"= -mcpu=cortex-m4 -mfpu=fpv4-sp-d16 -mfloat-abi=hard -mthumb -D__REDLIB__ -fstack-usage -specs=redlib.specs -MMD -MP -MF"component/uart/fsl_adapter_uart.d" -MT"component/uart/fsl_adapter_uart.o" -MT"component/uart/fsl_adapter_uart.d" -o "component/uart/fsl_adapter_uart.o" "../component/uart/fsl_adapter_uart.c"
Building file: ../component/serial_manager/fsl_component_serial_manager.c
Invoking: MCU C Compiler
arm-none-eabi-gcc -D__REDLIB__ -DCPU_MK64FN1M0VLL12 -DCPU_MK64FN1M0VLL12_cm4 -DSDK_OS_BAREMETAL -DSERIAL_PORT_TYPE_UART=1 -DSDK_DEBUGCONSOLE=0 -DCR_INTEGER_PRINTF -DPRINTF_FLOAT_ENABLE=0 -D__MCUXPRESSO -D__USE_CMSIS -DDEBUG -I"E:\MCO 556\Lab 4 - Using Config Tools\MK64F12_Project\board" -I"E:\MCO 556\Lab 4 - Using Config Tools\MK64F12_Project\source" -I"E:\MCO 556\Lab 4 - Using Config Tools\MK64F12_Project\utilities" -I"E:\MCO 556\Lab 4 - Using Config Tools\MK64F12_Project\drivers" -I"E:\MCO 556\Lab 4 - Using Config Tools\MK64F12_Project\device" -I"E:\MCO 556\Lab 4 - Using Config Tools\MK64F12_Project\component\serial_manager" -I"E:\MCO 556\Lab 4 - Using Config Tools\MK64F12_Project\component\lists" -I"E:\MCO 556\Lab 4 - Using Config Tools\MK64F12_Project\CMSIS" -I"E:\MCO 556\Lab 4 - Using Config Tools\MK64F12_Project\component\uart" -O0 -fno-common -g3 -gdwarf-4 -Wall -c -ffunction-sections -fdata-sections -ffreestanding -fno-builtin -fmerge-constants -fmacro-prefix-map="../component/serial_manager/"= -mcpu=cortex-m4 -mfpu=fpv4-sp-d16 -mfloat-abi=hard -mthumb -D__REDLIB__ -fstack-usage -specs=redlib.specs -MMD -MP -MF"component/serial_manager/fsl_component_serial_manager.d" -MT"component/serial_manager/fsl_component_serial_manager.o" -MT"component/serial_manager/fsl_component_serial_manager.d" -o "component/serial_manager/fsl_component_serial_manager.o" "../component/serial_manager/fsl_component_serial_manager.c"
Finished building: ../drivers/fsl_common_arm.c
 
Building file: ../component/serial_manager/fsl_component_serial_port_uart.c
Invoking: MCU C Compiler
arm-none-eabi-gcc -D__REDLIB__ -DCPU_MK64FN1M0VLL12 -DCPU_MK64FN1M0VLL12_cm4 -DSDK_OS_BAREMETAL -DSERIAL_PORT_TYPE_UART=1 -DSDK_DEBUGCONSOLE=0 -DCR_INTEGER_PRINTF -DPRINTF_FLOAT_ENABLE=0 -D__MCUXPRESSO -D__USE_CMSIS -DDEBUG -I"E:\MCO 556\Lab 4 - Using Config Tools\MK64F12_Project\board" -I"E:\MCO 556\Lab 4 - Using Config Tools\MK64F12_Project\source" -I"E:\MCO 556\Lab 4 - Using Config Tools\MK64F12_Project\utilities" -I"E:\MCO 556\Lab 4 - Using Config Tools\MK64F12_Project\drivers" -I"E:\MCO 556\Lab 4 - Using Config Tools\MK64F12_Project\device" -I"E:\MCO 556\Lab 4 - Using Config Tools\MK64F12_Project\component\serial_manager" -I"E:\MCO 556\Lab 4 - Using Config Tools\MK64F12_Project\component\lists" -I"E:\MCO 556\Lab 4 - Using Config Tools\MK64F12_Project\CMSIS" -I"E:\MCO 556\Lab 4 - Using Config Tools\MK64F12_Project\component\uart" -O0 -fno-common -g3 -gdwarf-4 -Wall -c -ffunction-sections -fdata-sections -ffreestanding -fno-builtin -fmerge-constants -fmacro-prefix-map="../component/serial_manager/"= -mcpu=cortex-m4 -mfpu=fpv4-sp-d16 -mfloat-abi=hard -mthumb -D__REDLIB__ -fstack-usage -specs=redlib.specs -MMD -MP -MF"component/serial_manager/fsl_component_serial_port_uart.d" -MT"component/serial_manager/fsl_component_serial_port_uart.o" -MT"component/serial_manager/fsl_component_serial_port_uart.d" -o "component/serial_manager/fsl_component_serial_port_uart.o" "../component/serial_manager/fsl_component_serial_port_uart.c"
Finished building: ../drivers/fsl_gpio.c
 
Building file: ../component/lists/fsl_component_generic_list.c
Invoking: MCU C Compiler
arm-none-eabi-gcc -D__REDLIB__ -DCPU_MK64FN1M0VLL12 -DCPU_MK64FN1M0VLL12_cm4 -DSDK_OS_BAREMETAL -DSERIAL_PORT_TYPE_UART=1 -DSDK_DEBUGCONSOLE=0 -DCR_INTEGER_PRINTF -DPRINTF_FLOAT_ENABLE=0 -D__MCUXPRESSO -D__USE_CMSIS -DDEBUG -I"E:\MCO 556\Lab 4 - Using Config Tools\MK64F12_Project\board" -I"E:\MCO 556\Lab 4 - Using Config Tools\MK64F12_Project\source" -I"E:\MCO 556\Lab 4 - Using Config Tools\MK64F12_Project\utilities" -I"E:\MCO 556\Lab 4 - Using Config Tools\MK64F12_Project\drivers" -I"E:\MCO 556\Lab 4 - Using Config Tools\MK64F12_Project\device" -I"E:\MCO 556\Lab 4 - Using Config Tools\MK64F12_Project\component\serial_manager" -I"E:\MCO 556\Lab 4 - Using Config Tools\MK64F12_Project\component\lists" -I"E:\MCO 556\Lab 4 - Using Config Tools\MK64F12_Project\CMSIS" -I"E:\MCO 556\Lab 4 - Using Config Tools\MK64F12_Project\component\uart" -O0 -fno-common -g3 -gdwarf-4 -Wall -c -ffunction-sections -fdata-sections -ffreestanding -fno-builtin -fmerge-constants -fmacro-prefix-map="../component/lists/"= -mcpu=cortex-m4 -mfpu=fpv4-sp-d16 -mfloat-abi=hard -mthumb -D__REDLIB__ -fstack-usage -specs=redlib.specs -MMD -MP -MF"component/lists/fsl_component_generic_list.d" -MT"component/lists/fsl_component_generic_list.o" -MT"component/lists/fsl_component_generic_list.d" -o "component/lists/fsl_component_generic_list.o" "../component/lists/fsl_component_generic_list.c"
Finished building: ../device/system_MK64F12.c
Finished building: ../drivers/fsl_smc.c
 
 
Building file: ../board/board.c
Building file: ../board/clock_config.c
Invoking: MCU C Compiler
Invoking: MCU C Compiler
arm-none-eabi-gcc -D__REDLIB__ -DCPU_MK64FN1M0VLL12 -DCPU_MK64FN1M0VLL12_cm4 -DSDK_OS_BAREMETAL -DSERIAL_PORT_TYPE_UART=1 -DSDK_DEBUGCONSOLE=0 -DCR_INTEGER_PRINTF -DPRINTF_FLOAT_ENABLE=0 -D__MCUXPRESSO -D__USE_CMSIS -DDEBUG -I"E:\MCO 556\Lab 4 - Using Config Tools\MK64F12_Project\board" -I"E:\MCO 556\Lab 4 - Using Config Tools\MK64F12_Project\source" -I"E:\MCO 556\Lab 4 - Using Config Tools\MK64F12_Project\utilities" -I"E:\MCO 556\Lab 4 - Using Config Tools\MK64F12_Project\drivers" -I"E:\MCO 556\Lab 4 - Using Config Tools\MK64F12_Project\device" -I"E:\MCO 556\Lab 4 - Using Config Tools\MK64F12_Project\component\serial_manager" -I"E:\MCO 556\Lab 4 - Using Config Tools\MK64F12_Project\component\lists" -I"E:\MCO 556\Lab 4 - Using Config Tools\MK64F12_Project\CMSIS" -I"E:\MCO 556\Lab 4 - Using Config Tools\MK64F12_Project\component\uart" -O0 -fno-common -g3 -gdwarf-4 -Wall -c -ffunction-sections -fdata-sections -ffreestanding -fno-builtin -fmerge-constants -fmacro-prefix-map="../board/"= -mcpu=cortex-m4 -mfpu=fpv4-sp-d16 -mfloat-abi=hard -mthumb -D__REDLIB__ -fstack-usage -specs=redlib.specs -MMD -MP -MF"board/board.d" -MT"board/board.o" -MT"board/board.d" -o "board/board.o" "../board/board.c"
arm-none-eabi-gcc -D__REDLIB__ -DCPU_MK64FN1M0VLL12 -DCPU_MK64FN1M0VLL12_cm4 -DSDK_OS_BAREMETAL -DSERIAL_PORT_TYPE_UART=1 -DSDK_DEBUGCONSOLE=0 -DCR_INTEGER_PRINTF -DPRINTF_FLOAT_ENABLE=0 -D__MCUXPRESSO -D__USE_CMSIS -DDEBUG -I"E:\MCO 556\Lab 4 - Using Config Tools\MK64F12_Project\board" -I"E:\MCO 556\Lab 4 - Using Config Tools\MK64F12_Project\source" -I"E:\MCO 556\Lab 4 - Using Config Tools\MK64F12_Project\utilities" -I"E:\MCO 556\Lab 4 - Using Config Tools\MK64F12_Project\drivers" -I"E:\MCO 556\Lab 4 - Using Config Tools\MK64F12_Project\device" -I"E:\MCO 556\Lab 4 - Using Config Tools\MK64F12_Project\component\serial_manager" -I"E:\MCO 556\Lab 4 - Using Config Tools\MK64F12_Project\component\lists" -I"E:\MCO 556\Lab 4 - Using Config Tools\MK64F12_Project\CMSIS" -I"E:\MCO 556\Lab 4 - Using Config Tools\MK64F12_Project\component\uart" -O0 -fno-common -g3 -gdwarf-4 -Wall -c -ffunction-sections -fdata-sections -ffreestanding -fno-builtin -fmerge-constants -fmacro-prefix-map="../board/"= -mcpu=cortex-m4 -mfpu=fpv4-sp-d16 -mfloat-abi=hard -mthumb -D__REDLIB__ -fstack-usage -specs=redlib.specs -MMD -MP -MF"board/clock_config.d" -MT"board/clock_config.o" -MT"board/clock_config.d" -o "board/clock_config.o" "../board/clock_config.c"
Finished building: ../drivers/fsl_uart.c
Finished building: ../drivers/fsl_i2c.c
 
 
Building file: ../board/peripherals.c
Finished building: ../component/uart/fsl_adapter_uart.c
Building file: ../board/pin_mux.c
Invoking: MCU C Compiler
 
arm-none-eabi-gcc -D__REDLIB__ -DCPU_MK64FN1M0VLL12 -DCPU_MK64FN1M0VLL12_cm4 -DSDK_OS_BAREMETAL -DSERIAL_PORT_TYPE_UART=1 -DSDK_DEBUGCONSOLE=0 -DCR_INTEGER_PRINTF -DPRINTF_FLOAT_ENABLE=0 -D__MCUXPRESSO -D__USE_CMSIS -DDEBUG -I"E:\MCO 556\Lab 4 - Using Config Tools\MK64F12_Project\board" -I"E:\MCO 556\Lab 4 - Using Config Tools\MK64F12_Project\source" -I"E:\MCO 556\Lab 4 - Using Config Tools\MK64F12_Project\utilities" -I"E:\MCO 556\Lab 4 - Using Config Tools\MK64F12_Project\drivers" -I"E:\MCO 556\Lab 4 - Using Config Tools\MK64F12_Project\device" -I"E:\MCO 556\Lab 4 - Using Config Tools\MK64F12_Project\component\serial_manager" -I"E:\MCO 556\Lab 4 - Using Config Tools\MK64F12_Project\component\lists" -I"E:\MCO 556\Lab 4 - Using Config Tools\MK64F12_Project\CMSIS" -I"E:\MCO 556\Lab 4 - Using Config Tools\MK64F12_Project\component\uart" -O0 -fno-common -g3 -gdwarf-4 -Wall -c -ffunction-sections -fdata-sections -ffreestanding -fno-builtin -fmerge-constants -fmacro-prefix-map="../board/"= -mcpu=cortex-m4 -mfpu=fpv4-sp-d16 -mfloat-abi=hard -mthumb -D__REDLIB__ -fstack-usage -specs=redlib.specs -MMD -MP -MF"board/peripherals.d" -MT"board/peripherals.o" -MT"board/peripherals.d" -o "board/peripherals.o" "../board/peripherals.c"
Invoking: MCU C Compiler
arm-none-eabi-gcc -D__REDLIB__ -DCPU_MK64FN1M0VLL12 -DCPU_MK64FN1M0VLL12_cm4 -DSDK_OS_BAREMETAL -DSERIAL_PORT_TYPE_UART=1 -DSDK_DEBUGCONSOLE=0 -DCR_INTEGER_PRINTF -DPRINTF_FLOAT_ENABLE=0 -D__MCUXPRESSO -D__USE_CMSIS -DDEBUG -I"E:\MCO 556\Lab 4 - Using Config Tools\MK64F12_Project\board" -I"E:\MCO 556\Lab 4 - Using Config Tools\MK64F12_Project\source" -I"E:\MCO 556\Lab 4 - Using Config Tools\MK64F12_Project\utilities" -I"E:\MCO 556\Lab 4 - Using Config Tools\MK64F12_Project\drivers" -I"E:\MCO 556\Lab 4 - Using Config Tools\MK64F12_Project\device" -I"E:\MCO 556\Lab 4 - Using Config Tools\MK64F12_Project\component\serial_manager" -I"E:\MCO 556\Lab 4 - Using Config Tools\MK64F12_Project\component\lists" -I"E:\MCO 556\Lab 4 - Using Config Tools\MK64F12_Project\CMSIS" -I"E:\MCO 556\Lab 4 - Using Config Tools\MK64F12_Project\component\uart" -O0 -fno-common -g3 -gdwarf-4 -Wall -c -ffunction-sections -fdata-sections -ffreestanding -fno-builtin -fmerge-constants -fmacro-prefix-map="../board/"= -mcpu=cortex-m4 -mfpu=fpv4-sp-d16 -mfloat-abi=hard -mthumb -D__REDLIB__ -fstack-usage -specs=redlib.specs -MMD -MP -MF"board/pin_mux.d" -MT"board/pin_mux.o" -MT"board/pin_mux.d" -o "board/pin_mux.o" "../board/pin_mux.c"
Finished building: ../component/serial_manager/fsl_component_serial_manager.c
 
Finished building: ../component/serial_manager/fsl_component_serial_port_uart.c
 
[...]
Finished building: ../source/Lab4_2btn_1led_pin_irq.c
 
Building target: Lab4_2btn_1led_pin_irq.axf
Invoking: MCU Linker
arm-none-eabi-gcc -nostdlib -Xlinker -Map="Lab4_2btn_1led_pin_irq.map" -Xlinker --gc-sections -Xlinker -print-memory-usage -Xlinker --sort-section=alignment -Xlinker --cref -mcpu=cortex-m4 -mfpu=fpv4-sp-d16 -mfloat-abi=hard -mthumb -T Lab4_2btn_1led_pin_irq_Debug.ld -o "Lab4_2btn_1led_pin_irq.axf" ./utilities/fsl_debug_console.o ./utilities/fsl_str.o  ./startup/startup_mk64f12.o  ./source/Lab4_2btn_1led_pin_irq.o ./source/semihost_hardfault.o  ./drivers/fsl_adc16.o ./drivers/fsl_clock.o ./drivers/fsl_common.o ./drivers/fsl_common_arm.o ./drivers/fsl_gpio.o ./drivers/fsl_i2c.o ./drivers/fsl_smc.o ./drivers/fsl_uart.o  ./device/system_MK64F12.o  ./component/uart/fsl_adapter_uart.o  ./component/serial_manager/fsl_component_serial_manager.o ./component/serial_manager/fsl_component_serial_port_uart.o  ./component/lists/fsl_component_generic_list.o  ./board/board.o ./board/clock_config.o ./board/peripherals.o ./board/pin_mux.o   
Memory region         Used Size  Region Size  %age Used
   PROGRAM_FLASH:       13104 B         1 MB      1.25%
      SRAM_UPPER:        8456 B       192 KB      4.30%
      SRAM_LOWER:          0 GB        64 KB      0.00%
        FLEX_RAM:          0 GB         4 KB      0.00%
Finished building target: Lab4_2btn_1led_pin_irq.axf
 
Performing post-build steps
arm-none-eabi-size "Lab4_2btn_1led_pin_irq.axf"; # arm-none-eabi-objcopy -v -O binary "Lab4_2btn_1led_pin_irq.axf" "Lab4_2btn_1led_pin_irq.bin" ; # checksum -p MK64FN1M0xxx12 -d "Lab4_2btn_1led_pin_irq.bin";
   text	   data	    bss	    dec	    hex	filename
  13088	     16	   8440	  21544	   5428	Lab4_2btn_1led_pin_irq.axf
 
13:49:05 **** Incremental Build of configuration Debug for project Lab4_2btn_1led_pin_irq ****
make -r -j8 all 
make[1]: Nothing to be done for 'main-build'.
Performing post-build steps
arm-none-eabi-size "Lab4_2btn_1led_pin_irq.axf"; # arm-none-eabi-objcopy -v -O binary "Lab4_2btn_1led_pin_irq.axf" "Lab4_2btn_1led_pin_irq.bin" ; # checksum -p MK64FN1M0xxx12 -d "Lab4_2btn_1led_pin_irq.bin";
   text	   data	    bss	    dec	    hex	filename
  13088	     16	   8440	  21544	   5428	Lab4_2btn_1led_pin_irq.axf
 
13:49:30 **** Incremental Build of configuration Debug for project Lab4_2btn_1led__pin_irq_toggle ****
make -r -j8 all 
Building file: ../source/Lab4_2btn_1led__pin_irq_toggle.c
Invoking: MCU C Compiler
arm-none-eabi-gcc -D__REDLIB__ -DCPU_MK64FN1M0VLL12 -DCPU_MK64FN1M0VLL12_cm4 -DSDK_OS_BAREMETAL -DSERIAL_PORT_TYPE_UART=1 -DSDK_DEBUGCONSOLE=0 -DCR_INTEGER_PRINTF -DPRINTF_FLOAT_ENABLE=0 -D__MCUXPRESSO -D__USE_CMSIS -DDEBUG -I"E:\MCO 556\Lab 4 - Using Config Tools\Lab4_2btn_1led__pin_irq_toggle\board" -I"E:\MCO 556\Lab 4 - Using Config Tools\Lab4_2btn_1led__pin_irq_toggle\source" -I"E:\MCO 556\Lab 4 - Using Config Tools\Lab4_2btn_1led__pin_irq_toggle\utilities" -I"E:\MCO 556\Lab 4 - Using Config Tools\Lab4_2btn_1led__pin_irq_toggle\drivers" -I"E:\MCO 556\Lab 4 - Using Config Tools\Lab4_2btn_1led__pin_irq_toggle\device" -I"E:\MCO 556\Lab 4 - Using Config Tools\Lab4_2btn_1led__pin_irq_toggle\component\serial_manager" -I"E:\MCO 556\Lab 4 - Using Config Tools\Lab4_2btn_1led__pin_irq_toggle\component\lists" -I"E:\MCO 556\Lab 4 - Using Config Tools\Lab4_2btn_1led__pin_irq_toggle\CMSIS" -I"E:\MCO 556\Lab 4 - Using Config Tools\Lab4_2btn_1led__pin_irq_toggle\component\uart" -O0 -fno-common -g3 -gdwarf-4 -Wall -c -ffunction-sections -fdata-sections -ffreestanding -fno-builtin -fmerge-constants -fmacro-prefix-map="../source/"= -mcpu=cortex-m4 -mfpu=fpv4-sp-d16 -mfloat-abi=hard -mthumb -D__REDLIB__ -fstack-usage -specs=redlib.specs -MMD -MP -MF"source/Lab4_2btn_1led__pin_irq_toggle.d" -MT"source/Lab4_2btn_1led__pin_irq_toggle.o" -MT"source/Lab4_2btn_1led__pin_irq_toggle.d" -o "source/Lab4_2btn_1led__pin_irq_toggle.o" "../source/Lab4_2btn_1led__pin_irq_toggle.c"
Finished building: ../source/Lab4_2btn_1led__pin_irq_toggle.c
 
Building target: Lab4_2btn_1led__pin_irq_toggle.axf
Invoking: MCU Linker
arm-none-eabi-gcc -nostdlib -Xlinker -Map="Lab4_2btn_1led__pin_irq_toggle.map" -Xlinker --gc-sections -Xlinker -print-memory-usage -Xlinker --sort-section=alignment -Xlinker --cref -mcpu=cortex-m4 -mfpu=fpv4-sp-d16 -mfloat-abi=hard -mthumb -T Lab4_2btn_1led_pin_irq_toggle_Debug.ld -o "Lab4_2btn_1led__pin_irq_toggle.axf" ./utilities/fsl_debug_console.o ./utilities/fsl_str.o  ./startup/startup_mk64f12.o  ./source/Lab4_2btn_1led__pin_irq_toggle.o ./source/semihost_hardfault.o  ./drivers/fsl_adc16.o ./drivers/fsl_clock.o ./drivers/fsl_common.o ./drivers/fsl_common_arm.o ./drivers/fsl_gpio.o ./drivers/fsl_i2c.o ./drivers/fsl_smc.o ./drivers/fsl_uart.o  ./device/system_MK64F12.o  ./component/uart/fsl_adapter_uart.o  ./component/serial_manager/fsl_component_serial_manager.o ./component/serial_manager/fsl_component_serial_port_uart.o  ./component/lists/fsl_component_generic_list.o  ./board/board.o ./board/clock_config.o ./board/peripherals.o ./board/pin_mux.o   
Memory region         Used Size  Region Size  %age Used
   PROGRAM_FLASH:       12960 B         1 MB      1.24%
      SRAM_UPPER:        8456 B       192 KB      4.30%
      SRAM_LOWER:          0 GB        64 KB      0.00%
        FLEX_RAM:          0 GB         4 KB      0.00%
Finished building target: Lab4_2btn_1led__pin_irq_toggle.axf
 
Performing post-build steps
arm-none-eabi-size "Lab4_2btn_1led__pin_irq_toggle.axf"; # arm-none-eabi-objcopy -v -O binary "Lab4_2btn_1led__pin_irq_toggle.axf" "Lab4_2btn_1led__pin_irq_toggle.bin" ; # checksum -p MK64FN1M0xxx12 -d "Lab4_2btn_1led__pin_irq_toggle.bin";
   text	   data	    bss	    dec	    hex	filename
  12944	     16	   8440	  21400	   5398	Lab4_2btn_1led__pin_irq_toggle.axf
 
13:49:33 **** Incremental Build of configuration Debug for project Lab4_2btn_1led__pin_irq_toggle ****
make -r -j8 all 
make[1]: Nothing to be done for 'main-build'.
Performing post-build steps
arm-none-eabi-size "Lab4_2btn_1led__pin_irq_toggle.axf"; # arm-none-eabi-objcopy -v -O binary "Lab4_2btn_1led__pin_irq_toggle.axf" "Lab4_2btn_1led__pin_irq_toggle.bin" ; # checksum -p MK64FN1M0xxx12 -d "Lab4_2btn_1led__pin_irq_toggle.bin";
   text	   data	    bss	    dec	    hex	filename
  12944	     16	   8440	  21400	   5398	Lab4_2btn_1led__pin_irq_toggle.axf
 
13:49:47 **** Incremental Build of configuration Debug for project Lab4_2btn_1led__pin_irq_toggle ****
make -r -j8 all 
make[1]: Nothing to be done for 'main-build'.
Performing post-build steps
arm-none-eabi-size "Lab4_2btn_1led__pin_irq_toggle.axf"; # arm-none-eabi-objcopy -v -O binary "Lab4_2btn_1led__pin_irq_toggle.axf" "Lab4_2btn_1led__pin_irq_toggle.bin" ; # checksum -p MK64FN1M0xxx12 -d "Lab4_2btn_1led__pin_irq_toggle.bin";
   text	   data	    bss	    dec	    hex	filename
  12944	     16	   8440	  21400	   5398	Lab4_2btn_1led__pin_irq_toggle.axf
 
13:49:53 **** Incremental Build of configuration Debug for project Lab4_2btn_1led__pin_irq_toggle ****
make -r -j8 all 
make[1]: Nothing to be done for 'main-build'.
Performing post-build steps
arm-none-eabi-size "Lab4_2btn_1led__pin_irq_toggle.axf"; # arm-none-eabi-objcopy -v -O binary "Lab4_2btn_1led__pin_irq_toggle.axf" "Lab4_2btn_1led__pin_irq_toggle.bin" ; # checksum -p MK64FN1M0xxx12 -d "Lab4_2btn_1led__pin_irq_toggle.bin";
   text	   data	    bss	    dec	    hex	filename
  12944	     16	   8440	  21400	   5398	Lab4_2btn_1led__pin_irq_toggle.axf
 
13:50:29 **** Incremental Build of configuration Debug for project Lab4_2btn_1led__pin_irq_toggle ****
make -r -j8 all 
Building file: ../source/Lab4_2btn_1led__pin_irq_toggle.c
Invoking: MCU C Compiler
arm-none-eabi-gcc -D__REDLIB__ -DCPU_MK64FN1M0VLL12 -DCPU_MK64FN1M0VLL12_cm4 -DSDK_OS_BAREMETAL -DSERIAL_PORT_TYPE_UART=1 -DSDK_DEBUGCONSOLE=0 -DCR_INTEGER_PRINTF -DPRINTF_FLOAT_ENABLE=0 -D__MCUXPRESSO -D__USE_CMSIS -DDEBUG -I"E:\MCO 556\Lab 4 - Using Config Tools\Lab4_2btn_1led__pin_irq_toggle\board" -I"E:\MCO 556\Lab 4 - Using Config Tools\Lab4_2btn_1led__pin_irq_toggle\source" -I"E:\MCO 556\Lab 4 - Using Config Tools\Lab4_2btn_1led__pin_irq_toggle\utilities" -I"E:\MCO 556\Lab 4 - Using Config Tools\Lab4_2btn_1led__pin_irq_toggle\drivers" -I"E:\MCO 556\Lab 4 - Using Config Tools\Lab4_2btn_1led__pin_irq_toggle\device" -I"E:\MCO 556\Lab 4 - Using Config Tools\Lab4_2btn_1led__pin_irq_toggle\component\serial_manager" -I"E:\MCO 556\Lab 4 - Using Config Tools\Lab4_2btn_1led__pin_irq_toggle\component\lists" -I"E:\MCO 556\Lab 4 - Using Config Tools\Lab4_2btn_1led__pin_irq_toggle\CMSIS" -I"E:\MCO 556\Lab 4 - Using Config Tools\Lab4_2btn_1led__pin_irq_toggle\component\uart" -O0 -fno-common -g3 -gdwarf-4 -Wall -c -ffunction-sections -fdata-sections -ffreestanding -fno-builtin -fmerge-constants -fmacro-prefix-map="../source/"= -mcpu=cortex-m4 -mfpu=fpv4-sp-d16 -mfloat-abi=hard -mthumb -D__REDLIB__ -fstack-usage -specs=redlib.specs -MMD -MP -MF"source/Lab4_2btn_1led__pin_irq_toggle.d" -MT"source/Lab4_2btn_1led__pin_irq_toggle.o" -MT"source/Lab4_2btn_1led__pin_irq_toggle.d" -o "source/Lab4_2btn_1led__pin_irq_toggle.o" "../source/Lab4_2btn_1led__pin_irq_toggle.c"
Finished building: ../source/Lab4_2btn_1led__pin_irq_toggle.c
 
Building target: Lab4_2btn_1led__pin_irq_toggle.axf
Invoking: MCU Linker
arm-none-eabi-gcc -nostdlib -Xlinker -Map="Lab4_2btn_1led__pin_irq_toggle.map" -Xlinker --gc-sections -Xlinker -print-memory-usage -Xlinker --sort-section=alignment -Xlinker --cref -mcpu=cortex-m4 -mfpu=fpv4-sp-d16 -mfloat-abi=hard -mthumb -T Lab4_2btn_1led_pin_irq_toggle_Debug.ld -o "Lab4_2btn_1led__pin_irq_toggle.axf" ./utilities/fsl_debug_console.o ./utilities/fsl_str.o  ./startup/startup_mk64f12.o  ./source/Lab4_2btn_1led__pin_irq_toggle.o ./source/semihost_hardfault.o  ./drivers/fsl_adc16.o ./drivers/fsl_clock.o ./drivers/fsl_common.o ./drivers/fsl_common_arm.o ./drivers/fsl_gpio.o ./drivers/fsl_i2c.o ./drivers/fsl_smc.o ./drivers/fsl_uart.o  ./device/system_MK64F12.o  ./component/uart/fsl_adapter_uart.o  ./component/serial_manager/fsl_component_serial_manager.o ./component/serial_manager/fsl_component_serial_port_uart.o  ./component/lists/fsl_component_generic_list.o  ./board/board.o ./board/clock_config.o ./board/peripherals.o ./board/pin_mux.o   
Memory region         Used Size  Region Size  %age Used
   PROGRAM_FLASH:       12952 B         1 MB      1.24%
      SRAM_UPPER:        8456 B       192 KB      4.30%
      SRAM_LOWER:          0 GB        64 KB      0.00%
        FLEX_RAM:          0 GB         4 KB      0.00%
Finished building target: Lab4_2btn_1led__pin_irq_toggle.axf
 
Performing post-build steps
arm-none-eabi-size "Lab4_2btn_1led__pin_irq_toggle.axf"; # arm-none-eabi-objcopy -v -O binary "Lab4_2btn_1led__pin_irq_toggle.axf" "Lab4_2btn_1led__pin_irq_toggle.bin" ; # checksum -p MK64FN1M0xxx12 -d "Lab4_2btn_1led__pin_irq_toggle.bin";
   text	   data	    bss	    dec	    hex	filename
  12936	     16	   8440	  21392	   5390	Lab4_2btn_1led__pin_irq_toggle.axf
 
13:50:32 **** Incremental Build of configuration Debug for project Lab4_2btn_1led__pin_irq_toggle ****
make -r -j8 all 
make[1]: Nothing to be done for 'main-build'.
Performing post-build steps
arm-none-eabi-size "Lab4_2btn_1led__pin_irq_toggle.axf"; # arm-none-eabi-objcopy -v -O binary "Lab4_2btn_1led__pin_irq_toggle.axf" "Lab4_2btn_1led__pin_irq_toggle.bin" ; # checksum -p MK64FN1M0xxx12 -d "Lab4_2btn_1led__pin_irq_toggle.bin";
   text	   data	    bss	    dec	    hex	filename
  12936	     16	   8440	  21392	   5390	Lab4_2btn_1led__pin_irq_toggle.axf
 
13:51:15 **** Incremental Build of configuration Debug for project Lab4_2btn_1led__pin_irq_toggle ****
make -r -j8 all 
Building file: ../source/Lab4_2btn_1led__pin_irq_toggle.c
Invoking: MCU C Compiler
arm-none-eabi-gcc -D__REDLIB__ -DCPU_MK64FN1M0VLL12 -DCPU_MK64FN1M0VLL12_cm4 -DSDK_OS_BAREMETAL -DSERIAL_PORT_TYPE_UART=1 -DSDK_DEBUGCONSOLE=0 -DCR_INTEGER_PRINTF -DPRINTF_FLOAT_ENABLE=0 -D__MCUXPRESSO -D__USE_CMSIS -DDEBUG -I"E:\MCO 556\Lab 4 - Using Config Tools\Lab4_2btn_1led__pin_irq_toggle\board" -I"E:\MCO 556\Lab 4 - Using Config Tools\Lab4_2btn_1led__pin_irq_toggle\source" -I"E:\MCO 556\Lab 4 - Using Config Tools\Lab4_2btn_1led__pin_irq_toggle\utilities" -I"E:\MCO 556\Lab 4 - Using Config Tools\Lab4_2btn_1led__pin_irq_toggle\drivers" -I"E:\MCO 556\Lab 4 - Using Config Tools\Lab4_2btn_1led__pin_irq_toggle\device" -I"E:\MCO 556\Lab 4 - Using Config Tools\Lab4_2btn_1led__pin_irq_toggle\component\serial_manager" -I"E:\MCO 556\Lab 4 - Using Config Tools\Lab4_2btn_1led__pin_irq_toggle\component\lists" -I"E:\MCO 556\Lab 4 - Using Config Tools\Lab4_2btn_1led__pin_irq_toggle\CMSIS" -I"E:\MCO 556\Lab 4 - Using Config Tools\Lab4_2btn_1led__pin_irq_toggle\component\uart" -O0 -fno-common -g3 -gdwarf-4 -Wall -c -ffunction-sections -fdata-sections -ffreestanding -fno-builtin -fmerge-constants -fmacro-prefix-map="../source/"= -mcpu=cortex-m4 -mfpu=fpv4-sp-d16 -mfloat-abi=hard -mthumb -D__REDLIB__ -fstack-usage -specs=redlib.specs -MMD -MP -MF"source/Lab4_2btn_1led__pin_irq_toggle.d" -MT"source/Lab4_2btn_1led__pin_irq_toggle.o" -MT"source/Lab4_2btn_1led__pin_irq_toggle.d" -o "source/Lab4_2btn_1led__pin_irq_toggle.o" "../source/Lab4_2btn_1led__pin_irq_toggle.c"
Finished building: ../source/Lab4_2btn_1led__pin_irq_toggle.c
 
Building target: Lab4_2btn_1led__pin_irq_toggle.axf
Invoking: MCU Linker
arm-none-eabi-gcc -nostdlib -Xlinker -Map="Lab4_2btn_1led__pin_irq_toggle.map" -Xlinker --gc-sections -Xlinker -print-memory-usage -Xlinker --sort-section=alignment -Xlinker --cref -mcpu=cortex-m4 -mfpu=fpv4-sp-d16 -mfloat-abi=hard -mthumb -T Lab4_2btn_1led_pin_irq_toggle_Debug.ld -o "Lab4_2btn_1led__pin_irq_toggle.axf" ./utilities/fsl_debug_console.o ./utilities/fsl_str.o  ./startup/startup_mk64f12.o  ./source/Lab4_2btn_1led__pin_irq_toggle.o ./source/semihost_hardfault.o  ./drivers/fsl_adc16.o ./drivers/fsl_clock.o ./drivers/fsl_common.o ./drivers/fsl_common_arm.o ./drivers/fsl_gpio.o ./drivers/fsl_i2c.o ./drivers/fsl_smc.o ./drivers/fsl_uart.o  ./device/system_MK64F12.o  ./component/uart/fsl_adapter_uart.o  ./component/serial_manager/fsl_component_serial_manager.o ./component/serial_manager/fsl_component_serial_port_uart.o  ./component/lists/fsl_component_generic_list.o  ./board/board.o ./board/clock_config.o ./board/peripherals.o ./board/pin_mux.o   
Memory region         Used Size  Region Size  %age Used
   PROGRAM_FLASH:       12960 B         1 MB      1.24%
      SRAM_UPPER:        8456 B       192 KB      4.30%
      SRAM_LOWER:          0 GB        64 KB      0.00%
        FLEX_RAM:          0 GB         4 KB      0.00%
Finished building target: Lab4_2btn_1led__pin_irq_toggle.axf
 
Performing post-build steps
arm-none-eabi-size "Lab4_2btn_1led__pin_irq_toggle.axf"; # arm-none-eabi-objcopy -v -O binary "Lab4_2btn_1led__pin_irq_toggle.axf" "Lab4_2btn_1led__pin_irq_toggle.bin" ; # checksum -p MK64FN1M0xxx12 -d "Lab4_2btn_1led__pin_irq_toggle.bin";
   text	   data	    bss	    dec	    hex	filename
  12944	     16	   8440	  21400	   5398	Lab4_2btn_1led__pin_irq_toggle.axf
 
13:51:18 **** Incremental Build of configuration Debug for project Lab4_2btn_1led__pin_irq_toggle ****
make -r -j8 all 
make[1]: Nothing to be done for 'main-build'.
Performing post-build steps
arm-none-eabi-size "Lab4_2btn_1led__pin_irq_toggle.axf"; # arm-none-eabi-objcopy -v -O binary "Lab4_2btn_1led__pin_irq_toggle.axf" "Lab4_2btn_1led__pin_irq_toggle.bin" ; # checksum -p MK64FN1M0xxx12 -d "Lab4_2btn_1led__pin_irq_toggle.bin";
   text	   data	    bss	    dec	    hex	filename
  12944	     16	   8440	  21400	   5398	Lab4_2btn_1led__pin_irq_toggle.axf
 
13:52:55 **** Incremental Build of configuration Debug for project Lab4_2btn_1led__pin_irq_toggle ****
make -r -j8 all 
Building file: ../source/Lab4_2btn_1led__pin_irq_toggle.c
Invoking: MCU C Compiler
arm-none-eabi-gcc -D__REDLIB__ -DCPU_MK64FN1M0VLL12 -DCPU_MK64FN1M0VLL12_cm4 -DSDK_OS_BAREMETAL -DSERIAL_PORT_TYPE_UART=1 -DSDK_DEBUGCONSOLE=0 -DCR_INTEGER_PRINTF -DPRINTF_FLOAT_ENABLE=0 -D__MCUXPRESSO -D__USE_CMSIS -DDEBUG -I"E:\MCO 556\Lab 4 - Using Config Tools\Lab4_2btn_1led__pin_irq_toggle\board" -I"E:\MCO 556\Lab 4 - Using Config Tools\Lab4_2btn_1led__pin_irq_toggle\source" -I"E:\MCO 556\Lab 4 - Using Config Tools\Lab4_2btn_1led__pin_irq_toggle\utilities" -I"E:\MCO 556\Lab 4 - Using Config Tools\Lab4_2btn_1led__pin_irq_toggle\drivers" -I"E:\MCO 556\Lab 4 - Using Config Tools\Lab4_2btn_1led__pin_irq_toggle\device" -I"E:\MCO 556\Lab 4 - Using Config Tools\Lab4_2btn_1led__pin_irq_toggle\component\serial_manager" -I"E:\MCO 556\Lab 4 - Using Config Tools\Lab4_2btn_1led__pin_irq_toggle\component\lists" -I"E:\MCO 556\Lab 4 - Using Config Tools\Lab4_2btn_1led__pin_irq_toggle\CMSIS" -I"E:\MCO 556\Lab 4 - Using Config Tools\Lab4_2btn_1led__pin_irq_toggle\component\uart" -O0 -fno-common -g3 -gdwarf-4 -Wall -c -ffunction-sections -fdata-sections -ffreestanding -fno-builtin -fmerge-constants -fmacro-prefix-map="../source/"= -mcpu=cortex-m4 -mfpu=fpv4-sp-d16 -mfloat-abi=hard -mthumb -D__REDLIB__ -fstack-usage -specs=redlib.specs -MMD -MP -MF"source/Lab4_2btn_1led__pin_irq_toggle.d" -MT"source/Lab4_2btn_1led__pin_irq_toggle.o" -MT"source/Lab4_2btn_1led__pin_irq_toggle.d" -o "source/Lab4_2btn_1led__pin_irq_toggle.o" "../source/Lab4_2btn_1led__pin_irq_toggle.c"
Finished building: ../source/Lab4_2btn_1led__pin_irq_toggle.c
 
Building target: Lab4_2btn_1led__pin_irq_toggle.axf
Invoking: MCU Linker
arm-none-eabi-gcc -nostdlib -Xlinker -Map="Lab4_2btn_1led__pin_irq_toggle.map" -Xlinker --gc-sections -Xlinker -print-memory-usage -Xlinker --sort-section=alignment -Xlinker --cref -mcpu=cortex-m4 -mfpu=fpv4-sp-d16 -mfloat-abi=hard -mthumb -T Lab4_2btn_1led_pin_irq_toggle_Debug.ld -o "Lab4_2btn_1led__pin_irq_toggle.axf" ./utilities/fsl_debug_console.o ./utilities/fsl_str.o  ./startup/startup_mk64f12.o  ./source/Lab4_2btn_1led__pin_irq_toggle.o ./source/semihost_hardfault.o  ./drivers/fsl_adc16.o ./drivers/fsl_clock.o ./drivers/fsl_common.o ./drivers/fsl_common_arm.o ./drivers/fsl_gpio.o ./drivers/fsl_i2c.o ./drivers/fsl_smc.o ./drivers/fsl_uart.o  ./device/system_MK64F12.o  ./component/uart/fsl_adapter_uart.o  ./component/serial_manager/fsl_component_serial_manager.o ./component/serial_manager/fsl_component_serial_port_uart.o  ./component/lists/fsl_component_generic_list.o  ./board/board.o ./board/clock_config.o ./board/peripherals.o ./board/pin_mux.o   
Memory region         Used Size  Region Size  %age Used
   PROGRAM_FLASH:       12904 B         1 MB      1.23%
      SRAM_UPPER:        8456 B       192 KB      4.30%
      SRAM_LOWER:          0 GB        64 KB      0.00%
        FLEX_RAM:          0 GB         4 KB      0.00%
Finished building target: Lab4_2btn_1led__pin_irq_toggle.axf
 
Performing post-build steps
arm-none-eabi-size "Lab4_2btn_1led__pin_irq_toggle.axf"; # arm-none-eabi-objcopy -v -O binary "Lab4_2btn_1led__pin_irq_toggle.axf" "Lab4_2btn_1led__pin_irq_toggle.bin" ; # checksum -p MK64FN1M0xxx12 -d "Lab4_2btn_1led__pin_irq_toggle.bin";
   text	   data	    bss	    dec	    hex	filename
  12888	     16	   8440	  21344	   5360	Lab4_2btn_1led__pin_irq_toggle.axf
 
13:53:05 **** Incremental Build of configuration Debug for project Lab4_2btn_1led__pin_irq_toggle ****
make -r -j8 all 
make[1]: Nothing to be done for 'main-build'.
Performing post-build steps
arm-none-eabi-size "Lab4_2btn_1led__pin_irq_toggle.axf"; # arm-none-eabi-objcopy -v -O binary "Lab4_2btn_1led__pin_irq_toggle.axf" "Lab4_2btn_1led__pin_irq_toggle.bin" ; # checksum -p MK64FN1M0xxx12 -d "Lab4_2btn_1led__pin_irq_toggle.bin";
   text	   data	    bss	    dec	    hex	filename
  12888	     16	   8440	  21344	   5360	Lab4_2btn_1led__pin_irq_toggle.axf
 
